[INFO] [1786573120.657244308] [landing_scout_1]: [scout_1] Landing Controller: ONLINE
[INFO] [1786573125.698338166] [landing_scout_1]: [scout_1] Landing controller state: IDLE
[INFO] [1786573130.697637401] [landing_scout_1]: [scout_1] Landing controller state: IDLE
[INFO] [1786573135.698536508] [landing_scout_1]: [scout_1] Landing controller state: IDLE
[INFO] [1786573140.698065550] [landing_scout_1]: [scout_1] Landing controller state: IDLE
[INFO] [1786573145.697850152] [landing_scout_1]: [scout_1] Landing controller state: IDLE
[INFO] [1786573150.698100325] [landing_scout_1]: [scout_1] Landing controller state: IDLE
[INFO] [1786573155.698611992] [landing_scout_1]: [scout_1] Landing controller state: IDLE
[INFO] [1786573160.697564033] [landing_scout_1]: [scout_1] Landing controller state: IDLE
[INFO] [1786573165.697610213] [landing_scout_1]: [scout_1] Landing controller state: IDLE
[INFO] [1786573170.697570978] [landing_scout_1]: [scout_1] Landing controller state: IDLE
[INFO] [1786573175.697641321] [landing_scout_1]: [scout_1] Landing controller state: IDLE
[INFO] [1786573180.697622544] [landing_scout_1]: [scout_1] Landing controller state: IDLE
[INFO] [1786573185.697641475] [landing_scout_1]: [scout_1] Landing controller state: IDLE
[INFO] [1786573190.697668150] [landing_scout_1]: [scout_1] Landing controller state: IDLE
[INFO] [1786573195.697720448] [landing_scout_1]: [scout_1] Landing controller state: IDLE
[INFO] [1786573200.698219650] [landing_scout_1]: [scout_1] Landing controller state: IDLE
[INFO] [1786573205.698466640] [landing_scout_1]: [scout_1] Landing controller state: IDLE
[INFO] [1786573210.698424611] [landing_scout_1]: [scout_1] Landing controller state: IDLE
[INFO] [1786573215.698008843] [landing_scout_1]: [scout_1] Landing controller state: IDLE
[INFO] [1786573220.698086136] [landing_scout_1]: [scout_1] Landing controller state: IDLE
[INFO] [1786573225.697913446] [landing_scout_1]: [scout_1] Landing controller state: IDLE
[INFO] [1786573230.697718942] [landing_scout_1]: [scout_1] Landing controller state: IDLE
[INFO] [1786573235.697991374] [landing_scout_1]: [scout_1] Landing controller state: IDLE
[INFO] [1786573240.698324262] [landing_scout_1]: [scout_1] Landing controller state: IDLE
[INFO] [1786573245.698080929] [landing_scout_1]: [scout_1] Landing controller state: IDLE
[INFO] [1786573250.697599546] [landing_scout_1]: [scout_1] Landing controller state: IDLE
[INFO] [1786573255.698019227] [landing_scout_1]: [scout_1] Landing controller state: IDLE
[INFO] [1786573260.697942231] [landing_scout_1]: [scout_1] Landing controller state: IDLE
[INFO] [1786573265.697765745] [landing_scout_1]: [scout_1] Landing controller state: IDLE
[INFO] [1786573270.697769693] [landing_scout_1]: [scout_1] Landing controller state: IDLE
[INFO] [1786573275.697558910] [landing_scout_1]: [scout_1] Landing controller state: IDLE
[INFO] [1786573280.697856742] [landing_scout_1]: [scout_1] Landing controller state: IDLE
[INFO] [1786573285.697701889] [landing_scout_1]: [scout_1] Landing controller state: IDLE
[INFO] [1786573290.697827895] [landing_scout_1]: [scout_1] Landing controller state: IDLE
[INFO] [1786573295.698102339] [landing_scout_1]: [scout_1] Landing controller state: IDLE
[INFO] [1786573300.698032138] [landing_scout_1]: [scout_1] Landing controller state: IDLE
[INFO] [1786573305.697565189] [landing_scout_1]: [scout_1] Landing controller state: IDLE
[INFO] [1786573310.698061375] [landing_scout_1]: [scout_1] Landing controller state: IDLE
[INFO] [1786573315.697641956] [landing_scout_1]: [scout_1] Landing controller state: IDLE
[INFO] [1786573320.698098507] [landing_scout_1]: [scout_1] Landing controller state: IDLE
[INFO] [1786573325.698083503] [landing_scout_1]: [scout_1] Landing controller state: IDLE
[INFO] [1786573330.697462567] [landing_scout_1]: [scout_1] Landing controller state: IDLE
[INFO] [1786573335.698427187] [landing_scout_1]: [scout_1] Landing controller state: IDLE
[INFO] [1786573340.697783646] [landing_scout_1]: [scout_1] Landing controller state: IDLE
[INFO] [1786573345.698600151] [landing_scout_1]: [scout_1] Landing controller state: IDLE
[INFO] [1786573350.697731249] [landing_scout_1]: [scout_1] Landing controller state: IDLE
[INFO] [1786573355.697603651] [landing_scout_1]: [scout_1] Landing controller state: IDLE
[INFO] [1786573360.698508945] [landing_scout_1]: [scout_1] Landing controller state: IDLE
[INFO] [1786573365.697977881] [landing_scout_1]: [scout_1] Landing controller state: IDLE
[INFO] [1786573370.697914897] [landing_scout_1]: [scout_1] Landing controller state: IDLE
[INFO] [1786573375.697974975] [landing_scout_1]: [scout_1] Landing controller state: IDLE
[INFO] [1786573380.698237454] [landing_scout_1]: [scout_1] Landing controller state: IDLE
[INFO] [1786573385.698487848] [landing_scout_1]: [scout_1] Landing controller state: IDLE
[INFO] [1786573390.697640120] [landing_scout_1]: [scout_1] Landing controller state: IDLE
[INFO] [1786573395.697745026] [landing_scout_1]: [scout_1] Landing controller state: IDLE
[INFO] [1786573400.698007000] [landing_scout_1]: [scout_1] Landing controller state: IDLE
[INFO] [1786573405.697609523] [landing_scout_1]: [scout_1] Landing controller state: IDLE
[INFO] [1786573410.697906961] [landing_scout_1]: [scout_1] Landing controller state: IDLE
[INFO] [1786573412.113857979] [landing_scout_1]: [scout_1] 🎯 Resting while IDLE (altitude static) — confirming ground contact
[WARN] [1786573414.115629400] [landing_scout_1]: [scout_1] ⚠️ Settled badly tilted/inverted — initiating RW righting roll
[INFO] [1786573414.125287720] [landing_scout_1]: [scout_1] 🔄 RW righting attempt 1/5: proportional roll, u_z=-1.00
[INFO] [1786573415.697483834] [landing_scout_1]: [scout_1] Landing controller state: RIGHTING
[INFO] [1786573416.116294134] [landing_scout_1]: [scout_1] 📐 RIGHTTRACE attempt=1 u_z=-0.9106 w=64 omega=0.901 omega_roll=0.242 dir=(-1.00,-0.02)
[INFO] [1786573418.117015180] [landing_scout_1]: [scout_1] 📐 RIGHTTRACE attempt=1 u_z=-0.1637 w=92 omega=0.875 omega_roll=-0.815 dir=(-0.99,-0.17)
[INFO] [1786573420.698159164] [landing_scout_1]: [scout_1] Landing controller state: RIGHTING
[INFO] [1786573422.118279866] [landing_scout_1]: [scout_1] 📐 RIGHTTRACE attempt=1 u_z=-0.5936 w=117 omega=2.682 omega_roll=-1.428 dir=(0.92,0.39)
[INFO] [1786573424.120191911] [landing_scout_1]: [scout_1] 📐 RIGHTTRACE attempt=1 u_z=-0.0872 w=137 omega=4.988 omega_roll=4.955 dir=(0.95,-0.32)
[INFO] [1786573425.698242714] [landing_scout_1]: [scout_1] Landing controller state: RIGHTING
[INFO] [1786573426.125923612] [landing_scout_1]: [scout_1] 📐 RIGHTTRACE attempt=1 u_z=-0.1735 w=152 omega=4.600 omega_roll=2.394 dir=(0.90,0.44)
[INFO] [1786573428.126829212] [landing_scout_1]: [scout_1] 📐 RIGHTTRACE attempt=1 u_z=-0.1886 w=160 omega=4.743 omega_roll=2.777 dir=(0.78,0.63)
[WARN] [1786573429.626891671] [landing_scout_1]: [scout_1] Still inverted (u_z=0.26), retrying with alternate roll axis/sign (attempt 2/5)
[INFO] [1786573429.636534696] [landing_scout_1]: [scout_1] 🔄 RW righting attempt 2/5: proportional roll, u_z=0.15
[INFO] [1786573430.697536762] [landing_scout_1]: [scout_1] Landing controller state: RIGHTING
[INFO] [1786573431.626265052] [landing_scout_1]: [scout_1] 📐 RIGHTTRACE attempt=2 u_z=0.8965 w=19 omega=2.923 omega_roll=1.928 dir=(0.93,0.36)
[INFO] [1786573433.629307299] [landing_scout_1]: [scout_1] 📐 RIGHTTRACE attempt=2 u_z=-0.0665 w=42 omega=3.326 omega_roll=-2.052 dir=(-0.66,0.75)
[INFO] [1786573435.630038929] [landing_scout_1]: [scout_1] 📐 RIGHTTRACE attempt=2 u_z=-0.8303 w=62 omega=1.319 omega_roll=0.840 dir=(0.89,-0.45)
[INFO] [1786573435.698799838] [landing_scout_1]: [scout_1] Landing controller state: RIGHTING
[INFO] [1786573437.630596044] [landing_scout_1]: [scout_1] 📐 RIGHTTRACE attempt=2 u_z=0.5817 w=89 omega=4.163 omega_roll=0.692 dir=(0.87,0.49)
[INFO] [1786573439.631869543] [landing_scout_1]: [scout_1] 📐 RIGHTTRACE attempt=2 u_z=0.3575 w=118 omega=1.230 omega_roll=-0.635 dir=(0.84,-0.54)
[INFO] [1786573440.697653364] [landing_scout_1]: [scout_1] Landing controller state: RIGHTING
[INFO] [1786573441.631866708] [landing_scout_1]: [scout_1] 📐 RIGHTTRACE attempt=2 u_z=0.8282 w=129 omega=2.871 omega_roll=0.795 dir=(0.47,-0.88)
[INFO] [1786573443.632115741] [landing_scout_1]: [scout_1] 📐 RIGHTTRACE attempt=2 u_z=0.8955 w=142 omega=2.455 omega_roll=-0.225 dir=(0.64,-0.77)
[WARN] [1786573445.133021372] [landing_scout_1]: [scout_1] Still inverted (u_z=-0.15), retrying with alternate roll axis/sign (attempt 3/5)
[INFO] [1786573445.142501737] [landing_scout_1]: [scout_1] 🔄 RW righting attempt 3/5: proportional roll, u_z=-0.27
[INFO] [1786573445.697707799] [landing_scout_1]: [scout_1] Landing controller state: RIGHTING
[INFO] [1786573447.132887009] [landing_scout_1]: [scout_1] 📐 RIGHTTRACE attempt=3 u_z=0.6072 w=17 omega=2.832 omega_roll=2.392 dir=(0.91,-0.42)
[INFO] [1786573450.697701803] [landing_scout_1]: [scout_1] Landing controller state: RIGHTING
[INFO] [1786573451.133129162] [landing_scout_1]: [scout_1] 📐 RIGHTTRACE attempt=3 u_z=-0.9742 w=58 omega=1.632 omega_roll=-1.093 dir=(-0.97,0.23)
[INFO] [1786573453.133547932] [landing_scout_1]: [scout_1] 📐 RIGHTTRACE attempt=3 u_z=-0.2168 w=82 omega=1.009 omega_roll=0.439 dir=(0.95,-0.30)
[INFO] [1786573455.135177984] [landing_scout_1]: [scout_1] 📐 RIGHTTRACE attempt=3 u_z=0.4277 w=127 omega=1.096 omega_roll=-0.832 dir=(0.92,-0.40)
[INFO] [1786573455.698120633] [landing_scout_1]: [scout_1] Landing controller state: RIGHTING
[INFO] [1786573457.135145895] [landing_scout_1]: [scout_1] 📐 RIGHTTRACE attempt=3 u_z=0.5964 w=133 omega=4.205 omega_roll=2.618 dir=(0.17,-0.99)
[INFO] [1786573459.135510525] [landing_scout_1]: [scout_1] 📐 RIGHTTRACE attempt=3 u_z=0.4336 w=153 omega=3.252 omega_roll=-0.117 dir=(0.70,0.71)
[WARN] [1786573460.635717713] [landing_scout_1]: [scout_1] Still inverted (u_z=-0.45), retrying with alternate roll axis/sign (attempt 4/5)
[INFO] [1786573460.645124117] [landing_scout_1]: [scout_1] 🔄 RW righting attempt 4/5: proportional roll, u_z=-0.56
[INFO] [1786573460.697636671] [landing_scout_1]: [scout_1] Landing controller state: RIGHTING
[INFO] [1786573462.637208153] [landing_scout_1]: [scout_1] 📐 RIGHTTRACE attempt=4 u_z=0.1561 w=20 omega=3.117 omega_roll=1.066 dir=(1.00,-0.03)
[INFO] [1786573464.638528757] [landing_scout_1]: [scout_1] 📐 RIGHTTRACE attempt=4 u_z=0.6314 w=49 omega=3.786 omega_roll=-1.017 dir=(0.54,0.84)
[INFO] [1786573465.697969554] [landing_scout_1]: [scout_1] Landing controller state: RIGHTING
[INFO] [1786573466.638892201] [landing_scout_1]: [scout_1] 📐 RIGHTTRACE attempt=4 u_z=-0.7687 w=97 omega=3.093 omega_roll=1.044 dir=(0.27,0.96)
[INFO] [1786573468.641031664] [landing_scout_1]: [scout_1] 📐 RIGHTTRACE attempt=4 u_z=-0.5803 w=119 omega=2.912 omega_roll=0.681 dir=(1.00,-0.02)
[INFO] [1786573470.640841302] [landing_scout_1]: [scout_1] 📐 RIGHTTRACE attempt=4 u_z=0.5634 w=142 omega=1.599 omega_roll=-0.724 dir=(0.99,0.11)
[INFO] [1786573470.698242839] [landing_scout_1]: [scout_1] Landing controller state: RIGHTING
[INFO] [1786573472.641151652] [landing_scout_1]: [scout_1] 📐 RIGHTTRACE attempt=4 u_z=-0.0453 w=156 omega=3.847 omega_roll=0.356 dir=(0.99,0.12)
