[14:13:56] --- distance=1.5m v_req=0.01747 m/s ---
[14:20:36] ready-timeout after 400.0s (last uz=0.5624732969082966 speed=0.007787775789964528) -- proceeding anyway
[14:20:36] published jump_target_distance=1.5
[14:22:06] TIMEOUT waiting for separation
[14:22:06] --- distance=3.0m v_req=0.02471 m/s ---
[14:28:46] ready-timeout after 400.0s (last uz=0.5877311260672007 speed=0.04084566352373058) -- proceeding anyway
[14:28:46] published jump_target_distance=3.0
[14:30:16] TIMEOUT waiting for separation
[14:30:16] --- distance=4.5m v_req=0.03027 m/s ---
[14:36:56] ready-timeout after 400.0s (last uz=0.539412318858188 speed=0.01093912171100553) -- proceeding anyway
[14:36:56] published jump_target_distance=4.5
[14:38:26] TIMEOUT waiting for separation
[14:38:26] --- distance=6.0m v_req=0.03495 m/s ---
[14:45:06] ready-timeout after 400.0s (last uz=0.12032401032073659 speed=0.017096221729457912) -- proceeding anyway
[14:45:06] published jump_target_distance=6.0
[14:46:36] TIMEOUT waiting for separation
[14:46:36] --- distance=7.5m v_req=0.03907 m/s ---
[14:53:16] ready-timeout after 400.0s (last uz=0.707360335469581 speed=0.0386485563876176) -- proceeding anyway
[14:53:16] published jump_target_distance=7.5
[14:54:46] TIMEOUT waiting for separation
[14:54:46] === sweep complete ===
