[12:49:20] t=5.0s velocity_mag=0.0012367290000092623 z_cmd=1.542644800639349e-18 flip_count_so_far=0 landed=False
[12:49:25] t=10.0s velocity_mag=0.0018010289999814688 z_cmd=2.286044048504808e-18 flip_count_so_far=0 landed=False
[12:49:30] t=15.0s velocity_mag=0.002371029000070024 z_cmd=3.0374246832722863e-18 flip_count_so_far=0 landed=False
[12:49:35] t=20.0s velocity_mag=0.0029410289999809436 z_cmd=3.8536222507486694e-18 flip_count_so_far=0 landed=False
[12:49:40] t=25.0s velocity_mag=0.003511028999980681 z_cmd=4.639220812978836e-18 flip_count_so_far=0 landed=False
[12:49:45] t=30.0s velocity_mag=0.004081028999980418 z_cmd=5.400974866015378e-18 flip_count_so_far=0 landed=False
[12:49:50] t=35.0s velocity_mag=0.004651028999980156 z_cmd=6.169590454126243e-18 flip_count_so_far=0 landed=False
[12:49:55] t=40.0s velocity_mag=0.00521532900004118 z_cmd=6.970049046920052e-18 flip_count_so_far=0 landed=False
[12:50:00] t=45.0s velocity_mag=0.0057853289999521 z_cmd=7.797283406920871e-18 flip_count_so_far=0 landed=False
[12:50:05] t=50.0s velocity_mag=0.006355329000040655 z_cmd=8.598330182166693e-18 flip_count_so_far=0 landed=False
[12:50:10] t=55.0s velocity_mag=0.006925328999951574 z_cmd=9.432532775487515e-18 flip_count_so_far=0 landed=False
[12:50:15] t=60.1s velocity_mag=0.007495328999951312 z_cmd=1.0227772057556866e-17 flip_count_so_far=0 landed=False
[12:50:20] t=65.1s velocity_mag=0.008065328999951049 z_cmd=1.1752809679264854e-17 flip_count_so_far=0 landed=False
[12:50:25] t=70.1s velocity_mag=0.008635329000039604 z_cmd=1.2762863027368695e-17 flip_count_so_far=0 landed=False
[12:50:30] t=75.1s velocity_mag=0.009205328999950524 z_cmd=1.3621257174608124e-17 flip_count_so_far=0 landed=False
[12:50:35] t=80.1s velocity_mag=0.001387389920232082 z_cmd=0.06385277866221437 flip_count_so_far=0 landed=False
[12:50:40] t=85.1s velocity_mag=0.0015054662812915356 z_cmd=-0.2289021665991618 flip_count_so_far=1 landed=False
[12:50:45] t=90.1s velocity_mag=0.0026108694094742185 z_cmd=0.37047547247777474 flip_count_so_far=2 landed=False
[12:50:50] t=95.1s velocity_mag=0.004506796241493237 z_cmd=0.9225803343241988 flip_count_so_far=2 landed=False
[12:50:55] t=100.1s velocity_mag=0.001568496723783912 z_cmd=0.9688281630438935 flip_count_so_far=2 landed=False
[12:51:00] t=105.1s velocity_mag=0.0009915503683447925 z_cmd=1.0725277683655543 flip_count_so_far=2 landed=False
[12:51:05] t=110.1s velocity_mag=0.0005902365100751417 z_cmd=1.1163268588507584 flip_count_so_far=2 landed=False
[12:51:10] t=115.1s velocity_mag=0.0004246893634061516 z_cmd=1.1449631813831789 flip_count_so_far=2 landed=False
[12:51:15] t=120.1s velocity_mag=0.0008308580663057527 z_cmd=1.1624426827345586 flip_count_so_far=2 landed=False
[12:51:20] t=125.1s velocity_mag=0.0011218747257110877 z_cmd=1.172930169416983 flip_count_so_far=2 landed=False
[12:51:25] t=130.1s velocity_mag=0.0015844461147091825 z_cmd=1.1699766329081556 flip_count_so_far=2 landed=False
[12:51:30] t=135.1s velocity_mag=0.00206510567584986 z_cmd=1.1555052631459763 flip_count_so_far=2 landed=False
[12:51:35] t=140.1s velocity_mag=0.002545236545046929 z_cmd=1.1311269406869398 flip_count_so_far=2 landed=False
[12:51:40] t=145.1s velocity_mag=0.0030107225365632994 z_cmd=1.099047869527132 flip_count_so_far=2 landed=False
[12:51:45] t=150.1s velocity_mag=0.003441474280018963 z_cmd=1.0620371533458492 flip_count_so_far=2 landed=False
[12:51:50] t=155.1s velocity_mag=0.0007512544209492916 z_cmd=1.1045164382614294 flip_count_so_far=2 landed=False
[12:51:55] t=160.1s velocity_mag=0.0002228050473486757 z_cmd=1.1045113824369617 flip_count_so_far=2 landed=False
[12:52:00] t=165.1s velocity_mag=0.00035352157564058986 z_cmd=1.1045070590187007 flip_count_so_far=2 landed=False
[12:52:05] t=170.2s velocity_mag=0.0009614484125650271 z_cmd=1.1045035572972475 flip_count_so_far=2 landed=False
[12:52:10] t=175.2s velocity_mag=0.00011443328615726159 z_cmd=1.1131865208663425 flip_count_so_far=2 landed=False
[12:52:15] t=180.2s velocity_mag=0.000464141047257085 z_cmd=1.1133326257163418 flip_count_so_far=2 landed=False
[12:52:20] t=185.2s velocity_mag=0.0 z_cmd=1.1229030833175968 flip_count_so_far=2 landed=False
[12:52:25] t=190.2s velocity_mag=0.0 z_cmd=1.1229234033877915 flip_count_so_far=2 landed=False
[12:52:30] t=195.2s velocity_mag=0.0 z_cmd=1.1229233939321899 flip_count_so_far=2 landed=False
[12:52:35] t=200.2s velocity_mag=0.0 z_cmd=1.122923384576311 flip_count_so_far=2 landed=False
[12:52:40] t=205.2s velocity_mag=0.0 z_cmd=1.1229233753129082 flip_count_so_far=2 landed=True
[12:52:45] t=210.2s velocity_mag=0.0 z_cmd=1.1229233661125229 flip_count_so_far=2 landed=True
[12:52:50] t=215.2s velocity_mag=0.0 z_cmd=1.1229233570082948 flip_count_so_far=2 landed=True
[12:52:55] t=220.2s velocity_mag=0.0 z_cmd=1.1229233479734924 flip_count_so_far=2 landed=True
[12:53:00] t=225.2s velocity_mag=0.0 z_cmd=1.1229233390415483 flip_count_so_far=2 landed=True
[12:53:05] t=230.2s velocity_mag=0.0 z_cmd=1.122923330208477 flip_count_so_far=2 landed=True
[12:53:10] t=235.2s velocity_mag=0.0 z_cmd=1.1229233214374232 flip_count_so_far=2 landed=True
[12:53:15] t=240.2s velocity_mag=0.0 z_cmd=1.122923312752904 flip_count_so_far=2 landed=True
[12:53:20] t=245.2s velocity_mag=0.0 z_cmd=1.1229233041503601 flip_count_so_far=2 landed=True
[12:53:25] t=250.2s velocity_mag=0.0 z_cmd=1.1229232956025672 flip_count_so_far=2 landed=True
[12:53:30] t=255.2s velocity_mag=0.0 z_cmd=1.122923287156115 flip_count_so_far=2 landed=True
[12:53:35] t=260.2s velocity_mag=0.0 z_cmd=1.122923278791333 flip_count_so_far=2 landed=True
[12:53:40] t=265.2s velocity_mag=0.0 z_cmd=1.122923270513666 flip_count_so_far=2 landed=True
[12:53:45] t=270.2s velocity_mag=0.0 z_cmd=1.1229232623078655 flip_count_so_far=2 landed=True
[12:53:50] t=275.2s velocity_mag=0.0 z_cmd=1.1229232541680725 flip_count_so_far=2 landed=True
[12:53:55] 
=== DONE: total sign flips on rw_z_joint_cmd_vel over 280.0s = 2 ===
[12:53:55] Last 30 published z_cmd values:
[12:53:55]   t=279.714  z_cmd=1.122923246923667
[12:53:55]   t=279.724  z_cmd=1.1229232469071286
[12:53:55]   t=279.735  z_cmd=1.1229232468907147
[12:53:55]   t=279.745  z_cmd=1.1229232468751325
[12:53:55]   t=279.755  z_cmd=1.1229232468590271
[12:53:55]   t=279.764  z_cmd=1.1229232468438481
[12:53:55]   t=279.775  z_cmd=1.1229232468271602
[12:53:55]   t=279.784  z_cmd=1.1229232468108867
[12:53:55]   t=279.794  z_cmd=1.1229232467954093
[12:53:55]   t=279.804  z_cmd=1.1229232467791694
[12:53:55]   t=279.815  z_cmd=1.1229232467635022
[12:53:55]   t=279.825  z_cmd=1.1229232467473138
[12:53:55]   t=279.836  z_cmd=1.1229232467293873
[12:53:55]   t=279.845  z_cmd=1.1229232467149524
[12:53:55]   t=279.854  z_cmd=1.1229232466991248
[12:53:55]   t=279.865  z_cmd=1.1229232466826486
[12:53:55]   t=279.875  z_cmd=1.1229232466669443
[12:53:55]   t=279.885  z_cmd=1.1229232466504553
[12:53:55]   t=279.895  z_cmd=1.122923246634734
[12:53:55]   t=279.904  z_cmd=1.1229232466193388
[12:53:55]   t=279.914  z_cmd=1.1229232466032082
[12:53:55]   t=279.925  z_cmd=1.1229232465867691
[12:53:55]   t=279.934  z_cmd=1.1229232465711212
[12:53:55]   t=279.944  z_cmd=1.122923246555291
[12:53:55]   t=279.954  z_cmd=1.1229232465392038
[12:53:55]   t=279.964  z_cmd=1.1229232465231165
[12:53:55]   t=279.974  z_cmd=1.1229232465068884
[12:53:55]   t=279.985  z_cmd=1.1229232464901702
[12:53:55]   t=279.994  z_cmd=1.1229232464745724
[12:53:55]   t=280.004  z_cmd=1.122923246458421
