[INFO] [1786134379.067440678] [landing_scout_1]: [scout_1] Landing Controller: ONLINE
[INFO] [1786134379.794062925] [landing_scout_1]: [scout_1] 🛫 Airborne while IDLE (v=0.113 m/s, free-fall accel) → FLIGHT mode armed
[INFO] [1786134384.114770214] [landing_scout_1]: [scout_1] Landing controller state: FLIGHT
[INFO] [1786134389.114687212] [landing_scout_1]: [scout_1] Landing controller state: FLIGHT
[INFO] [1786134394.114876330] [landing_scout_1]: [scout_1] Landing controller state: FLIGHT
[INFO] [1786134399.116307185] [landing_scout_1]: [scout_1] Landing controller state: FLIGHT
[INFO] [1786134404.115039400] [landing_scout_1]: [scout_1] Landing controller state: FLIGHT
[INFO] [1786134409.114793036] [landing_scout_1]: [scout_1] Landing controller state: FLIGHT
[INFO] [1786134414.114273320] [landing_scout_1]: [scout_1] Landing controller state: FLIGHT
[INFO] [1786134419.115037338] [landing_scout_1]: [scout_1] Landing controller state: FLIGHT
[INFO] [1786134424.114392643] [landing_scout_1]: [scout_1] Landing controller state: FLIGHT
[INFO] [1786134429.114312387] [landing_scout_1]: [scout_1] Landing controller state: FLIGHT
[INFO] [1786134434.115211682] [landing_scout_1]: [scout_1] Landing controller state: FLIGHT
[INFO] [1786134439.114902996] [landing_scout_1]: [scout_1] Landing controller state: FLIGHT
[INFO] [1786134442.550028583] [landing_scout_1]: [scout_1] 🎯 Contact detected! accel=0.1334 m/s² → hands-off settle (no posture commands at contact)
[INFO] [1786134444.006545151] [landing_scout_1]: [scout_1] ⚠️ Bounce detected (v=0.0218 m/s) → back to FLIGHT
[INFO] [1786134444.017007471] [landing_scout_1]: [scout_1] 🎯 Contact detected! accel=0.1262 m/s² → hands-off settle (no posture commands at contact)
[INFO] [1786134444.114414473] [landing_scout_1]: [scout_1] Landing controller state: CONTACT
[INFO] [1786134446.022773883] [landing_scout_1]: [scout_1] ✅ LANDED — stable contact confirmed
[INFO] [1786134449.114767688] [landing_scout_1]: [scout_1] Landing controller state: LANDED
[INFO] [1786134454.114793943] [landing_scout_1]: [scout_1] Landing controller state: LANDED
[INFO] [1786134459.114208360] [landing_scout_1]: [scout_1] Landing controller state: LANDED
[INFO] [1786134464.115071741] [landing_scout_1]: [scout_1] Landing controller state: LANDED
[INFO] [1786134469.114669715] [landing_scout_1]: [scout_1] Landing controller state: LANDED
[INFO] [1786134474.116189611] [landing_scout_1]: [scout_1] Landing controller state: LANDED
[INFO] [1786134479.114296267] [landing_scout_1]: [scout_1] Landing controller state: LANDED
[INFO] [1786134484.114981496] [landing_scout_1]: [scout_1] Landing controller state: LANDED
[INFO] [1786134489.115060316] [landing_scout_1]: [scout_1] Landing controller state: LANDED
[INFO] [1786134494.114977939] [landing_scout_1]: [scout_1] Landing controller state: LANDED
[INFO] [1786134499.114905434] [landing_scout_1]: [scout_1] Landing controller state: LANDED
[INFO] [1786134504.114642363] [landing_scout_1]: [scout_1] Landing controller state: LANDED
[INFO] [1786134509.115107626] [landing_scout_1]: [scout_1] Landing controller state: LANDED
[INFO] [1786134514.115226467] [landing_scout_1]: [scout_1] Landing controller state: LANDED
[INFO] [1786134519.114304370] [landing_scout_1]: [scout_1] Landing controller state: LANDED
[WARN] [1786134522.121249180] [landing_scout_1]: [scout_1] ⚠️ Liftoff detected while LANDED (v=0.079 m/s sustained) → back to FLIGHT
[INFO] [1786134524.114253632] [landing_scout_1]: [scout_1] Landing controller state: FLIGHT
[INFO] [1786134529.114933883] [landing_scout_1]: [scout_1] Landing controller state: FLIGHT
[INFO] [1786134534.114439147] [landing_scout_1]: [scout_1] Landing controller state: FLIGHT
