[INFO] [1786315749.632174163] [landing_scout_1]: [scout_1] Landing Controller: ONLINE
[INFO] [1786315754.688141888] [landing_scout_1]: [scout_1] Landing controller state: IDLE
[INFO] [1786315759.688996405] [landing_scout_1]: [scout_1] Landing controller state: IDLE
[INFO] [1786315764.688168976] [landing_scout_1]: [scout_1] Landing controller state: IDLE
[INFO] [1786315769.688278866] [landing_scout_1]: [scout_1] Landing controller state: IDLE
[INFO] [1786315774.688183022] [landing_scout_1]: [scout_1] Landing controller state: IDLE
[INFO] [1786315779.688851516] [landing_scout_1]: [scout_1] Landing controller state: IDLE
[INFO] [1786315784.688884925] [landing_scout_1]: [scout_1] Landing controller state: IDLE
[INFO] [1786315789.688909722] [landing_scout_1]: [scout_1] Landing controller state: IDLE
[INFO] [1786315794.689425840] [landing_scout_1]: [scout_1] Landing controller state: IDLE
[INFO] [1786315799.688318930] [landing_scout_1]: [scout_1] Landing controller state: IDLE
[INFO] [1786315804.688116223] [landing_scout_1]: [scout_1] Landing controller state: IDLE
[INFO] [1786315809.688249078] [landing_scout_1]: [scout_1] Landing controller state: IDLE
[INFO] [1786315814.226397049] [landing_scout_1]: [scout_1] 🚀 Jump detected → FLIGHT mode (contact detection blanked 100 s for launch)
[INFO] [1786315814.269591786] [landing_scout_1]: [scout_1] 📏 CALIBSERIES t=0.0s v=0.01523 m/s (vx=0.00887 vy=0.00176 vz=-0.01225)
[INFO] [1786315814.688075450] [landing_scout_1]: [scout_1] Landing controller state: FLIGHT
[INFO] [1786315816.275446018] [landing_scout_1]: [scout_1] 📏 CALIBSERIES t=2.0s v=0.00796 m/s (vx=0.00001 vy=0.00000 vz=-0.00796)
[INFO] [1786315818.276480158] [landing_scout_1]: [scout_1] 📏 CALIBSERIES t=4.0s v=0.00819 m/s (vx=0.00001 vy=0.00000 vz=-0.00819)
[INFO] [1786315819.688295287] [landing_scout_1]: [scout_1] Landing controller state: FLIGHT
[INFO] [1786315820.326179211] [landing_scout_1]: [scout_1] 📏 CALIBSERIES t=6.1s v=0.00842 m/s (vx=0.00001 vy=0.00000 vz=-0.00842)
[INFO] [1786315822.332478673] [landing_scout_1]: [scout_1] 📏 CALIBSERIES t=8.1s v=0.00865 m/s (vx=0.00001 vy=0.00000 vz=-0.00865)
[INFO] [1786315824.335096451] [landing_scout_1]: [scout_1] 📏 CALIBSERIES t=10.1s v=0.00888 m/s (vx=0.00001 vy=0.00000 vz=-0.00888)
[INFO] [1786315824.688826292] [landing_scout_1]: [scout_1] Landing controller state: FLIGHT
[INFO] [1786315826.342430409] [landing_scout_1]: [scout_1] 📏 CALIBSERIES t=12.1s v=0.00911 m/s (vx=0.00001 vy=0.00000 vz=-0.00911)
[INFO] [1786315828.349742014] [landing_scout_1]: [scout_1] 📏 CALIBSERIES t=14.1s v=0.00934 m/s (vx=0.00001 vy=0.00000 vz=-0.00934)
[INFO] [1786315828.350297081] [landing_scout_1]: [scout_1] 📏 CALIBSTABLE t=14.1s v=0.00934 m/s (vx=0.00001 vy=0.00000 vz=-0.00934) -- 3 consecutive samples steady
[INFO] [1786315829.688834508] [landing_scout_1]: [scout_1] Landing controller state: FLIGHT
