[INFO] [1786316793.523383637] [landing_scout_1]: [scout_1] Landing Controller: ONLINE
[INFO] [1786316798.572354519] [landing_scout_1]: [scout_1] Landing controller state: IDLE
[INFO] [1786316803.572245602] [landing_scout_1]: [scout_1] Landing controller state: IDLE
[INFO] [1786316808.572361040] [landing_scout_1]: [scout_1] Landing controller state: IDLE
[INFO] [1786316813.572716194] [landing_scout_1]: [scout_1] Landing controller state: IDLE
[INFO] [1786316818.573035607] [landing_scout_1]: [scout_1] Landing controller state: IDLE
[INFO] [1786316823.572320687] [landing_scout_1]: [scout_1] Landing controller state: IDLE
[INFO] [1786316828.572995054] [landing_scout_1]: [scout_1] Landing controller state: IDLE
[INFO] [1786316833.572705619] [landing_scout_1]: [scout_1] Landing controller state: IDLE
[INFO] [1786316838.572330420] [landing_scout_1]: [scout_1] Landing controller state: IDLE
[INFO] [1786316843.572926845] [landing_scout_1]: [scout_1] Landing controller state: IDLE
[INFO] [1786316848.572470759] [landing_scout_1]: [scout_1] Landing controller state: IDLE
[INFO] [1786316853.572255473] [landing_scout_1]: [scout_1] Landing controller state: IDLE
[INFO] [1786316858.221052484] [landing_scout_1]: [scout_1] 🚀 Jump detected → FLIGHT mode (contact detection blanked 100 s for launch)
[INFO] [1786316858.256108845] [landing_scout_1]: [scout_1] 📏 CALIBSERIES t=0.0s v=0.01506 m/s (vx=0.00309 vy=-0.00001 vz=-0.01474)
[INFO] [1786316858.572935952] [landing_scout_1]: [scout_1] Landing controller state: FLIGHT
[INFO] [1786316860.262618643] [landing_scout_1]: [scout_1] 📏 CALIBSERIES t=2.0s v=0.00797 m/s (vx=-0.00001 vy=0.00000 vz=-0.00797)
[INFO] [1786316862.270278437] [landing_scout_1]: [scout_1] 📏 CALIBSERIES t=4.0s v=0.00820 m/s (vx=-0.00001 vy=0.00000 vz=-0.00820)
[INFO] [1786316863.573520869] [landing_scout_1]: [scout_1] Landing controller state: FLIGHT
[INFO] [1786316864.273478665] [landing_scout_1]: [scout_1] 📏 CALIBSERIES t=6.1s v=0.00842 m/s (vx=-0.00001 vy=0.00000 vz=-0.00842)
[INFO] [1786316866.275571487] [landing_scout_1]: [scout_1] 📏 CALIBSERIES t=8.1s v=0.00865 m/s (vx=-0.00001 vy=0.00000 vz=-0.00865)
[INFO] [1786316868.276424483] [landing_scout_1]: [scout_1] 📏 CALIBSERIES t=10.1s v=0.00888 m/s (vx=-0.00001 vy=0.00000 vz=-0.00888)
[INFO] [1786316868.572302537] [landing_scout_1]: [scout_1] Landing controller state: FLIGHT
[INFO] [1786316870.279846856] [landing_scout_1]: [scout_1] 📏 CALIBSERIES t=12.1s v=0.00911 m/s (vx=-0.00001 vy=0.00000 vz=-0.00911)
[INFO] [1786316872.281442807] [landing_scout_1]: [scout_1] 📏 CALIBSERIES t=14.1s v=0.00934 m/s (vx=-0.00001 vy=0.00000 vz=-0.00934)
[INFO] [1786316872.282132348] [landing_scout_1]: [scout_1] 📏 CALIBSTABLE t=14.1s v=0.00934 m/s (vx=-0.00001 vy=0.00000 vz=-0.00934) -- 3 consecutive samples steady
[INFO] [1786316873.573010324] [landing_scout_1]: [scout_1] Landing controller state: FLIGHT
