[INFO] [1786327543.165899736] [landing_scout_1]: [scout_1] Landing Controller: ONLINE
[INFO] [1786327548.222865266] [landing_scout_1]: [scout_1] Landing controller state: IDLE
[INFO] [1786327553.222805802] [landing_scout_1]: [scout_1] Landing controller state: IDLE
[INFO] [1786327558.222812770] [landing_scout_1]: [scout_1] Landing controller state: IDLE
[INFO] [1786327563.223080957] [landing_scout_1]: [scout_1] Landing controller state: IDLE
[INFO] [1786327568.222582366] [landing_scout_1]: [scout_1] Landing controller state: IDLE
[INFO] [1786327573.223137904] [landing_scout_1]: [scout_1] Landing controller state: IDLE
[INFO] [1786327578.222279166] [landing_scout_1]: [scout_1] Landing controller state: IDLE
[INFO] [1786327583.222416307] [landing_scout_1]: [scout_1] Landing controller state: IDLE
[INFO] [1786327588.222459034] [landing_scout_1]: [scout_1] Landing controller state: IDLE
[INFO] [1786327593.222843786] [landing_scout_1]: [scout_1] Landing controller state: IDLE
[INFO] [1786327598.222734351] [landing_scout_1]: [scout_1] Landing controller state: IDLE
[INFO] [1786327603.223452968] [landing_scout_1]: [scout_1] Landing controller state: IDLE
[INFO] [1786327607.884888261] [landing_scout_1]: [scout_1] 🚀 Jump detected → FLIGHT mode (contact detection blanked 100 s for launch)
[INFO] [1786327607.889685736] [landing_scout_1]: [scout_1] 📏 CALIBSERIES t=0.0s v=0.01039 m/s (vx=0.00984 vy=-0.00006 vz=-0.00334)
[INFO] [1786327608.222438760] [landing_scout_1]: [scout_1] Landing controller state: FLIGHT
[INFO] [1786327609.939063754] [landing_scout_1]: [scout_1] 📏 CALIBSERIES t=2.1s v=0.00797 m/s (vx=0.00001 vy=0.00000 vz=-0.00797)
[INFO] [1786327611.962015956] [landing_scout_1]: [scout_1] 📏 CALIBSERIES t=4.1s v=0.00820 m/s (vx=0.00001 vy=0.00000 vz=-0.00820)
[INFO] [1786327613.222442082] [landing_scout_1]: [scout_1] Landing controller state: FLIGHT
[INFO] [1786327613.969170247] [landing_scout_1]: [scout_1] 📏 CALIBSERIES t=6.1s v=0.00842 m/s (vx=0.00001 vy=0.00000 vz=-0.00842)
[INFO] [1786327615.974477374] [landing_scout_1]: [scout_1] 📏 CALIBSERIES t=8.1s v=0.00865 m/s (vx=0.00001 vy=0.00000 vz=-0.00865)
[INFO] [1786327617.979547182] [landing_scout_1]: [scout_1] 📏 CALIBSERIES t=10.1s v=0.00888 m/s (vx=0.00001 vy=0.00000 vz=-0.00888)
[INFO] [1786327618.222893867] [landing_scout_1]: [scout_1] Landing controller state: FLIGHT
[INFO] [1786327619.986581630] [landing_scout_1]: [scout_1] 📏 CALIBSERIES t=12.1s v=0.00911 m/s (vx=0.00001 vy=0.00000 vz=-0.00911)
