[INFO] [1786326513.405925537] [landing_scout_1]: [scout_1] Landing Controller: ONLINE
[INFO] [1786326518.460510001] [landing_scout_1]: [scout_1] Landing controller state: IDLE
[INFO] [1786326523.460466528] [landing_scout_1]: [scout_1] Landing controller state: IDLE
[INFO] [1786326528.460538873] [landing_scout_1]: [scout_1] Landing controller state: IDLE
[INFO] [1786326533.460432235] [landing_scout_1]: [scout_1] Landing controller state: IDLE
[INFO] [1786326538.460542055] [landing_scout_1]: [scout_1] Landing controller state: IDLE
[INFO] [1786326543.460686045] [landing_scout_1]: [scout_1] Landing controller state: IDLE
[INFO] [1786326548.460929088] [landing_scout_1]: [scout_1] Landing controller state: IDLE
[INFO] [1786326553.460490567] [landing_scout_1]: [scout_1] Landing controller state: IDLE
[INFO] [1786326558.460470201] [landing_scout_1]: [scout_1] Landing controller state: IDLE
[INFO] [1786326563.460260441] [landing_scout_1]: [scout_1] Landing controller state: IDLE
[INFO] [1786326568.460405420] [landing_scout_1]: [scout_1] Landing controller state: IDLE
[INFO] [1786326573.460927973] [landing_scout_1]: [scout_1] Landing controller state: IDLE
[INFO] [1786326578.001530279] [landing_scout_1]: [scout_1] 🚀 Jump detected → FLIGHT mode (contact detection blanked 100 s for launch)
[INFO] [1786326578.008826808] [landing_scout_1]: [scout_1] 📏 CALIBSERIES t=0.0s v=0.00911 m/s (vx=0.00728 vy=-0.00025 vz=-0.00546)
[INFO] [1786326578.460941048] [landing_scout_1]: [scout_1] Landing controller state: FLIGHT
[INFO] [1786326580.010507033] [landing_scout_1]: [scout_1] 📏 CALIBSERIES t=2.0s v=0.00795 m/s (vx=0.00000 vy=-0.00000 vz=-0.00795)
[INFO] [1786326582.011958541] [landing_scout_1]: [scout_1] 📏 CALIBSERIES t=4.0s v=0.00818 m/s (vx=0.00000 vy=-0.00000 vz=-0.00818)
[INFO] [1786326583.460334641] [landing_scout_1]: [scout_1] Landing controller state: FLIGHT
[INFO] [1786326584.019066090] [landing_scout_1]: [scout_1] 📏 CALIBSERIES t=6.0s v=0.00841 m/s (vx=0.00000 vy=-0.00000 vz=-0.00841)
[INFO] [1786326586.028530865] [landing_scout_1]: [scout_1] 📏 CALIBSERIES t=8.0s v=0.00863 m/s (vx=0.00000 vy=-0.00000 vz=-0.00863)
[INFO] [1786326588.031610203] [landing_scout_1]: [scout_1] 📏 CALIBSERIES t=10.0s v=0.00886 m/s (vx=0.00000 vy=-0.00000 vz=-0.00886)
[INFO] [1786326588.460467656] [landing_scout_1]: [scout_1] Landing controller state: FLIGHT
[INFO] [1786326590.037605987] [landing_scout_1]: [scout_1] 📏 CALIBSERIES t=12.0s v=0.00909 m/s (vx=0.00000 vy=-0.00000 vz=-0.00909)
[INFO] [1786326592.554258552] [landing_scout_1]: [scout_1] 📏 CALIBSERIES t=14.6s v=6020.79729 m/s (vx=0.00000 vy=500.00000 vz=6000.00000)
[INFO] [1786326593.461015119] [landing_scout_1]: [scout_1] Landing controller state: FLIGHT
