[INFO] [1786323047.939574098] [landing_scout_1]: [scout_1] Landing Controller: ONLINE
[INFO] [1786323052.996570335] [landing_scout_1]: [scout_1] Landing controller state: IDLE
[INFO] [1786323057.996960961] [landing_scout_1]: [scout_1] Landing controller state: IDLE
[INFO] [1786323062.996599314] [landing_scout_1]: [scout_1] Landing controller state: IDLE
[INFO] [1786323067.996672756] [landing_scout_1]: [scout_1] Landing controller state: IDLE
[INFO] [1786323072.997710959] [landing_scout_1]: [scout_1] Landing controller state: IDLE
[INFO] [1786323077.997222486] [landing_scout_1]: [scout_1] Landing controller state: IDLE
[INFO] [1786323082.996581804] [landing_scout_1]: [scout_1] Landing controller state: IDLE
[INFO] [1786323087.996597391] [landing_scout_1]: [scout_1] Landing controller state: IDLE
[INFO] [1786323092.996665610] [landing_scout_1]: [scout_1] Landing controller state: IDLE
[INFO] [1786323097.997150120] [landing_scout_1]: [scout_1] Landing controller state: IDLE
[INFO] [1786323102.997298593] [landing_scout_1]: [scout_1] Landing controller state: IDLE
[INFO] [1786323107.996574928] [landing_scout_1]: [scout_1] Landing controller state: IDLE
[INFO] [1786323112.636109094] [landing_scout_1]: [scout_1] 🚀 Jump detected → FLIGHT mode (contact detection blanked 100 s for launch)
[INFO] [1786323112.656673141] [landing_scout_1]: [scout_1] 📏 CALIBSERIES t=0.0s v=0.01039 m/s (vx=0.00434 vy=-0.00172 vz=-0.00928)
[INFO] [1786323112.997301336] [landing_scout_1]: [scout_1] Landing controller state: FLIGHT
[INFO] [1786323114.658401620] [landing_scout_1]: [scout_1] 📏 CALIBSERIES t=2.0s v=0.00796 m/s (vx=-0.00000 vy=-0.00000 vz=-0.00796)
[INFO] [1786323116.660044082] [landing_scout_1]: [scout_1] 📏 CALIBSERIES t=4.0s v=0.00819 m/s (vx=-0.00000 vy=-0.00000 vz=-0.00819)
[INFO] [1786323117.996626347] [landing_scout_1]: [scout_1] Landing controller state: FLIGHT
[INFO] [1786323118.663468355] [landing_scout_1]: [scout_1] 📏 CALIBSERIES t=6.0s v=0.00842 m/s (vx=-0.00000 vy=-0.00000 vz=-0.00842)
[INFO] [1786323120.669448276] [landing_scout_1]: [scout_1] 📏 CALIBSERIES t=8.0s v=0.00865 m/s (vx=-0.00000 vy=-0.00000 vz=-0.00865)
[INFO] [1786323122.672931549] [landing_scout_1]: [scout_1] 📏 CALIBSERIES t=10.0s v=0.00887 m/s (vx=-0.00000 vy=-0.00000 vz=-0.00887)
[INFO] [1786323122.996781309] [landing_scout_1]: [scout_1] Landing controller state: FLIGHT
[INFO] [1786323124.675021801] [landing_scout_1]: [scout_1] 📏 CALIBSERIES t=12.0s v=0.00910 m/s (vx=-0.00000 vy=-0.00000 vz=-0.00910)
[INFO] [1786323126.678741889] [landing_scout_1]: [scout_1] 📏 CALIBSERIES t=14.0s v=0.00933 m/s (vx=-0.00000 vy=-0.00000 vz=-0.00933)
[INFO] [1786323126.679553511] [landing_scout_1]: [scout_1] 📏 CALIBSTABLE t=14.0s v=0.00933 m/s (vx=-0.00000 vy=-0.00000 vz=-0.00933) -- 3 consecutive samples steady
[INFO] [1786323127.997107062] [landing_scout_1]: [scout_1] Landing controller state: FLIGHT
