[INFO] [1786325816.019891315] [landing_scout_1]: [scout_1] Landing Controller: ONLINE
[INFO] [1786325821.072864003] [landing_scout_1]: [scout_1] Landing controller state: IDLE
[INFO] [1786325826.073001998] [landing_scout_1]: [scout_1] Landing controller state: IDLE
[INFO] [1786325831.073204184] [landing_scout_1]: [scout_1] Landing controller state: IDLE
[INFO] [1786325836.073138882] [landing_scout_1]: [scout_1] Landing controller state: IDLE
[INFO] [1786325841.072961695] [landing_scout_1]: [scout_1] Landing controller state: IDLE
[INFO] [1786325846.073558481] [landing_scout_1]: [scout_1] Landing controller state: IDLE
[INFO] [1786325851.072912929] [landing_scout_1]: [scout_1] Landing controller state: IDLE
[INFO] [1786325856.073842769] [landing_scout_1]: [scout_1] Landing controller state: IDLE
[INFO] [1786325861.072904770] [landing_scout_1]: [scout_1] Landing controller state: IDLE
[INFO] [1786325866.073125275] [landing_scout_1]: [scout_1] Landing controller state: IDLE
[INFO] [1786325871.073166687] [landing_scout_1]: [scout_1] Landing controller state: IDLE
[INFO] [1786325876.074054898] [landing_scout_1]: [scout_1] Landing controller state: IDLE
[INFO] [1786325880.649522020] [landing_scout_1]: [scout_1] 🚀 Jump detected → FLIGHT mode (contact detection blanked 100 s for launch)
[INFO] [1786325880.681971242] [landing_scout_1]: [scout_1] 📏 CALIBSERIES t=0.0s v=0.01604 m/s (vx=0.00765 vy=-0.00005 vz=-0.01410)
[INFO] [1786325881.073769614] [landing_scout_1]: [scout_1] Landing controller state: FLIGHT
[INFO] [1786325882.687853431] [landing_scout_1]: [scout_1] 📏 CALIBSERIES t=2.0s v=0.00796 m/s (vx=-0.00001 vy=0.00000 vz=-0.00796)
[INFO] [1786325884.692257488] [landing_scout_1]: [scout_1] 📏 CALIBSERIES t=4.0s v=0.00819 m/s (vx=-0.00001 vy=0.00000 vz=-0.00819)
[INFO] [1786325886.073069725] [landing_scout_1]: [scout_1] Landing controller state: FLIGHT
[INFO] [1786325886.694794258] [landing_scout_1]: [scout_1] 📏 CALIBSERIES t=6.0s v=0.00841 m/s (vx=-0.00001 vy=0.00000 vz=-0.00841)
[INFO] [1786325888.697059606] [landing_scout_1]: [scout_1] 📏 CALIBSERIES t=8.0s v=0.00864 m/s (vx=-0.00001 vy=0.00000 vz=-0.00864)
[INFO] [1786325890.700736422] [landing_scout_1]: [scout_1] 📏 CALIBSERIES t=10.1s v=0.00887 m/s (vx=-0.00001 vy=0.00000 vz=-0.00887)
[INFO] [1786325891.073731212] [landing_scout_1]: [scout_1] Landing controller state: FLIGHT
[INFO] [1786325892.701886790] [landing_scout_1]: [scout_1] 📏 CALIBSERIES t=12.1s v=0.00910 m/s (vx=-0.00001 vy=0.00000 vz=-0.00910)
[INFO] [1786325894.703312382] [landing_scout_1]: [scout_1] 📏 CALIBSERIES t=14.1s v=0.00933 m/s (vx=-0.00001 vy=0.00000 vz=-0.00933)
[INFO] [1786325894.703908964] [landing_scout_1]: [scout_1] 📏 CALIBSTABLE t=14.1s v=0.00933 m/s (vx=-0.00001 vy=0.00000 vz=-0.00933) -- 3 consecutive samples steady
