[INFO] [1786311601.783578684] [landing_scout_1]: [scout_1] Landing Controller: ONLINE
[INFO] [1786311606.829849263] [landing_scout_1]: [scout_1] Landing controller state: IDLE
[INFO] [1786311611.829758591] [landing_scout_1]: [scout_1] Landing controller state: IDLE
[INFO] [1786311616.829814562] [landing_scout_1]: [scout_1] Landing controller state: IDLE
[INFO] [1786311621.829978463] [landing_scout_1]: [scout_1] Landing controller state: IDLE
[INFO] [1786311626.830323050] [landing_scout_1]: [scout_1] Landing controller state: IDLE
[INFO] [1786311631.830426956] [landing_scout_1]: [scout_1] Landing controller state: IDLE
[INFO] [1786311636.830939540] [landing_scout_1]: [scout_1] Landing controller state: IDLE
[INFO] [1786311641.829802507] [landing_scout_1]: [scout_1] Landing controller state: IDLE
[INFO] [1786311646.829859823] [landing_scout_1]: [scout_1] Landing controller state: IDLE
[INFO] [1786311651.830040671] [landing_scout_1]: [scout_1] Landing controller state: IDLE
[INFO] [1786311656.830096331] [landing_scout_1]: [scout_1] Landing controller state: IDLE
[INFO] [1786311661.830011140] [landing_scout_1]: [scout_1] Landing controller state: IDLE
[INFO] [1786311666.578848480] [landing_scout_1]: [scout_1] 🚀 Jump detected → FLIGHT mode (contact detection blanked 100 s for launch)
[INFO] [1786311666.583308657] [landing_scout_1]: [scout_1] 📏 CALIBSERIES t=0.0s v=0.00855 m/s (vx=0.00752 vy=-0.00005 vz=-0.00408)
[INFO] [1786311666.829846050] [landing_scout_1]: [scout_1] Landing controller state: FLIGHT
[INFO] [1786311668.589817407] [landing_scout_1]: [scout_1] 📏 CALIBSERIES t=2.0s v=0.00797 m/s (vx=0.00000 vy=-0.00000 vz=-0.00797)
[INFO] [1786311670.591520764] [landing_scout_1]: [scout_1] 📏 CALIBSERIES t=4.0s v=0.00820 m/s (vx=0.00000 vy=-0.00000 vz=-0.00820)
[INFO] [1786311671.829840250] [landing_scout_1]: [scout_1] Landing controller state: FLIGHT
[INFO] [1786311672.592249988] [landing_scout_1]: [scout_1] 📏 CALIBSERIES t=6.0s v=0.00842 m/s (vx=0.00000 vy=-0.00000 vz=-0.00842)
[INFO] [1786311674.598243334] [landing_scout_1]: [scout_1] 📏 CALIBSERIES t=8.0s v=0.00865 m/s (vx=0.00000 vy=-0.00000 vz=-0.00865)
[INFO] [1786311676.609856156] [landing_scout_1]: [scout_1] 📏 CALIBSERIES t=10.0s v=0.00888 m/s (vx=0.00000 vy=-0.00000 vz=-0.00888)
[INFO] [1786311676.829851665] [landing_scout_1]: [scout_1] Landing controller state: FLIGHT
[INFO] [1786311678.615848327] [landing_scout_1]: [scout_1] 📏 CALIBSERIES t=12.0s v=0.00911 m/s (vx=0.00000 vy=-0.00000 vz=-0.00911)
[INFO] [1786311680.619012292] [landing_scout_1]: [scout_1] 📏 CALIBSERIES t=14.0s v=0.00934 m/s (vx=0.00000 vy=-0.00000 vz=-0.00934)
[INFO] [1786311680.619616835] [landing_scout_1]: [scout_1] 📏 CALIBSTABLE t=14.0s v=0.00934 m/s (vx=0.00000 vy=-0.00000 vz=-0.00934) -- 3 consecutive samples steady
[INFO] [1786311681.830047688] [landing_scout_1]: [scout_1] Landing controller state: FLIGHT
