[INFO] [1786314540.145600395] [landing_scout_1]: [scout_1] Landing Controller: ONLINE
[INFO] [1786314545.198919016] [landing_scout_1]: [scout_1] Landing controller state: IDLE
[INFO] [1786314550.198831535] [landing_scout_1]: [scout_1] Landing controller state: IDLE
[INFO] [1786314555.198916970] [landing_scout_1]: [scout_1] Landing controller state: IDLE
[INFO] [1786314560.198931779] [landing_scout_1]: [scout_1] Landing controller state: IDLE
[INFO] [1786314565.198788164] [landing_scout_1]: [scout_1] Landing controller state: IDLE
[INFO] [1786314570.199169380] [landing_scout_1]: [scout_1] Landing controller state: IDLE
[INFO] [1786314575.199273430] [landing_scout_1]: [scout_1] Landing controller state: IDLE
[INFO] [1786314580.198696692] [landing_scout_1]: [scout_1] Landing controller state: IDLE
[INFO] [1786314585.199834801] [landing_scout_1]: [scout_1] Landing controller state: IDLE
[INFO] [1786314590.198677720] [landing_scout_1]: [scout_1] Landing controller state: IDLE
[INFO] [1786314595.198853930] [landing_scout_1]: [scout_1] Landing controller state: IDLE
[INFO] [1786314600.198713903] [landing_scout_1]: [scout_1] Landing controller state: IDLE
[INFO] [1786314604.880089438] [landing_scout_1]: [scout_1] 🚀 Jump detected → FLIGHT mode (contact detection blanked 100 s for launch)
[INFO] [1786314604.897339445] [landing_scout_1]: [scout_1] 📏 CALIBSERIES t=0.0s v=0.01000 m/s (vx=0.00172 vy=0.00002 vz=-0.00985)
[INFO] [1786314605.199729689] [landing_scout_1]: [scout_1] Landing controller state: FLIGHT
[INFO] [1786314606.900543330] [landing_scout_1]: [scout_1] 📏 CALIBSERIES t=2.0s v=0.00797 m/s (vx=-0.00002 vy=0.00000 vz=-0.00797)
[INFO] [1786314608.901236771] [landing_scout_1]: [scout_1] 📏 CALIBSERIES t=4.0s v=0.00820 m/s (vx=-0.00002 vy=0.00000 vz=-0.00820)
[INFO] [1786314610.198875318] [landing_scout_1]: [scout_1] Landing controller state: FLIGHT
[INFO] [1786314610.911171135] [landing_scout_1]: [scout_1] 📏 CALIBSERIES t=6.0s v=0.00843 m/s (vx=-0.00002 vy=0.00000 vz=-0.00843)
[INFO] [1786314612.919842359] [landing_scout_1]: [scout_1] 📏 CALIBSERIES t=8.0s v=0.00866 m/s (vx=-0.00002 vy=0.00000 vz=-0.00866)
[INFO] [1786314614.925503980] [landing_scout_1]: [scout_1] 📏 CALIBSERIES t=10.0s v=0.00889 m/s (vx=-0.00002 vy=0.00000 vz=-0.00889)
[INFO] [1786314615.199181009] [landing_scout_1]: [scout_1] Landing controller state: FLIGHT
[INFO] [1786314616.926751897] [landing_scout_1]: [scout_1] 📏 CALIBSERIES t=12.0s v=0.00911 m/s (vx=-0.00002 vy=0.00000 vz=-0.00911)
[INFO] [1786314618.927960511] [landing_scout_1]: [scout_1] 📏 CALIBSERIES t=14.0s v=0.00934 m/s (vx=-0.00002 vy=0.00000 vz=-0.00934)
[INFO] [1786314618.928620725] [landing_scout_1]: [scout_1] 📏 CALIBSTABLE t=14.0s v=0.00934 m/s (vx=-0.00002 vy=0.00000 vz=-0.00934) -- 3 consecutive samples steady
