[INFO] [1786312468.262272192] [landing_scout_1]: [scout_1] Landing Controller: ONLINE
[INFO] [1786312473.314026825] [landing_scout_1]: [scout_1] Landing controller state: IDLE
[INFO] [1786312478.314013159] [landing_scout_1]: [scout_1] Landing controller state: IDLE
[INFO] [1786312483.314565170] [landing_scout_1]: [scout_1] Landing controller state: IDLE
[INFO] [1786312488.315017600] [landing_scout_1]: [scout_1] Landing controller state: IDLE
[INFO] [1786312493.313761335] [landing_scout_1]: [scout_1] Landing controller state: IDLE
[INFO] [1786312498.314999378] [landing_scout_1]: [scout_1] Landing controller state: IDLE
[INFO] [1786312503.313760446] [landing_scout_1]: [scout_1] Landing controller state: IDLE
[INFO] [1786312508.314489061] [landing_scout_1]: [scout_1] Landing controller state: IDLE
[INFO] [1786312513.314593836] [landing_scout_1]: [scout_1] Landing controller state: IDLE
[INFO] [1786312518.313870897] [landing_scout_1]: [scout_1] Landing controller state: IDLE
[INFO] [1786312523.314139161] [landing_scout_1]: [scout_1] Landing controller state: IDLE
[INFO] [1786312528.313903844] [landing_scout_1]: [scout_1] Landing controller state: IDLE
[INFO] [1786312533.024067342] [landing_scout_1]: [scout_1] 🚀 Jump detected → FLIGHT mode (contact detection blanked 100 s for launch)
[INFO] [1786312533.069244211] [landing_scout_1]: [scout_1] 📏 CALIBSERIES t=0.0s v=0.01027 m/s (vx=0.00399 vy=-0.00002 vz=-0.00946)
[INFO] [1786312533.313900810] [landing_scout_1]: [scout_1] Landing controller state: FLIGHT
[INFO] [1786312535.072148327] [landing_scout_1]: [scout_1] 📏 CALIBSERIES t=2.0s v=0.00797 m/s (vx=0.00000 vy=-0.00000 vz=-0.00797)
[INFO] [1786312537.076986588] [landing_scout_1]: [scout_1] 📏 CALIBSERIES t=4.1s v=0.00820 m/s (vx=0.00001 vy=-0.00000 vz=-0.00820)
[INFO] [1786312538.313880994] [landing_scout_1]: [scout_1] Landing controller state: FLIGHT
[INFO] [1786312539.083141301] [landing_scout_1]: [scout_1] 📏 CALIBSERIES t=6.1s v=0.00842 m/s (vx=0.00001 vy=-0.00000 vz=-0.00842)
[INFO] [1786312541.083823661] [landing_scout_1]: [scout_1] 📏 CALIBSERIES t=8.1s v=0.00865 m/s (vx=0.00001 vy=-0.00000 vz=-0.00865)
[INFO] [1786312543.090617542] [landing_scout_1]: [scout_1] 📏 CALIBSERIES t=10.1s v=0.00888 m/s (vx=0.00001 vy=-0.00000 vz=-0.00888)
[INFO] [1786312543.313803327] [landing_scout_1]: [scout_1] Landing controller state: FLIGHT
[INFO] [1786312545.094766662] [landing_scout_1]: [scout_1] 📏 CALIBSERIES t=12.1s v=0.00911 m/s (vx=0.00001 vy=-0.00000 vz=-0.00911)
[INFO] [1786312547.099539531] [landing_scout_1]: [scout_1] 📏 CALIBSERIES t=14.1s v=0.00934 m/s (vx=0.00001 vy=-0.00000 vz=-0.00934)
[INFO] [1786312547.100251999] [landing_scout_1]: [scout_1] 📏 CALIBSTABLE t=14.1s v=0.00934 m/s (vx=0.00001 vy=-0.00000 vz=-0.00934) -- 3 consecutive samples steady
[INFO] [1786312548.314403880] [landing_scout_1]: [scout_1] Landing controller state: FLIGHT
