[INFO] [1786321405.245803505] [landing_scout_1]: [scout_1] Landing Controller: ONLINE
[INFO] [1786321410.297474282] [landing_scout_1]: [scout_1] Landing controller state: IDLE
[INFO] [1786321415.296684712] [landing_scout_1]: [scout_1] Landing controller state: IDLE
[INFO] [1786321420.296753464] [landing_scout_1]: [scout_1] Landing controller state: IDLE
[INFO] [1786321425.296631654] [landing_scout_1]: [scout_1] Landing controller state: IDLE
[INFO] [1786321430.296743432] [landing_scout_1]: [scout_1] Landing controller state: IDLE
[INFO] [1786321435.296590126] [landing_scout_1]: [scout_1] Landing controller state: IDLE
[INFO] [1786321440.297208048] [landing_scout_1]: [scout_1] Landing controller state: IDLE
[INFO] [1786321445.296513261] [landing_scout_1]: [scout_1] Landing controller state: IDLE
[INFO] [1786321450.296811449] [landing_scout_1]: [scout_1] Landing controller state: IDLE
[INFO] [1786321455.296588163] [landing_scout_1]: [scout_1] Landing controller state: IDLE
[INFO] [1786321460.297520511] [landing_scout_1]: [scout_1] Landing controller state: IDLE
[INFO] [1786321465.296492927] [landing_scout_1]: [scout_1] Landing controller state: IDLE
[INFO] [1786321469.940789294] [landing_scout_1]: [scout_1] 🚀 Jump detected → FLIGHT mode (contact detection blanked 100 s for launch)
[INFO] [1786321469.984023737] [landing_scout_1]: [scout_1] 📏 CALIBSERIES t=0.0s v=0.00975 m/s (vx=-0.00025 vy=0.00001 vz=-0.00975)
[INFO] [1786321470.296862839] [landing_scout_1]: [scout_1] Landing controller state: FLIGHT
[INFO] [1786321471.989562915] [landing_scout_1]: [scout_1] 📏 CALIBSERIES t=2.0s v=0.00797 m/s (vx=-0.00001 vy=0.00000 vz=-0.00797)
[INFO] [1786321473.990550586] [landing_scout_1]: [scout_1] 📏 CALIBSERIES t=4.0s v=0.00820 m/s (vx=-0.00001 vy=0.00000 vz=-0.00820)
[INFO] [1786321475.296770851] [landing_scout_1]: [scout_1] Landing controller state: FLIGHT
[INFO] [1786321475.993027845] [landing_scout_1]: [scout_1] 📏 CALIBSERIES t=6.1s v=0.00843 m/s (vx=-0.00001 vy=0.00000 vz=-0.00843)
[INFO] [1786321478.015227562] [landing_scout_1]: [scout_1] 📏 CALIBSERIES t=8.1s v=0.00866 m/s (vx=-0.00001 vy=0.00000 vz=-0.00866)
[INFO] [1786321480.019971055] [landing_scout_1]: [scout_1] 📏 CALIBSERIES t=10.1s v=0.00889 m/s (vx=-0.00001 vy=0.00000 vz=-0.00889)
[INFO] [1786321480.297672463] [landing_scout_1]: [scout_1] Landing controller state: FLIGHT
[INFO] [1786321482.024445314] [landing_scout_1]: [scout_1] 📏 CALIBSERIES t=12.1s v=0.00911 m/s (vx=-0.00001 vy=0.00000 vz=-0.00911)
[INFO] [1786321484.026230463] [landing_scout_1]: [scout_1] 📏 CALIBSERIES t=14.1s v=0.00934 m/s (vx=-0.00001 vy=0.00000 vz=-0.00934)
[INFO] [1786321484.026853800] [landing_scout_1]: [scout_1] 📏 CALIBSTABLE t=14.1s v=0.00934 m/s (vx=-0.00001 vy=0.00000 vz=-0.00934) -- 3 consecutive samples steady
[INFO] [1786321485.297440089] [landing_scout_1]: [scout_1] Landing controller state: FLIGHT
