[INFO] [1786320373.452378498] [landing_scout_1]: [scout_1] Landing Controller: ONLINE
[INFO] [1786320378.506832235] [landing_scout_1]: [scout_1] Landing controller state: IDLE
[INFO] [1786320383.506616913] [landing_scout_1]: [scout_1] Landing controller state: IDLE
[INFO] [1786320388.507971624] [landing_scout_1]: [scout_1] Landing controller state: IDLE
[INFO] [1786320393.506586457] [landing_scout_1]: [scout_1] Landing controller state: IDLE
[INFO] [1786320398.507109837] [landing_scout_1]: [scout_1] Landing controller state: IDLE
[INFO] [1786320403.506776186] [landing_scout_1]: [scout_1] Landing controller state: IDLE
[INFO] [1786320408.506770499] [landing_scout_1]: [scout_1] Landing controller state: IDLE
[INFO] [1786320413.506926061] [landing_scout_1]: [scout_1] Landing controller state: IDLE
[INFO] [1786320418.506812788] [landing_scout_1]: [scout_1] Landing controller state: IDLE
[INFO] [1786320423.506759699] [landing_scout_1]: [scout_1] Landing controller state: IDLE
[INFO] [1786320428.506731382] [landing_scout_1]: [scout_1] Landing controller state: IDLE
[INFO] [1786320433.506707581] [landing_scout_1]: [scout_1] Landing controller state: IDLE
[INFO] [1786320438.126103268] [landing_scout_1]: [scout_1] 🚀 Jump detected → FLIGHT mode (contact detection blanked 100 s for launch)
[INFO] [1786320438.140656672] [landing_scout_1]: [scout_1] 📏 CALIBSERIES t=0.0s v=0.01171 m/s (vx=0.00323 vy=-0.00016 vz=-0.01125)
[INFO] [1786320438.507639393] [landing_scout_1]: [scout_1] Landing controller state: FLIGHT
[INFO] [1786320440.144433165] [landing_scout_1]: [scout_1] 📏 CALIBSERIES t=2.0s v=0.00796 m/s (vx=-0.00001 vy=0.00000 vz=-0.00796)
[INFO] [1786320442.153099293] [landing_scout_1]: [scout_1] 📏 CALIBSERIES t=4.0s v=0.00819 m/s (vx=-0.00001 vy=0.00000 vz=-0.00819)
[INFO] [1786320443.507025377] [landing_scout_1]: [scout_1] Landing controller state: FLIGHT
[INFO] [1786320444.174986362] [landing_scout_1]: [scout_1] 📏 CALIBSERIES t=6.0s v=0.00841 m/s (vx=-0.00001 vy=0.00000 vz=-0.00841)
[INFO] [1786320446.176674927] [landing_scout_1]: [scout_1] 📏 CALIBSERIES t=8.1s v=0.00864 m/s (vx=-0.00001 vy=0.00000 vz=-0.00864)
[INFO] [1786320448.178703939] [landing_scout_1]: [scout_1] 📏 CALIBSERIES t=10.1s v=0.00887 m/s (vx=-0.00001 vy=0.00000 vz=-0.00887)
[INFO] [1786320448.507040880] [landing_scout_1]: [scout_1] Landing controller state: FLIGHT
[INFO] [1786320450.181345849] [landing_scout_1]: [scout_1] 📏 CALIBSERIES t=12.1s v=0.00910 m/s (vx=-0.00001 vy=0.00000 vz=-0.00910)
[INFO] [1786320452.184991558] [landing_scout_1]: [scout_1] 📏 CALIBSERIES t=14.1s v=0.00933 m/s (vx=-0.00001 vy=0.00000 vz=-0.00933)
[INFO] [1786320452.185633051] [landing_scout_1]: [scout_1] 📏 CALIBSTABLE t=14.1s v=0.00933 m/s (vx=-0.00001 vy=0.00000 vz=-0.00933) -- 3 consecutive samples steady
[INFO] [1786320453.506745136] [landing_scout_1]: [scout_1] Landing controller state: FLIGHT
