[INFO] [1786314634.879695094] [landing_scout_1]: [scout_1] Landing Controller: ONLINE
[INFO] [1786314639.931769682] [landing_scout_1]: [scout_1] Landing controller state: IDLE
[INFO] [1786314644.931826820] [landing_scout_1]: [scout_1] Landing controller state: IDLE
[INFO] [1786314649.931806668] [landing_scout_1]: [scout_1] Landing controller state: IDLE
[INFO] [1786314654.932908824] [landing_scout_1]: [scout_1] Landing controller state: IDLE
[INFO] [1786314659.931749375] [landing_scout_1]: [scout_1] Landing controller state: IDLE
[INFO] [1786314664.932545298] [landing_scout_1]: [scout_1] Landing controller state: IDLE
[INFO] [1786314669.932331871] [landing_scout_1]: [scout_1] Landing controller state: IDLE
[INFO] [1786314674.932458714] [landing_scout_1]: [scout_1] Landing controller state: IDLE
[INFO] [1786314679.931744655] [landing_scout_1]: [scout_1] Landing controller state: IDLE
[INFO] [1786314684.932589807] [landing_scout_1]: [scout_1] Landing controller state: IDLE
[INFO] [1786314689.931856238] [landing_scout_1]: [scout_1] Landing controller state: IDLE
[INFO] [1786314694.931784681] [landing_scout_1]: [scout_1] Landing controller state: IDLE
[INFO] [1786314699.560179572] [landing_scout_1]: [scout_1] 🚀 Jump detected → FLIGHT mode (contact detection blanked 100 s for launch)
[INFO] [1786314699.569590208] [landing_scout_1]: [scout_1] 📏 CALIBSERIES t=0.0s v=0.00992 m/s (vx=0.00675 vy=0.00008 vz=-0.00728)
[INFO] [1786314699.932482340] [landing_scout_1]: [scout_1] Landing controller state: FLIGHT
[INFO] [1786314701.574256018] [landing_scout_1]: [scout_1] 📏 CALIBSERIES t=2.0s v=0.00796 m/s (vx=0.00001 vy=0.00000 vz=-0.00796)
[INFO] [1786314703.576349973] [landing_scout_1]: [scout_1] 📏 CALIBSERIES t=4.0s v=0.00818 m/s (vx=0.00001 vy=0.00000 vz=-0.00818)
[INFO] [1786314704.932218247] [landing_scout_1]: [scout_1] Landing controller state: FLIGHT
[INFO] [1786314705.578763877] [landing_scout_1]: [scout_1] 📏 CALIBSERIES t=6.0s v=0.00841 m/s (vx=0.00001 vy=0.00000 vz=-0.00841)
[INFO] [1786314707.579280809] [landing_scout_1]: [scout_1] 📏 CALIBSERIES t=8.0s v=0.00864 m/s (vx=0.00001 vy=0.00000 vz=-0.00864)
[INFO] [1786314709.628996479] [landing_scout_1]: [scout_1] 📏 CALIBSERIES t=10.1s v=0.00887 m/s (vx=0.00001 vy=0.00000 vz=-0.00887)
[INFO] [1786314709.932289713] [landing_scout_1]: [scout_1] Landing controller state: FLIGHT
[INFO] [1786314711.635617042] [landing_scout_1]: [scout_1] 📏 CALIBSERIES t=12.1s v=0.00910 m/s (vx=0.00001 vy=0.00000 vz=-0.00910)
[INFO] [1786314714.114966508] [landing_scout_1]: [scout_1] 📏 CALIBSERIES t=14.6s v=6020.79729 m/s (vx=0.00000 vy=500.00000 vz=6000.00000)
[INFO] [1786314714.931972681] [landing_scout_1]: [scout_1] Landing controller state: FLIGHT
