[INFO] [1786328407.942814512] [landing_scout_1]: [scout_1] Landing Controller: ONLINE
[INFO] [1786328412.995696275] [landing_scout_1]: [scout_1] Landing controller state: IDLE
[INFO] [1786328417.994903311] [landing_scout_1]: [scout_1] Landing controller state: IDLE
[INFO] [1786328422.995410855] [landing_scout_1]: [scout_1] Landing controller state: IDLE
[INFO] [1786328427.994894790] [landing_scout_1]: [scout_1] Landing controller state: IDLE
[INFO] [1786328432.994950922] [landing_scout_1]: [scout_1] Landing controller state: IDLE
[INFO] [1786328437.994877818] [landing_scout_1]: [scout_1] Landing controller state: IDLE
[INFO] [1786328442.995467238] [landing_scout_1]: [scout_1] Landing controller state: IDLE
[INFO] [1786328447.994969256] [landing_scout_1]: [scout_1] Landing controller state: IDLE
[INFO] [1786328452.995034990] [landing_scout_1]: [scout_1] Landing controller state: IDLE
[INFO] [1786328457.995598656] [landing_scout_1]: [scout_1] Landing controller state: IDLE
[INFO] [1786328462.994871636] [landing_scout_1]: [scout_1] Landing controller state: IDLE
[INFO] [1786328467.995530074] [landing_scout_1]: [scout_1] Landing controller state: IDLE
[INFO] [1786328472.669016979] [landing_scout_1]: [scout_1] 🚀 Jump detected → FLIGHT mode (contact detection blanked 100 s for launch)
[INFO] [1786328472.684937795] [landing_scout_1]: [scout_1] 📏 CALIBSERIES t=0.0s v=0.01201 m/s (vx=0.00252 vy=-0.00001 vz=-0.01174)
[INFO] [1786328472.995159270] [landing_scout_1]: [scout_1] Landing controller state: FLIGHT
[INFO] [1786328474.693491263] [landing_scout_1]: [scout_1] 📏 CALIBSERIES t=2.0s v=0.00796 m/s (vx=-0.00000 vy=0.00000 vz=-0.00796)
[INFO] [1786328476.696703341] [landing_scout_1]: [scout_1] 📏 CALIBSERIES t=4.0s v=0.00819 m/s (vx=-0.00000 vy=0.00000 vz=-0.00819)
[INFO] [1786328477.994959291] [landing_scout_1]: [scout_1] Landing controller state: FLIGHT
[INFO] [1786328478.697639821] [landing_scout_1]: [scout_1] 📏 CALIBSERIES t=6.0s v=0.00841 m/s (vx=-0.00000 vy=0.00000 vz=-0.00841)
[INFO] [1786328480.700626477] [landing_scout_1]: [scout_1] 📏 CALIBSERIES t=8.0s v=0.00864 m/s (vx=-0.00000 vy=0.00000 vz=-0.00864)
[INFO] [1786328482.725592660] [landing_scout_1]: [scout_1] 📏 CALIBSERIES t=10.1s v=0.00887 m/s (vx=-0.00000 vy=0.00000 vz=-0.00887)
[INFO] [1786328482.994992236] [landing_scout_1]: [scout_1] Landing controller state: FLIGHT
[INFO] [1786328484.735585794] [landing_scout_1]: [scout_1] 📏 CALIBSERIES t=12.1s v=0.00910 m/s (vx=-0.00000 vy=0.00000 vz=-0.00910)
[INFO] [1786328486.738018398] [landing_scout_1]: [scout_1] 📏 CALIBSERIES t=14.1s v=0.00933 m/s (vx=-0.00000 vy=0.00000 vz=-0.00933)
[INFO] [1786328486.738744284] [landing_scout_1]: [scout_1] 📏 CALIBSTABLE t=14.1s v=0.00933 m/s (vx=-0.00000 vy=0.00000 vz=-0.00933) -- 3 consecutive samples steady
