[INFO] [1786318341.066085890] [landing_scout_1]: [scout_1] Landing Controller: ONLINE
[INFO] [1786318346.129732782] [landing_scout_1]: [scout_1] Landing controller state: IDLE
[INFO] [1786318351.129590117] [landing_scout_1]: [scout_1] Landing controller state: IDLE
[INFO] [1786318356.130059565] [landing_scout_1]: [scout_1] Landing controller state: IDLE
[INFO] [1786318361.129800919] [landing_scout_1]: [scout_1] Landing controller state: IDLE
[INFO] [1786318366.130197839] [landing_scout_1]: [scout_1] Landing controller state: IDLE
[INFO] [1786318371.130683278] [landing_scout_1]: [scout_1] Landing controller state: IDLE
[INFO] [1786318376.129677955] [landing_scout_1]: [scout_1] Landing controller state: IDLE
[INFO] [1786318381.129536695] [landing_scout_1]: [scout_1] Landing controller state: IDLE
[INFO] [1786318386.129939693] [landing_scout_1]: [scout_1] Landing controller state: IDLE
[INFO] [1786318391.130019157] [landing_scout_1]: [scout_1] Landing controller state: IDLE
[INFO] [1786318396.129701407] [landing_scout_1]: [scout_1] Landing controller state: IDLE
[INFO] [1786318401.130117903] [landing_scout_1]: [scout_1] Landing controller state: IDLE
[INFO] [1786318405.721962964] [landing_scout_1]: [scout_1] 🚀 Jump detected → FLIGHT mode (contact detection blanked 100 s for launch)
[INFO] [1786318405.745036495] [landing_scout_1]: [scout_1] 📏 CALIBSERIES t=0.0s v=0.01519 m/s (vx=0.00815 vy=0.00001 vz=-0.01282)
[INFO] [1786318406.130317669] [landing_scout_1]: [scout_1] Landing controller state: FLIGHT
[INFO] [1786318407.748938940] [landing_scout_1]: [scout_1] 📏 CALIBSERIES t=2.0s v=0.00796 m/s (vx=0.00000 vy=-0.00000 vz=-0.00796)
[INFO] [1786318409.751468756] [landing_scout_1]: [scout_1] 📏 CALIBSERIES t=4.0s v=0.00819 m/s (vx=0.00000 vy=-0.00000 vz=-0.00819)
[INFO] [1786318411.129755868] [landing_scout_1]: [scout_1] Landing controller state: FLIGHT
[INFO] [1786318411.753694469] [landing_scout_1]: [scout_1] 📏 CALIBSERIES t=6.0s v=0.00841 m/s (vx=0.00000 vy=-0.00000 vz=-0.00841)
[INFO] [1786318413.757556939] [landing_scout_1]: [scout_1] 📏 CALIBSERIES t=8.0s v=0.00864 m/s (vx=0.00000 vy=-0.00000 vz=-0.00864)
[INFO] [1786318415.760657137] [landing_scout_1]: [scout_1] 📏 CALIBSERIES t=10.0s v=0.00887 m/s (vx=0.00000 vy=-0.00000 vz=-0.00887)
[INFO] [1786318416.129629538] [landing_scout_1]: [scout_1] Landing controller state: FLIGHT
[INFO] [1786318417.771506937] [landing_scout_1]: [scout_1] 📏 CALIBSERIES t=12.0s v=0.00910 m/s (vx=0.00000 vy=-0.00000 vz=-0.00910)
[INFO] [1786318419.775618094] [landing_scout_1]: [scout_1] 📏 CALIBSERIES t=14.1s v=0.00933 m/s (vx=0.00000 vy=-0.00000 vz=-0.00933)
[INFO] [1786318419.776319175] [landing_scout_1]: [scout_1] 📏 CALIBSTABLE t=14.1s v=0.00933 m/s (vx=0.00000 vy=-0.00000 vz=-0.00933) -- 3 consecutive samples steady
[INFO] [1786318421.130506786] [landing_scout_1]: [scout_1] Landing controller state: FLIGHT
