[INFO] [1786319472.097711306] [landing_scout_1]: [scout_1] Landing Controller: ONLINE
[INFO] [1786319477.146130071] [landing_scout_1]: [scout_1] Landing controller state: IDLE
[INFO] [1786319482.147560035] [landing_scout_1]: [scout_1] Landing controller state: IDLE
[INFO] [1786319487.145865691] [landing_scout_1]: [scout_1] Landing controller state: IDLE
[INFO] [1786319492.145858604] [landing_scout_1]: [scout_1] Landing controller state: IDLE
[INFO] [1786319497.146274002] [landing_scout_1]: [scout_1] Landing controller state: IDLE
[INFO] [1786319502.145939238] [landing_scout_1]: [scout_1] Landing controller state: IDLE
[INFO] [1786319507.147408160] [landing_scout_1]: [scout_1] Landing controller state: IDLE
[INFO] [1786319512.146447495] [landing_scout_1]: [scout_1] Landing controller state: IDLE
[INFO] [1786319517.145934114] [landing_scout_1]: [scout_1] Landing controller state: IDLE
[INFO] [1786319522.145839938] [landing_scout_1]: [scout_1] Landing controller state: IDLE
[INFO] [1786319527.146442173] [landing_scout_1]: [scout_1] Landing controller state: IDLE
[INFO] [1786319532.145972974] [landing_scout_1]: [scout_1] Landing controller state: IDLE
[INFO] [1786319536.823303354] [landing_scout_1]: [scout_1] 🚀 Jump detected → FLIGHT mode (contact detection blanked 100 s for launch)
[INFO] [1786319536.851997990] [landing_scout_1]: [scout_1] 📏 CALIBSERIES t=0.0s v=0.01294 m/s (vx=-0.00155 vy=-0.00007 vz=-0.01285)
[INFO] [1786319537.146415790] [landing_scout_1]: [scout_1] Landing controller state: FLIGHT
[INFO] [1786319538.855727818] [landing_scout_1]: [scout_1] 📏 CALIBSERIES t=2.0s v=0.00797 m/s (vx=-0.00002 vy=0.00000 vz=-0.00797)
[INFO] [1786319540.860554857] [landing_scout_1]: [scout_1] 📏 CALIBSERIES t=4.0s v=0.00820 m/s (vx=-0.00002 vy=0.00000 vz=-0.00820)
[INFO] [1786319542.146182689] [landing_scout_1]: [scout_1] Landing controller state: FLIGHT
[INFO] [1786319542.865893830] [landing_scout_1]: [scout_1] 📏 CALIBSERIES t=6.0s v=0.00843 m/s (vx=-0.00002 vy=0.00000 vz=-0.00843)
[INFO] [1786319544.866393363] [landing_scout_1]: [scout_1] 📏 CALIBSERIES t=8.0s v=0.00866 m/s (vx=-0.00002 vy=0.00000 vz=-0.00866)
[INFO] [1786319546.867600808] [landing_scout_1]: [scout_1] 📏 CALIBSERIES t=10.0s v=0.00889 m/s (vx=-0.00002 vy=0.00000 vz=-0.00889)
[INFO] [1786319547.146449465] [landing_scout_1]: [scout_1] Landing controller state: FLIGHT
[INFO] [1786319548.870720033] [landing_scout_1]: [scout_1] 📏 CALIBSERIES t=12.0s v=0.00911 m/s (vx=-0.00002 vy=0.00000 vz=-0.00911)
[INFO] [1786319550.875840366] [landing_scout_1]: [scout_1] 📏 CALIBSERIES t=14.1s v=0.00934 m/s (vx=-0.00002 vy=0.00000 vz=-0.00934)
[INFO] [1786319550.877350074] [landing_scout_1]: [scout_1] 📏 CALIBSTABLE t=14.1s v=0.00934 m/s (vx=-0.00002 vy=0.00000 vz=-0.00934) -- 3 consecutive samples steady
[INFO] [1786319552.146582511] [landing_scout_1]: [scout_1] Landing controller state: FLIGHT
