[INFO] [1786324263.718212615] [landing_scout_1]: [scout_1] Landing Controller: ONLINE
[INFO] [1786324268.772877877] [landing_scout_1]: [scout_1] Landing controller state: IDLE
[INFO] [1786324273.773012994] [landing_scout_1]: [scout_1] Landing controller state: IDLE
[INFO] [1786324278.772894021] [landing_scout_1]: [scout_1] Landing controller state: IDLE
[INFO] [1786324283.773607984] [landing_scout_1]: [scout_1] Landing controller state: IDLE
[INFO] [1786324288.772634215] [landing_scout_1]: [scout_1] Landing controller state: IDLE
[INFO] [1786324293.772803492] [landing_scout_1]: [scout_1] Landing controller state: IDLE
[INFO] [1786324298.772847905] [landing_scout_1]: [scout_1] Landing controller state: IDLE
[INFO] [1786324303.772866843] [landing_scout_1]: [scout_1] Landing controller state: IDLE
[INFO] [1786324308.772782437] [landing_scout_1]: [scout_1] Landing controller state: IDLE
[INFO] [1786324313.772952075] [landing_scout_1]: [scout_1] Landing controller state: IDLE
[INFO] [1786324318.773167351] [landing_scout_1]: [scout_1] Landing controller state: IDLE
[INFO] [1786324323.773556150] [landing_scout_1]: [scout_1] Landing controller state: IDLE
[INFO] [1786324328.450854755] [landing_scout_1]: [scout_1] 🚀 Jump detected → FLIGHT mode (contact detection blanked 100 s for launch)
[INFO] [1786324328.453993808] [landing_scout_1]: [scout_1] 📏 CALIBSERIES t=0.0s v=0.01202 m/s (vx=0.01136 vy=-0.00006 vz=-0.00393)
[INFO] [1786324328.773017278] [landing_scout_1]: [scout_1] Landing controller state: FLIGHT
[INFO] [1786324330.456676370] [landing_scout_1]: [scout_1] 📏 CALIBSERIES t=2.0s v=0.00796 m/s (vx=0.00000 vy=-0.00000 vz=-0.00796)
[INFO] [1786324332.459956779] [landing_scout_1]: [scout_1] 📏 CALIBSERIES t=4.0s v=0.00819 m/s (vx=0.00000 vy=-0.00000 vz=-0.00819)
[INFO] [1786324333.773418665] [landing_scout_1]: [scout_1] Landing controller state: FLIGHT
[INFO] [1786324334.464496859] [landing_scout_1]: [scout_1] 📏 CALIBSERIES t=6.0s v=0.00842 m/s (vx=0.00000 vy=-0.00000 vz=-0.00842)
[INFO] [1786324336.467798918] [landing_scout_1]: [scout_1] 📏 CALIBSERIES t=8.0s v=0.00865 m/s (vx=0.00000 vy=-0.00000 vz=-0.00865)
[INFO] [1786324338.471403881] [landing_scout_1]: [scout_1] 📏 CALIBSERIES t=10.0s v=0.00887 m/s (vx=0.00000 vy=-0.00000 vz=-0.00887)
[INFO] [1786324338.772904471] [landing_scout_1]: [scout_1] Landing controller state: FLIGHT
[INFO] [1786324340.474311401] [landing_scout_1]: [scout_1] 📏 CALIBSERIES t=12.0s v=0.00910 m/s (vx=0.00000 vy=-0.00000 vz=-0.00910)
[INFO] [1786324342.477410708] [landing_scout_1]: [scout_1] 📏 CALIBSERIES t=14.0s v=0.00933 m/s (vx=0.00000 vy=-0.00000 vz=-0.00933)
[INFO] [1786324342.478089154] [landing_scout_1]: [scout_1] 📏 CALIBSTABLE t=14.0s v=0.00933 m/s (vx=0.00000 vy=-0.00000 vz=-0.00933) -- 3 consecutive samples steady
[INFO] [1786324343.773551106] [landing_scout_1]: [scout_1] Landing controller state: FLIGHT
