[INFO] [1786314717.480924098] [landing_scout_1]: [scout_1] Landing Controller: ONLINE
[INFO] [1786314722.533577042] [landing_scout_1]: [scout_1] Landing controller state: IDLE
[INFO] [1786314727.533596999] [landing_scout_1]: [scout_1] Landing controller state: IDLE
[INFO] [1786314732.533824124] [landing_scout_1]: [scout_1] Landing controller state: IDLE
[INFO] [1786314737.533652186] [landing_scout_1]: [scout_1] Landing controller state: IDLE
[INFO] [1786314742.533664152] [landing_scout_1]: [scout_1] Landing controller state: IDLE
[INFO] [1786314747.533748059] [landing_scout_1]: [scout_1] Landing controller state: IDLE
[INFO] [1786314752.533779376] [landing_scout_1]: [scout_1] Landing controller state: IDLE
[INFO] [1786314757.533786245] [landing_scout_1]: [scout_1] Landing controller state: IDLE
[INFO] [1786314762.533710484] [landing_scout_1]: [scout_1] Landing controller state: IDLE
[INFO] [1786314767.533589663] [landing_scout_1]: [scout_1] Landing controller state: IDLE
[INFO] [1786314772.533606416] [landing_scout_1]: [scout_1] Landing controller state: IDLE
[INFO] [1786314777.533850974] [landing_scout_1]: [scout_1] Landing controller state: IDLE
[INFO] [1786314782.159290754] [landing_scout_1]: [scout_1] 🚀 Jump detected → FLIGHT mode (contact detection blanked 100 s for launch)
[INFO] [1786314782.173399396] [landing_scout_1]: [scout_1] 📏 CALIBSERIES t=0.0s v=0.01122 m/s (vx=0.00955 vy=-0.00025 vz=-0.00588)
[INFO] [1786314782.533725766] [landing_scout_1]: [scout_1] Landing controller state: FLIGHT
[INFO] [1786314784.181046641] [landing_scout_1]: [scout_1] 📏 CALIBSERIES t=2.0s v=0.00795 m/s (vx=-0.00001 vy=-0.00000 vz=-0.00795)
[INFO] [1786314786.201478249] [landing_scout_1]: [scout_1] 📏 CALIBSERIES t=4.0s v=0.00818 m/s (vx=-0.00000 vy=-0.00000 vz=-0.00818)
[INFO] [1786314787.533879130] [landing_scout_1]: [scout_1] Landing controller state: FLIGHT
[INFO] [1786314788.204710978] [landing_scout_1]: [scout_1] 📏 CALIBSERIES t=6.0s v=0.00841 m/s (vx=-0.00000 vy=-0.00000 vz=-0.00841)
[INFO] [1786314790.213926435] [landing_scout_1]: [scout_1] 📏 CALIBSERIES t=8.1s v=0.00863 m/s (vx=-0.00000 vy=-0.00000 vz=-0.00863)
[INFO] [1786314792.224679806] [landing_scout_1]: [scout_1] 📏 CALIBSERIES t=10.1s v=0.00886 m/s (vx=-0.00001 vy=-0.00000 vz=-0.00886)
[INFO] [1786314792.534339559] [landing_scout_1]: [scout_1] Landing controller state: FLIGHT
[INFO] [1786314794.230541504] [landing_scout_1]: [scout_1] 📏 CALIBSERIES t=12.1s v=0.00909 m/s (vx=-0.00001 vy=-0.00000 vz=-0.00909)
[INFO] [1786314796.792057768] [landing_scout_1]: [scout_1] 📏 CALIBSERIES t=14.6s v=6020.79729 m/s (vx=0.00000 vy=500.00000 vz=6000.00000)
[INFO] [1786314797.534131216] [landing_scout_1]: [scout_1] Landing controller state: FLIGHT
