[INFO] [1786327891.781974928] [landing_scout_1]: [scout_1] Landing Controller: ONLINE
[INFO] [1786327896.842428150] [landing_scout_1]: [scout_1] Landing controller state: IDLE
[INFO] [1786327901.843379280] [landing_scout_1]: [scout_1] Landing controller state: IDLE
[INFO] [1786327906.842162973] [landing_scout_1]: [scout_1] Landing controller state: IDLE
[INFO] [1786327911.842180232] [landing_scout_1]: [scout_1] Landing controller state: IDLE
[INFO] [1786327916.842165954] [landing_scout_1]: [scout_1] Landing controller state: IDLE
[INFO] [1786327921.842312525] [landing_scout_1]: [scout_1] Landing controller state: IDLE
[INFO] [1786327926.842437813] [landing_scout_1]: [scout_1] Landing controller state: IDLE
[INFO] [1786327931.842130172] [landing_scout_1]: [scout_1] Landing controller state: IDLE
[INFO] [1786327936.842000439] [landing_scout_1]: [scout_1] Landing controller state: IDLE
[INFO] [1786327941.843025719] [landing_scout_1]: [scout_1] Landing controller state: IDLE
[INFO] [1786327946.842423852] [landing_scout_1]: [scout_1] Landing controller state: IDLE
[INFO] [1786327951.843141681] [landing_scout_1]: [scout_1] Landing controller state: IDLE
[INFO] [1786327956.489177940] [landing_scout_1]: [scout_1] 🚀 Jump detected → FLIGHT mode (contact detection blanked 100 s for launch)
[INFO] [1786327956.498177977] [landing_scout_1]: [scout_1] 📏 CALIBSERIES t=0.0s v=0.01182 m/s (vx=0.01056 vy=-0.00017 vz=-0.00530)
[INFO] [1786327956.842840989] [landing_scout_1]: [scout_1] Landing controller state: FLIGHT
[INFO] [1786327958.498482305] [landing_scout_1]: [scout_1] 📏 CALIBSERIES t=2.0s v=0.00796 m/s (vx=0.00001 vy=-0.00000 vz=-0.00796)
[INFO] [1786327960.518873828] [landing_scout_1]: [scout_1] 📏 CALIBSERIES t=4.0s v=0.00819 m/s (vx=0.00001 vy=-0.00000 vz=-0.00819)
[INFO] [1786327961.842026442] [landing_scout_1]: [scout_1] Landing controller state: FLIGHT
[INFO] [1786327962.524752898] [landing_scout_1]: [scout_1] 📏 CALIBSERIES t=6.0s v=0.00841 m/s (vx=0.00001 vy=-0.00000 vz=-0.00841)
[INFO] [1786327964.531846649] [landing_scout_1]: [scout_1] 📏 CALIBSERIES t=8.0s v=0.00864 m/s (vx=0.00001 vy=-0.00000 vz=-0.00864)
[INFO] [1786327966.555801669] [landing_scout_1]: [scout_1] 📏 CALIBSERIES t=10.1s v=0.00887 m/s (vx=0.00001 vy=-0.00000 vz=-0.00887)
[INFO] [1786327966.842207794] [landing_scout_1]: [scout_1] Landing controller state: FLIGHT
[INFO] [1786327968.576497021] [landing_scout_1]: [scout_1] 📏 CALIBSERIES t=12.1s v=0.00910 m/s (vx=0.00001 vy=-0.00000 vz=-0.00910)
[INFO] [1786327971.101959488] [landing_scout_1]: [scout_1] 📏 CALIBSERIES t=14.6s v=6020.79729 m/s (vx=0.00000 vy=500.00000 vz=6000.00000)
[INFO] [1786327971.842690938] [landing_scout_1]: [scout_1] Landing controller state: FLIGHT
