[INFO] [1786312901.509223476] [landing_scout_1]: [scout_1] Landing Controller: ONLINE
[INFO] [1786312906.554938748] [landing_scout_1]: [scout_1] Landing controller state: IDLE
[INFO] [1786312911.554958777] [landing_scout_1]: [scout_1] Landing controller state: IDLE
[INFO] [1786312916.554822236] [landing_scout_1]: [scout_1] Landing controller state: IDLE
[INFO] [1786312921.554888186] [landing_scout_1]: [scout_1] Landing controller state: IDLE
[INFO] [1786312926.555186590] [landing_scout_1]: [scout_1] Landing controller state: IDLE
[INFO] [1786312931.554818284] [landing_scout_1]: [scout_1] Landing controller state: IDLE
[INFO] [1786312936.555616931] [landing_scout_1]: [scout_1] Landing controller state: IDLE
[INFO] [1786312941.555703536] [landing_scout_1]: [scout_1] Landing controller state: IDLE
[INFO] [1786312946.554975709] [landing_scout_1]: [scout_1] Landing controller state: IDLE
[INFO] [1786312951.554857062] [landing_scout_1]: [scout_1] Landing controller state: IDLE
[INFO] [1786312956.554955493] [landing_scout_1]: [scout_1] Landing controller state: IDLE
[INFO] [1786312961.554953356] [landing_scout_1]: [scout_1] Landing controller state: IDLE
[INFO] [1786312966.242650094] [landing_scout_1]: [scout_1] 🚀 Jump detected → FLIGHT mode (contact detection blanked 100 s for launch)
[INFO] [1786312966.248571961] [landing_scout_1]: [scout_1] 📏 CALIBSERIES t=0.0s v=0.00844 m/s (vx=0.00706 vy=-0.00004 vz=-0.00463)
[INFO] [1786312966.555251128] [landing_scout_1]: [scout_1] Landing controller state: FLIGHT
[INFO] [1786312968.287167755] [landing_scout_1]: [scout_1] 📏 CALIBSERIES t=2.0s v=0.00796 m/s (vx=0.00000 vy=-0.00000 vz=-0.00796)
[INFO] [1786312970.316008149] [landing_scout_1]: [scout_1] 📏 CALIBSERIES t=4.1s v=0.00819 m/s (vx=0.00000 vy=-0.00000 vz=-0.00819)
[INFO] [1786312971.555604358] [landing_scout_1]: [scout_1] Landing controller state: FLIGHT
[INFO] [1786312972.317597345] [landing_scout_1]: [scout_1] 📏 CALIBSERIES t=6.1s v=0.00842 m/s (vx=0.00000 vy=-0.00000 vz=-0.00842)
[INFO] [1786312974.367678578] [landing_scout_1]: [scout_1] 📏 CALIBSERIES t=8.1s v=0.00865 m/s (vx=0.00000 vy=-0.00000 vz=-0.00865)
[INFO] [1786312976.418260751] [landing_scout_1]: [scout_1] 📏 CALIBSERIES t=10.2s v=0.00889 m/s (vx=0.00000 vy=-0.00000 vz=-0.00889)
[INFO] [1786312976.554859444] [landing_scout_1]: [scout_1] Landing controller state: FLIGHT
[INFO] [1786312978.419393659] [landing_scout_1]: [scout_1] 📏 CALIBSERIES t=12.2s v=0.00911 m/s (vx=0.00000 vy=-0.00000 vz=-0.00911)
[INFO] [1786312980.425307079] [landing_scout_1]: [scout_1] 📏 CALIBSERIES t=14.2s v=0.00934 m/s (vx=0.00000 vy=-0.00000 vz=-0.00934)
[INFO] [1786312980.425950615] [landing_scout_1]: [scout_1] 📏 CALIBSTABLE t=14.2s v=0.00934 m/s (vx=0.00000 vy=-0.00000 vz=-0.00934) -- 3 consecutive samples steady
[INFO] [1786312981.555637600] [landing_scout_1]: [scout_1] Landing controller state: FLIGHT
