[INFO] [1786322701.279670486] [landing_scout_1]: [scout_1] Landing Controller: ONLINE
[INFO] [1786322706.333929835] [landing_scout_1]: [scout_1] Landing controller state: IDLE
[INFO] [1786322711.334801122] [landing_scout_1]: [scout_1] Landing controller state: IDLE
[INFO] [1786322716.334109822] [landing_scout_1]: [scout_1] Landing controller state: IDLE
[INFO] [1786322721.334807189] [landing_scout_1]: [scout_1] Landing controller state: IDLE
[INFO] [1786322726.334889001] [landing_scout_1]: [scout_1] Landing controller state: IDLE
[INFO] [1786322731.334031684] [landing_scout_1]: [scout_1] Landing controller state: IDLE
[INFO] [1786322736.334716114] [landing_scout_1]: [scout_1] Landing controller state: IDLE
[INFO] [1786322741.334016172] [landing_scout_1]: [scout_1] Landing controller state: IDLE
[INFO] [1786322746.334214599] [landing_scout_1]: [scout_1] Landing controller state: IDLE
[INFO] [1786322751.334200783] [landing_scout_1]: [scout_1] Landing controller state: IDLE
[INFO] [1786322756.334052454] [landing_scout_1]: [scout_1] Landing controller state: IDLE
[INFO] [1786322761.333983740] [landing_scout_1]: [scout_1] Landing controller state: IDLE
[INFO] [1786322765.971384186] [landing_scout_1]: [scout_1] 🚀 Jump detected → FLIGHT mode (contact detection blanked 100 s for launch)
[INFO] [1786322765.977316808] [landing_scout_1]: [scout_1] 📏 CALIBSERIES t=0.0s v=0.00841 m/s (vx=0.00765 vy=-0.00005 vz=-0.00349)
[INFO] [1786322766.334743191] [landing_scout_1]: [scout_1] Landing controller state: FLIGHT
[INFO] [1786322767.978478192] [landing_scout_1]: [scout_1] 📏 CALIBSERIES t=2.0s v=0.00797 m/s (vx=0.00000 vy=0.00000 vz=-0.00797)
[INFO] [1786322769.981346469] [landing_scout_1]: [scout_1] 📏 CALIBSERIES t=4.0s v=0.00820 m/s (vx=0.00000 vy=0.00000 vz=-0.00820)
[INFO] [1786322771.334601826] [landing_scout_1]: [scout_1] Landing controller state: FLIGHT
[INFO] [1786322771.981874296] [landing_scout_1]: [scout_1] 📏 CALIBSERIES t=6.0s v=0.00843 m/s (vx=0.00000 vy=0.00000 vz=-0.00843)
[INFO] [1786322773.986089489] [landing_scout_1]: [scout_1] 📏 CALIBSERIES t=8.0s v=0.00866 m/s (vx=0.00000 vy=0.00000 vz=-0.00866)
[INFO] [1786322775.989649910] [landing_scout_1]: [scout_1] 📏 CALIBSERIES t=10.0s v=0.00889 m/s (vx=0.00000 vy=0.00000 vz=-0.00889)
[INFO] [1786322776.334438449] [landing_scout_1]: [scout_1] Landing controller state: FLIGHT
[INFO] [1786322777.994893964] [landing_scout_1]: [scout_1] 📏 CALIBSERIES t=12.0s v=0.00911 m/s (vx=0.00000 vy=0.00000 vz=-0.00911)
[INFO] [1786322779.997299186] [landing_scout_1]: [scout_1] 📏 CALIBSERIES t=14.0s v=0.00934 m/s (vx=0.00000 vy=0.00000 vz=-0.00934)
[INFO] [1786322779.998468529] [landing_scout_1]: [scout_1] 📏 CALIBSTABLE t=14.0s v=0.00934 m/s (vx=0.00000 vy=0.00000 vz=-0.00934) -- 3 consecutive samples steady
[INFO] [1786322781.335542105] [landing_scout_1]: [scout_1] Landing controller state: FLIGHT
