[INFO] [1786316529.627824011] [landing_scout_1]: [scout_1] Landing Controller: ONLINE
[INFO] [1786316534.681691911] [landing_scout_1]: [scout_1] Landing controller state: IDLE
[INFO] [1786316539.680624565] [landing_scout_1]: [scout_1] Landing controller state: IDLE
[INFO] [1786316544.681109611] [landing_scout_1]: [scout_1] Landing controller state: IDLE
[INFO] [1786316549.680807245] [landing_scout_1]: [scout_1] Landing controller state: IDLE
[INFO] [1786316554.680766534] [landing_scout_1]: [scout_1] Landing controller state: IDLE
[INFO] [1786316559.680722845] [landing_scout_1]: [scout_1] Landing controller state: IDLE
[INFO] [1786316564.680881084] [landing_scout_1]: [scout_1] Landing controller state: IDLE
[INFO] [1786316569.681279096] [landing_scout_1]: [scout_1] Landing controller state: IDLE
[INFO] [1786316574.680701370] [landing_scout_1]: [scout_1] Landing controller state: IDLE
[INFO] [1786316579.680746759] [landing_scout_1]: [scout_1] Landing controller state: IDLE
[INFO] [1786316584.680930284] [landing_scout_1]: [scout_1] Landing controller state: IDLE
[INFO] [1786316589.680877173] [landing_scout_1]: [scout_1] Landing controller state: IDLE
[INFO] [1786316594.230999307] [landing_scout_1]: [scout_1] 🚀 Jump detected → FLIGHT mode (contact detection blanked 100 s for launch)
[INFO] [1786316594.236500237] [landing_scout_1]: [scout_1] 📏 CALIBSERIES t=0.0s v=0.00828 m/s (vx=0.00690 vy=-0.00005 vz=-0.00459)
[INFO] [1786316594.680748612] [landing_scout_1]: [scout_1] Landing controller state: FLIGHT
[INFO] [1786316596.266202060] [landing_scout_1]: [scout_1] 📏 CALIBSERIES t=2.0s v=0.00796 m/s (vx=0.00000 vy=-0.00000 vz=-0.00796)
[INFO] [1786316598.276054719] [landing_scout_1]: [scout_1] 📏 CALIBSERIES t=4.0s v=0.00818 m/s (vx=0.00001 vy=-0.00000 vz=-0.00818)
[INFO] [1786316599.680826470] [landing_scout_1]: [scout_1] Landing controller state: FLIGHT
[INFO] [1786316600.276075596] [landing_scout_1]: [scout_1] 📏 CALIBSERIES t=6.0s v=0.00841 m/s (vx=0.00001 vy=-0.00000 vz=-0.00841)
[INFO] [1786316602.281105411] [landing_scout_1]: [scout_1] 📏 CALIBSERIES t=8.0s v=0.00864 m/s (vx=0.00001 vy=-0.00000 vz=-0.00864)
[INFO] [1786316604.281405862] [landing_scout_1]: [scout_1] 📏 CALIBSERIES t=10.1s v=0.00887 m/s (vx=0.00001 vy=-0.00000 vz=-0.00887)
[INFO] [1786316604.682254662] [landing_scout_1]: [scout_1] Landing controller state: FLIGHT
[INFO] [1786316606.287163559] [landing_scout_1]: [scout_1] 📏 CALIBSERIES t=12.1s v=0.00910 m/s (vx=0.00001 vy=-0.00000 vz=-0.00910)
[INFO] [1786316608.292041089] [landing_scout_1]: [scout_1] 📏 CALIBSERIES t=14.1s v=0.00932 m/s (vx=0.00001 vy=-0.00000 vz=-0.00932)
[INFO] [1786316608.292505879] [landing_scout_1]: [scout_1] 📏 CALIBSTABLE t=14.1s v=0.00932 m/s (vx=0.00001 vy=-0.00000 vz=-0.00932) -- 3 consecutive samples steady
[INFO] [1786316609.681457618] [landing_scout_1]: [scout_1] Landing controller state: FLIGHT
