[INFO] [1786321236.069584238] [landing_scout_1]: [scout_1] Landing Controller: ONLINE
[INFO] [1786321241.118777463] [landing_scout_1]: [scout_1] Landing controller state: IDLE
[INFO] [1786321246.119570198] [landing_scout_1]: [scout_1] Landing controller state: IDLE
[INFO] [1786321251.119024958] [landing_scout_1]: [scout_1] Landing controller state: IDLE
[INFO] [1786321256.119135931] [landing_scout_1]: [scout_1] Landing controller state: IDLE
[INFO] [1786321261.118851582] [landing_scout_1]: [scout_1] Landing controller state: IDLE
[INFO] [1786321266.119028447] [landing_scout_1]: [scout_1] Landing controller state: IDLE
[INFO] [1786321271.118812711] [landing_scout_1]: [scout_1] Landing controller state: IDLE
[INFO] [1786321276.119518516] [landing_scout_1]: [scout_1] Landing controller state: IDLE
[INFO] [1786321281.119333819] [landing_scout_1]: [scout_1] Landing controller state: IDLE
[INFO] [1786321286.118870711] [landing_scout_1]: [scout_1] Landing controller state: IDLE
[INFO] [1786321291.118851495] [landing_scout_1]: [scout_1] Landing controller state: IDLE
[INFO] [1786321296.118972707] [landing_scout_1]: [scout_1] Landing controller state: IDLE
[INFO] [1786321300.669483540] [landing_scout_1]: [scout_1] 🚀 Jump detected → FLIGHT mode (contact detection blanked 100 s for launch)
[INFO] [1786321300.705501093] [landing_scout_1]: [scout_1] 📏 CALIBSERIES t=0.0s v=0.01684 m/s (vx=0.00947 vy=-0.00006 vz=-0.01393)
[INFO] [1786321301.119612611] [landing_scout_1]: [scout_1] Landing controller state: FLIGHT
[INFO] [1786321302.709804097] [landing_scout_1]: [scout_1] 📏 CALIBSERIES t=2.0s v=0.00796 m/s (vx=0.00000 vy=-0.00000 vz=-0.00796)
[INFO] [1786321304.717695502] [landing_scout_1]: [scout_1] 📏 CALIBSERIES t=4.0s v=0.00819 m/s (vx=0.00000 vy=-0.00000 vz=-0.00819)
[INFO] [1786321306.118668552] [landing_scout_1]: [scout_1] Landing controller state: FLIGHT
[INFO] [1786321306.724031472] [landing_scout_1]: [scout_1] 📏 CALIBSERIES t=6.1s v=0.00841 m/s (vx=0.00000 vy=-0.00000 vz=-0.00841)
[INFO] [1786321308.750848236] [landing_scout_1]: [scout_1] 📏 CALIBSERIES t=8.1s v=0.00864 m/s (vx=0.00000 vy=-0.00000 vz=-0.00864)
[INFO] [1786321310.753313736] [landing_scout_1]: [scout_1] 📏 CALIBSERIES t=10.1s v=0.00887 m/s (vx=0.00000 vy=-0.00000 vz=-0.00887)
[INFO] [1786321311.119666766] [landing_scout_1]: [scout_1] Landing controller state: FLIGHT
[INFO] [1786321312.755193550] [landing_scout_1]: [scout_1] 📏 CALIBSERIES t=12.1s v=0.00910 m/s (vx=0.00000 vy=-0.00000 vz=-0.00910)
[INFO] [1786321314.759685240] [landing_scout_1]: [scout_1] 📏 CALIBSERIES t=14.1s v=0.00933 m/s (vx=0.00000 vy=-0.00000 vz=-0.00933)
[INFO] [1786321314.760437295] [landing_scout_1]: [scout_1] 📏 CALIBSTABLE t=14.1s v=0.00933 m/s (vx=0.00000 vy=-0.00000 vz=-0.00933) -- 3 consecutive samples steady
[INFO] [1786321316.118981003] [landing_scout_1]: [scout_1] Landing controller state: FLIGHT
