[INFO] [1786315064.092957459] [landing_scout_1]: [scout_1] Landing Controller: ONLINE
[INFO] [1786315069.146037544] [landing_scout_1]: [scout_1] Landing controller state: IDLE
[INFO] [1786315074.146448150] [landing_scout_1]: [scout_1] Landing controller state: IDLE
[INFO] [1786315079.145888100] [landing_scout_1]: [scout_1] Landing controller state: IDLE
[INFO] [1786315084.146043665] [landing_scout_1]: [scout_1] Landing controller state: IDLE
[INFO] [1786315089.146687015] [landing_scout_1]: [scout_1] Landing controller state: IDLE
[INFO] [1786315094.146795869] [landing_scout_1]: [scout_1] Landing controller state: IDLE
[INFO] [1786315099.146064524] [landing_scout_1]: [scout_1] Landing controller state: IDLE
[INFO] [1786315104.146279822] [landing_scout_1]: [scout_1] Landing controller state: IDLE
[INFO] [1786315109.146078302] [landing_scout_1]: [scout_1] Landing controller state: IDLE
[INFO] [1786315114.146000539] [landing_scout_1]: [scout_1] Landing controller state: IDLE
[INFO] [1786315119.145970126] [landing_scout_1]: [scout_1] Landing controller state: IDLE
[INFO] [1786315124.146794016] [landing_scout_1]: [scout_1] Landing controller state: IDLE
[INFO] [1786315128.710787328] [landing_scout_1]: [scout_1] 🚀 Jump detected → FLIGHT mode (contact detection blanked 100 s for launch)
[INFO] [1786315128.717673706] [landing_scout_1]: [scout_1] 📏 CALIBSERIES t=0.0s v=0.00874 m/s (vx=0.00808 vy=-0.00005 vz=-0.00335)
[INFO] [1786315129.146786914] [landing_scout_1]: [scout_1] Landing controller state: FLIGHT
[INFO] [1786315130.721334449] [landing_scout_1]: [scout_1] 📏 CALIBSERIES t=2.0s v=0.00796 m/s (vx=0.00001 vy=0.00000 vz=-0.00796)
[INFO] [1786315132.723547672] [landing_scout_1]: [scout_1] 📏 CALIBSERIES t=4.0s v=0.00819 m/s (vx=0.00001 vy=0.00000 vz=-0.00819)
[INFO] [1786315134.146192638] [landing_scout_1]: [scout_1] Landing controller state: FLIGHT
[INFO] [1786315134.725188431] [landing_scout_1]: [scout_1] 📏 CALIBSERIES t=6.0s v=0.00842 m/s (vx=0.00001 vy=0.00000 vz=-0.00842)
[INFO] [1786315136.728253794] [landing_scout_1]: [scout_1] 📏 CALIBSERIES t=8.0s v=0.00865 m/s (vx=0.00001 vy=0.00000 vz=-0.00865)
[INFO] [1786315138.732072437] [landing_scout_1]: [scout_1] 📏 CALIBSERIES t=10.0s v=0.00887 m/s (vx=0.00001 vy=0.00000 vz=-0.00887)
[INFO] [1786315139.146058541] [landing_scout_1]: [scout_1] Landing controller state: FLIGHT
[INFO] [1786315140.734679418] [landing_scout_1]: [scout_1] 📏 CALIBSERIES t=12.0s v=0.00910 m/s (vx=0.00001 vy=0.00000 vz=-0.00910)
[INFO] [1786315142.760145807] [landing_scout_1]: [scout_1] 📏 CALIBSERIES t=14.0s v=0.00933 m/s (vx=0.00001 vy=0.00000 vz=-0.00933)
[INFO] [1786315142.760999000] [landing_scout_1]: [scout_1] 📏 CALIBSTABLE t=14.0s v=0.00933 m/s (vx=0.00001 vy=0.00000 vz=-0.00933) -- 3 consecutive samples steady
[INFO] [1786315144.146851236] [landing_scout_1]: [scout_1] Landing controller state: FLIGHT
