[INFO] [1786320109.582086563] [landing_scout_1]: [scout_1] Landing Controller: ONLINE
[INFO] [1786320114.641637376] [landing_scout_1]: [scout_1] Landing controller state: IDLE
[INFO] [1786320119.641926509] [landing_scout_1]: [scout_1] Landing controller state: IDLE
[INFO] [1786320124.641470486] [landing_scout_1]: [scout_1] Landing controller state: IDLE
[INFO] [1786320129.641713546] [landing_scout_1]: [scout_1] Landing controller state: IDLE
[INFO] [1786320134.642676497] [landing_scout_1]: [scout_1] Landing controller state: IDLE
[INFO] [1786320139.641831576] [landing_scout_1]: [scout_1] Landing controller state: IDLE
[INFO] [1786320144.641374862] [landing_scout_1]: [scout_1] Landing controller state: IDLE
[INFO] [1786320149.641455183] [landing_scout_1]: [scout_1] Landing controller state: IDLE
[INFO] [1786320154.641610394] [landing_scout_1]: [scout_1] Landing controller state: IDLE
[INFO] [1786320159.641418932] [landing_scout_1]: [scout_1] Landing controller state: IDLE
[INFO] [1786320164.642199600] [landing_scout_1]: [scout_1] Landing controller state: IDLE
[INFO] [1786320169.641718039] [landing_scout_1]: [scout_1] Landing controller state: IDLE
[INFO] [1786320174.190824081] [landing_scout_1]: [scout_1] 🚀 Jump detected → FLIGHT mode (contact detection blanked 100 s for launch)
[INFO] [1786320174.237638797] [landing_scout_1]: [scout_1] 📏 CALIBSERIES t=0.0s v=0.00721 m/s (vx=-0.00297 vy=0.00003 vz=-0.00657)
[INFO] [1786320174.642005643] [landing_scout_1]: [scout_1] Landing controller state: FLIGHT
[INFO] [1786320176.242919099] [landing_scout_1]: [scout_1] 📏 CALIBSERIES t=2.1s v=0.00796 m/s (vx=0.00000 vy=0.00000 vz=-0.00796)
[INFO] [1786320178.243051200] [landing_scout_1]: [scout_1] 📏 CALIBSERIES t=4.1s v=0.00819 m/s (vx=0.00000 vy=0.00000 vz=-0.00819)
[INFO] [1786320179.641896969] [landing_scout_1]: [scout_1] Landing controller state: FLIGHT
[INFO] [1786320180.246304846] [landing_scout_1]: [scout_1] 📏 CALIBSERIES t=6.1s v=0.00842 m/s (vx=0.00000 vy=0.00000 vz=-0.00842)
[INFO] [1786320182.248531755] [landing_scout_1]: [scout_1] 📏 CALIBSERIES t=8.1s v=0.00865 m/s (vx=0.00000 vy=0.00000 vz=-0.00865)
[INFO] [1786320184.250051449] [landing_scout_1]: [scout_1] 📏 CALIBSERIES t=10.1s v=0.00887 m/s (vx=0.00000 vy=0.00000 vz=-0.00887)
[INFO] [1786320184.641783193] [landing_scout_1]: [scout_1] Landing controller state: FLIGHT
[INFO] [1786320186.253979471] [landing_scout_1]: [scout_1] 📏 CALIBSERIES t=12.1s v=0.00910 m/s (vx=0.00000 vy=0.00000 vz=-0.00910)
[INFO] [1786320188.259560070] [landing_scout_1]: [scout_1] 📏 CALIBSERIES t=14.1s v=0.00933 m/s (vx=0.00000 vy=0.00000 vz=-0.00933)
[INFO] [1786320188.260132698] [landing_scout_1]: [scout_1] 📏 CALIBSTABLE t=14.1s v=0.00933 m/s (vx=0.00000 vy=0.00000 vz=-0.00933) -- 3 consecutive samples steady
[INFO] [1786320189.641500463] [landing_scout_1]: [scout_1] Landing controller state: FLIGHT
