[INFO] [1786317653.998938459] [landing_scout_1]: [scout_1] Landing Controller: ONLINE
[INFO] [1786317659.050862626] [landing_scout_1]: [scout_1] Landing controller state: IDLE
[INFO] [1786317664.050586709] [landing_scout_1]: [scout_1] Landing controller state: IDLE
[INFO] [1786317669.050771628] [landing_scout_1]: [scout_1] Landing controller state: IDLE
[INFO] [1786317674.051498075] [landing_scout_1]: [scout_1] Landing controller state: IDLE
[INFO] [1786317679.050720171] [landing_scout_1]: [scout_1] Landing controller state: IDLE
[INFO] [1786317684.050835574] [landing_scout_1]: [scout_1] Landing controller state: IDLE
[INFO] [1786317689.050958460] [landing_scout_1]: [scout_1] Landing controller state: IDLE
[INFO] [1786317694.050830701] [landing_scout_1]: [scout_1] Landing controller state: IDLE
[INFO] [1786317699.050872574] [landing_scout_1]: [scout_1] Landing controller state: IDLE
[INFO] [1786317704.050986176] [landing_scout_1]: [scout_1] Landing controller state: IDLE
[INFO] [1786317709.050835013] [landing_scout_1]: [scout_1] Landing controller state: IDLE
[INFO] [1786317714.051230352] [landing_scout_1]: [scout_1] Landing controller state: IDLE
[INFO] [1786317718.580022256] [landing_scout_1]: [scout_1] 🚀 Jump detected → FLIGHT mode (contact detection blanked 100 s for launch)
[INFO] [1786317718.587427614] [landing_scout_1]: [scout_1] 📏 CALIBSERIES t=0.0s v=0.00871 m/s (vx=0.00688 vy=-0.00005 vz=-0.00534)
[INFO] [1786317719.051030807] [landing_scout_1]: [scout_1] Landing controller state: FLIGHT
[INFO] [1786317720.602146975] [landing_scout_1]: [scout_1] 📏 CALIBSERIES t=2.0s v=0.00796 m/s (vx=0.00000 vy=-0.00000 vz=-0.00796)
[INFO] [1786317722.605202802] [landing_scout_1]: [scout_1] 📏 CALIBSERIES t=4.0s v=0.00818 m/s (vx=0.00000 vy=-0.00000 vz=-0.00818)
[INFO] [1786317724.050669505] [landing_scout_1]: [scout_1] Landing controller state: FLIGHT
[INFO] [1786317724.655350564] [landing_scout_1]: [scout_1] 📏 CALIBSERIES t=6.1s v=0.00842 m/s (vx=0.00000 vy=-0.00000 vz=-0.00842)
[INFO] [1786317726.655634068] [landing_scout_1]: [scout_1] 📏 CALIBSERIES t=8.1s v=0.00865 m/s (vx=0.00000 vy=-0.00000 vz=-0.00865)
[INFO] [1786317728.660484488] [landing_scout_1]: [scout_1] 📏 CALIBSERIES t=10.1s v=0.00887 m/s (vx=0.00000 vy=-0.00000 vz=-0.00887)
[INFO] [1786317729.050683012] [landing_scout_1]: [scout_1] Landing controller state: FLIGHT
[INFO] [1786317730.680948320] [landing_scout_1]: [scout_1] 📏 CALIBSERIES t=12.1s v=0.00910 m/s (vx=0.00000 vy=-0.00000 vz=-0.00910)
[INFO] [1786317732.701731670] [landing_scout_1]: [scout_1] 📏 CALIBSERIES t=14.1s v=0.00933 m/s (vx=0.00000 vy=-0.00000 vz=-0.00933)
[INFO] [1786317732.702497726] [landing_scout_1]: [scout_1] 📏 CALIBSTABLE t=14.1s v=0.00933 m/s (vx=0.00000 vy=-0.00000 vz=-0.00933) -- 3 consecutive samples steady
[INFO] [1786317734.051308049] [landing_scout_1]: [scout_1] Landing controller state: FLIGHT
