[INFO] [1786311686.491631772] [landing_scout_1]: [scout_1] Landing Controller: ONLINE
[INFO] [1786311691.547397896] [landing_scout_1]: [scout_1] Landing controller state: IDLE
[INFO] [1786311696.547416097] [landing_scout_1]: [scout_1] Landing controller state: IDLE
[INFO] [1786311701.547952818] [landing_scout_1]: [scout_1] Landing controller state: IDLE
[INFO] [1786311706.547394436] [landing_scout_1]: [scout_1] Landing controller state: IDLE
[INFO] [1786311711.547550725] [landing_scout_1]: [scout_1] Landing controller state: IDLE
[INFO] [1786311716.547778223] [landing_scout_1]: [scout_1] Landing controller state: IDLE
[INFO] [1786311721.547571754] [landing_scout_1]: [scout_1] Landing controller state: IDLE
[INFO] [1786311726.547917459] [landing_scout_1]: [scout_1] Landing controller state: IDLE
[INFO] [1786311731.547533107] [landing_scout_1]: [scout_1] Landing controller state: IDLE
[INFO] [1786311736.548099831] [landing_scout_1]: [scout_1] Landing controller state: IDLE
[INFO] [1786311741.548087884] [landing_scout_1]: [scout_1] Landing controller state: IDLE
[INFO] [1786311746.547421750] [landing_scout_1]: [scout_1] Landing controller state: IDLE
[INFO] [1786311751.096493186] [landing_scout_1]: [scout_1] 🚀 Jump detected → FLIGHT mode (contact detection blanked 100 s for launch)
[INFO] [1786311751.146242787] [landing_scout_1]: [scout_1] 📏 CALIBSERIES t=0.0s v=0.01752 m/s (vx=0.01175 vy=-0.00007 vz=-0.01299)
[INFO] [1786311751.547757003] [landing_scout_1]: [scout_1] Landing controller state: FLIGHT
[INFO] [1786311753.149581919] [landing_scout_1]: [scout_1] 📏 CALIBSERIES t=2.1s v=0.00795 m/s (vx=0.00000 vy=-0.00000 vz=-0.00795)
[INFO] [1786311755.154125917] [landing_scout_1]: [scout_1] 📏 CALIBSERIES t=4.1s v=0.00818 m/s (vx=0.00000 vy=-0.00000 vz=-0.00818)
[INFO] [1786311756.547520803] [landing_scout_1]: [scout_1] Landing controller state: FLIGHT
[INFO] [1786311757.158934717] [landing_scout_1]: [scout_1] 📏 CALIBSERIES t=6.1s v=0.00841 m/s (vx=0.00000 vy=-0.00000 vz=-0.00841)
[INFO] [1786311759.159962273] [landing_scout_1]: [scout_1] 📏 CALIBSERIES t=8.1s v=0.00864 m/s (vx=0.00000 vy=-0.00000 vz=-0.00864)
[INFO] [1786311761.160574304] [landing_scout_1]: [scout_1] 📏 CALIBSERIES t=10.1s v=0.00886 m/s (vx=0.00000 vy=-0.00000 vz=-0.00886)
[INFO] [1786311761.547404072] [landing_scout_1]: [scout_1] Landing controller state: FLIGHT
[INFO] [1786311763.160791622] [landing_scout_1]: [scout_1] 📏 CALIBSERIES t=12.1s v=0.00909 m/s (vx=0.00000 vy=-0.00000 vz=-0.00909)
[INFO] [1786311765.162113369] [landing_scout_1]: [scout_1] 📏 CALIBSERIES t=14.1s v=0.00932 m/s (vx=0.00000 vy=-0.00000 vz=-0.00932)
[INFO] [1786311765.162780075] [landing_scout_1]: [scout_1] 📏 CALIBSTABLE t=14.1s v=0.00932 m/s (vx=0.00000 vy=-0.00000 vz=-0.00932) -- 3 consecutive samples steady
[INFO] [1786311766.548283656] [landing_scout_1]: [scout_1] Landing controller state: FLIGHT
