[INFO] [1786327375.914610625] [landing_scout_1]: [scout_1] Landing Controller: ONLINE
[INFO] [1786327380.963683585] [landing_scout_1]: [scout_1] Landing controller state: IDLE
[INFO] [1786327385.963842591] [landing_scout_1]: [scout_1] Landing controller state: IDLE
[INFO] [1786327390.963833086] [landing_scout_1]: [scout_1] Landing controller state: IDLE
[INFO] [1786327395.964499104] [landing_scout_1]: [scout_1] Landing controller state: IDLE
[INFO] [1786327400.964432154] [landing_scout_1]: [scout_1] Landing controller state: IDLE
[INFO] [1786327405.964021879] [landing_scout_1]: [scout_1] Landing controller state: IDLE
[INFO] [1786327410.964023056] [landing_scout_1]: [scout_1] Landing controller state: IDLE
[INFO] [1786327415.964741940] [landing_scout_1]: [scout_1] Landing controller state: IDLE
[INFO] [1786327420.964151802] [landing_scout_1]: [scout_1] Landing controller state: IDLE
[INFO] [1786327425.963890773] [landing_scout_1]: [scout_1] Landing controller state: IDLE
[INFO] [1786327430.963709448] [landing_scout_1]: [scout_1] Landing controller state: IDLE
[INFO] [1786327435.963844380] [landing_scout_1]: [scout_1] Landing controller state: IDLE
[INFO] [1786327440.524304829] [landing_scout_1]: [scout_1] 🚀 Jump detected → FLIGHT mode (contact detection blanked 100 s for launch)
[INFO] [1786327440.568150343] [landing_scout_1]: [scout_1] 📏 CALIBSERIES t=0.0s v=0.00691 m/s (vx=-0.00023 vy=-0.00221 vz=-0.00655)
[INFO] [1786327440.963771131] [landing_scout_1]: [scout_1] Landing controller state: FLIGHT
[INFO] [1786327442.569553508] [landing_scout_1]: [scout_1] 📏 CALIBSERIES t=2.0s v=0.00796 m/s (vx=0.00001 vy=-0.00000 vz=-0.00796)
[INFO] [1786327444.572954628] [landing_scout_1]: [scout_1] 📏 CALIBSERIES t=4.0s v=0.00819 m/s (vx=0.00001 vy=-0.00000 vz=-0.00819)
[INFO] [1786327445.964100183] [landing_scout_1]: [scout_1] Landing controller state: FLIGHT
[INFO] [1786327446.576618423] [landing_scout_1]: [scout_1] 📏 CALIBSERIES t=6.1s v=0.00841 m/s (vx=0.00001 vy=-0.00000 vz=-0.00841)
[INFO] [1786327448.580551948] [landing_scout_1]: [scout_1] 📏 CALIBSERIES t=8.1s v=0.00864 m/s (vx=0.00001 vy=-0.00000 vz=-0.00864)
[INFO] [1786327450.582411327] [landing_scout_1]: [scout_1] 📏 CALIBSERIES t=10.1s v=0.00887 m/s (vx=0.00001 vy=-0.00000 vz=-0.00887)
[INFO] [1786327450.963895522] [landing_scout_1]: [scout_1] Landing controller state: FLIGHT
[INFO] [1786327452.603342434] [landing_scout_1]: [scout_1] 📏 CALIBSERIES t=12.1s v=0.00910 m/s (vx=0.00001 vy=-0.00000 vz=-0.00910)
[INFO] [1786327455.099717871] [landing_scout_1]: [scout_1] 📏 CALIBSERIES t=14.6s v=6020.79729 m/s (vx=0.00000 vy=500.00000 vz=6000.00000)
[INFO] [1786327455.963828603] [landing_scout_1]: [scout_1] Landing controller state: FLIGHT
