[INFO] [1786316013.773450538] [landing_scout_1]: [scout_1] Landing Controller: ONLINE
[INFO] [1786316018.830012878] [landing_scout_1]: [scout_1] Landing controller state: IDLE
[INFO] [1786316023.830779777] [landing_scout_1]: [scout_1] Landing controller state: IDLE
[INFO] [1786316028.830070583] [landing_scout_1]: [scout_1] Landing controller state: IDLE
[INFO] [1786316033.830404218] [landing_scout_1]: [scout_1] Landing controller state: IDLE
[INFO] [1786316038.830101391] [landing_scout_1]: [scout_1] Landing controller state: IDLE
[INFO] [1786316043.829916899] [landing_scout_1]: [scout_1] Landing controller state: IDLE
[INFO] [1786316048.830224781] [landing_scout_1]: [scout_1] Landing controller state: IDLE
[INFO] [1786316053.830524621] [landing_scout_1]: [scout_1] Landing controller state: IDLE
[INFO] [1786316058.829987204] [landing_scout_1]: [scout_1] Landing controller state: IDLE
[INFO] [1786316063.830068093] [landing_scout_1]: [scout_1] Landing controller state: IDLE
[INFO] [1786316068.830047370] [landing_scout_1]: [scout_1] Landing controller state: IDLE
[INFO] [1786316073.831572448] [landing_scout_1]: [scout_1] Landing controller state: IDLE
[INFO] [1786316078.363161978] [landing_scout_1]: [scout_1] 🚀 Jump detected → FLIGHT mode (contact detection blanked 100 s for launch)
[INFO] [1786316078.368262110] [landing_scout_1]: [scout_1] 📏 CALIBSERIES t=0.0s v=0.01079 m/s (vx=0.00972 vy=-0.00010 vz=-0.00468)
[INFO] [1786316078.830452972] [landing_scout_1]: [scout_1] Landing controller state: FLIGHT
[INFO] [1786316080.374270333] [landing_scout_1]: [scout_1] 📏 CALIBSERIES t=2.0s v=0.00795 m/s (vx=-0.00001 vy=0.00000 vz=-0.00795)
[INFO] [1786316082.378121385] [landing_scout_1]: [scout_1] 📏 CALIBSERIES t=4.0s v=0.00818 m/s (vx=-0.00001 vy=0.00000 vz=-0.00818)
[INFO] [1786316083.830182546] [landing_scout_1]: [scout_1] Landing controller state: FLIGHT
[INFO] [1786316084.380103139] [landing_scout_1]: [scout_1] 📏 CALIBSERIES t=6.0s v=0.00841 m/s (vx=-0.00001 vy=0.00000 vz=-0.00841)
[INFO] [1786316086.380905882] [landing_scout_1]: [scout_1] 📏 CALIBSERIES t=8.0s v=0.00864 m/s (vx=-0.00001 vy=0.00000 vz=-0.00864)
[INFO] [1786316088.384221514] [landing_scout_1]: [scout_1] 📏 CALIBSERIES t=10.0s v=0.00886 m/s (vx=-0.00001 vy=0.00000 vz=-0.00886)
[INFO] [1786316088.830065419] [landing_scout_1]: [scout_1] Landing controller state: FLIGHT
[INFO] [1786316090.388281430] [landing_scout_1]: [scout_1] 📏 CALIBSERIES t=12.0s v=0.00909 m/s (vx=-0.00001 vy=0.00000 vz=-0.00909)
[INFO] [1786316092.390634279] [landing_scout_1]: [scout_1] 📏 CALIBSERIES t=14.0s v=0.00932 m/s (vx=-0.00001 vy=0.00000 vz=-0.00932)
[INFO] [1786316092.391400064] [landing_scout_1]: [scout_1] 📏 CALIBSTABLE t=14.0s v=0.00932 m/s (vx=-0.00001 vy=0.00000 vz=-0.00932) -- 3 consecutive samples steady
[INFO] [1786316093.829921945] [landing_scout_1]: [scout_1] Landing controller state: FLIGHT
