[INFO] [1786327113.818470872] [landing_scout_1]: [scout_1] Landing Controller: ONLINE
[INFO] [1786327118.869231832] [landing_scout_1]: [scout_1] Landing controller state: IDLE
[INFO] [1786327123.869253628] [landing_scout_1]: [scout_1] Landing controller state: IDLE
[INFO] [1786327128.869058873] [landing_scout_1]: [scout_1] Landing controller state: IDLE
[INFO] [1786327133.869654192] [landing_scout_1]: [scout_1] Landing controller state: IDLE
[INFO] [1786327138.870052027] [landing_scout_1]: [scout_1] Landing controller state: IDLE
[INFO] [1786327143.869172561] [landing_scout_1]: [scout_1] Landing controller state: IDLE
[INFO] [1786327148.869217542] [landing_scout_1]: [scout_1] Landing controller state: IDLE
[INFO] [1786327153.869090879] [landing_scout_1]: [scout_1] Landing controller state: IDLE
[INFO] [1786327158.869456835] [landing_scout_1]: [scout_1] Landing controller state: IDLE
[INFO] [1786327163.868978644] [landing_scout_1]: [scout_1] Landing controller state: IDLE
[INFO] [1786327168.869013673] [landing_scout_1]: [scout_1] Landing controller state: IDLE
[INFO] [1786327173.869138963] [landing_scout_1]: [scout_1] Landing controller state: IDLE
[INFO] [1786327178.535684920] [landing_scout_1]: [scout_1] 🚀 Jump detected → FLIGHT mode (contact detection blanked 100 s for launch)
[INFO] [1786327178.543639014] [landing_scout_1]: [scout_1] 📏 CALIBSERIES t=0.0s v=0.01066 m/s (vx=0.00791 vy=-0.00003 vz=-0.00715)
[INFO] [1786327178.869669569] [landing_scout_1]: [scout_1] Landing controller state: FLIGHT
[INFO] [1786327180.548855313] [landing_scout_1]: [scout_1] 📏 CALIBSERIES t=2.0s v=0.00796 m/s (vx=-0.00002 vy=0.00000 vz=-0.00796)
[INFO] [1786327182.551464578] [landing_scout_1]: [scout_1] 📏 CALIBSERIES t=4.0s v=0.00819 m/s (vx=-0.00002 vy=0.00000 vz=-0.00819)
[INFO] [1786327183.869174788] [landing_scout_1]: [scout_1] Landing controller state: FLIGHT
[INFO] [1786327184.554739225] [landing_scout_1]: [scout_1] 📏 CALIBSERIES t=6.0s v=0.00842 m/s (vx=-0.00002 vy=0.00000 vz=-0.00842)
[INFO] [1786327186.559223319] [landing_scout_1]: [scout_1] 📏 CALIBSERIES t=8.0s v=0.00865 m/s (vx=-0.00002 vy=0.00000 vz=-0.00865)
[INFO] [1786327188.560142434] [landing_scout_1]: [scout_1] 📏 CALIBSERIES t=10.0s v=0.00888 m/s (vx=-0.00002 vy=0.00000 vz=-0.00888)
[INFO] [1786327188.869289189] [landing_scout_1]: [scout_1] Landing controller state: FLIGHT
[INFO] [1786327190.566769130] [landing_scout_1]: [scout_1] 📏 CALIBSERIES t=12.0s v=0.00910 m/s (vx=-0.00002 vy=0.00000 vz=-0.00910)
