[INFO] [1786323566.117400157] [landing_scout_1]: [scout_1] Landing Controller: ONLINE
[INFO] [1786323571.169990795] [landing_scout_1]: [scout_1] Landing controller state: IDLE
[INFO] [1786323576.171443626] [landing_scout_1]: [scout_1] Landing controller state: IDLE
[INFO] [1786323581.169892590] [landing_scout_1]: [scout_1] Landing controller state: IDLE
[INFO] [1786323586.170146597] [landing_scout_1]: [scout_1] Landing controller state: IDLE
[INFO] [1786323591.170076329] [landing_scout_1]: [scout_1] Landing controller state: IDLE
[INFO] [1786323596.169872664] [landing_scout_1]: [scout_1] Landing controller state: IDLE
[INFO] [1786323601.169959953] [landing_scout_1]: [scout_1] Landing controller state: IDLE
[INFO] [1786323606.169852592] [landing_scout_1]: [scout_1] Landing controller state: IDLE
[INFO] [1786323611.170826996] [landing_scout_1]: [scout_1] Landing controller state: IDLE
[INFO] [1786323616.170470083] [landing_scout_1]: [scout_1] Landing controller state: IDLE
[INFO] [1786323621.169713674] [landing_scout_1]: [scout_1] Landing controller state: IDLE
[INFO] [1786323626.169811974] [landing_scout_1]: [scout_1] Landing controller state: IDLE
[INFO] [1786323630.817459858] [landing_scout_1]: [scout_1] 🚀 Jump detected → FLIGHT mode (contact detection blanked 100 s for launch)
[INFO] [1786323630.848624368] [landing_scout_1]: [scout_1] 📏 CALIBSERIES t=0.0s v=0.01727 m/s (vx=0.01075 vy=-0.00007 vz=-0.01352)
[INFO] [1786323631.169757875] [landing_scout_1]: [scout_1] Landing controller state: FLIGHT
[INFO] [1786323632.850120853] [landing_scout_1]: [scout_1] 📏 CALIBSERIES t=2.0s v=0.00796 m/s (vx=0.00001 vy=-0.00000 vz=-0.00796)
[INFO] [1786323634.854131768] [landing_scout_1]: [scout_1] 📏 CALIBSERIES t=4.0s v=0.00819 m/s (vx=0.00001 vy=-0.00000 vz=-0.00819)
[INFO] [1786323636.169928656] [landing_scout_1]: [scout_1] Landing controller state: FLIGHT
[INFO] [1786323636.879841425] [landing_scout_1]: [scout_1] 📏 CALIBSERIES t=6.1s v=0.00842 m/s (vx=0.00001 vy=-0.00000 vz=-0.00842)
[INFO] [1786323638.887073783] [landing_scout_1]: [scout_1] 📏 CALIBSERIES t=8.1s v=0.00865 m/s (vx=0.00001 vy=-0.00000 vz=-0.00865)
[INFO] [1786323640.892154345] [landing_scout_1]: [scout_1] 📏 CALIBSERIES t=10.1s v=0.00887 m/s (vx=0.00001 vy=-0.00000 vz=-0.00887)
[INFO] [1786323641.169719634] [landing_scout_1]: [scout_1] Landing controller state: FLIGHT
[INFO] [1786323642.897051235] [landing_scout_1]: [scout_1] 📏 CALIBSERIES t=12.1s v=0.00910 m/s (vx=0.00001 vy=-0.00000 vz=-0.00910)
[INFO] [1786323644.902492966] [landing_scout_1]: [scout_1] 📏 CALIBSERIES t=14.1s v=0.00933 m/s (vx=0.00001 vy=-0.00000 vz=-0.00933)
[INFO] [1786323644.903170285] [landing_scout_1]: [scout_1] 📏 CALIBSTABLE t=14.1s v=0.00933 m/s (vx=0.00001 vy=-0.00000 vz=-0.00933) -- 3 consecutive samples steady
[INFO] [1786323646.169841301] [landing_scout_1]: [scout_1] Landing controller state: FLIGHT
