[INFO] [1786328153.894795998] [landing_scout_1]: [scout_1] Landing Controller: ONLINE
[INFO] [1786328158.952548111] [landing_scout_1]: [scout_1] Landing controller state: IDLE
[INFO] [1786328163.952866812] [landing_scout_1]: [scout_1] Landing controller state: IDLE
[INFO] [1786328168.952010723] [landing_scout_1]: [scout_1] Landing controller state: IDLE
[INFO] [1786328173.952158534] [landing_scout_1]: [scout_1] Landing controller state: IDLE
[INFO] [1786328178.952574168] [landing_scout_1]: [scout_1] Landing controller state: IDLE
[INFO] [1786328183.952101498] [landing_scout_1]: [scout_1] Landing controller state: IDLE
[INFO] [1786328188.952166775] [landing_scout_1]: [scout_1] Landing controller state: IDLE
[INFO] [1786328193.952246178] [landing_scout_1]: [scout_1] Landing controller state: IDLE
[INFO] [1786328198.952093453] [landing_scout_1]: [scout_1] Landing controller state: IDLE
[INFO] [1786328203.952346368] [landing_scout_1]: [scout_1] Landing controller state: IDLE
[INFO] [1786328208.952102965] [landing_scout_1]: [scout_1] Landing controller state: IDLE
[INFO] [1786328213.952105989] [landing_scout_1]: [scout_1] Landing controller state: IDLE
[INFO] [1786328218.602657142] [landing_scout_1]: [scout_1] 🚀 Jump detected → FLIGHT mode (contact detection blanked 100 s for launch)
[INFO] [1786328218.616702626] [landing_scout_1]: [scout_1] 📏 CALIBSERIES t=0.0s v=0.01975 m/s (vx=0.01820 vy=0.00035 vz=-0.00766)
[INFO] [1786328218.952713200] [landing_scout_1]: [scout_1] Landing controller state: FLIGHT
[INFO] [1786328220.622437081] [landing_scout_1]: [scout_1] 📏 CALIBSERIES t=2.0s v=0.00796 m/s (vx=0.00000 vy=0.00000 vz=-0.00796)
[INFO] [1786328222.627325106] [landing_scout_1]: [scout_1] 📏 CALIBSERIES t=4.0s v=0.00819 m/s (vx=0.00000 vy=0.00000 vz=-0.00819)
[INFO] [1786328223.952955030] [landing_scout_1]: [scout_1] Landing controller state: FLIGHT
[INFO] [1786328224.631880690] [landing_scout_1]: [scout_1] 📏 CALIBSERIES t=6.0s v=0.00842 m/s (vx=0.00000 vy=0.00000 vz=-0.00842)
[INFO] [1786328226.634851031] [landing_scout_1]: [scout_1] 📏 CALIBSERIES t=8.0s v=0.00865 m/s (vx=0.00000 vy=0.00000 vz=-0.00865)
[INFO] [1786328228.684140885] [landing_scout_1]: [scout_1] 📏 CALIBSERIES t=10.1s v=0.00888 m/s (vx=0.00000 vy=0.00000 vz=-0.00888)
[INFO] [1786328228.952582639] [landing_scout_1]: [scout_1] Landing controller state: FLIGHT
[INFO] [1786328230.687317515] [landing_scout_1]: [scout_1] 📏 CALIBSERIES t=12.1s v=0.00911 m/s (vx=0.00000 vy=0.00000 vz=-0.00911)
[INFO] [1786328232.692358392] [landing_scout_1]: [scout_1] 📏 CALIBSERIES t=14.1s v=0.00934 m/s (vx=0.00000 vy=0.00000 vz=-0.00934)
[INFO] [1786328232.693172641] [landing_scout_1]: [scout_1] 📏 CALIBSTABLE t=14.1s v=0.00934 m/s (vx=0.00000 vy=0.00000 vz=-0.00934) -- 3 consecutive samples steady
[INFO] [1786328233.952055133] [landing_scout_1]: [scout_1] Landing controller state: FLIGHT
