[INFO] [1786314106.930472845] [landing_scout_1]: [scout_1] Landing Controller: ONLINE
[INFO] [1786314111.996208175] [landing_scout_1]: [scout_1] Landing controller state: IDLE
[INFO] [1786314116.997137838] [landing_scout_1]: [scout_1] Landing controller state: IDLE
[INFO] [1786314121.996400523] [landing_scout_1]: [scout_1] Landing controller state: IDLE
[INFO] [1786314126.996925464] [landing_scout_1]: [scout_1] Landing controller state: IDLE
[INFO] [1786314131.996336884] [landing_scout_1]: [scout_1] Landing controller state: IDLE
[INFO] [1786314136.996393493] [landing_scout_1]: [scout_1] Landing controller state: IDLE
[INFO] [1786314141.996284917] [landing_scout_1]: [scout_1] Landing controller state: IDLE
[INFO] [1786314146.996273744] [landing_scout_1]: [scout_1] Landing controller state: IDLE
[INFO] [1786314151.996292354] [landing_scout_1]: [scout_1] Landing controller state: IDLE
[INFO] [1786314156.997244892] [landing_scout_1]: [scout_1] Landing controller state: IDLE
[INFO] [1786314161.996482707] [landing_scout_1]: [scout_1] Landing controller state: IDLE
[INFO] [1786314166.996580322] [landing_scout_1]: [scout_1] Landing controller state: IDLE
[INFO] [1786314171.581720352] [landing_scout_1]: [scout_1] 🚀 Jump detected → FLIGHT mode (contact detection blanked 100 s for launch)
[INFO] [1786314171.629985656] [landing_scout_1]: [scout_1] 📏 CALIBSERIES t=0.0s v=0.01542 m/s (vx=-0.01090 vy=0.00009 vz=-0.01091)
[INFO] [1786314171.996763192] [landing_scout_1]: [scout_1] Landing controller state: FLIGHT
[INFO] [1786314173.630887231] [landing_scout_1]: [scout_1] 📏 CALIBSERIES t=2.0s v=0.00796 m/s (vx=-0.00002 vy=0.00000 vz=-0.00796)
[INFO] [1786314175.638961793] [landing_scout_1]: [scout_1] 📏 CALIBSERIES t=4.1s v=0.00819 m/s (vx=-0.00002 vy=0.00000 vz=-0.00819)
[INFO] [1786314176.996288479] [landing_scout_1]: [scout_1] Landing controller state: FLIGHT
[INFO] [1786314177.641253122] [landing_scout_1]: [scout_1] 📏 CALIBSERIES t=6.1s v=0.00842 m/s (vx=-0.00002 vy=0.00000 vz=-0.00842)
[INFO] [1786314179.645561796] [landing_scout_1]: [scout_1] 📏 CALIBSERIES t=8.1s v=0.00865 m/s (vx=-0.00002 vy=0.00000 vz=-0.00865)
[INFO] [1786314181.656226601] [landing_scout_1]: [scout_1] 📏 CALIBSERIES t=10.1s v=0.00888 m/s (vx=-0.00002 vy=0.00000 vz=-0.00888)
[INFO] [1786314181.996908612] [landing_scout_1]: [scout_1] Landing controller state: FLIGHT
[INFO] [1786314183.706453601] [landing_scout_1]: [scout_1] 📏 CALIBSERIES t=12.1s v=0.00911 m/s (vx=-0.00002 vy=0.00000 vz=-0.00911)
