[INFO] [1786318689.811922912] [landing_scout_1]: [scout_1] Landing Controller: ONLINE
[INFO] [1786318694.868856681] [landing_scout_1]: [scout_1] Landing controller state: IDLE
[INFO] [1786318699.868642282] [landing_scout_1]: [scout_1] Landing controller state: IDLE
[INFO] [1786318704.869042570] [landing_scout_1]: [scout_1] Landing controller state: IDLE
[INFO] [1786318709.868891667] [landing_scout_1]: [scout_1] Landing controller state: IDLE
[INFO] [1786318714.868559949] [landing_scout_1]: [scout_1] Landing controller state: IDLE
[INFO] [1786318719.869164201] [landing_scout_1]: [scout_1] Landing controller state: IDLE
[INFO] [1786318724.870431969] [landing_scout_1]: [scout_1] Landing controller state: IDLE
[INFO] [1786318729.868763577] [landing_scout_1]: [scout_1] Landing controller state: IDLE
[INFO] [1786318734.868828134] [landing_scout_1]: [scout_1] Landing controller state: IDLE
[INFO] [1786318739.868680950] [landing_scout_1]: [scout_1] Landing controller state: IDLE
[INFO] [1786318744.868850245] [landing_scout_1]: [scout_1] Landing controller state: IDLE
[INFO] [1786318749.868578861] [landing_scout_1]: [scout_1] Landing controller state: IDLE
[INFO] [1786318754.502230436] [landing_scout_1]: [scout_1] 🚀 Jump detected → FLIGHT mode (contact detection blanked 100 s for launch)
[INFO] [1786318754.523421809] [landing_scout_1]: [scout_1] 📏 CALIBSERIES t=0.0s v=0.01330 m/s (vx=0.00290 vy=-0.00001 vz=-0.01298)
[INFO] [1786318754.868596093] [landing_scout_1]: [scout_1] Landing controller state: FLIGHT
[INFO] [1786318756.529035852] [landing_scout_1]: [scout_1] 📏 CALIBSERIES t=2.0s v=0.00796 m/s (vx=0.00001 vy=-0.00000 vz=-0.00796)
[INFO] [1786318758.532090900] [landing_scout_1]: [scout_1] 📏 CALIBSERIES t=4.0s v=0.00819 m/s (vx=0.00001 vy=-0.00000 vz=-0.00819)
[INFO] [1786318759.868780700] [landing_scout_1]: [scout_1] Landing controller state: FLIGHT
[INFO] [1786318760.538132649] [landing_scout_1]: [scout_1] 📏 CALIBSERIES t=6.0s v=0.00842 m/s (vx=0.00001 vy=-0.00000 vz=-0.00842)
[INFO] [1786318762.539596469] [landing_scout_1]: [scout_1] 📏 CALIBSERIES t=8.0s v=0.00865 m/s (vx=0.00001 vy=-0.00000 vz=-0.00865)
[INFO] [1786318764.541548308] [landing_scout_1]: [scout_1] 📏 CALIBSERIES t=10.0s v=0.00887 m/s (vx=0.00001 vy=-0.00000 vz=-0.00887)
[INFO] [1786318764.868596641] [landing_scout_1]: [scout_1] Landing controller state: FLIGHT
[INFO] [1786318766.542138320] [landing_scout_1]: [scout_1] 📏 CALIBSERIES t=12.0s v=0.00910 m/s (vx=0.00001 vy=-0.00000 vz=-0.00910)
[INFO] [1786318768.550339579] [landing_scout_1]: [scout_1] 📏 CALIBSERIES t=14.0s v=0.00933 m/s (vx=0.00001 vy=-0.00000 vz=-0.00933)
[INFO] [1786318768.550923112] [landing_scout_1]: [scout_1] 📏 CALIBSTABLE t=14.0s v=0.00933 m/s (vx=0.00001 vy=-0.00000 vz=-0.00933) -- 3 consecutive samples steady
[INFO] [1786318769.869217971] [landing_scout_1]: [scout_1] Landing controller state: FLIGHT
