[INFO] [1786323481.398506294] [landing_scout_1]: [scout_1] Landing Controller: ONLINE
[INFO] [1786323486.457929148] [landing_scout_1]: [scout_1] Landing controller state: IDLE
[INFO] [1786323491.457513627] [landing_scout_1]: [scout_1] Landing controller state: IDLE
[INFO] [1786323496.456994683] [landing_scout_1]: [scout_1] Landing controller state: IDLE
[INFO] [1786323501.457560732] [landing_scout_1]: [scout_1] Landing controller state: IDLE
[INFO] [1786323506.457065207] [landing_scout_1]: [scout_1] Landing controller state: IDLE
[INFO] [1786323511.457134566] [landing_scout_1]: [scout_1] Landing controller state: IDLE
[INFO] [1786323516.457740594] [landing_scout_1]: [scout_1] Landing controller state: IDLE
[INFO] [1786323521.457154932] [landing_scout_1]: [scout_1] Landing controller state: IDLE
[INFO] [1786323526.457079048] [landing_scout_1]: [scout_1] Landing controller state: IDLE
[INFO] [1786323531.457295456] [landing_scout_1]: [scout_1] Landing controller state: IDLE
[INFO] [1786323536.456894195] [landing_scout_1]: [scout_1] Landing controller state: IDLE
[INFO] [1786323541.456857440] [landing_scout_1]: [scout_1] Landing controller state: IDLE
[INFO] [1786323546.145285940] [landing_scout_1]: [scout_1] 🚀 Jump detected → FLIGHT mode (contact detection blanked 100 s for launch)
[INFO] [1786323546.188005237] [landing_scout_1]: [scout_1] 📏 CALIBSERIES t=0.0s v=0.01515 m/s (vx=0.00262 vy=-0.00001 vz=-0.01492)
[INFO] [1786323546.457599558] [landing_scout_1]: [scout_1] Landing controller state: FLIGHT
[INFO] [1786323548.195453959] [landing_scout_1]: [scout_1] 📏 CALIBSERIES t=2.0s v=0.00797 m/s (vx=-0.00001 vy=-0.00000 vz=-0.00797)
[INFO] [1786323550.196388752] [landing_scout_1]: [scout_1] 📏 CALIBSERIES t=4.1s v=0.00820 m/s (vx=-0.00001 vy=-0.00000 vz=-0.00820)
[INFO] [1786323551.457078813] [landing_scout_1]: [scout_1] Landing controller state: FLIGHT
[INFO] [1786323552.217148657] [landing_scout_1]: [scout_1] 📏 CALIBSERIES t=6.1s v=0.00842 m/s (vx=-0.00001 vy=0.00000 vz=-0.00842)
[INFO] [1786323554.240448834] [landing_scout_1]: [scout_1] 📏 CALIBSERIES t=8.1s v=0.00865 m/s (vx=-0.00001 vy=0.00000 vz=-0.00865)
[INFO] [1786323556.251186282] [landing_scout_1]: [scout_1] 📏 CALIBSERIES t=10.1s v=0.00888 m/s (vx=-0.00001 vy=0.00000 vz=-0.00888)
[INFO] [1786323556.456994229] [landing_scout_1]: [scout_1] Landing controller state: FLIGHT
[INFO] [1786323558.258043509] [landing_scout_1]: [scout_1] 📏 CALIBSERIES t=12.1s v=0.00911 m/s (vx=-0.00001 vy=0.00000 vz=-0.00911)
[INFO] [1786323560.260233336] [landing_scout_1]: [scout_1] 📏 CALIBSERIES t=14.1s v=0.00934 m/s (vx=-0.00001 vy=0.00000 vz=-0.00934)
[INFO] [1786323560.260894382] [landing_scout_1]: [scout_1] 📏 CALIBSTABLE t=14.1s v=0.00934 m/s (vx=-0.00001 vy=0.00000 vz=-0.00934) -- 3 consecutive samples steady
[INFO] [1786323561.457701366] [landing_scout_1]: [scout_1] Landing controller state: FLIGHT
