[INFO] [1786320024.936351198] [landing_scout_1]: [scout_1] Landing Controller: ONLINE
[INFO] [1786320029.987796729] [landing_scout_1]: [scout_1] Landing controller state: IDLE
[INFO] [1786320034.987615849] [landing_scout_1]: [scout_1] Landing controller state: IDLE
[INFO] [1786320039.987530085] [landing_scout_1]: [scout_1] Landing controller state: IDLE
[INFO] [1786320044.987604593] [landing_scout_1]: [scout_1] Landing controller state: IDLE
[INFO] [1786320049.987644861] [landing_scout_1]: [scout_1] Landing controller state: IDLE
[INFO] [1786320054.988947271] [landing_scout_1]: [scout_1] Landing controller state: IDLE
[INFO] [1786320059.988317503] [landing_scout_1]: [scout_1] Landing controller state: IDLE
[INFO] [1786320064.987584335] [landing_scout_1]: [scout_1] Landing controller state: IDLE
[INFO] [1786320069.987606599] [landing_scout_1]: [scout_1] Landing controller state: IDLE
[INFO] [1786320074.988273661] [landing_scout_1]: [scout_1] Landing controller state: IDLE
[INFO] [1786320079.988611024] [landing_scout_1]: [scout_1] Landing controller state: IDLE
[INFO] [1786320084.989127546] [landing_scout_1]: [scout_1] Landing controller state: IDLE
[INFO] [1786320089.577344549] [landing_scout_1]: [scout_1] 🚀 Jump detected → FLIGHT mode (contact detection blanked 100 s for launch)
[INFO] [1786320089.617695127] [landing_scout_1]: [scout_1] 📏 CALIBSERIES t=0.0s v=0.01043 m/s (vx=0.00169 vy=0.00243 vz=-0.01001)
[INFO] [1786320089.987601717] [landing_scout_1]: [scout_1] Landing controller state: FLIGHT
[INFO] [1786320091.623395642] [landing_scout_1]: [scout_1] 📏 CALIBSERIES t=2.0s v=0.00796 m/s (vx=-0.00000 vy=0.00000 vz=-0.00796)
[INFO] [1786320093.628210444] [landing_scout_1]: [scout_1] 📏 CALIBSERIES t=4.1s v=0.00819 m/s (vx=-0.00000 vy=0.00000 vz=-0.00819)
[INFO] [1786320094.987953920] [landing_scout_1]: [scout_1] Landing controller state: FLIGHT
[INFO] [1786320095.629295743] [landing_scout_1]: [scout_1] 📏 CALIBSERIES t=6.1s v=0.00841 m/s (vx=-0.00000 vy=0.00000 vz=-0.00841)
[INFO] [1786320097.629981980] [landing_scout_1]: [scout_1] 📏 CALIBSERIES t=8.1s v=0.00864 m/s (vx=-0.00000 vy=0.00000 vz=-0.00864)
[INFO] [1786320099.631168427] [landing_scout_1]: [scout_1] 📏 CALIBSERIES t=10.1s v=0.00887 m/s (vx=-0.00000 vy=0.00000 vz=-0.00887)
[INFO] [1786320099.988204715] [landing_scout_1]: [scout_1] Landing controller state: FLIGHT
[INFO] [1786320101.634438798] [landing_scout_1]: [scout_1] 📏 CALIBSERIES t=12.1s v=0.00910 m/s (vx=-0.00000 vy=0.00000 vz=-0.00910)
[INFO] [1786320103.637631164] [landing_scout_1]: [scout_1] 📏 CALIBSERIES t=14.1s v=0.00933 m/s (vx=-0.00000 vy=0.00000 vz=-0.00933)
[INFO] [1786320103.638175506] [landing_scout_1]: [scout_1] 📏 CALIBSTABLE t=14.1s v=0.00933 m/s (vx=-0.00000 vy=0.00000 vz=-0.00933) -- 3 consecutive samples steady
[INFO] [1786320104.988169787] [landing_scout_1]: [scout_1] Landing controller state: FLIGHT
