[INFO] [1786314800.183061312] [landing_scout_1]: [scout_1] Landing Controller: ONLINE
[INFO] [1786314805.235858334] [landing_scout_1]: [scout_1] Landing controller state: IDLE
[INFO] [1786314810.235590678] [landing_scout_1]: [scout_1] Landing controller state: IDLE
[INFO] [1786314815.235358523] [landing_scout_1]: [scout_1] Landing controller state: IDLE
[INFO] [1786314820.235267259] [landing_scout_1]: [scout_1] Landing controller state: IDLE
[INFO] [1786314825.235854804] [landing_scout_1]: [scout_1] Landing controller state: IDLE
[INFO] [1786314830.235074504] [landing_scout_1]: [scout_1] Landing controller state: IDLE
[INFO] [1786314835.235799169] [landing_scout_1]: [scout_1] Landing controller state: IDLE
[INFO] [1786314840.235252783] [landing_scout_1]: [scout_1] Landing controller state: IDLE
[INFO] [1786314845.236267926] [landing_scout_1]: [scout_1] Landing controller state: IDLE
[INFO] [1786314850.235567816] [landing_scout_1]: [scout_1] Landing controller state: IDLE
[INFO] [1786314855.235592103] [landing_scout_1]: [scout_1] Landing controller state: IDLE
[INFO] [1786314860.235883386] [landing_scout_1]: [scout_1] Landing controller state: IDLE
[INFO] [1786314864.828810893] [landing_scout_1]: [scout_1] 🚀 Jump detected → FLIGHT mode (contact detection blanked 100 s for launch)
[INFO] [1786314864.855911784] [landing_scout_1]: [scout_1] 📏 CALIBSERIES t=0.0s v=0.01632 m/s (vx=0.00931 vy=-0.00006 vz=-0.01340)
[INFO] [1786314865.235742404] [landing_scout_1]: [scout_1] Landing controller state: FLIGHT
[INFO] [1786314866.858831306] [landing_scout_1]: [scout_1] 📏 CALIBSERIES t=2.0s v=0.00796 m/s (vx=0.00001 vy=-0.00000 vz=-0.00796)
[INFO] [1786314868.878239759] [landing_scout_1]: [scout_1] 📏 CALIBSERIES t=4.0s v=0.00818 m/s (vx=0.00001 vy=-0.00000 vz=-0.00818)
[INFO] [1786314870.235396002] [landing_scout_1]: [scout_1] Landing controller state: FLIGHT
[INFO] [1786314870.885685015] [landing_scout_1]: [scout_1] 📏 CALIBSERIES t=6.1s v=0.00841 m/s (vx=0.00001 vy=-0.00000 vz=-0.00841)
[INFO] [1786314872.891012643] [landing_scout_1]: [scout_1] 📏 CALIBSERIES t=8.1s v=0.00864 m/s (vx=0.00001 vy=-0.00000 vz=-0.00864)
[INFO] [1786314874.899028266] [landing_scout_1]: [scout_1] 📏 CALIBSERIES t=10.1s v=0.00887 m/s (vx=0.00001 vy=-0.00000 vz=-0.00887)
[INFO] [1786314875.235521293] [landing_scout_1]: [scout_1] Landing controller state: FLIGHT
[INFO] [1786314876.903767090] [landing_scout_1]: [scout_1] 📏 CALIBSERIES t=12.1s v=0.00910 m/s (vx=0.00001 vy=-0.00000 vz=-0.00910)
[INFO] [1786314878.908073296] [landing_scout_1]: [scout_1] 📏 CALIBSERIES t=14.1s v=0.00932 m/s (vx=0.00001 vy=-0.00000 vz=-0.00932)
[INFO] [1786314878.908841908] [landing_scout_1]: [scout_1] 📏 CALIBSTABLE t=14.1s v=0.00932 m/s (vx=0.00001 vy=-0.00000 vz=-0.00932) -- 3 consecutive samples steady
[INFO] [1786314880.235965183] [landing_scout_1]: [scout_1] Landing controller state: FLIGHT
