[INFO] [1786320627.378109810] [landing_scout_1]: [scout_1] Landing Controller: ONLINE
[INFO] [1786320632.461404653] [landing_scout_1]: [scout_1] Landing controller state: IDLE
[INFO] [1786320637.462104858] [landing_scout_1]: [scout_1] Landing controller state: IDLE
[INFO] [1786320642.462151516] [landing_scout_1]: [scout_1] Landing controller state: IDLE
[INFO] [1786320647.461726353] [landing_scout_1]: [scout_1] Landing controller state: IDLE
[INFO] [1786320652.461476659] [landing_scout_1]: [scout_1] Landing controller state: IDLE
[INFO] [1786320657.462004535] [landing_scout_1]: [scout_1] Landing controller state: IDLE
[INFO] [1786320662.461501295] [landing_scout_1]: [scout_1] Landing controller state: IDLE
[INFO] [1786320667.461301120] [landing_scout_1]: [scout_1] Landing controller state: IDLE
[INFO] [1786320672.461600331] [landing_scout_1]: [scout_1] Landing controller state: IDLE
[INFO] [1786320677.461504607] [landing_scout_1]: [scout_1] Landing controller state: IDLE
[INFO] [1786320682.462079659] [landing_scout_1]: [scout_1] Landing controller state: IDLE
[INFO] [1786320687.461990184] [landing_scout_1]: [scout_1] Landing controller state: IDLE
[INFO] [1786320691.996964344] [landing_scout_1]: [scout_1] 🚀 Jump detected → FLIGHT mode (contact detection blanked 100 s for launch)
[INFO] [1786320691.999290695] [landing_scout_1]: [scout_1] 📏 CALIBSERIES t=0.0s v=0.01122 m/s (vx=0.01068 vy=-0.00012 vz=-0.00344)
[INFO] [1786320692.461448081] [landing_scout_1]: [scout_1] Landing controller state: FLIGHT
[INFO] [1786320694.016547538] [landing_scout_1]: [scout_1] 📏 CALIBSERIES t=2.0s v=0.00796 m/s (vx=-0.00001 vy=0.00000 vz=-0.00796)
[INFO] [1786320696.022355636] [landing_scout_1]: [scout_1] 📏 CALIBSERIES t=4.0s v=0.00819 m/s (vx=-0.00001 vy=0.00000 vz=-0.00819)
[INFO] [1786320697.461386221] [landing_scout_1]: [scout_1] Landing controller state: FLIGHT
[INFO] [1786320698.023434860] [landing_scout_1]: [scout_1] 📏 CALIBSERIES t=6.0s v=0.00841 m/s (vx=-0.00001 vy=0.00000 vz=-0.00841)
[INFO] [1786320700.029817592] [landing_scout_1]: [scout_1] 📏 CALIBSERIES t=8.0s v=0.00864 m/s (vx=-0.00001 vy=0.00000 vz=-0.00864)
[INFO] [1786320702.031642283] [landing_scout_1]: [scout_1] 📏 CALIBSERIES t=10.0s v=0.00887 m/s (vx=-0.00001 vy=0.00000 vz=-0.00887)
[INFO] [1786320702.461471947] [landing_scout_1]: [scout_1] Landing controller state: FLIGHT
[INFO] [1786320704.035918085] [landing_scout_1]: [scout_1] 📏 CALIBSERIES t=12.0s v=0.00910 m/s (vx=-0.00001 vy=0.00000 vz=-0.00910)
[INFO] [1786320706.040191607] [landing_scout_1]: [scout_1] 📏 CALIBSERIES t=14.0s v=0.00933 m/s (vx=-0.00001 vy=0.00000 vz=-0.00933)
[INFO] [1786320706.041022371] [landing_scout_1]: [scout_1] 📏 CALIBSTABLE t=14.0s v=0.00933 m/s (vx=-0.00001 vy=0.00000 vz=-0.00933) -- 3 consecutive samples steady
