[INFO] [1786320891.359279244] [landing_scout_1]: [scout_1] Landing Controller: ONLINE
[INFO] [1786320896.411527719] [landing_scout_1]: [scout_1] Landing controller state: IDLE
[INFO] [1786320901.411383520] [landing_scout_1]: [scout_1] Landing controller state: IDLE
[INFO] [1786320906.410950697] [landing_scout_1]: [scout_1] Landing controller state: IDLE
[INFO] [1786320911.411412925] [landing_scout_1]: [scout_1] Landing controller state: IDLE
[INFO] [1786320916.411530513] [landing_scout_1]: [scout_1] Landing controller state: IDLE
[INFO] [1786320921.411200516] [landing_scout_1]: [scout_1] Landing controller state: IDLE
[INFO] [1786320926.411313551] [landing_scout_1]: [scout_1] Landing controller state: IDLE
[INFO] [1786320931.411506303] [landing_scout_1]: [scout_1] Landing controller state: IDLE
[INFO] [1786320936.411145795] [landing_scout_1]: [scout_1] Landing controller state: IDLE
[INFO] [1786320941.410957820] [landing_scout_1]: [scout_1] Landing controller state: IDLE
[INFO] [1786320946.411113630] [landing_scout_1]: [scout_1] Landing controller state: IDLE
[INFO] [1786320951.410980527] [landing_scout_1]: [scout_1] Landing controller state: IDLE
[INFO] [1786320956.056396254] [landing_scout_1]: [scout_1] 🚀 Jump detected → FLIGHT mode (contact detection blanked 100 s for launch)
[INFO] [1786320956.101763329] [landing_scout_1]: [scout_1] 📏 CALIBSERIES t=0.0s v=0.00747 m/s (vx=-0.00383 vy=0.00004 vz=-0.00641)
[INFO] [1786320956.411239678] [landing_scout_1]: [scout_1] Landing controller state: FLIGHT
[INFO] [1786320958.107707111] [landing_scout_1]: [scout_1] 📏 CALIBSERIES t=2.1s v=0.00797 m/s (vx=0.00001 vy=0.00000 vz=-0.00797)
[INFO] [1786320960.115828917] [landing_scout_1]: [scout_1] 📏 CALIBSERIES t=4.1s v=0.00820 m/s (vx=0.00001 vy=-0.00000 vz=-0.00820)
[INFO] [1786320961.411026022] [landing_scout_1]: [scout_1] Landing controller state: FLIGHT
[INFO] [1786320962.118246915] [landing_scout_1]: [scout_1] 📏 CALIBSERIES t=6.1s v=0.00842 m/s (vx=0.00001 vy=-0.00000 vz=-0.00842)
[INFO] [1786320964.122447703] [landing_scout_1]: [scout_1] 📏 CALIBSERIES t=8.1s v=0.00865 m/s (vx=0.00001 vy=0.00000 vz=-0.00865)
[INFO] [1786320966.123750429] [landing_scout_1]: [scout_1] 📏 CALIBSERIES t=10.1s v=0.00888 m/s (vx=0.00001 vy=0.00000 vz=-0.00888)
[INFO] [1786320966.411311474] [landing_scout_1]: [scout_1] Landing controller state: FLIGHT
[INFO] [1786320968.146251840] [landing_scout_1]: [scout_1] 📏 CALIBSERIES t=12.1s v=0.00911 m/s (vx=0.00001 vy=0.00000 vz=-0.00911)
[INFO] [1786320970.607268619] [landing_scout_1]: [scout_1] 📏 CALIBSERIES t=14.6s v=6020.79729 m/s (vx=0.00000 vy=500.00000 vz=6000.00000)
[INFO] [1786320971.410892243] [landing_scout_1]: [scout_1] Landing controller state: FLIGHT
