[INFO] [1786328323.377103704] [landing_scout_1]: [scout_1] Landing Controller: ONLINE
[INFO] [1786328328.428155909] [landing_scout_1]: [scout_1] Landing controller state: IDLE
[INFO] [1786328333.428614773] [landing_scout_1]: [scout_1] Landing controller state: IDLE
[INFO] [1786328338.428290428] [landing_scout_1]: [scout_1] Landing controller state: IDLE
[INFO] [1786328343.428521381] [landing_scout_1]: [scout_1] Landing controller state: IDLE
[INFO] [1786328348.427628731] [landing_scout_1]: [scout_1] Landing controller state: IDLE
[INFO] [1786328353.427537675] [landing_scout_1]: [scout_1] Landing controller state: IDLE
[INFO] [1786328358.427630663] [landing_scout_1]: [scout_1] Landing controller state: IDLE
[INFO] [1786328363.427657246] [landing_scout_1]: [scout_1] Landing controller state: IDLE
[INFO] [1786328368.428064088] [landing_scout_1]: [scout_1] Landing controller state: IDLE
[INFO] [1786328373.427737678] [landing_scout_1]: [scout_1] Landing controller state: IDLE
[INFO] [1786328378.427717727] [landing_scout_1]: [scout_1] Landing controller state: IDLE
[INFO] [1786328383.427685128] [landing_scout_1]: [scout_1] Landing controller state: IDLE
[INFO] [1786328387.964786119] [landing_scout_1]: [scout_1] 🚀 Jump detected → FLIGHT mode (contact detection blanked 100 s for launch)
[INFO] [1786328387.971970974] [landing_scout_1]: [scout_1] 📏 CALIBSERIES t=0.0s v=0.00881 m/s (vx=0.00690 vy=-0.00049 vz=-0.00546)
[INFO] [1786328388.428245721] [landing_scout_1]: [scout_1] Landing controller state: FLIGHT
[INFO] [1786328389.981563927] [landing_scout_1]: [scout_1] 📏 CALIBSERIES t=2.0s v=0.00795 m/s (vx=0.00001 vy=0.00000 vz=-0.00795)
[INFO] [1786328391.981703025] [landing_scout_1]: [scout_1] 📏 CALIBSERIES t=4.0s v=0.00818 m/s (vx=0.00001 vy=0.00000 vz=-0.00818)
[INFO] [1786328393.427613605] [landing_scout_1]: [scout_1] Landing controller state: FLIGHT
[INFO] [1786328394.006582080] [landing_scout_1]: [scout_1] 📏 CALIBSERIES t=6.0s v=0.00841 m/s (vx=0.00001 vy=0.00000 vz=-0.00841)
[INFO] [1786328396.056017321] [landing_scout_1]: [scout_1] 📏 CALIBSERIES t=8.1s v=0.00864 m/s (vx=0.00001 vy=0.00000 vz=-0.00864)
[INFO] [1786328398.058482710] [landing_scout_1]: [scout_1] 📏 CALIBSERIES t=10.1s v=0.00887 m/s (vx=0.00001 vy=0.00000 vz=-0.00887)
[INFO] [1786328398.427969880] [landing_scout_1]: [scout_1] Landing controller state: FLIGHT
[INFO] [1786328400.081937217] [landing_scout_1]: [scout_1] 📏 CALIBSERIES t=12.1s v=0.00910 m/s (vx=0.00001 vy=0.00000 vz=-0.00910)
[INFO] [1786328402.086612239] [landing_scout_1]: [scout_1] 📏 CALIBSERIES t=14.1s v=0.00932 m/s (vx=0.00001 vy=0.00000 vz=-0.00932)
[INFO] [1786328402.087423198] [landing_scout_1]: [scout_1] 📏 CALIBSTABLE t=14.1s v=0.00932 m/s (vx=0.00001 vy=0.00000 vz=-0.00932) -- 3 consecutive samples steady
[INFO] [1786328403.427651084] [landing_scout_1]: [scout_1] Landing controller state: FLIGHT
