[INFO] [1786311253.365852556] [landing_scout_1]: [scout_1] Landing Controller: ONLINE
[INFO] [1786311258.408665623] [landing_scout_1]: [scout_1] Landing controller state: IDLE
[INFO] [1786311263.408889295] [landing_scout_1]: [scout_1] Landing controller state: IDLE
[INFO] [1786311268.409269653] [landing_scout_1]: [scout_1] Landing controller state: IDLE
[INFO] [1786311273.408747793] [landing_scout_1]: [scout_1] Landing controller state: IDLE
[INFO] [1786311278.408517900] [landing_scout_1]: [scout_1] Landing controller state: IDLE
[INFO] [1786311283.409081241] [landing_scout_1]: [scout_1] Landing controller state: IDLE
[INFO] [1786311288.408900898] [landing_scout_1]: [scout_1] Landing controller state: IDLE
[INFO] [1786311293.408737609] [landing_scout_1]: [scout_1] Landing controller state: IDLE
[INFO] [1786311298.408669316] [landing_scout_1]: [scout_1] Landing controller state: IDLE
[INFO] [1786311303.408979582] [landing_scout_1]: [scout_1] Landing controller state: IDLE
[INFO] [1786311308.408655109] [landing_scout_1]: [scout_1] Landing controller state: IDLE
[INFO] [1786311313.408666725] [landing_scout_1]: [scout_1] Landing controller state: IDLE
[INFO] [1786311318.074676472] [landing_scout_1]: [scout_1] 🚀 Jump detected → FLIGHT mode (contact detection blanked 100 s for launch)
[INFO] [1786311318.099417952] [landing_scout_1]: [scout_1] 📏 CALIBSERIES t=0.0s v=0.01516 m/s (vx=0.01142 vy=-0.00008 vz=-0.00997)
[INFO] [1786311318.408609472] [landing_scout_1]: [scout_1] Landing controller state: FLIGHT
[INFO] [1786311320.104068573] [landing_scout_1]: [scout_1] 📏 CALIBSERIES t=2.0s v=0.00796 m/s (vx=-0.00001 vy=0.00000 vz=-0.00796)
[INFO] [1786311322.106059982] [landing_scout_1]: [scout_1] 📏 CALIBSERIES t=4.0s v=0.00818 m/s (vx=-0.00001 vy=0.00000 vz=-0.00818)
[INFO] [1786311323.408625340] [landing_scout_1]: [scout_1] Landing controller state: FLIGHT
[INFO] [1786311324.107356815] [landing_scout_1]: [scout_1] 📏 CALIBSERIES t=6.0s v=0.00841 m/s (vx=-0.00001 vy=0.00000 vz=-0.00841)
[INFO] [1786311326.111576494] [landing_scout_1]: [scout_1] 📏 CALIBSERIES t=8.0s v=0.00864 m/s (vx=-0.00001 vy=0.00000 vz=-0.00864)
[INFO] [1786311328.111639578] [landing_scout_1]: [scout_1] 📏 CALIBSERIES t=10.0s v=0.00887 m/s (vx=-0.00001 vy=0.00000 vz=-0.00887)
[INFO] [1786311328.408849963] [landing_scout_1]: [scout_1] Landing controller state: FLIGHT
[INFO] [1786311330.122011563] [landing_scout_1]: [scout_1] 📏 CALIBSERIES t=12.0s v=0.00910 m/s (vx=-0.00001 vy=0.00000 vz=-0.00910)
[INFO] [1786311332.126403469] [landing_scout_1]: [scout_1] 📏 CALIBSERIES t=14.1s v=0.00932 m/s (vx=-0.00001 vy=0.00000 vz=-0.00932)
[INFO] [1786311332.126936168] [landing_scout_1]: [scout_1] 📏 CALIBSTABLE t=14.1s v=0.00932 m/s (vx=-0.00001 vy=0.00000 vz=-0.00932) -- 3 consecutive samples steady
[INFO] [1786311333.409562296] [landing_scout_1]: [scout_1] Landing controller state: FLIGHT
