[INFO] [1786325382.818998617] [landing_scout_1]: [scout_1] Landing Controller: ONLINE
[INFO] [1786325387.875397019] [landing_scout_1]: [scout_1] Landing controller state: IDLE
[INFO] [1786325392.876253378] [landing_scout_1]: [scout_1] Landing controller state: IDLE
[INFO] [1786325397.876073163] [landing_scout_1]: [scout_1] Landing controller state: IDLE
[INFO] [1786325402.875544872] [landing_scout_1]: [scout_1] Landing controller state: IDLE
[INFO] [1786325407.876395967] [landing_scout_1]: [scout_1] Landing controller state: IDLE
[INFO] [1786325412.875188568] [landing_scout_1]: [scout_1] Landing controller state: IDLE
[INFO] [1786325417.875910000] [landing_scout_1]: [scout_1] Landing controller state: IDLE
[INFO] [1786325422.875306276] [landing_scout_1]: [scout_1] Landing controller state: IDLE
[INFO] [1786325427.876309902] [landing_scout_1]: [scout_1] Landing controller state: IDLE
[INFO] [1786325432.875472035] [landing_scout_1]: [scout_1] Landing controller state: IDLE
[INFO] [1786325437.875201159] [landing_scout_1]: [scout_1] Landing controller state: IDLE
[INFO] [1786325442.875206457] [landing_scout_1]: [scout_1] Landing controller state: IDLE
[INFO] [1786325447.362053865] [landing_scout_1]: [scout_1] 🚀 Jump detected → FLIGHT mode (contact detection blanked 100 s for launch)
[INFO] [1786325447.397622139] [landing_scout_1]: [scout_1] 📏 CALIBSERIES t=0.0s v=0.01692 m/s (vx=0.00986 vy=-0.00010 vz=-0.01375)
[INFO] [1786325447.875543451] [landing_scout_1]: [scout_1] Landing controller state: FLIGHT
[INFO] [1786325449.420472846] [landing_scout_1]: [scout_1] 📏 CALIBSERIES t=2.1s v=0.00796 m/s (vx=0.00001 vy=-0.00000 vz=-0.00796)
[INFO] [1786325451.424304016] [landing_scout_1]: [scout_1] 📏 CALIBSERIES t=4.1s v=0.00818 m/s (vx=0.00001 vy=-0.00000 vz=-0.00818)
[INFO] [1786325452.875276196] [landing_scout_1]: [scout_1] Landing controller state: FLIGHT
[INFO] [1786325453.424878396] [landing_scout_1]: [scout_1] 📏 CALIBSERIES t=6.1s v=0.00841 m/s (vx=0.00001 vy=-0.00000 vz=-0.00841)
[INFO] [1786325455.431088423] [landing_scout_1]: [scout_1] 📏 CALIBSERIES t=8.1s v=0.00864 m/s (vx=0.00001 vy=-0.00000 vz=-0.00864)
[INFO] [1786325457.431453612] [landing_scout_1]: [scout_1] 📏 CALIBSERIES t=10.1s v=0.00887 m/s (vx=0.00001 vy=-0.00000 vz=-0.00887)
[INFO] [1786325457.875436462] [landing_scout_1]: [scout_1] Landing controller state: FLIGHT
[INFO] [1786325459.434479197] [landing_scout_1]: [scout_1] 📏 CALIBSERIES t=12.1s v=0.00910 m/s (vx=0.00001 vy=-0.00000 vz=-0.00910)
[INFO] [1786325461.447994486] [landing_scout_1]: [scout_1] 📏 CALIBSERIES t=14.1s v=0.00932 m/s (vx=0.00001 vy=-0.00000 vz=-0.00932)
[INFO] [1786325461.448671740] [landing_scout_1]: [scout_1] 📏 CALIBSTABLE t=14.1s v=0.00932 m/s (vx=0.00001 vy=-0.00000 vz=-0.00932) -- 3 consecutive samples steady
