[INFO] [1786324348.457129739] [landing_scout_1]: [scout_1] Landing Controller: ONLINE
[INFO] [1786324353.511434655] [landing_scout_1]: [scout_1] Landing controller state: IDLE
[INFO] [1786324358.510916811] [landing_scout_1]: [scout_1] Landing controller state: IDLE
[INFO] [1786324363.511249644] [landing_scout_1]: [scout_1] Landing controller state: IDLE
[INFO] [1786324368.511361151] [landing_scout_1]: [scout_1] Landing controller state: IDLE
[INFO] [1786324373.511640008] [landing_scout_1]: [scout_1] Landing controller state: IDLE
[INFO] [1786324378.511632455] [landing_scout_1]: [scout_1] Landing controller state: IDLE
[INFO] [1786324383.510746026] [landing_scout_1]: [scout_1] Landing controller state: IDLE
[INFO] [1786324388.511093586] [landing_scout_1]: [scout_1] Landing controller state: IDLE
[INFO] [1786324393.510909463] [landing_scout_1]: [scout_1] Landing controller state: IDLE
[INFO] [1786324398.510935103] [landing_scout_1]: [scout_1] Landing controller state: IDLE
[INFO] [1786324403.510922780] [landing_scout_1]: [scout_1] Landing controller state: IDLE
[INFO] [1786324408.511022730] [landing_scout_1]: [scout_1] Landing controller state: IDLE
[INFO] [1786324413.110637364] [landing_scout_1]: [scout_1] 🚀 Jump detected → FLIGHT mode (contact detection blanked 100 s for launch)
[INFO] [1786324413.122990390] [landing_scout_1]: [scout_1] 📏 CALIBSERIES t=0.0s v=0.01053 m/s (vx=0.00402 vy=-0.00002 vz=-0.00973)
[INFO] [1786324413.511089613] [landing_scout_1]: [scout_1] Landing controller state: FLIGHT
[INFO] [1786324415.125273128] [landing_scout_1]: [scout_1] 📏 CALIBSERIES t=2.0s v=0.00796 m/s (vx=-0.00001 vy=0.00000 vz=-0.00796)
[INFO] [1786324417.148637826] [landing_scout_1]: [scout_1] 📏 CALIBSERIES t=4.0s v=0.00819 m/s (vx=-0.00001 vy=0.00000 vz=-0.00819)
[INFO] [1786324418.511462656] [landing_scout_1]: [scout_1] Landing controller state: FLIGHT
[INFO] [1786324419.153179413] [landing_scout_1]: [scout_1] 📏 CALIBSERIES t=6.0s v=0.00841 m/s (vx=-0.00001 vy=0.00000 vz=-0.00841)
[INFO] [1786324421.156640206] [landing_scout_1]: [scout_1] 📏 CALIBSERIES t=8.0s v=0.00864 m/s (vx=-0.00001 vy=0.00000 vz=-0.00864)
[INFO] [1786324423.158932831] [landing_scout_1]: [scout_1] 📏 CALIBSERIES t=10.0s v=0.00887 m/s (vx=-0.00001 vy=0.00000 vz=-0.00887)
[INFO] [1786324423.510879329] [landing_scout_1]: [scout_1] Landing controller state: FLIGHT
[INFO] [1786324425.160629574] [landing_scout_1]: [scout_1] 📏 CALIBSERIES t=12.1s v=0.00910 m/s (vx=-0.00001 vy=0.00000 vz=-0.00910)
[INFO] [1786324427.164425710] [landing_scout_1]: [scout_1] 📏 CALIBSERIES t=14.1s v=0.00933 m/s (vx=-0.00001 vy=0.00000 vz=-0.00933)
[INFO] [1786324427.165010217] [landing_scout_1]: [scout_1] 📏 CALIBSTABLE t=14.1s v=0.00933 m/s (vx=-0.00001 vy=0.00000 vz=-0.00933) -- 3 consecutive samples steady
[INFO] [1786324428.511097909] [landing_scout_1]: [scout_1] Landing controller state: FLIGHT
