[INFO] [1786312288.921997636] [landing_scout_1]: [scout_1] Landing Controller: ONLINE
[INFO] [1786312293.972640228] [landing_scout_1]: [scout_1] Landing controller state: IDLE
[INFO] [1786312298.972778997] [landing_scout_1]: [scout_1] Landing controller state: IDLE
[INFO] [1786312303.972828261] [landing_scout_1]: [scout_1] Landing controller state: IDLE
[INFO] [1786312308.973223205] [landing_scout_1]: [scout_1] Landing controller state: IDLE
[INFO] [1786312313.972806252] [landing_scout_1]: [scout_1] Landing controller state: IDLE
[INFO] [1786312318.972396929] [landing_scout_1]: [scout_1] Landing controller state: IDLE
[INFO] [1786312323.972225086] [landing_scout_1]: [scout_1] Landing controller state: IDLE
[INFO] [1786312328.972215007] [landing_scout_1]: [scout_1] Landing controller state: IDLE
[INFO] [1786312333.972181395] [landing_scout_1]: [scout_1] Landing controller state: IDLE
[INFO] [1786312338.972351932] [landing_scout_1]: [scout_1] Landing controller state: IDLE
[INFO] [1786312343.972115839] [landing_scout_1]: [scout_1] Landing controller state: IDLE
[INFO] [1786312348.972449513] [landing_scout_1]: [scout_1] Landing controller state: IDLE
[INFO] [1786312353.691494744] [landing_scout_1]: [scout_1] 🚀 Jump detected → FLIGHT mode (contact detection blanked 100 s for launch)
[INFO] [1786312353.738795263] [landing_scout_1]: [scout_1] 📏 CALIBSERIES t=0.0s v=0.01747 m/s (vx=0.01163 vy=-0.00007 vz=-0.01304)
[INFO] [1786312353.972945766] [landing_scout_1]: [scout_1] Landing controller state: FLIGHT
[INFO] [1786312355.739063702] [landing_scout_1]: [scout_1] 📏 CALIBSERIES t=2.0s v=0.00797 m/s (vx=0.00001 vy=-0.00000 vz=-0.00797)
[INFO] [1786312357.743880237] [landing_scout_1]: [scout_1] 📏 CALIBSERIES t=4.1s v=0.00820 m/s (vx=0.00001 vy=-0.00000 vz=-0.00820)
[INFO] [1786312358.972894921] [landing_scout_1]: [scout_1] Landing controller state: FLIGHT
[INFO] [1786312359.749677648] [landing_scout_1]: [scout_1] 📏 CALIBSERIES t=6.1s v=0.00842 m/s (vx=0.00001 vy=-0.00000 vz=-0.00842)
[INFO] [1786312361.754542594] [landing_scout_1]: [scout_1] 📏 CALIBSERIES t=8.1s v=0.00865 m/s (vx=0.00001 vy=-0.00000 vz=-0.00865)
[INFO] [1786312363.758835881] [landing_scout_1]: [scout_1] 📏 CALIBSERIES t=10.1s v=0.00888 m/s (vx=0.00001 vy=-0.00000 vz=-0.00888)
[INFO] [1786312363.972308986] [landing_scout_1]: [scout_1] Landing controller state: FLIGHT
[INFO] [1786312365.761509029] [landing_scout_1]: [scout_1] 📏 CALIBSERIES t=12.1s v=0.00911 m/s (vx=0.00001 vy=-0.00000 vz=-0.00911)
[INFO] [1786312367.763655637] [landing_scout_1]: [scout_1] 📏 CALIBSERIES t=14.1s v=0.00934 m/s (vx=0.00001 vy=-0.00000 vz=-0.00934)
[INFO] [1786312367.764177642] [landing_scout_1]: [scout_1] 📏 CALIBSTABLE t=14.1s v=0.00934 m/s (vx=0.00001 vy=-0.00000 vz=-0.00934) -- 3 consecutive samples steady
[INFO] [1786312368.972818995] [landing_scout_1]: [scout_1] Landing controller state: FLIGHT
