[INFO] [1786328069.271827781] [landing_scout_1]: [scout_1] Landing Controller: ONLINE
[INFO] [1786328074.324411734] [landing_scout_1]: [scout_1] Landing controller state: IDLE
[INFO] [1786328079.324339825] [landing_scout_1]: [scout_1] Landing controller state: IDLE
[INFO] [1786328084.324565133] [landing_scout_1]: [scout_1] Landing controller state: IDLE
[INFO] [1786328089.325441095] [landing_scout_1]: [scout_1] Landing controller state: IDLE
[INFO] [1786328094.324266394] [landing_scout_1]: [scout_1] Landing controller state: IDLE
[INFO] [1786328099.324838541] [landing_scout_1]: [scout_1] Landing controller state: IDLE
[INFO] [1786328104.324460410] [landing_scout_1]: [scout_1] Landing controller state: IDLE
[INFO] [1786328109.324254015] [landing_scout_1]: [scout_1] Landing controller state: IDLE
[INFO] [1786328114.324893452] [landing_scout_1]: [scout_1] Landing controller state: IDLE
[INFO] [1786328119.324509195] [landing_scout_1]: [scout_1] Landing controller state: IDLE
[INFO] [1786328124.324574856] [landing_scout_1]: [scout_1] Landing controller state: IDLE
[INFO] [1786328129.324734524] [landing_scout_1]: [scout_1] Landing controller state: IDLE
[INFO] [1786328133.915460885] [landing_scout_1]: [scout_1] 🚀 Jump detected → FLIGHT mode (contact detection blanked 100 s for launch)
[INFO] [1786328133.965417101] [landing_scout_1]: [scout_1] 📏 CALIBSERIES t=0.1s v=0.00908 m/s (vx=-0.00205 vy=0.00004 vz=-0.00885)
[INFO] [1786328134.324970756] [landing_scout_1]: [scout_1] Landing controller state: FLIGHT
[INFO] [1786328135.966331691] [landing_scout_1]: [scout_1] 📏 CALIBSERIES t=2.1s v=0.00797 m/s (vx=-0.00000 vy=-0.00000 vz=-0.00797)
[INFO] [1786328137.966833749] [landing_scout_1]: [scout_1] 📏 CALIBSERIES t=4.1s v=0.00820 m/s (vx=-0.00000 vy=-0.00000 vz=-0.00820)
[INFO] [1786328139.324415816] [landing_scout_1]: [scout_1] Landing controller state: FLIGHT
[INFO] [1786328139.969476462] [landing_scout_1]: [scout_1] 📏 CALIBSERIES t=6.1s v=0.00842 m/s (vx=-0.00000 vy=-0.00000 vz=-0.00842)
[INFO] [1786328141.971789620] [landing_scout_1]: [scout_1] 📏 CALIBSERIES t=8.1s v=0.00865 m/s (vx=-0.00000 vy=-0.00000 vz=-0.00865)
[INFO] [1786328143.976004076] [landing_scout_1]: [scout_1] 📏 CALIBSERIES t=10.1s v=0.00888 m/s (vx=-0.00000 vy=-0.00000 vz=-0.00888)
[INFO] [1786328144.324447486] [landing_scout_1]: [scout_1] Landing controller state: FLIGHT
[INFO] [1786328145.983315298] [landing_scout_1]: [scout_1] 📏 CALIBSERIES t=12.1s v=0.00911 m/s (vx=-0.00000 vy=-0.00000 vz=-0.00911)
[INFO] [1786328147.986920658] [landing_scout_1]: [scout_1] 📏 CALIBSERIES t=14.1s v=0.00934 m/s (vx=-0.00000 vy=-0.00000 vz=-0.00934)
[INFO] [1786328147.987494086] [landing_scout_1]: [scout_1] 📏 CALIBSTABLE t=14.1s v=0.00934 m/s (vx=-0.00000 vy=-0.00000 vz=-0.00934) -- 3 consecutive samples steady
[INFO] [1786328149.324510518] [landing_scout_1]: [scout_1] Landing controller state: FLIGHT
