[INFO] [1786313334.852208699] [landing_scout_1]: [scout_1] Landing Controller: ONLINE
[INFO] [1786313339.906973586] [landing_scout_1]: [scout_1] Landing controller state: IDLE
[INFO] [1786313344.906094499] [landing_scout_1]: [scout_1] Landing controller state: IDLE
[INFO] [1786313349.905996328] [landing_scout_1]: [scout_1] Landing controller state: IDLE
[INFO] [1786313354.906061448] [landing_scout_1]: [scout_1] Landing controller state: IDLE
[INFO] [1786313359.905995329] [landing_scout_1]: [scout_1] Landing controller state: IDLE
[INFO] [1786313364.905985569] [landing_scout_1]: [scout_1] Landing controller state: IDLE
[INFO] [1786313369.906827404] [landing_scout_1]: [scout_1] Landing controller state: IDLE
[INFO] [1786313374.906047053] [landing_scout_1]: [scout_1] Landing controller state: IDLE
[INFO] [1786313379.905991669] [landing_scout_1]: [scout_1] Landing controller state: IDLE
[INFO] [1786313384.906559839] [landing_scout_1]: [scout_1] Landing controller state: IDLE
[INFO] [1786313389.906236942] [landing_scout_1]: [scout_1] Landing controller state: IDLE
[INFO] [1786313394.906270865] [landing_scout_1]: [scout_1] Landing controller state: IDLE
[INFO] [1786313399.569683335] [landing_scout_1]: [scout_1] 🚀 Jump detected → FLIGHT mode (contact detection blanked 100 s for launch)
[INFO] [1786313399.618562849] [landing_scout_1]: [scout_1] 📏 CALIBSERIES t=0.0s v=0.01618 m/s (vx=0.00908 vy=-0.00007 vz=-0.01339)
[INFO] [1786313399.906075415] [landing_scout_1]: [scout_1] Landing controller state: FLIGHT
[INFO] [1786313401.625569705] [landing_scout_1]: [scout_1] 📏 CALIBSERIES t=2.1s v=0.00796 m/s (vx=0.00000 vy=0.00000 vz=-0.00796)
[INFO] [1786313403.628241464] [landing_scout_1]: [scout_1] 📏 CALIBSERIES t=4.1s v=0.00819 m/s (vx=0.00000 vy=0.00000 vz=-0.00819)
[INFO] [1786313404.906689161] [landing_scout_1]: [scout_1] Landing controller state: FLIGHT
[INFO] [1786313405.631109004] [landing_scout_1]: [scout_1] 📏 CALIBSERIES t=6.1s v=0.00842 m/s (vx=0.00000 vy=0.00000 vz=-0.00842)
[INFO] [1786313407.639505563] [landing_scout_1]: [scout_1] 📏 CALIBSERIES t=8.1s v=0.00865 m/s (vx=0.00000 vy=0.00000 vz=-0.00865)
[INFO] [1786313409.644215310] [landing_scout_1]: [scout_1] 📏 CALIBSERIES t=10.1s v=0.00887 m/s (vx=0.00000 vy=0.00000 vz=-0.00887)
[INFO] [1786313409.906564862] [landing_scout_1]: [scout_1] Landing controller state: FLIGHT
[INFO] [1786313411.649702702] [landing_scout_1]: [scout_1] 📏 CALIBSERIES t=12.1s v=0.00910 m/s (vx=0.00000 vy=0.00000 vz=-0.00910)
[INFO] [1786313413.651452508] [landing_scout_1]: [scout_1] 📏 CALIBSERIES t=14.1s v=0.00933 m/s (vx=0.00000 vy=0.00000 vz=-0.00933)
[INFO] [1786313413.651931074] [landing_scout_1]: [scout_1] 📏 CALIBSTABLE t=14.1s v=0.00933 m/s (vx=0.00000 vy=0.00000 vz=-0.00933) -- 3 consecutive samples steady
[INFO] [1786313414.906721323] [landing_scout_1]: [scout_1] Landing controller state: FLIGHT
