[INFO] [1786320974.034476896] [landing_scout_1]: [scout_1] Landing Controller: ONLINE
[INFO] [1786320979.097406576] [landing_scout_1]: [scout_1] Landing controller state: IDLE
[INFO] [1786320984.096517535] [landing_scout_1]: [scout_1] Landing controller state: IDLE
[INFO] [1786320989.096335516] [landing_scout_1]: [scout_1] Landing controller state: IDLE
[INFO] [1786320994.096926170] [landing_scout_1]: [scout_1] Landing controller state: IDLE
[INFO] [1786320999.096582010] [landing_scout_1]: [scout_1] Landing controller state: IDLE
[INFO] [1786321004.096624156] [landing_scout_1]: [scout_1] Landing controller state: IDLE
[INFO] [1786321009.096616729] [landing_scout_1]: [scout_1] Landing controller state: IDLE
[INFO] [1786321014.096645492] [landing_scout_1]: [scout_1] Landing controller state: IDLE
[INFO] [1786321019.096805917] [landing_scout_1]: [scout_1] Landing controller state: IDLE
[INFO] [1786321024.097265345] [landing_scout_1]: [scout_1] Landing controller state: IDLE
[INFO] [1786321029.096765788] [landing_scout_1]: [scout_1] Landing controller state: IDLE
[INFO] [1786321034.096625016] [landing_scout_1]: [scout_1] Landing controller state: IDLE
[INFO] [1786321038.621205921] [landing_scout_1]: [scout_1] 🚀 Jump detected → FLIGHT mode (contact detection blanked 100 s for launch)
[INFO] [1786321038.643477434] [landing_scout_1]: [scout_1] 📏 CALIBSERIES t=0.0s v=0.01165 m/s (vx=0.00327 vy=-0.00085 vz=-0.01115)
[INFO] [1786321039.096458132] [landing_scout_1]: [scout_1] Landing controller state: FLIGHT
[INFO] [1786321040.646525650] [landing_scout_1]: [scout_1] 📏 CALIBSERIES t=2.0s v=0.00795 m/s (vx=-0.00000 vy=-0.00000 vz=-0.00795)
[INFO] [1786321042.651855254] [landing_scout_1]: [scout_1] 📏 CALIBSERIES t=4.0s v=0.00818 m/s (vx=-0.00000 vy=-0.00000 vz=-0.00818)
[INFO] [1786321044.096652337] [landing_scout_1]: [scout_1] Landing controller state: FLIGHT
[INFO] [1786321044.653738116] [landing_scout_1]: [scout_1] 📏 CALIBSERIES t=6.0s v=0.00841 m/s (vx=-0.00000 vy=-0.00000 vz=-0.00841)
[INFO] [1786321046.680217882] [landing_scout_1]: [scout_1] 📏 CALIBSERIES t=8.1s v=0.00864 m/s (vx=-0.00000 vy=-0.00000 vz=-0.00864)
[INFO] [1786321048.682475469] [landing_scout_1]: [scout_1] 📏 CALIBSERIES t=10.1s v=0.00886 m/s (vx=-0.00000 vy=-0.00000 vz=-0.00886)
[INFO] [1786321049.096655671] [landing_scout_1]: [scout_1] Landing controller state: FLIGHT
[INFO] [1786321050.703404667] [landing_scout_1]: [scout_1] 📏 CALIBSERIES t=12.1s v=0.00909 m/s (vx=-0.00000 vy=-0.00000 vz=-0.00909)
[INFO] [1786321052.709559651] [landing_scout_1]: [scout_1] 📏 CALIBSERIES t=14.1s v=0.00932 m/s (vx=-0.00000 vy=-0.00000 vz=-0.00932)
[INFO] [1786321052.710249756] [landing_scout_1]: [scout_1] 📏 CALIBSTABLE t=14.1s v=0.00932 m/s (vx=-0.00000 vy=-0.00000 vz=-0.00932) -- 3 consecutive samples steady
[INFO] [1786321054.097167249] [landing_scout_1]: [scout_1] Landing controller state: FLIGHT
