[INFO] [1786313155.502446177] [landing_scout_1]: [scout_1] Landing Controller: ONLINE
[INFO] [1786313160.547683834] [landing_scout_1]: [scout_1] Landing controller state: IDLE
[INFO] [1786313165.547534344] [landing_scout_1]: [scout_1] Landing controller state: IDLE
[INFO] [1786313170.548478278] [landing_scout_1]: [scout_1] Landing controller state: IDLE
[INFO] [1786313175.547887989] [landing_scout_1]: [scout_1] Landing controller state: IDLE
[INFO] [1786313180.547697927] [landing_scout_1]: [scout_1] Landing controller state: IDLE
[INFO] [1786313185.547639752] [landing_scout_1]: [scout_1] Landing controller state: IDLE
[INFO] [1786313190.547524887] [landing_scout_1]: [scout_1] Landing controller state: IDLE
[INFO] [1786313195.547709532] [landing_scout_1]: [scout_1] Landing controller state: IDLE
[INFO] [1786313200.547938058] [landing_scout_1]: [scout_1] Landing controller state: IDLE
[INFO] [1786313205.548443045] [landing_scout_1]: [scout_1] Landing controller state: IDLE
[INFO] [1786313210.547820779] [landing_scout_1]: [scout_1] Landing controller state: IDLE
[INFO] [1786313215.547714953] [landing_scout_1]: [scout_1] Landing controller state: IDLE
[INFO] [1786313220.246535253] [landing_scout_1]: [scout_1] 🚀 Jump detected → FLIGHT mode (contact detection blanked 100 s for launch)
[INFO] [1786313220.272175779] [landing_scout_1]: [scout_1] 📏 CALIBSERIES t=0.0s v=0.01411 m/s (vx=0.00347 vy=0.00007 vz=-0.01368)
[INFO] [1786313220.548208749] [landing_scout_1]: [scout_1] Landing controller state: FLIGHT
[INFO] [1786313222.281081188] [landing_scout_1]: [scout_1] 📏 CALIBSERIES t=2.0s v=0.00797 m/s (vx=0.00000 vy=-0.00000 vz=-0.00797)
[INFO] [1786313224.287799537] [landing_scout_1]: [scout_1] 📏 CALIBSERIES t=4.0s v=0.00820 m/s (vx=0.00000 vy=-0.00000 vz=-0.00820)
[INFO] [1786313225.548435341] [landing_scout_1]: [scout_1] Landing controller state: FLIGHT
[INFO] [1786313226.295199361] [landing_scout_1]: [scout_1] 📏 CALIBSERIES t=6.0s v=0.00843 m/s (vx=0.00000 vy=-0.00000 vz=-0.00843)
[INFO] [1786313228.295348067] [landing_scout_1]: [scout_1] 📏 CALIBSERIES t=8.0s v=0.00866 m/s (vx=0.00000 vy=-0.00000 vz=-0.00866)
[INFO] [1786313230.297202220] [landing_scout_1]: [scout_1] 📏 CALIBSERIES t=10.1s v=0.00889 m/s (vx=0.00000 vy=0.00000 vz=-0.00889)
[INFO] [1786313230.547873069] [landing_scout_1]: [scout_1] Landing controller state: FLIGHT
[INFO] [1786313232.301081633] [landing_scout_1]: [scout_1] 📏 CALIBSERIES t=12.1s v=0.00911 m/s (vx=0.00000 vy=0.00000 vz=-0.00911)
[INFO] [1786313234.303418919] [landing_scout_1]: [scout_1] 📏 CALIBSERIES t=14.1s v=0.00934 m/s (vx=0.00000 vy=0.00000 vz=-0.00934)
[INFO] [1786313234.303897136] [landing_scout_1]: [scout_1] 📏 CALIBSTABLE t=14.1s v=0.00934 m/s (vx=0.00000 vy=0.00000 vz=-0.00934) -- 3 consecutive samples steady
[INFO] [1786313235.548547805] [landing_scout_1]: [scout_1] Landing controller state: FLIGHT
