[INFO] [1786314370.851136843] [landing_scout_1]: [scout_1] Landing Controller: ONLINE
[INFO] [1786314375.898163670] [landing_scout_1]: [scout_1] Landing controller state: IDLE
[INFO] [1786314380.899106445] [landing_scout_1]: [scout_1] Landing controller state: IDLE
[INFO] [1786314385.899156669] [landing_scout_1]: [scout_1] Landing controller state: IDLE
[INFO] [1786314390.898538036] [landing_scout_1]: [scout_1] Landing controller state: IDLE
[INFO] [1786314395.898902565] [landing_scout_1]: [scout_1] Landing controller state: IDLE
[INFO] [1786314400.898093686] [landing_scout_1]: [scout_1] Landing controller state: IDLE
[INFO] [1786314405.898812366] [landing_scout_1]: [scout_1] Landing controller state: IDLE
[INFO] [1786314410.898246434] [landing_scout_1]: [scout_1] Landing controller state: IDLE
[INFO] [1786314415.898015364] [landing_scout_1]: [scout_1] Landing controller state: IDLE
[INFO] [1786314420.898116844] [landing_scout_1]: [scout_1] Landing controller state: IDLE
[INFO] [1786314425.898308796] [landing_scout_1]: [scout_1] Landing controller state: IDLE
[INFO] [1786314430.898150511] [landing_scout_1]: [scout_1] Landing controller state: IDLE
[INFO] [1786314435.566728654] [landing_scout_1]: [scout_1] 🚀 Jump detected → FLIGHT mode (contact detection blanked 100 s for launch)
[INFO] [1786314435.599788733] [landing_scout_1]: [scout_1] 📏 CALIBSERIES t=0.0s v=0.01764 m/s (vx=0.01140 vy=-0.00009 vz=-0.01345)
[INFO] [1786314435.898146449] [landing_scout_1]: [scout_1] Landing controller state: FLIGHT
[INFO] [1786314437.606620706] [landing_scout_1]: [scout_1] 📏 CALIBSERIES t=2.0s v=0.00796 m/s (vx=0.00001 vy=0.00000 vz=-0.00796)
[INFO] [1786314439.614623625] [landing_scout_1]: [scout_1] 📏 CALIBSERIES t=4.0s v=0.00818 m/s (vx=0.00001 vy=0.00000 vz=-0.00818)
[INFO] [1786314440.898240727] [landing_scout_1]: [scout_1] Landing controller state: FLIGHT
[INFO] [1786314441.616026440] [landing_scout_1]: [scout_1] 📏 CALIBSERIES t=6.0s v=0.00841 m/s (vx=0.00001 vy=0.00000 vz=-0.00841)
[INFO] [1786314443.616929522] [landing_scout_1]: [scout_1] 📏 CALIBSERIES t=8.0s v=0.00864 m/s (vx=0.00001 vy=0.00000 vz=-0.00864)
[INFO] [1786314445.618076542] [landing_scout_1]: [scout_1] 📏 CALIBSERIES t=10.1s v=0.00887 m/s (vx=0.00001 vy=0.00000 vz=-0.00887)
[INFO] [1786314445.898115140] [landing_scout_1]: [scout_1] Landing controller state: FLIGHT
[INFO] [1786314447.621555201] [landing_scout_1]: [scout_1] 📏 CALIBSERIES t=12.1s v=0.00910 m/s (vx=0.00001 vy=0.00000 vz=-0.00910)
[INFO] [1786314449.621722378] [landing_scout_1]: [scout_1] 📏 CALIBSERIES t=14.1s v=0.00932 m/s (vx=0.00001 vy=0.00000 vz=-0.00932)
[INFO] [1786314449.622292075] [landing_scout_1]: [scout_1] 📏 CALIBSTABLE t=14.1s v=0.00932 m/s (vx=0.00001 vy=0.00000 vz=-0.00932) -- 3 consecutive samples steady
[INFO] [1786314450.898809621] [landing_scout_1]: [scout_1] Landing controller state: FLIGHT
