[INFO] [1786324781.794547047] [landing_scout_1]: [scout_1] Landing Controller: ONLINE
[INFO] [1786324786.850950379] [landing_scout_1]: [scout_1] Landing controller state: IDLE
[INFO] [1786324791.851296664] [landing_scout_1]: [scout_1] Landing controller state: IDLE
[INFO] [1786324796.850991356] [landing_scout_1]: [scout_1] Landing controller state: IDLE
[INFO] [1786324801.850647666] [landing_scout_1]: [scout_1] Landing controller state: IDLE
[INFO] [1786324806.851040561] [landing_scout_1]: [scout_1] Landing controller state: IDLE
[INFO] [1786324811.850485320] [landing_scout_1]: [scout_1] Landing controller state: IDLE
[INFO] [1786324816.850631885] [landing_scout_1]: [scout_1] Landing controller state: IDLE
[INFO] [1786324821.851889252] [landing_scout_1]: [scout_1] Landing controller state: IDLE
[INFO] [1786324826.850525987] [landing_scout_1]: [scout_1] Landing controller state: IDLE
[INFO] [1786324831.850633841] [landing_scout_1]: [scout_1] Landing controller state: IDLE
[INFO] [1786324836.850817028] [landing_scout_1]: [scout_1] Landing controller state: IDLE
[INFO] [1786324841.850694562] [landing_scout_1]: [scout_1] Landing controller state: IDLE
[INFO] [1786324846.502450764] [landing_scout_1]: [scout_1] 🚀 Jump detected → FLIGHT mode (contact detection blanked 100 s for launch)
[INFO] [1786324846.544202835] [landing_scout_1]: [scout_1] 📏 CALIBSERIES t=0.0s v=0.01464 m/s (vx=0.00919 vy=-0.00005 vz=-0.01140)
[INFO] [1786324846.851577026] [landing_scout_1]: [scout_1] Landing controller state: FLIGHT
[INFO] [1786324848.548475225] [landing_scout_1]: [scout_1] 📏 CALIBSERIES t=2.0s v=0.00796 m/s (vx=0.00000 vy=-0.00000 vz=-0.00796)
[INFO] [1786324850.599494530] [landing_scout_1]: [scout_1] 📏 CALIBSERIES t=4.1s v=0.00820 m/s (vx=0.00000 vy=-0.00000 vz=-0.00820)
[INFO] [1786324851.850857998] [landing_scout_1]: [scout_1] Landing controller state: FLIGHT
[INFO] [1786324852.602948603] [landing_scout_1]: [scout_1] 📏 CALIBSERIES t=6.1s v=0.00842 m/s (vx=0.00000 vy=-0.00000 vz=-0.00842)
[INFO] [1786324854.625405461] [landing_scout_1]: [scout_1] 📏 CALIBSERIES t=8.1s v=0.00865 m/s (vx=0.00000 vy=-0.00000 vz=-0.00865)
[INFO] [1786324856.627076145] [landing_scout_1]: [scout_1] 📏 CALIBSERIES t=10.1s v=0.00888 m/s (vx=0.00000 vy=-0.00000 vz=-0.00888)
[INFO] [1786324856.850830382] [landing_scout_1]: [scout_1] Landing controller state: FLIGHT
[INFO] [1786324858.632057020] [landing_scout_1]: [scout_1] 📏 CALIBSERIES t=12.1s v=0.00911 m/s (vx=0.00000 vy=-0.00000 vz=-0.00911)
[INFO] [1786324860.634736517] [landing_scout_1]: [scout_1] 📏 CALIBSERIES t=14.1s v=0.00934 m/s (vx=0.00000 vy=-0.00000 vz=-0.00934)
[INFO] [1786324860.635319416] [landing_scout_1]: [scout_1] 📏 CALIBSTABLE t=14.1s v=0.00934 m/s (vx=0.00000 vy=-0.00000 vz=-0.00934) -- 3 consecutive samples steady
[INFO] [1786324861.851155239] [landing_scout_1]: [scout_1] Landing controller state: FLIGHT
