[INFO] [1786325646.783476568] [landing_scout_1]: [scout_1] Landing Controller: ONLINE
[INFO] [1786325651.835081285] [landing_scout_1]: [scout_1] Landing controller state: IDLE
[INFO] [1786325656.835839802] [landing_scout_1]: [scout_1] Landing controller state: IDLE
[INFO] [1786325661.835155220] [landing_scout_1]: [scout_1] Landing controller state: IDLE
[INFO] [1786325666.835908712] [landing_scout_1]: [scout_1] Landing controller state: IDLE
[INFO] [1786325671.835283849] [landing_scout_1]: [scout_1] Landing controller state: IDLE
[INFO] [1786325676.835125985] [landing_scout_1]: [scout_1] Landing controller state: IDLE
[INFO] [1786325681.835074038] [landing_scout_1]: [scout_1] Landing controller state: IDLE
[INFO] [1786325686.835160904] [landing_scout_1]: [scout_1] Landing controller state: IDLE
[INFO] [1786325691.835863043] [landing_scout_1]: [scout_1] Landing controller state: IDLE
[INFO] [1786325696.835227756] [landing_scout_1]: [scout_1] Landing controller state: IDLE
[INFO] [1786325701.835571687] [landing_scout_1]: [scout_1] Landing controller state: IDLE
[INFO] [1786325706.835234562] [landing_scout_1]: [scout_1] Landing controller state: IDLE
[INFO] [1786325711.408974630] [landing_scout_1]: [scout_1] 🚀 Jump detected → FLIGHT mode (contact detection blanked 100 s for launch)
[INFO] [1786325711.426095161] [landing_scout_1]: [scout_1] 📏 CALIBSERIES t=0.0s v=0.01235 m/s (vx=0.00155 vy=0.00001 vz=-0.01225)
[INFO] [1786325711.836159234] [landing_scout_1]: [scout_1] Landing controller state: FLIGHT
[INFO] [1786325713.426416259] [landing_scout_1]: [scout_1] 📏 CALIBSERIES t=2.0s v=0.00796 m/s (vx=-0.00001 vy=0.00000 vz=-0.00796)
[INFO] [1786325715.431337325] [landing_scout_1]: [scout_1] 📏 CALIBSERIES t=4.0s v=0.00819 m/s (vx=-0.00001 vy=0.00000 vz=-0.00819)
[INFO] [1786325716.835031514] [landing_scout_1]: [scout_1] Landing controller state: FLIGHT
[INFO] [1786325717.434243737] [landing_scout_1]: [scout_1] 📏 CALIBSERIES t=6.0s v=0.00841 m/s (vx=-0.00001 vy=0.00000 vz=-0.00841)
[INFO] [1786325719.436331951] [landing_scout_1]: [scout_1] 📏 CALIBSERIES t=8.0s v=0.00864 m/s (vx=-0.00001 vy=0.00000 vz=-0.00864)
[INFO] [1786325721.436337695] [landing_scout_1]: [scout_1] 📏 CALIBSERIES t=10.0s v=0.00887 m/s (vx=-0.00001 vy=0.00000 vz=-0.00887)
[INFO] [1786325721.835097215] [landing_scout_1]: [scout_1] Landing controller state: FLIGHT
[INFO] [1786325723.455890261] [landing_scout_1]: [scout_1] 📏 CALIBSERIES t=12.0s v=0.00910 m/s (vx=-0.00001 vy=0.00000 vz=-0.00910)
[INFO] [1786325725.460913480] [landing_scout_1]: [scout_1] 📏 CALIBSERIES t=14.1s v=0.00933 m/s (vx=-0.00002 vy=0.00000 vz=-0.00933)
[INFO] [1786325725.461708556] [landing_scout_1]: [scout_1] 📏 CALIBSTABLE t=14.1s v=0.00933 m/s (vx=-0.00002 vy=0.00000 vz=-0.00933) -- 3 consecutive samples steady
[INFO] [1786325726.835768693] [landing_scout_1]: [scout_1] Landing controller state: FLIGHT
