[INFO] [1786327807.154710263] [landing_scout_1]: [scout_1] Landing Controller: ONLINE
[INFO] [1786327812.214784738] [landing_scout_1]: [scout_1] Landing controller state: IDLE
[INFO] [1786327817.214978604] [landing_scout_1]: [scout_1] Landing controller state: IDLE
[INFO] [1786327822.215391919] [landing_scout_1]: [scout_1] Landing controller state: IDLE
[INFO] [1786327827.214786534] [landing_scout_1]: [scout_1] Landing controller state: IDLE
[INFO] [1786327832.214892405] [landing_scout_1]: [scout_1] Landing controller state: IDLE
[INFO] [1786327837.215057366] [landing_scout_1]: [scout_1] Landing controller state: IDLE
[INFO] [1786327842.216027513] [landing_scout_1]: [scout_1] Landing controller state: IDLE
[INFO] [1786327847.215030082] [landing_scout_1]: [scout_1] Landing controller state: IDLE
[INFO] [1786327852.214839510] [landing_scout_1]: [scout_1] Landing controller state: IDLE
[INFO] [1786327857.215549561] [landing_scout_1]: [scout_1] Landing controller state: IDLE
[INFO] [1786327862.214974404] [landing_scout_1]: [scout_1] Landing controller state: IDLE
[INFO] [1786327867.215093257] [landing_scout_1]: [scout_1] Landing controller state: IDLE
[INFO] [1786327871.807220440] [landing_scout_1]: [scout_1] 🚀 Jump detected → FLIGHT mode (contact detection blanked 100 s for launch)
[INFO] [1786327871.853356018] [landing_scout_1]: [scout_1] 📏 CALIBSERIES t=0.0s v=0.00877 m/s (vx=0.00015 vy=-0.00067 vz=-0.00874)
[INFO] [1786327872.215997861] [landing_scout_1]: [scout_1] Landing controller state: FLIGHT
[INFO] [1786327873.858498464] [landing_scout_1]: [scout_1] 📏 CALIBSERIES t=2.1s v=0.00797 m/s (vx=-0.00001 vy=0.00000 vz=-0.00797)
[INFO] [1786327875.908607970] [landing_scout_1]: [scout_1] 📏 CALIBSERIES t=4.1s v=0.00820 m/s (vx=-0.00001 vy=0.00000 vz=-0.00820)
[INFO] [1786327877.215080510] [landing_scout_1]: [scout_1] Landing controller state: FLIGHT
[INFO] [1786327877.959157395] [landing_scout_1]: [scout_1] 📏 CALIBSERIES t=6.2s v=0.00844 m/s (vx=-0.00001 vy=0.00000 vz=-0.00844)
[INFO] [1786327880.011495483] [landing_scout_1]: [scout_1] 📏 CALIBSERIES t=8.2s v=0.00867 m/s (vx=-0.00001 vy=0.00000 vz=-0.00867)
[INFO] [1786327882.019305464] [landing_scout_1]: [scout_1] 📏 CALIBSERIES t=10.2s v=0.00890 m/s (vx=-0.00001 vy=0.00000 vz=-0.00890)
[INFO] [1786327882.215142728] [landing_scout_1]: [scout_1] Landing controller state: FLIGHT
[INFO] [1786327884.024555331] [landing_scout_1]: [scout_1] 📏 CALIBSERIES t=12.2s v=0.00913 m/s (vx=-0.00001 vy=0.00000 vz=-0.00913)
[INFO] [1786327884.025247094] [landing_scout_1]: [scout_1] 📏 CALIBSTABLE t=12.2s v=0.00913 m/s (vx=-0.00001 vy=0.00000 vz=-0.00913) -- 3 consecutive samples steady
[INFO] [1786327887.215470849] [landing_scout_1]: [scout_1] Landing controller state: FLIGHT
