[INFO] [1786315929.029961956] [landing_scout_1]: [scout_1] Landing Controller: ONLINE
[INFO] [1786315934.090500782] [landing_scout_1]: [scout_1] Landing controller state: IDLE
[INFO] [1786315939.090798440] [landing_scout_1]: [scout_1] Landing controller state: IDLE
[INFO] [1786315944.090229652] [landing_scout_1]: [scout_1] Landing controller state: IDLE
[INFO] [1786315949.091079152] [landing_scout_1]: [scout_1] Landing controller state: IDLE
[INFO] [1786315954.090349809] [landing_scout_1]: [scout_1] Landing controller state: IDLE
[INFO] [1786315959.090559129] [landing_scout_1]: [scout_1] Landing controller state: IDLE
[INFO] [1786315964.090869660] [landing_scout_1]: [scout_1] Landing controller state: IDLE
[INFO] [1786315969.090406792] [landing_scout_1]: [scout_1] Landing controller state: IDLE
[INFO] [1786315974.090360269] [landing_scout_1]: [scout_1] Landing controller state: IDLE
[INFO] [1786315979.090261664] [landing_scout_1]: [scout_1] Landing controller state: IDLE
[INFO] [1786315984.090253006] [landing_scout_1]: [scout_1] Landing controller state: IDLE
[INFO] [1786315989.090706373] [landing_scout_1]: [scout_1] Landing controller state: IDLE
[INFO] [1786315993.784418874] [landing_scout_1]: [scout_1] 🚀 Jump detected → FLIGHT mode (contact detection blanked 100 s for launch)
[INFO] [1786315993.819309357] [landing_scout_1]: [scout_1] 📏 CALIBSERIES t=0.0s v=0.01461 m/s (vx=0.00082 vy=0.00002 vz=-0.01459)
[INFO] [1786315994.090336784] [landing_scout_1]: [scout_1] Landing controller state: FLIGHT
[INFO] [1786315995.820396855] [landing_scout_1]: [scout_1] 📏 CALIBSERIES t=2.0s v=0.00796 m/s (vx=-0.00001 vy=-0.00000 vz=-0.00796)
[INFO] [1786315997.829345166] [landing_scout_1]: [scout_1] 📏 CALIBSERIES t=4.0s v=0.00819 m/s (vx=-0.00001 vy=-0.00000 vz=-0.00819)
[INFO] [1786315999.090401382] [landing_scout_1]: [scout_1] Landing controller state: FLIGHT
[INFO] [1786315999.829590754] [landing_scout_1]: [scout_1] 📏 CALIBSERIES t=6.0s v=0.00842 m/s (vx=-0.00001 vy=-0.00000 vz=-0.00842)
[INFO] [1786316001.831694809] [landing_scout_1]: [scout_1] 📏 CALIBSERIES t=8.0s v=0.00865 m/s (vx=-0.00001 vy=-0.00000 vz=-0.00865)
[INFO] [1786316003.835213577] [landing_scout_1]: [scout_1] 📏 CALIBSERIES t=10.1s v=0.00888 m/s (vx=-0.00001 vy=-0.00000 vz=-0.00887)
[INFO] [1786316004.090467147] [landing_scout_1]: [scout_1] Landing controller state: FLIGHT
[INFO] [1786316005.838608932] [landing_scout_1]: [scout_1] 📏 CALIBSERIES t=12.1s v=0.00910 m/s (vx=-0.00001 vy=-0.00000 vz=-0.00910)
[INFO] [1786316007.842736046] [landing_scout_1]: [scout_1] 📏 CALIBSERIES t=14.1s v=0.00933 m/s (vx=-0.00001 vy=-0.00000 vz=-0.00933)
[INFO] [1786316007.843546034] [landing_scout_1]: [scout_1] 📏 CALIBSTABLE t=14.1s v=0.00933 m/s (vx=-0.00001 vy=-0.00000 vz=-0.00933) -- 3 consecutive samples steady
[INFO] [1786316009.090938144] [landing_scout_1]: [scout_1] Landing controller state: FLIGHT
