[INFO] [1786319208.030803279] [landing_scout_1]: [scout_1] Landing Controller: ONLINE
[INFO] [1786319213.084273157] [landing_scout_1]: [scout_1] Landing controller state: IDLE
[INFO] [1786319218.085013405] [landing_scout_1]: [scout_1] Landing controller state: IDLE
[INFO] [1786319223.083723379] [landing_scout_1]: [scout_1] Landing controller state: IDLE
[INFO] [1786319228.083525167] [landing_scout_1]: [scout_1] Landing controller state: IDLE
[INFO] [1786319233.083748493] [landing_scout_1]: [scout_1] Landing controller state: IDLE
[INFO] [1786319238.083559514] [landing_scout_1]: [scout_1] Landing controller state: IDLE
[INFO] [1786319243.083564669] [landing_scout_1]: [scout_1] Landing controller state: IDLE
[INFO] [1786319248.083823953] [landing_scout_1]: [scout_1] Landing controller state: IDLE
[INFO] [1786319253.083752231] [landing_scout_1]: [scout_1] Landing controller state: IDLE
[INFO] [1786319258.083626148] [landing_scout_1]: [scout_1] Landing controller state: IDLE
[INFO] [1786319263.083812725] [landing_scout_1]: [scout_1] Landing controller state: IDLE
[INFO] [1786319268.083541534] [landing_scout_1]: [scout_1] Landing controller state: IDLE
[INFO] [1786319272.644010524] [landing_scout_1]: [scout_1] 🚀 Jump detected → FLIGHT mode (contact detection blanked 100 s for launch)
[INFO] [1786319272.664136316] [landing_scout_1]: [scout_1] 📏 CALIBSERIES t=0.0s v=0.01452 m/s (vx=0.00711 vy=-0.00005 vz=-0.01266)
[INFO] [1786319273.083562262] [landing_scout_1]: [scout_1] Landing controller state: FLIGHT
[INFO] [1786319274.668586659] [landing_scout_1]: [scout_1] 📏 CALIBSERIES t=2.0s v=0.00796 m/s (vx=0.00000 vy=0.00000 vz=-0.00796)
[INFO] [1786319276.672286254] [landing_scout_1]: [scout_1] 📏 CALIBSERIES t=4.0s v=0.00818 m/s (vx=0.00000 vy=0.00000 vz=-0.00818)
[INFO] [1786319278.083444123] [landing_scout_1]: [scout_1] Landing controller state: FLIGHT
[INFO] [1786319278.676138160] [landing_scout_1]: [scout_1] 📏 CALIBSERIES t=6.0s v=0.00841 m/s (vx=0.00000 vy=0.00000 vz=-0.00841)
[INFO] [1786319280.679803993] [landing_scout_1]: [scout_1] 📏 CALIBSERIES t=8.0s v=0.00864 m/s (vx=0.00000 vy=0.00000 vz=-0.00864)
[INFO] [1786319282.684729485] [landing_scout_1]: [scout_1] 📏 CALIBSERIES t=10.0s v=0.00887 m/s (vx=0.00000 vy=0.00000 vz=-0.00887)
[INFO] [1786319283.083710167] [landing_scout_1]: [scout_1] Landing controller state: FLIGHT
[INFO] [1786319284.689405277] [landing_scout_1]: [scout_1] 📏 CALIBSERIES t=12.0s v=0.00910 m/s (vx=0.00000 vy=0.00000 vz=-0.00910)
[INFO] [1786319286.691020151] [landing_scout_1]: [scout_1] 📏 CALIBSERIES t=14.0s v=0.00932 m/s (vx=0.00000 vy=0.00000 vz=-0.00932)
[INFO] [1786319286.692166331] [landing_scout_1]: [scout_1] 📏 CALIBSTABLE t=14.0s v=0.00932 m/s (vx=0.00000 vy=0.00000 vz=-0.00932) -- 3 consecutive samples steady
[INFO] [1786319288.083941341] [landing_scout_1]: [scout_1] Landing controller state: FLIGHT
