[INFO] [1786317045.350240173] [landing_scout_1]: [scout_1] Landing Controller: ONLINE
[INFO] [1786317050.403892626] [landing_scout_1]: [scout_1] Landing controller state: IDLE
[INFO] [1786317055.403484131] [landing_scout_1]: [scout_1] Landing controller state: IDLE
[INFO] [1786317060.404232270] [landing_scout_1]: [scout_1] Landing controller state: IDLE
[INFO] [1786317065.403335149] [landing_scout_1]: [scout_1] Landing controller state: IDLE
[INFO] [1786317070.403340293] [landing_scout_1]: [scout_1] Landing controller state: IDLE
[INFO] [1786317075.403980699] [landing_scout_1]: [scout_1] Landing controller state: IDLE
[INFO] [1786317080.403414160] [landing_scout_1]: [scout_1] Landing controller state: IDLE
[INFO] [1786317085.403510184] [landing_scout_1]: [scout_1] Landing controller state: IDLE
[INFO] [1786317090.404757030] [landing_scout_1]: [scout_1] Landing controller state: IDLE
[INFO] [1786317095.403609552] [landing_scout_1]: [scout_1] Landing controller state: IDLE
[INFO] [1786317100.403712205] [landing_scout_1]: [scout_1] Landing controller state: IDLE
[INFO] [1786317105.403299888] [landing_scout_1]: [scout_1] Landing controller state: IDLE
[INFO] [1786317109.987933358] [landing_scout_1]: [scout_1] 🚀 Jump detected → FLIGHT mode (contact detection blanked 100 s for launch)
[INFO] [1786317110.038475943] [landing_scout_1]: [scout_1] 📏 CALIBSERIES t=0.1s v=0.00791 m/s (vx=-0.00519 vy=0.00004 vz=-0.00598)
[INFO] [1786317110.403976503] [landing_scout_1]: [scout_1] Landing controller state: FLIGHT
[INFO] [1786317112.042289181] [landing_scout_1]: [scout_1] 📏 CALIBSERIES t=2.1s v=0.00797 m/s (vx=0.00000 vy=0.00000 vz=-0.00797)
[INFO] [1786317114.048285486] [landing_scout_1]: [scout_1] 📏 CALIBSERIES t=4.1s v=0.00820 m/s (vx=0.00000 vy=0.00000 vz=-0.00820)
[INFO] [1786317115.403868347] [landing_scout_1]: [scout_1] Landing controller state: FLIGHT
[INFO] [1786317116.051635825] [landing_scout_1]: [scout_1] 📏 CALIBSERIES t=6.1s v=0.00842 m/s (vx=0.00000 vy=0.00000 vz=-0.00842)
[INFO] [1786317118.054450729] [landing_scout_1]: [scout_1] 📏 CALIBSERIES t=8.1s v=0.00865 m/s (vx=0.00000 vy=0.00000 vz=-0.00865)
[INFO] [1786317120.056069220] [landing_scout_1]: [scout_1] 📏 CALIBSERIES t=10.1s v=0.00888 m/s (vx=0.00000 vy=0.00000 vz=-0.00888)
[INFO] [1786317120.403664889] [landing_scout_1]: [scout_1] Landing controller state: FLIGHT
[INFO] [1786317122.057600659] [landing_scout_1]: [scout_1] 📏 CALIBSERIES t=12.1s v=0.00911 m/s (vx=0.00000 vy=0.00000 vz=-0.00911)
[INFO] [1786317124.059580586] [landing_scout_1]: [scout_1] 📏 CALIBSERIES t=14.1s v=0.00934 m/s (vx=0.00000 vy=0.00000 vz=-0.00934)
[INFO] [1786317124.060262935] [landing_scout_1]: [scout_1] 📏 CALIBSTABLE t=14.1s v=0.00934 m/s (vx=0.00000 vy=0.00000 vz=-0.00934) -- 3 consecutive samples steady
[INFO] [1786317125.404001753] [landing_scout_1]: [scout_1] Landing controller state: FLIGHT
