[INFO] [1786327974.489194551] [landing_scout_1]: [scout_1] Landing Controller: ONLINE
[INFO] [1786327979.545845404] [landing_scout_1]: [scout_1] Landing controller state: IDLE
[INFO] [1786327984.545881088] [landing_scout_1]: [scout_1] Landing controller state: IDLE
[INFO] [1786327989.545849937] [landing_scout_1]: [scout_1] Landing controller state: IDLE
[INFO] [1786327994.545969196] [landing_scout_1]: [scout_1] Landing controller state: IDLE
[INFO] [1786327999.545916763] [landing_scout_1]: [scout_1] Landing controller state: IDLE
[INFO] [1786328004.545754754] [landing_scout_1]: [scout_1] Landing controller state: IDLE
[INFO] [1786328009.546381759] [landing_scout_1]: [scout_1] Landing controller state: IDLE
[INFO] [1786328014.545712138] [landing_scout_1]: [scout_1] Landing controller state: IDLE
[INFO] [1786328019.545793095] [landing_scout_1]: [scout_1] Landing controller state: IDLE
[INFO] [1786328024.545936532] [landing_scout_1]: [scout_1] Landing controller state: IDLE
[INFO] [1786328029.545996775] [landing_scout_1]: [scout_1] Landing controller state: IDLE
[INFO] [1786328034.546085250] [landing_scout_1]: [scout_1] Landing controller state: IDLE
[INFO] [1786328039.205322310] [landing_scout_1]: [scout_1] 🚀 Jump detected → FLIGHT mode (contact detection blanked 100 s for launch)
[INFO] [1786328039.218812509] [landing_scout_1]: [scout_1] 📏 CALIBSERIES t=0.0s v=0.01304 m/s (vx=0.00850 vy=0.00009 vz=-0.00989)
[INFO] [1786328039.546549883] [landing_scout_1]: [scout_1] Landing controller state: FLIGHT
[INFO] [1786328041.221694583] [landing_scout_1]: [scout_1] 📏 CALIBSERIES t=2.0s v=0.00796 m/s (vx=-0.00001 vy=0.00000 vz=-0.00796)
[INFO] [1786328043.235608054] [landing_scout_1]: [scout_1] 📏 CALIBSERIES t=4.0s v=0.00819 m/s (vx=-0.00001 vy=0.00000 vz=-0.00819)
[INFO] [1786328044.546234959] [landing_scout_1]: [scout_1] Landing controller state: FLIGHT
[INFO] [1786328045.261485427] [landing_scout_1]: [scout_1] 📏 CALIBSERIES t=6.1s v=0.00841 m/s (vx=-0.00001 vy=0.00000 vz=-0.00841)
[INFO] [1786328047.311664292] [landing_scout_1]: [scout_1] 📏 CALIBSERIES t=8.1s v=0.00865 m/s (vx=-0.00001 vy=0.00000 vz=-0.00865)
[INFO] [1786328049.313774762] [landing_scout_1]: [scout_1] 📏 CALIBSERIES t=10.1s v=0.00887 m/s (vx=-0.00001 vy=0.00000 vz=-0.00887)
[INFO] [1786328049.546002397] [landing_scout_1]: [scout_1] Landing controller state: FLIGHT
[INFO] [1786328051.319319036] [landing_scout_1]: [scout_1] 📏 CALIBSERIES t=12.1s v=0.00910 m/s (vx=-0.00001 vy=0.00000 vz=-0.00910)
