[INFO] [1786324433.072648339] [landing_scout_1]: [scout_1] Landing Controller: ONLINE
[INFO] [1786324438.133450656] [landing_scout_1]: [scout_1] Landing controller state: IDLE
[INFO] [1786324443.132861641] [landing_scout_1]: [scout_1] Landing controller state: IDLE
[INFO] [1786324448.132957003] [landing_scout_1]: [scout_1] Landing controller state: IDLE
[INFO] [1786324453.132847026] [landing_scout_1]: [scout_1] Landing controller state: IDLE
[INFO] [1786324458.132841674] [landing_scout_1]: [scout_1] Landing controller state: IDLE
[INFO] [1786324463.132858606] [landing_scout_1]: [scout_1] Landing controller state: IDLE
[INFO] [1786324468.132919337] [landing_scout_1]: [scout_1] Landing controller state: IDLE
[INFO] [1786324473.132844724] [landing_scout_1]: [scout_1] Landing controller state: IDLE
[INFO] [1786324478.132796457] [landing_scout_1]: [scout_1] Landing controller state: IDLE
[INFO] [1786324483.133123817] [landing_scout_1]: [scout_1] Landing controller state: IDLE
[INFO] [1786324488.133631949] [landing_scout_1]: [scout_1] Landing controller state: IDLE
[INFO] [1786324493.133016698] [landing_scout_1]: [scout_1] Landing controller state: IDLE
[INFO] [1786324497.729592388] [landing_scout_1]: [scout_1] 🚀 Jump detected → FLIGHT mode (contact detection blanked 100 s for launch)
[INFO] [1786324497.777025536] [landing_scout_1]: [scout_1] 📏 CALIBSERIES t=0.0s v=0.01611 m/s (vx=0.00753 vy=-0.00004 vz=-0.01424)
[INFO] [1786324498.133563573] [landing_scout_1]: [scout_1] Landing controller state: FLIGHT
[INFO] [1786324499.781479058] [landing_scout_1]: [scout_1] 📏 CALIBSERIES t=2.1s v=0.00797 m/s (vx=0.00000 vy=-0.00000 vz=-0.00797)
[INFO] [1786324501.782089336] [landing_scout_1]: [scout_1] 📏 CALIBSERIES t=4.1s v=0.00820 m/s (vx=0.00000 vy=-0.00000 vz=-0.00820)
[INFO] [1786324503.133018500] [landing_scout_1]: [scout_1] Landing controller state: FLIGHT
[INFO] [1786324503.785138444] [landing_scout_1]: [scout_1] 📏 CALIBSERIES t=6.1s v=0.00842 m/s (vx=0.00000 vy=-0.00000 vz=-0.00842)
[INFO] [1786324505.786765310] [landing_scout_1]: [scout_1] 📏 CALIBSERIES t=8.1s v=0.00865 m/s (vx=0.00000 vy=-0.00000 vz=-0.00865)
[INFO] [1786324507.789725548] [landing_scout_1]: [scout_1] 📏 CALIBSERIES t=10.1s v=0.00888 m/s (vx=0.00000 vy=-0.00000 vz=-0.00888)
[INFO] [1786324508.133043720] [landing_scout_1]: [scout_1] Landing controller state: FLIGHT
[INFO] [1786324509.792745869] [landing_scout_1]: [scout_1] 📏 CALIBSERIES t=12.1s v=0.00911 m/s (vx=0.00000 vy=-0.00000 vz=-0.00911)
[INFO] [1786324511.797436969] [landing_scout_1]: [scout_1] 📏 CALIBSERIES t=14.1s v=0.00934 m/s (vx=0.00000 vy=-0.00000 vz=-0.00934)
[INFO] [1786324511.798008625] [landing_scout_1]: [scout_1] 📏 CALIBSTABLE t=14.1s v=0.00934 m/s (vx=0.00000 vy=-0.00000 vz=-0.00934) -- 3 consecutive samples steady
[INFO] [1786324513.133302249] [landing_scout_1]: [scout_1] Landing controller state: FLIGHT
