[INFO] [1786313589.072500100] [landing_scout_1]: [scout_1] Landing Controller: ONLINE
[INFO] [1786313594.125608133] [landing_scout_1]: [scout_1] Landing controller state: IDLE
[INFO] [1786313599.124286447] [landing_scout_1]: [scout_1] Landing controller state: IDLE
[INFO] [1786313604.124322584] [landing_scout_1]: [scout_1] Landing controller state: IDLE
[INFO] [1786313609.124347771] [landing_scout_1]: [scout_1] Landing controller state: IDLE
[INFO] [1786313614.124257355] [landing_scout_1]: [scout_1] Landing controller state: IDLE
[INFO] [1786313619.124390637] [landing_scout_1]: [scout_1] Landing controller state: IDLE
[INFO] [1786313624.124419762] [landing_scout_1]: [scout_1] Landing controller state: IDLE
[INFO] [1786313629.124420958] [landing_scout_1]: [scout_1] Landing controller state: IDLE
[INFO] [1786313634.124585890] [landing_scout_1]: [scout_1] Landing controller state: IDLE
[INFO] [1786313639.124554300] [landing_scout_1]: [scout_1] Landing controller state: IDLE
[INFO] [1786313644.125015449] [landing_scout_1]: [scout_1] Landing controller state: IDLE
[INFO] [1786313649.124477643] [landing_scout_1]: [scout_1] Landing controller state: IDLE
[INFO] [1786313653.639651704] [landing_scout_1]: [scout_1] 🚀 Jump detected → FLIGHT mode (contact detection blanked 100 s for launch)
[INFO] [1786313653.641152650] [landing_scout_1]: [scout_1] 📏 CALIBSERIES t=0.0s v=0.00701 m/s (vx=0.00661 vy=-0.00005 vz=-0.00232)
[INFO] [1786313654.124494659] [landing_scout_1]: [scout_1] Landing controller state: FLIGHT
[INFO] [1786313655.662713994] [landing_scout_1]: [scout_1] 📏 CALIBSERIES t=2.0s v=0.00795 m/s (vx=0.00000 vy=-0.00000 vz=-0.00795)
[INFO] [1786313657.675563970] [landing_scout_1]: [scout_1] 📏 CALIBSERIES t=4.0s v=0.00818 m/s (vx=0.00001 vy=-0.00000 vz=-0.00818)
[INFO] [1786313659.124286937] [landing_scout_1]: [scout_1] Landing controller state: FLIGHT
[INFO] [1786313659.676810945] [landing_scout_1]: [scout_1] 📏 CALIBSERIES t=6.0s v=0.00841 m/s (vx=0.00001 vy=-0.00000 vz=-0.00841)
[INFO] [1786313661.681211579] [landing_scout_1]: [scout_1] 📏 CALIBSERIES t=8.0s v=0.00864 m/s (vx=0.00001 vy=-0.00000 vz=-0.00864)
[INFO] [1786313663.730587187] [landing_scout_1]: [scout_1] 📏 CALIBSERIES t=10.1s v=0.00887 m/s (vx=0.00001 vy=-0.00000 vz=-0.00887)
[INFO] [1786313664.124459514] [landing_scout_1]: [scout_1] Landing controller state: FLIGHT
[INFO] [1786313665.734156005] [landing_scout_1]: [scout_1] 📏 CALIBSERIES t=12.1s v=0.00910 m/s (vx=0.00001 vy=-0.00000 vz=-0.00910)
[INFO] [1786313667.784089796] [landing_scout_1]: [scout_1] 📏 CALIBSERIES t=14.1s v=0.00933 m/s (vx=0.00001 vy=-0.00000 vz=-0.00933)
[INFO] [1786313667.784689492] [landing_scout_1]: [scout_1] 📏 CALIBSTABLE t=14.1s v=0.00933 m/s (vx=0.00001 vy=-0.00000 vz=-0.00933) -- 3 consecutive samples steady
[INFO] [1786313669.125338009] [landing_scout_1]: [scout_1] Landing controller state: FLIGHT
