[INFO] [1786314455.515949415] [landing_scout_1]: [scout_1] Landing Controller: ONLINE
[INFO] [1786314460.569113831] [landing_scout_1]: [scout_1] Landing controller state: IDLE
[INFO] [1786314465.567456484] [landing_scout_1]: [scout_1] Landing controller state: IDLE
[INFO] [1786314470.567110441] [landing_scout_1]: [scout_1] Landing controller state: IDLE
[INFO] [1786314475.567688983] [landing_scout_1]: [scout_1] Landing controller state: IDLE
[INFO] [1786314480.567080655] [landing_scout_1]: [scout_1] Landing controller state: IDLE
[INFO] [1786314485.566905772] [landing_scout_1]: [scout_1] Landing controller state: IDLE
[INFO] [1786314490.567672077] [landing_scout_1]: [scout_1] Landing controller state: IDLE
[INFO] [1786314495.567082752] [landing_scout_1]: [scout_1] Landing controller state: IDLE
[INFO] [1786314500.567009964] [landing_scout_1]: [scout_1] Landing controller state: IDLE
[INFO] [1786314505.567078169] [landing_scout_1]: [scout_1] Landing controller state: IDLE
[INFO] [1786314510.567109333] [landing_scout_1]: [scout_1] Landing controller state: IDLE
[INFO] [1786314515.567149056] [landing_scout_1]: [scout_1] Landing controller state: IDLE
[INFO] [1786314520.124525995] [landing_scout_1]: [scout_1] 🚀 Jump detected → FLIGHT mode (contact detection blanked 100 s for launch)
[INFO] [1786314520.130347713] [landing_scout_1]: [scout_1] 📏 CALIBSERIES t=0.0s v=0.00824 m/s (vx=0.00789 vy=-0.00005 vz=-0.00237)
[INFO] [1786314520.567481797] [landing_scout_1]: [scout_1] Landing controller state: FLIGHT
[INFO] [1786314522.132467825] [landing_scout_1]: [scout_1] 📏 CALIBSERIES t=2.0s v=0.00795 m/s (vx=0.00000 vy=-0.00000 vz=-0.00795)
[INFO] [1786314524.139066426] [landing_scout_1]: [scout_1] 📏 CALIBSERIES t=4.0s v=0.00818 m/s (vx=0.00000 vy=-0.00000 vz=-0.00818)
[INFO] [1786314525.567052522] [landing_scout_1]: [scout_1] Landing controller state: FLIGHT
[INFO] [1786314526.144885838] [landing_scout_1]: [scout_1] 📏 CALIBSERIES t=6.0s v=0.00841 m/s (vx=0.00000 vy=-0.00000 vz=-0.00841)
[INFO] [1786314528.151168405] [landing_scout_1]: [scout_1] 📏 CALIBSERIES t=8.0s v=0.00864 m/s (vx=0.00000 vy=-0.00000 vz=-0.00864)
[INFO] [1786314530.160573277] [landing_scout_1]: [scout_1] 📏 CALIBSERIES t=10.0s v=0.00886 m/s (vx=0.00000 vy=-0.00000 vz=-0.00886)
[INFO] [1786314530.567871755] [landing_scout_1]: [scout_1] Landing controller state: FLIGHT
[INFO] [1786314532.160767047] [landing_scout_1]: [scout_1] 📏 CALIBSERIES t=12.0s v=0.00909 m/s (vx=0.00000 vy=-0.00000 vz=-0.00909)
[INFO] [1786314534.182032424] [landing_scout_1]: [scout_1] 📏 CALIBSERIES t=14.1s v=0.00932 m/s (vx=0.00000 vy=-0.00000 vz=-0.00932)
[INFO] [1786314534.183286291] [landing_scout_1]: [scout_1] 📏 CALIBSTABLE t=14.1s v=0.00932 m/s (vx=0.00000 vy=-0.00000 vz=-0.00932) -- 3 consecutive samples steady
[INFO] [1786314535.567044345] [landing_scout_1]: [scout_1] Landing controller state: FLIGHT
