[INFO] [1786326344.167294652] [landing_scout_1]: [scout_1] Landing Controller: ONLINE
[INFO] [1786326349.218034733] [landing_scout_1]: [scout_1] Landing controller state: IDLE
[INFO] [1786326354.218195438] [landing_scout_1]: [scout_1] Landing controller state: IDLE
[INFO] [1786326359.218817153] [landing_scout_1]: [scout_1] Landing controller state: IDLE
[INFO] [1786326364.218816010] [landing_scout_1]: [scout_1] Landing controller state: IDLE
[INFO] [1786326369.218160439] [landing_scout_1]: [scout_1] Landing controller state: IDLE
[INFO] [1786326374.218104787] [landing_scout_1]: [scout_1] Landing controller state: IDLE
[INFO] [1786326379.218171968] [landing_scout_1]: [scout_1] Landing controller state: IDLE
[INFO] [1786326384.218074654] [landing_scout_1]: [scout_1] Landing controller state: IDLE
[INFO] [1786326389.218094653] [landing_scout_1]: [scout_1] Landing controller state: IDLE
[INFO] [1786326394.218097519] [landing_scout_1]: [scout_1] Landing controller state: IDLE
[INFO] [1786326399.218096662] [landing_scout_1]: [scout_1] Landing controller state: IDLE
[INFO] [1786326404.218304117] [landing_scout_1]: [scout_1] Landing controller state: IDLE
[INFO] [1786326408.831209860] [landing_scout_1]: [scout_1] 🚀 Jump detected → FLIGHT mode (contact detection blanked 100 s for launch)
[INFO] [1786326408.836124100] [landing_scout_1]: [scout_1] 📏 CALIBSERIES t=0.0s v=0.01187 m/s (vx=0.01070 vy=-0.00005 vz=-0.00512)
[INFO] [1786326409.218053948] [landing_scout_1]: [scout_1] Landing controller state: FLIGHT
[INFO] [1786326410.838979979] [landing_scout_1]: [scout_1] 📏 CALIBSERIES t=2.0s v=0.00797 m/s (vx=-0.00000 vy=-0.00000 vz=-0.00797)
[INFO] [1786326412.843215730] [landing_scout_1]: [scout_1] 📏 CALIBSERIES t=4.0s v=0.00820 m/s (vx=-0.00000 vy=-0.00000 vz=-0.00820)
[INFO] [1786326414.218389581] [landing_scout_1]: [scout_1] Landing controller state: FLIGHT
[INFO] [1786326414.865863678] [landing_scout_1]: [scout_1] 📏 CALIBSERIES t=6.0s v=0.00842 m/s (vx=-0.00000 vy=-0.00000 vz=-0.00842)
[INFO] [1786326416.867459606] [landing_scout_1]: [scout_1] 📏 CALIBSERIES t=8.0s v=0.00865 m/s (vx=-0.00000 vy=-0.00000 vz=-0.00865)
[INFO] [1786326418.869172885] [landing_scout_1]: [scout_1] 📏 CALIBSERIES t=10.0s v=0.00888 m/s (vx=-0.00000 vy=-0.00000 vz=-0.00888)
[INFO] [1786326419.219142697] [landing_scout_1]: [scout_1] Landing controller state: FLIGHT
[INFO] [1786326420.873351439] [landing_scout_1]: [scout_1] 📏 CALIBSERIES t=12.0s v=0.00911 m/s (vx=-0.00000 vy=-0.00000 vz=-0.00911)
[INFO] [1786326422.879281769] [landing_scout_1]: [scout_1] 📏 CALIBSERIES t=14.0s v=0.00934 m/s (vx=-0.00000 vy=-0.00000 vz=-0.00934)
[INFO] [1786326422.880078937] [landing_scout_1]: [scout_1] 📏 CALIBSTABLE t=14.0s v=0.00934 m/s (vx=-0.00000 vy=-0.00000 vz=-0.00934) -- 3 consecutive samples steady
[INFO] [1786326424.219339640] [landing_scout_1]: [scout_1] Landing controller state: FLIGHT
