[INFO] [1786315402.794745156] [landing_scout_1]: [scout_1] Landing Controller: ONLINE
[INFO] [1786315407.851752569] [landing_scout_1]: [scout_1] Landing controller state: IDLE
[INFO] [1786315412.852219891] [landing_scout_1]: [scout_1] Landing controller state: IDLE
[INFO] [1786315417.851710092] [landing_scout_1]: [scout_1] Landing controller state: IDLE
[INFO] [1786315422.851778493] [landing_scout_1]: [scout_1] Landing controller state: IDLE
[INFO] [1786315427.851257116] [landing_scout_1]: [scout_1] Landing controller state: IDLE
[INFO] [1786315432.851319942] [landing_scout_1]: [scout_1] Landing controller state: IDLE
[INFO] [1786315437.851754859] [landing_scout_1]: [scout_1] Landing controller state: IDLE
[INFO] [1786315442.852066334] [landing_scout_1]: [scout_1] Landing controller state: IDLE
[INFO] [1786315447.851886296] [landing_scout_1]: [scout_1] Landing controller state: IDLE
[INFO] [1786315452.851276624] [landing_scout_1]: [scout_1] Landing controller state: IDLE
[INFO] [1786315457.851232782] [landing_scout_1]: [scout_1] Landing controller state: IDLE
[INFO] [1786315462.851232276] [landing_scout_1]: [scout_1] Landing controller state: IDLE
[INFO] [1786315467.573745406] [landing_scout_1]: [scout_1] 🚀 Jump detected → FLIGHT mode (contact detection blanked 100 s for launch)
[INFO] [1786315467.621619653] [landing_scout_1]: [scout_1] 📏 CALIBSERIES t=0.0s v=0.00708 m/s (vx=-0.00142 vy=-0.00034 vz=-0.00693)
[INFO] [1786315467.851279507] [landing_scout_1]: [scout_1] Landing controller state: FLIGHT
[INFO] [1786315469.629052553] [landing_scout_1]: [scout_1] 📏 CALIBSERIES t=2.1s v=0.00798 m/s (vx=0.00001 vy=0.00000 vz=-0.00798)
[INFO] [1786315471.629817406] [landing_scout_1]: [scout_1] 📏 CALIBSERIES t=4.1s v=0.00821 m/s (vx=0.00001 vy=0.00000 vz=-0.00821)
[INFO] [1786315472.851788499] [landing_scout_1]: [scout_1] Landing controller state: FLIGHT
[INFO] [1786315473.643182823] [landing_scout_1]: [scout_1] 📏 CALIBSERIES t=6.1s v=0.00844 m/s (vx=0.00001 vy=0.00000 vz=-0.00844)
[INFO] [1786315475.651495368] [landing_scout_1]: [scout_1] 📏 CALIBSERIES t=8.1s v=0.00866 m/s (vx=0.00001 vy=0.00000 vz=-0.00866)
[INFO] [1786315477.653792752] [landing_scout_1]: [scout_1] 📏 CALIBSERIES t=10.1s v=0.00889 m/s (vx=0.00001 vy=0.00000 vz=-0.00889)
[INFO] [1786315477.851346619] [landing_scout_1]: [scout_1] Landing controller state: FLIGHT
[INFO] [1786315479.661971721] [landing_scout_1]: [scout_1] 📏 CALIBSERIES t=12.1s v=0.00912 m/s (vx=0.00001 vy=0.00000 vz=-0.00912)
