[INFO] [1786313504.280395066] [landing_scout_1]: [scout_1] Landing Controller: ONLINE
[INFO] [1786313509.332123423] [landing_scout_1]: [scout_1] Landing controller state: IDLE
[INFO] [1786313514.332471510] [landing_scout_1]: [scout_1] Landing controller state: IDLE
[INFO] [1786313519.332585508] [landing_scout_1]: [scout_1] Landing controller state: IDLE
[INFO] [1786313524.331980919] [landing_scout_1]: [scout_1] Landing controller state: IDLE
[INFO] [1786313529.332051694] [landing_scout_1]: [scout_1] Landing controller state: IDLE
[INFO] [1786313534.332017719] [landing_scout_1]: [scout_1] Landing controller state: IDLE
[INFO] [1786313539.332235186] [landing_scout_1]: [scout_1] Landing controller state: IDLE
[INFO] [1786313544.332051570] [landing_scout_1]: [scout_1] Landing controller state: IDLE
[INFO] [1786313549.331995349] [landing_scout_1]: [scout_1] Landing controller state: IDLE
[INFO] [1786313554.332044132] [landing_scout_1]: [scout_1] Landing controller state: IDLE
[INFO] [1786313559.332026848] [landing_scout_1]: [scout_1] Landing controller state: IDLE
[INFO] [1786313564.332241237] [landing_scout_1]: [scout_1] Landing controller state: IDLE
[INFO] [1786313568.987429737] [landing_scout_1]: [scout_1] 🚀 Jump detected → FLIGHT mode (contact detection blanked 100 s for launch)
[INFO] [1786313569.023530483] [landing_scout_1]: [scout_1] 📏 CALIBSERIES t=0.0s v=0.01647 m/s (vx=0.00865 vy=-0.00006 vz=-0.01401)
[INFO] [1786313569.332689772] [landing_scout_1]: [scout_1] Landing controller state: FLIGHT
[INFO] [1786313571.027517456] [landing_scout_1]: [scout_1] 📏 CALIBSERIES t=2.0s v=0.00797 m/s (vx=-0.00000 vy=0.00000 vz=-0.00797)
[INFO] [1786313573.028716807] [landing_scout_1]: [scout_1] 📏 CALIBSERIES t=4.0s v=0.00820 m/s (vx=-0.00000 vy=0.00000 vz=-0.00820)
[INFO] [1786313574.331981686] [landing_scout_1]: [scout_1] Landing controller state: FLIGHT
[INFO] [1786313575.038799486] [landing_scout_1]: [scout_1] 📏 CALIBSERIES t=6.1s v=0.00842 m/s (vx=-0.00000 vy=0.00000 vz=-0.00842)
[INFO] [1786313577.040009812] [landing_scout_1]: [scout_1] 📏 CALIBSERIES t=8.1s v=0.00865 m/s (vx=-0.00000 vy=0.00000 vz=-0.00865)
[INFO] [1786313579.041318432] [landing_scout_1]: [scout_1] 📏 CALIBSERIES t=10.1s v=0.00888 m/s (vx=-0.00000 vy=0.00000 vz=-0.00888)
[INFO] [1786313579.332278591] [landing_scout_1]: [scout_1] Landing controller state: FLIGHT
[INFO] [1786313581.044926527] [landing_scout_1]: [scout_1] 📏 CALIBSERIES t=12.1s v=0.00911 m/s (vx=-0.00000 vy=0.00000 vz=-0.00911)
[INFO] [1786313583.048355871] [landing_scout_1]: [scout_1] 📏 CALIBSERIES t=14.1s v=0.00934 m/s (vx=-0.00000 vy=0.00000 vz=-0.00934)
[INFO] [1786313583.049009263] [landing_scout_1]: [scout_1] 📏 CALIBSTABLE t=14.1s v=0.00934 m/s (vx=-0.00000 vy=0.00000 vz=-0.00934) -- 3 consecutive samples steady
[INFO] [1786313584.332059053] [landing_scout_1]: [scout_1] Landing controller state: FLIGHT
