[INFO] [1786321753.830130785] [landing_scout_1]: [scout_1] Landing Controller: ONLINE
[INFO] [1786321758.883973040] [landing_scout_1]: [scout_1] Landing controller state: IDLE
[INFO] [1786321763.883405142] [landing_scout_1]: [scout_1] Landing controller state: IDLE
[INFO] [1786321768.883189678] [landing_scout_1]: [scout_1] Landing controller state: IDLE
[INFO] [1786321773.883155035] [landing_scout_1]: [scout_1] Landing controller state: IDLE
[INFO] [1786321778.883692771] [landing_scout_1]: [scout_1] Landing controller state: IDLE
[INFO] [1786321783.883105942] [landing_scout_1]: [scout_1] Landing controller state: IDLE
[INFO] [1786321788.883033410] [landing_scout_1]: [scout_1] Landing controller state: IDLE
[INFO] [1786321793.883214799] [landing_scout_1]: [scout_1] Landing controller state: IDLE
[INFO] [1786321798.883178329] [landing_scout_1]: [scout_1] Landing controller state: IDLE
[INFO] [1786321803.883143549] [landing_scout_1]: [scout_1] Landing controller state: IDLE
[INFO] [1786321808.883238173] [landing_scout_1]: [scout_1] Landing controller state: IDLE
[INFO] [1786321813.883478170] [landing_scout_1]: [scout_1] Landing controller state: IDLE
[INFO] [1786321818.505638512] [landing_scout_1]: [scout_1] 🚀 Jump detected → FLIGHT mode (contact detection blanked 100 s for launch)
[INFO] [1786321818.518261893] [landing_scout_1]: [scout_1] 📏 CALIBSERIES t=0.0s v=0.01146 m/s (vx=0.00535 vy=-0.00002 vz=-0.01014)
[INFO] [1786321818.883257674] [landing_scout_1]: [scout_1] Landing controller state: FLIGHT
[INFO] [1786321820.519762358] [landing_scout_1]: [scout_1] 📏 CALIBSERIES t=2.0s v=0.00796 m/s (vx=0.00000 vy=-0.00000 vz=-0.00796)
[INFO] [1786321822.521200453] [landing_scout_1]: [scout_1] 📏 CALIBSERIES t=4.0s v=0.00819 m/s (vx=0.00000 vy=-0.00000 vz=-0.00819)
[INFO] [1786321823.883226018] [landing_scout_1]: [scout_1] Landing controller state: FLIGHT
[INFO] [1786321824.524072600] [landing_scout_1]: [scout_1] 📏 CALIBSERIES t=6.0s v=0.00841 m/s (vx=0.00000 vy=-0.00000 vz=-0.00841)
[INFO] [1786321826.527615537] [landing_scout_1]: [scout_1] 📏 CALIBSERIES t=8.0s v=0.00864 m/s (vx=0.00000 vy=-0.00000 vz=-0.00864)
[INFO] [1786321828.529611482] [landing_scout_1]: [scout_1] 📏 CALIBSERIES t=10.0s v=0.00887 m/s (vx=0.00000 vy=-0.00000 vz=-0.00887)
[INFO] [1786321828.883535708] [landing_scout_1]: [scout_1] Landing controller state: FLIGHT
[INFO] [1786321830.553755834] [landing_scout_1]: [scout_1] 📏 CALIBSERIES t=12.0s v=0.00910 m/s (vx=0.00000 vy=-0.00000 vz=-0.00910)
[INFO] [1786321832.558254275] [landing_scout_1]: [scout_1] 📏 CALIBSERIES t=14.1s v=0.00933 m/s (vx=0.00000 vy=-0.00000 vz=-0.00933)
[INFO] [1786321832.558957756] [landing_scout_1]: [scout_1] 📏 CALIBSTABLE t=14.1s v=0.00933 m/s (vx=0.00000 vy=-0.00000 vz=-0.00933) -- 3 consecutive samples steady
[INFO] [1786321833.883593587] [landing_scout_1]: [scout_1] Landing controller state: FLIGHT
