[INFO] [1786327206.502738753] [landing_scout_1]: [scout_1] Landing Controller: ONLINE
[INFO] [1786327211.554610401] [landing_scout_1]: [scout_1] Landing controller state: IDLE
[INFO] [1786327216.554205177] [landing_scout_1]: [scout_1] Landing controller state: IDLE
[INFO] [1786327221.553722522] [landing_scout_1]: [scout_1] Landing controller state: IDLE
[INFO] [1786327226.553732621] [landing_scout_1]: [scout_1] Landing controller state: IDLE
[INFO] [1786327231.553838636] [landing_scout_1]: [scout_1] Landing controller state: IDLE
[INFO] [1786327236.553634088] [landing_scout_1]: [scout_1] Landing controller state: IDLE
[INFO] [1786327241.553595437] [landing_scout_1]: [scout_1] Landing controller state: IDLE
[INFO] [1786327246.553674979] [landing_scout_1]: [scout_1] Landing controller state: IDLE
[INFO] [1786327251.554103541] [landing_scout_1]: [scout_1] Landing controller state: IDLE
[INFO] [1786327256.554123902] [landing_scout_1]: [scout_1] Landing controller state: IDLE
[INFO] [1786327261.553518017] [landing_scout_1]: [scout_1] Landing controller state: IDLE
[INFO] [1786327266.553617900] [landing_scout_1]: [scout_1] Landing controller state: IDLE
[INFO] [1786327271.212093250] [landing_scout_1]: [scout_1] 🚀 Jump detected → FLIGHT mode (contact detection blanked 100 s for launch)
[INFO] [1786327271.245195828] [landing_scout_1]: [scout_1] 📏 CALIBSERIES t=0.0s v=0.01375 m/s (vx=0.00489 vy=0.00010 vz=-0.01285)
[INFO] [1786327271.554132733] [landing_scout_1]: [scout_1] Landing controller state: FLIGHT
[INFO] [1786327273.249511345] [landing_scout_1]: [scout_1] 📏 CALIBSERIES t=2.0s v=0.00797 m/s (vx=0.00001 vy=-0.00000 vz=-0.00797)
[INFO] [1786327275.256695530] [landing_scout_1]: [scout_1] 📏 CALIBSERIES t=4.0s v=0.00820 m/s (vx=0.00001 vy=-0.00000 vz=-0.00820)
[INFO] [1786327276.553648366] [landing_scout_1]: [scout_1] Landing controller state: FLIGHT
[INFO] [1786327277.305465579] [landing_scout_1]: [scout_1] 📏 CALIBSERIES t=6.1s v=0.00843 m/s (vx=0.00001 vy=-0.00000 vz=-0.00843)
[INFO] [1786327279.310557183] [landing_scout_1]: [scout_1] 📏 CALIBSERIES t=8.1s v=0.00866 m/s (vx=0.00001 vy=-0.00000 vz=-0.00866)
[INFO] [1786327281.359426274] [landing_scout_1]: [scout_1] 📏 CALIBSERIES t=10.1s v=0.00889 m/s (vx=0.00001 vy=-0.00000 vz=-0.00889)
[INFO] [1786327281.554068955] [landing_scout_1]: [scout_1] Landing controller state: FLIGHT
[INFO] [1786327283.361893036] [landing_scout_1]: [scout_1] 📏 CALIBSERIES t=12.1s v=0.00912 m/s (vx=0.00001 vy=-0.00000 vz=-0.00912)
[INFO] [1786327285.365184489] [landing_scout_1]: [scout_1] 📏 CALIBSERIES t=14.2s v=0.00935 m/s (vx=0.00001 vy=-0.00000 vz=-0.00935)
[INFO] [1786327285.366001494] [landing_scout_1]: [scout_1] 📏 CALIBSTABLE t=14.2s v=0.00935 m/s (vx=0.00001 vy=-0.00000 vz=-0.00935) -- 3 consecutive samples steady
[INFO] [1786327286.554167875] [landing_scout_1]: [scout_1] Landing controller state: FLIGHT
