[INFO] [1786325731.419748888] [landing_scout_1]: [scout_1] Landing Controller: ONLINE
[INFO] [1786325736.473315761] [landing_scout_1]: [scout_1] Landing controller state: IDLE
[INFO] [1786325741.473205559] [landing_scout_1]: [scout_1] Landing controller state: IDLE
[INFO] [1786325746.474160622] [landing_scout_1]: [scout_1] Landing controller state: IDLE
[INFO] [1786325751.473099402] [landing_scout_1]: [scout_1] Landing controller state: IDLE
[INFO] [1786325756.473217358] [landing_scout_1]: [scout_1] Landing controller state: IDLE
[INFO] [1786325761.473253783] [landing_scout_1]: [scout_1] Landing controller state: IDLE
[INFO] [1786325766.473404510] [landing_scout_1]: [scout_1] Landing controller state: IDLE
[INFO] [1786325771.473241204] [landing_scout_1]: [scout_1] Landing controller state: IDLE
[INFO] [1786325776.473297663] [landing_scout_1]: [scout_1] Landing controller state: IDLE
[INFO] [1786325781.473084049] [landing_scout_1]: [scout_1] Landing controller state: IDLE
[INFO] [1786325786.473298649] [landing_scout_1]: [scout_1] Landing controller state: IDLE
[INFO] [1786325791.473317870] [landing_scout_1]: [scout_1] Landing controller state: IDLE
[INFO] [1786325796.063397974] [landing_scout_1]: [scout_1] 🚀 Jump detected → FLIGHT mode (contact detection blanked 100 s for launch)
[INFO] [1786325796.104544093] [landing_scout_1]: [scout_1] 📏 CALIBSERIES t=0.0s v=0.01699 m/s (vx=0.00973 vy=-0.00006 vz=-0.01393)
[INFO] [1786325796.474186736] [landing_scout_1]: [scout_1] Landing controller state: FLIGHT
[INFO] [1786325798.107394510] [landing_scout_1]: [scout_1] 📏 CALIBSERIES t=2.0s v=0.00795 m/s (vx=0.00001 vy=0.00000 vz=-0.00795)
[INFO] [1786325800.110289755] [landing_scout_1]: [scout_1] 📏 CALIBSERIES t=4.0s v=0.00818 m/s (vx=0.00001 vy=0.00000 vz=-0.00818)
[INFO] [1786325801.473697994] [landing_scout_1]: [scout_1] Landing controller state: FLIGHT
[INFO] [1786325802.115501682] [landing_scout_1]: [scout_1] 📏 CALIBSERIES t=6.1s v=0.00841 m/s (vx=0.00001 vy=0.00000 vz=-0.00841)
[INFO] [1786325804.115752452] [landing_scout_1]: [scout_1] 📏 CALIBSERIES t=8.1s v=0.00864 m/s (vx=0.00001 vy=0.00000 vz=-0.00864)
[INFO] [1786325806.165573823] [landing_scout_1]: [scout_1] 📏 CALIBSERIES t=10.1s v=0.00887 m/s (vx=0.00001 vy=0.00000 vz=-0.00887)
[INFO] [1786325806.473298672] [landing_scout_1]: [scout_1] Landing controller state: FLIGHT
[INFO] [1786325808.172616320] [landing_scout_1]: [scout_1] 📏 CALIBSERIES t=12.1s v=0.00910 m/s (vx=0.00001 vy=0.00000 vz=-0.00910)
[INFO] [1786325810.177619802] [landing_scout_1]: [scout_1] 📏 CALIBSERIES t=14.1s v=0.00932 m/s (vx=0.00001 vy=0.00000 vz=-0.00932)
[INFO] [1786325810.178337068] [landing_scout_1]: [scout_1] 📏 CALIBSTABLE t=14.1s v=0.00932 m/s (vx=0.00001 vy=0.00000 vz=-0.00932) -- 3 consecutive samples steady
[INFO] [1786325811.473230695] [landing_scout_1]: [scout_1] Landing controller state: FLIGHT
