[INFO] [1786323650.832677905] [landing_scout_1]: [scout_1] Landing Controller: ONLINE
[INFO] [1786323655.886307079] [landing_scout_1]: [scout_1] Landing controller state: IDLE
[INFO] [1786323660.887710577] [landing_scout_1]: [scout_1] Landing controller state: IDLE
[INFO] [1786323665.885950192] [landing_scout_1]: [scout_1] Landing controller state: IDLE
[INFO] [1786323670.886620825] [landing_scout_1]: [scout_1] Landing controller state: IDLE
[INFO] [1786323675.886057983] [landing_scout_1]: [scout_1] Landing controller state: IDLE
[INFO] [1786323680.886603017] [landing_scout_1]: [scout_1] Landing controller state: IDLE
[INFO] [1786323685.886015984] [landing_scout_1]: [scout_1] Landing controller state: IDLE
[INFO] [1786323690.886117640] [landing_scout_1]: [scout_1] Landing controller state: IDLE
[INFO] [1786323695.885908419] [landing_scout_1]: [scout_1] Landing controller state: IDLE
[INFO] [1786323700.886119418] [landing_scout_1]: [scout_1] Landing controller state: IDLE
[INFO] [1786323705.886143577] [landing_scout_1]: [scout_1] Landing controller state: IDLE
[INFO] [1786323710.886414189] [landing_scout_1]: [scout_1] Landing controller state: IDLE
[INFO] [1786323715.502487873] [landing_scout_1]: [scout_1] 🚀 Jump detected → FLIGHT mode (contact detection blanked 100 s for launch)
[INFO] [1786323715.506273403] [landing_scout_1]: [scout_1] 📏 CALIBSERIES t=0.0s v=0.01302 m/s (vx=0.01243 vy=-0.00012 vz=-0.00386)
[INFO] [1786323715.885978830] [landing_scout_1]: [scout_1] Landing controller state: FLIGHT
[INFO] [1786323717.508638892] [landing_scout_1]: [scout_1] 📏 CALIBSERIES t=2.0s v=0.00796 m/s (vx=-0.00002 vy=-0.00000 vz=-0.00796)
[INFO] [1786323719.515023609] [landing_scout_1]: [scout_1] 📏 CALIBSERIES t=4.0s v=0.00819 m/s (vx=-0.00002 vy=-0.00000 vz=-0.00819)
[INFO] [1786323720.885992394] [landing_scout_1]: [scout_1] Landing controller state: FLIGHT
[INFO] [1786323721.532042695] [landing_scout_1]: [scout_1] 📏 CALIBSERIES t=6.0s v=0.00842 m/s (vx=-0.00002 vy=-0.00000 vz=-0.00842)
[INFO] [1786323723.535411269] [landing_scout_1]: [scout_1] 📏 CALIBSERIES t=8.0s v=0.00865 m/s (vx=-0.00002 vy=-0.00000 vz=-0.00865)
[INFO] [1786323725.538493362] [landing_scout_1]: [scout_1] 📏 CALIBSERIES t=10.0s v=0.00888 m/s (vx=-0.00002 vy=-0.00000 vz=-0.00888)
[INFO] [1786323725.886140733] [landing_scout_1]: [scout_1] Landing controller state: FLIGHT
[INFO] [1786323727.542425570] [landing_scout_1]: [scout_1] 📏 CALIBSERIES t=12.0s v=0.00910 m/s (vx=-0.00002 vy=-0.00000 vz=-0.00910)
[INFO] [1786323729.563455249] [landing_scout_1]: [scout_1] 📏 CALIBSERIES t=14.1s v=0.00933 m/s (vx=-0.00002 vy=-0.00000 vz=-0.00933)
[INFO] [1786323729.564052740] [landing_scout_1]: [scout_1] 📏 CALIBSTABLE t=14.1s v=0.00933 m/s (vx=-0.00002 vy=-0.00000 vz=-0.00933) -- 3 consecutive samples steady
