[INFO] [1786324517.709243107] [landing_scout_1]: [scout_1] Landing Controller: ONLINE
[INFO] [1786324522.762736505] [landing_scout_1]: [scout_1] Landing controller state: IDLE
[INFO] [1786324527.762707784] [landing_scout_1]: [scout_1] Landing controller state: IDLE
[INFO] [1786324532.762712007] [landing_scout_1]: [scout_1] Landing controller state: IDLE
[INFO] [1786324537.762756860] [landing_scout_1]: [scout_1] Landing controller state: IDLE
[INFO] [1786324542.762809379] [landing_scout_1]: [scout_1] Landing controller state: IDLE
[INFO] [1786324547.763260752] [landing_scout_1]: [scout_1] Landing controller state: IDLE
[INFO] [1786324552.762809409] [landing_scout_1]: [scout_1] Landing controller state: IDLE
[INFO] [1786324557.763701886] [landing_scout_1]: [scout_1] Landing controller state: IDLE
[INFO] [1786324562.763132918] [landing_scout_1]: [scout_1] Landing controller state: IDLE
[INFO] [1786324567.762862312] [landing_scout_1]: [scout_1] Landing controller state: IDLE
[INFO] [1786324572.762827634] [landing_scout_1]: [scout_1] Landing controller state: IDLE
[INFO] [1786324577.762955481] [landing_scout_1]: [scout_1] Landing controller state: IDLE
[INFO] [1786324582.319404240] [landing_scout_1]: [scout_1] 🚀 Jump detected → FLIGHT mode (contact detection blanked 100 s for launch)
[INFO] [1786324582.368783554] [landing_scout_1]: [scout_1] 📏 CALIBSERIES t=0.0s v=0.00977 m/s (vx=-0.00729 vy=0.00063 vz=-0.00648)
[INFO] [1786324582.762924235] [landing_scout_1]: [scout_1] Landing controller state: FLIGHT
[INFO] [1786324584.393347027] [landing_scout_1]: [scout_1] 📏 CALIBSERIES t=2.1s v=0.00796 m/s (vx=-0.00001 vy=0.00000 vz=-0.00796)
[INFO] [1786324586.394307049] [landing_scout_1]: [scout_1] 📏 CALIBSERIES t=4.1s v=0.00819 m/s (vx=-0.00001 vy=0.00000 vz=-0.00819)
[INFO] [1786324587.762886084] [landing_scout_1]: [scout_1] Landing controller state: FLIGHT
[INFO] [1786324588.405380898] [landing_scout_1]: [scout_1] 📏 CALIBSERIES t=6.1s v=0.00841 m/s (vx=-0.00001 vy=0.00000 vz=-0.00841)
[INFO] [1786324590.407276924] [landing_scout_1]: [scout_1] 📏 CALIBSERIES t=8.1s v=0.00864 m/s (vx=-0.00001 vy=0.00000 vz=-0.00864)
[INFO] [1786324592.418029205] [landing_scout_1]: [scout_1] 📏 CALIBSERIES t=10.1s v=0.00887 m/s (vx=-0.00001 vy=0.00000 vz=-0.00887)
[INFO] [1786324592.762948307] [landing_scout_1]: [scout_1] Landing controller state: FLIGHT
[INFO] [1786324594.467596612] [landing_scout_1]: [scout_1] 📏 CALIBSERIES t=12.1s v=0.00910 m/s (vx=-0.00001 vy=0.00000 vz=-0.00910)
