[INFO] [1786312119.643880887] [landing_scout_1]: [scout_1] Landing Controller: ONLINE
[INFO] [1786312124.698717530] [landing_scout_1]: [scout_1] Landing controller state: IDLE
[INFO] [1786312129.697841649] [landing_scout_1]: [scout_1] Landing controller state: IDLE
[INFO] [1786312134.697813963] [landing_scout_1]: [scout_1] Landing controller state: IDLE
[INFO] [1786312139.697843920] [landing_scout_1]: [scout_1] Landing controller state: IDLE
[INFO] [1786312144.697545562] [landing_scout_1]: [scout_1] Landing controller state: IDLE
[INFO] [1786312149.697559128] [landing_scout_1]: [scout_1] Landing controller state: IDLE
[INFO] [1786312154.697665306] [landing_scout_1]: [scout_1] Landing controller state: IDLE
[INFO] [1786312159.698009502] [landing_scout_1]: [scout_1] Landing controller state: IDLE
[INFO] [1786312164.697694373] [landing_scout_1]: [scout_1] Landing controller state: IDLE
[INFO] [1786312169.697635826] [landing_scout_1]: [scout_1] Landing controller state: IDLE
[INFO] [1786312174.697816674] [landing_scout_1]: [scout_1] Landing controller state: IDLE
[INFO] [1786312179.697868630] [landing_scout_1]: [scout_1] Landing controller state: IDLE
[INFO] [1786312184.399355261] [landing_scout_1]: [scout_1] 🚀 Jump detected → FLIGHT mode (contact detection blanked 100 s for launch)
[INFO] [1786312184.411615413] [landing_scout_1]: [scout_1] 📏 CALIBSERIES t=0.0s v=0.01105 m/s (vx=0.00432 vy=-0.00138 vz=-0.01008)
[INFO] [1786312184.698233721] [landing_scout_1]: [scout_1] Landing controller state: FLIGHT
[INFO] [1786312186.413819555] [landing_scout_1]: [scout_1] 📏 CALIBSERIES t=2.0s v=0.00796 m/s (vx=-0.00000 vy=0.00000 vz=-0.00796)
[INFO] [1786312188.417250026] [landing_scout_1]: [scout_1] 📏 CALIBSERIES t=4.0s v=0.00819 m/s (vx=-0.00000 vy=0.00000 vz=-0.00819)
[INFO] [1786312189.697690186] [landing_scout_1]: [scout_1] Landing controller state: FLIGHT
[INFO] [1786312190.449484699] [landing_scout_1]: [scout_1] 📏 CALIBSERIES t=6.1s v=0.00842 m/s (vx=-0.00000 vy=0.00000 vz=-0.00842)
[INFO] [1786312192.452158985] [landing_scout_1]: [scout_1] 📏 CALIBSERIES t=8.1s v=0.00865 m/s (vx=-0.00000 vy=0.00000 vz=-0.00865)
[INFO] [1786312194.456504566] [landing_scout_1]: [scout_1] 📏 CALIBSERIES t=10.1s v=0.00887 m/s (vx=-0.00000 vy=0.00000 vz=-0.00887)
[INFO] [1786312194.697715676] [landing_scout_1]: [scout_1] Landing controller state: FLIGHT
[INFO] [1786312196.462528706] [landing_scout_1]: [scout_1] 📏 CALIBSERIES t=12.1s v=0.00910 m/s (vx=-0.00000 vy=0.00000 vz=-0.00910)
[INFO] [1786312198.468713167] [landing_scout_1]: [scout_1] 📏 CALIBSERIES t=14.1s v=0.00933 m/s (vx=-0.00000 vy=0.00000 vz=-0.00933)
[INFO] [1786312198.470105128] [landing_scout_1]: [scout_1] 📏 CALIBSTABLE t=14.1s v=0.00933 m/s (vx=-0.00000 vy=0.00000 vz=-0.00933) -- 3 consecutive samples steady
[INFO] [1786312199.697553930] [landing_scout_1]: [scout_1] Landing controller state: FLIGHT
