[INFO] [1786316265.667275360] [landing_scout_1]: [scout_1] Landing Controller: ONLINE
[INFO] [1786316270.729625286] [landing_scout_1]: [scout_1] Landing controller state: IDLE
[INFO] [1786316275.728180756] [landing_scout_1]: [scout_1] Landing controller state: IDLE
[INFO] [1786316280.729668792] [landing_scout_1]: [scout_1] Landing controller state: IDLE
[INFO] [1786316285.728180862] [landing_scout_1]: [scout_1] Landing controller state: IDLE
[INFO] [1786316290.728286085] [landing_scout_1]: [scout_1] Landing controller state: IDLE
[INFO] [1786316295.727948689] [landing_scout_1]: [scout_1] Landing controller state: IDLE
[INFO] [1786316300.728041939] [landing_scout_1]: [scout_1] Landing controller state: IDLE
[INFO] [1786316305.728189107] [landing_scout_1]: [scout_1] Landing controller state: IDLE
[INFO] [1786316310.728428104] [landing_scout_1]: [scout_1] Landing controller state: IDLE
[INFO] [1786316315.728809624] [landing_scout_1]: [scout_1] Landing controller state: IDLE
[INFO] [1786316320.728404085] [landing_scout_1]: [scout_1] Landing controller state: IDLE
[INFO] [1786316325.728229043] [landing_scout_1]: [scout_1] Landing controller state: IDLE
[INFO] [1786316330.317493309] [landing_scout_1]: [scout_1] 🚀 Jump detected → FLIGHT mode (contact detection blanked 100 s for launch)
[INFO] [1786316330.356726004] [landing_scout_1]: [scout_1] 📏 CALIBSERIES t=0.0s v=0.01225 m/s (vx=0.00557 vy=-0.00004 vz=-0.01091)
[INFO] [1786316330.728774207] [landing_scout_1]: [scout_1] Landing controller state: FLIGHT
[INFO] [1786316332.359424649] [landing_scout_1]: [scout_1] 📏 CALIBSERIES t=2.0s v=0.00796 m/s (vx=-0.00000 vy=-0.00000 vz=-0.00796)
[INFO] [1786316334.362714041] [landing_scout_1]: [scout_1] 📏 CALIBSERIES t=4.0s v=0.00819 m/s (vx=-0.00000 vy=-0.00000 vz=-0.00819)
[INFO] [1786316335.728253127] [landing_scout_1]: [scout_1] Landing controller state: FLIGHT
[INFO] [1786316336.368844633] [landing_scout_1]: [scout_1] 📏 CALIBSERIES t=6.1s v=0.00841 m/s (vx=-0.00000 vy=-0.00000 vz=-0.00841)
[INFO] [1786316338.400025977] [landing_scout_1]: [scout_1] 📏 CALIBSERIES t=8.1s v=0.00864 m/s (vx=-0.00000 vy=-0.00000 vz=-0.00864)
[INFO] [1786316340.407782735] [landing_scout_1]: [scout_1] 📏 CALIBSERIES t=10.1s v=0.00887 m/s (vx=-0.00000 vy=-0.00000 vz=-0.00887)
[INFO] [1786316340.728431138] [landing_scout_1]: [scout_1] Landing controller state: FLIGHT
[INFO] [1786316342.409532238] [landing_scout_1]: [scout_1] 📏 CALIBSERIES t=12.1s v=0.00910 m/s (vx=-0.00000 vy=-0.00000 vz=-0.00910)
