[INFO] [1786322100.589643031] [landing_scout_1]: [scout_1] Landing Controller: ONLINE
[INFO] [1786322105.642023104] [landing_scout_1]: [scout_1] Landing controller state: IDLE
[INFO] [1786322110.641164899] [landing_scout_1]: [scout_1] Landing controller state: IDLE
[INFO] [1786322115.641226096] [landing_scout_1]: [scout_1] Landing controller state: IDLE
[INFO] [1786322120.641100985] [landing_scout_1]: [scout_1] Landing controller state: IDLE
[INFO] [1786322125.641611775] [landing_scout_1]: [scout_1] Landing controller state: IDLE
[INFO] [1786322130.641077206] [landing_scout_1]: [scout_1] Landing controller state: IDLE
[INFO] [1786322135.640988133] [landing_scout_1]: [scout_1] Landing controller state: IDLE
[INFO] [1786322140.641235034] [landing_scout_1]: [scout_1] Landing controller state: IDLE
[INFO] [1786322145.642249090] [landing_scout_1]: [scout_1] Landing controller state: IDLE
[INFO] [1786322150.641461518] [landing_scout_1]: [scout_1] Landing controller state: IDLE
[INFO] [1786322155.641903346] [landing_scout_1]: [scout_1] Landing controller state: IDLE
[INFO] [1786322160.641185209] [landing_scout_1]: [scout_1] Landing controller state: IDLE
[INFO] [1786322165.282677618] [landing_scout_1]: [scout_1] 🚀 Jump detected → FLIGHT mode (contact detection blanked 100 s for launch)
[INFO] [1786322165.311118420] [landing_scout_1]: [scout_1] 📏 CALIBSERIES t=0.0s v=0.01586 m/s (vx=0.00794 vy=-0.00003 vz=-0.01373)
[INFO] [1786322165.641707417] [landing_scout_1]: [scout_1] Landing controller state: FLIGHT
[INFO] [1786322167.312605382] [landing_scout_1]: [scout_1] 📏 CALIBSERIES t=2.0s v=0.00797 m/s (vx=0.00000 vy=-0.00000 vz=-0.00797)
[INFO] [1786322169.313156598] [landing_scout_1]: [scout_1] 📏 CALIBSERIES t=4.0s v=0.00820 m/s (vx=0.00000 vy=-0.00000 vz=-0.00820)
[INFO] [1786322170.641109097] [landing_scout_1]: [scout_1] Landing controller state: FLIGHT
[INFO] [1786322171.320940446] [landing_scout_1]: [scout_1] 📏 CALIBSERIES t=6.0s v=0.00842 m/s (vx=0.00000 vy=-0.00000 vz=-0.00842)
[INFO] [1786322173.329463791] [landing_scout_1]: [scout_1] 📏 CALIBSERIES t=8.0s v=0.00865 m/s (vx=0.00000 vy=-0.00000 vz=-0.00865)
[INFO] [1786322175.335640488] [landing_scout_1]: [scout_1] 📏 CALIBSERIES t=10.1s v=0.00888 m/s (vx=0.00000 vy=-0.00000 vz=-0.00888)
[INFO] [1786322175.641191684] [landing_scout_1]: [scout_1] Landing controller state: FLIGHT
[INFO] [1786322177.341051706] [landing_scout_1]: [scout_1] 📏 CALIBSERIES t=12.1s v=0.00911 m/s (vx=0.00000 vy=-0.00000 vz=-0.00911)
[INFO] [1786322179.344838556] [landing_scout_1]: [scout_1] 📏 CALIBSERIES t=14.1s v=0.00934 m/s (vx=0.00000 vy=-0.00000 vz=-0.00934)
[INFO] [1786322179.345533042] [landing_scout_1]: [scout_1] 📏 CALIBSTABLE t=14.1s v=0.00934 m/s (vx=0.00000 vy=-0.00000 vz=-0.00934) -- 3 consecutive samples steady
[INFO] [1786322180.641839722] [landing_scout_1]: [scout_1] Landing controller state: FLIGHT
