[INFO] [1786323745.520724470] [landing_scout_1]: [scout_1] Landing Controller: ONLINE
[INFO] [1786323750.575806997] [landing_scout_1]: [scout_1] Landing controller state: IDLE
[INFO] [1786323755.576724335] [landing_scout_1]: [scout_1] Landing controller state: IDLE
[INFO] [1786323760.575815652] [landing_scout_1]: [scout_1] Landing controller state: IDLE
[INFO] [1786323765.575906756] [landing_scout_1]: [scout_1] Landing controller state: IDLE
[INFO] [1786323770.575943373] [landing_scout_1]: [scout_1] Landing controller state: IDLE
[INFO] [1786323775.576320133] [landing_scout_1]: [scout_1] Landing controller state: IDLE
[INFO] [1786323780.576183281] [landing_scout_1]: [scout_1] Landing controller state: IDLE
[INFO] [1786323785.575776935] [landing_scout_1]: [scout_1] Landing controller state: IDLE
[INFO] [1786323790.575969817] [landing_scout_1]: [scout_1] Landing controller state: IDLE
[INFO] [1786323795.576314105] [landing_scout_1]: [scout_1] Landing controller state: IDLE
[INFO] [1786323800.576088330] [landing_scout_1]: [scout_1] Landing controller state: IDLE
[INFO] [1786323805.575978225] [landing_scout_1]: [scout_1] Landing controller state: IDLE
[INFO] [1786323810.277249875] [landing_scout_1]: [scout_1] 🚀 Jump detected → FLIGHT mode (contact detection blanked 100 s for launch)
[INFO] [1786323810.306770022] [landing_scout_1]: [scout_1] 📏 CALIBSERIES t=0.0s v=0.01489 m/s (vx=0.00423 vy=-0.00002 vz=-0.01428)
[INFO] [1786323810.576625313] [landing_scout_1]: [scout_1] Landing controller state: FLIGHT
[INFO] [1786323812.313560012] [landing_scout_1]: [scout_1] 📏 CALIBSERIES t=2.0s v=0.00797 m/s (vx=-0.00001 vy=0.00000 vz=-0.00797)
[INFO] [1786323814.316815810] [landing_scout_1]: [scout_1] 📏 CALIBSERIES t=4.0s v=0.00820 m/s (vx=-0.00000 vy=0.00000 vz=-0.00820)
[INFO] [1786323815.576013511] [landing_scout_1]: [scout_1] Landing controller state: FLIGHT
[INFO] [1786323816.320327668] [landing_scout_1]: [scout_1] 📏 CALIBSERIES t=6.0s v=0.00842 m/s (vx=-0.00001 vy=0.00000 vz=-0.00842)
[INFO] [1786323818.320665726] [landing_scout_1]: [scout_1] 📏 CALIBSERIES t=8.0s v=0.00865 m/s (vx=-0.00001 vy=0.00000 vz=-0.00865)
[INFO] [1786323820.326741909] [landing_scout_1]: [scout_1] 📏 CALIBSERIES t=10.0s v=0.00888 m/s (vx=-0.00001 vy=0.00000 vz=-0.00888)
[INFO] [1786323820.576017703] [landing_scout_1]: [scout_1] Landing controller state: FLIGHT
[INFO] [1786323822.329317287] [landing_scout_1]: [scout_1] 📏 CALIBSERIES t=12.1s v=0.00911 m/s (vx=-0.00001 vy=0.00000 vz=-0.00911)
[INFO] [1786323824.331665135] [landing_scout_1]: [scout_1] 📏 CALIBSERIES t=14.1s v=0.00934 m/s (vx=-0.00001 vy=0.00000 vz=-0.00934)
[INFO] [1786323824.332447239] [landing_scout_1]: [scout_1] 📏 CALIBSTABLE t=14.1s v=0.00934 m/s (vx=-0.00001 vy=0.00000 vz=-0.00934) -- 3 consecutive samples steady
[INFO] [1786323825.576346514] [landing_scout_1]: [scout_1] Landing controller state: FLIGHT
