[INFO] [1786326775.364929780] [landing_scout_1]: [scout_1] Landing Controller: ONLINE
[INFO] [1786326780.421940449] [landing_scout_1]: [scout_1] Landing controller state: IDLE
[INFO] [1786326785.421873905] [landing_scout_1]: [scout_1] Landing controller state: IDLE
[INFO] [1786326790.422524129] [landing_scout_1]: [scout_1] Landing controller state: IDLE
[INFO] [1786326795.421958398] [landing_scout_1]: [scout_1] Landing controller state: IDLE
[INFO] [1786326800.421662309] [landing_scout_1]: [scout_1] Landing controller state: IDLE
[INFO] [1786326805.421804108] [landing_scout_1]: [scout_1] Landing controller state: IDLE
[INFO] [1786326810.421756061] [landing_scout_1]: [scout_1] Landing controller state: IDLE
[INFO] [1786326815.421787266] [landing_scout_1]: [scout_1] Landing controller state: IDLE
[INFO] [1786326820.422694821] [landing_scout_1]: [scout_1] Landing controller state: IDLE
[INFO] [1786326825.421588274] [landing_scout_1]: [scout_1] Landing controller state: IDLE
[INFO] [1786326830.421717200] [landing_scout_1]: [scout_1] Landing controller state: IDLE
[INFO] [1786326835.421769909] [landing_scout_1]: [scout_1] Landing controller state: IDLE
[INFO] [1786326840.050045707] [landing_scout_1]: [scout_1] 🚀 Jump detected → FLIGHT mode (contact detection blanked 100 s for launch)
[INFO] [1786326840.089872589] [landing_scout_1]: [scout_1] 📏 CALIBSERIES t=0.0s v=0.01474 m/s (vx=0.00295 vy=-0.00001 vz=-0.01444)
[INFO] [1786326840.422582471] [landing_scout_1]: [scout_1] Landing controller state: FLIGHT
[INFO] [1786326842.094987066] [landing_scout_1]: [scout_1] 📏 CALIBSERIES t=2.0s v=0.00797 m/s (vx=-0.00001 vy=-0.00000 vz=-0.00797)
[INFO] [1786326844.097349593] [landing_scout_1]: [scout_1] 📏 CALIBSERIES t=4.0s v=0.00820 m/s (vx=-0.00001 vy=-0.00000 vz=-0.00820)
[INFO] [1786326845.422975616] [landing_scout_1]: [scout_1] Landing controller state: FLIGHT
[INFO] [1786326846.101653996] [landing_scout_1]: [scout_1] 📏 CALIBSERIES t=6.1s v=0.00843 m/s (vx=-0.00001 vy=-0.00000 vz=-0.00843)
[INFO] [1786326848.102328403] [landing_scout_1]: [scout_1] 📏 CALIBSERIES t=8.1s v=0.00866 m/s (vx=-0.00001 vy=-0.00000 vz=-0.00866)
[INFO] [1786326850.109057084] [landing_scout_1]: [scout_1] 📏 CALIBSERIES t=10.1s v=0.00889 m/s (vx=-0.00001 vy=-0.00000 vz=-0.00889)
[INFO] [1786326850.421651061] [landing_scout_1]: [scout_1] Landing controller state: FLIGHT
[INFO] [1786326852.115606002] [landing_scout_1]: [scout_1] 📏 CALIBSERIES t=12.1s v=0.00911 m/s (vx=-0.00001 vy=-0.00000 vz=-0.00911)
[INFO] [1786326854.117096458] [landing_scout_1]: [scout_1] 📏 CALIBSERIES t=14.1s v=0.00934 m/s (vx=-0.00001 vy=-0.00000 vz=-0.00934)
[INFO] [1786326854.117722516] [landing_scout_1]: [scout_1] 📏 CALIBSTABLE t=14.1s v=0.00934 m/s (vx=-0.00001 vy=-0.00000 vz=-0.00934) -- 3 consecutive samples steady
[INFO] [1786326855.422476061] [landing_scout_1]: [scout_1] Landing controller state: FLIGHT
