[INFO] [1786326079.962192458] [landing_scout_1]: [scout_1] Landing Controller: ONLINE
[INFO] [1786326085.011805049] [landing_scout_1]: [scout_1] Landing controller state: IDLE
[INFO] [1786326090.011968402] [landing_scout_1]: [scout_1] Landing controller state: IDLE
[INFO] [1786326095.011909385] [landing_scout_1]: [scout_1] Landing controller state: IDLE
[INFO] [1786326100.012135669] [landing_scout_1]: [scout_1] Landing controller state: IDLE
[INFO] [1786326105.011965184] [landing_scout_1]: [scout_1] Landing controller state: IDLE
[INFO] [1786326110.011876550] [landing_scout_1]: [scout_1] Landing controller state: IDLE
[INFO] [1786326115.011852164] [landing_scout_1]: [scout_1] Landing controller state: IDLE
[INFO] [1786326120.012027516] [landing_scout_1]: [scout_1] Landing controller state: IDLE
[INFO] [1786326125.011949406] [landing_scout_1]: [scout_1] Landing controller state: IDLE
[INFO] [1786326130.011998326] [landing_scout_1]: [scout_1] Landing controller state: IDLE
[INFO] [1786326135.012037454] [landing_scout_1]: [scout_1] Landing controller state: IDLE
[INFO] [1786326140.011838270] [landing_scout_1]: [scout_1] Landing controller state: IDLE
[INFO] [1786326144.694937880] [landing_scout_1]: [scout_1] 🚀 Jump detected → FLIGHT mode (contact detection blanked 100 s for launch)
[INFO] [1786326144.698103500] [landing_scout_1]: [scout_1] 📏 CALIBSERIES t=0.0s v=0.01242 m/s (vx=0.01156 vy=-0.00009 vz=-0.00456)
[INFO] [1786326145.011888890] [landing_scout_1]: [scout_1] Landing controller state: FLIGHT
[INFO] [1786326146.747976357] [landing_scout_1]: [scout_1] 📏 CALIBSERIES t=2.1s v=0.00797 m/s (vx=-0.00001 vy=-0.00000 vz=-0.00797)
[INFO] [1786326148.747818548] [landing_scout_1]: [scout_1] 📏 CALIBSERIES t=4.1s v=0.00820 m/s (vx=-0.00001 vy=-0.00000 vz=-0.00820)
[INFO] [1786326150.012102711] [landing_scout_1]: [scout_1] Landing controller state: FLIGHT
[INFO] [1786326150.753162994] [landing_scout_1]: [scout_1] 📏 CALIBSERIES t=6.1s v=0.00843 m/s (vx=-0.00001 vy=-0.00000 vz=-0.00843)
[INFO] [1786326152.759494186] [landing_scout_1]: [scout_1] 📏 CALIBSERIES t=8.1s v=0.00866 m/s (vx=-0.00001 vy=-0.00000 vz=-0.00866)
[INFO] [1786326154.760795659] [landing_scout_1]: [scout_1] 📏 CALIBSERIES t=10.1s v=0.00889 m/s (vx=-0.00001 vy=-0.00000 vz=-0.00889)
[INFO] [1786326155.011962416] [landing_scout_1]: [scout_1] Landing controller state: FLIGHT
[INFO] [1786326156.768394179] [landing_scout_1]: [scout_1] 📏 CALIBSERIES t=12.1s v=0.00911 m/s (vx=-0.00001 vy=-0.00000 vz=-0.00911)
[INFO] [1786326158.772994728] [landing_scout_1]: [scout_1] 📏 CALIBSERIES t=14.1s v=0.00934 m/s (vx=-0.00001 vy=-0.00000 vz=-0.00934)
[INFO] [1786326158.773665901] [landing_scout_1]: [scout_1] 📏 CALIBSTABLE t=14.1s v=0.00934 m/s (vx=-0.00001 vy=-0.00000 vz=-0.00934) -- 3 consecutive samples steady
[INFO] [1786326160.012429367] [landing_scout_1]: [scout_1] Landing controller state: FLIGHT
