[INFO] [1786313937.567620094] [landing_scout_1]: [scout_1] Landing Controller: ONLINE
[INFO] [1786313942.619819277] [landing_scout_1]: [scout_1] Landing controller state: IDLE
[INFO] [1786313947.619796365] [landing_scout_1]: [scout_1] Landing controller state: IDLE
[INFO] [1786313952.620483494] [landing_scout_1]: [scout_1] Landing controller state: IDLE
[INFO] [1786313957.619732444] [landing_scout_1]: [scout_1] Landing controller state: IDLE
[INFO] [1786313962.620571238] [landing_scout_1]: [scout_1] Landing controller state: IDLE
[INFO] [1786313967.621008936] [landing_scout_1]: [scout_1] Landing controller state: IDLE
[INFO] [1786313972.619773734] [landing_scout_1]: [scout_1] Landing controller state: IDLE
[INFO] [1786313977.619979840] [landing_scout_1]: [scout_1] Landing controller state: IDLE
[INFO] [1786313982.620716177] [landing_scout_1]: [scout_1] Landing controller state: IDLE
[INFO] [1786313987.620493110] [landing_scout_1]: [scout_1] Landing controller state: IDLE
[INFO] [1786313992.619923398] [landing_scout_1]: [scout_1] Landing controller state: IDLE
[INFO] [1786313997.619724068] [landing_scout_1]: [scout_1] Landing controller state: IDLE
[INFO] [1786314002.301856197] [landing_scout_1]: [scout_1] 🚀 Jump detected → FLIGHT mode (contact detection blanked 100 s for launch)
[INFO] [1786314002.346213244] [landing_scout_1]: [scout_1] 📏 CALIBSERIES t=0.0s v=0.01716 m/s (vx=0.01074 vy=-0.00007 vz=-0.01338)
[INFO] [1786314002.620349481] [landing_scout_1]: [scout_1] Landing controller state: FLIGHT
[INFO] [1786314004.348337920] [landing_scout_1]: [scout_1] 📏 CALIBSERIES t=2.0s v=0.00797 m/s (vx=0.00001 vy=-0.00000 vz=-0.00797)
[INFO] [1786314006.353264794] [landing_scout_1]: [scout_1] 📏 CALIBSERIES t=4.1s v=0.00820 m/s (vx=0.00001 vy=-0.00000 vz=-0.00820)
[INFO] [1786314007.619852901] [landing_scout_1]: [scout_1] Landing controller state: FLIGHT
[INFO] [1786314008.356450147] [landing_scout_1]: [scout_1] 📏 CALIBSERIES t=6.1s v=0.00843 m/s (vx=0.00001 vy=-0.00000 vz=-0.00843)
[INFO] [1786314010.362241516] [landing_scout_1]: [scout_1] 📏 CALIBSERIES t=8.1s v=0.00866 m/s (vx=0.00001 vy=-0.00000 vz=-0.00866)
[INFO] [1786314012.367397975] [landing_scout_1]: [scout_1] 📏 CALIBSERIES t=10.1s v=0.00889 m/s (vx=0.00001 vy=-0.00000 vz=-0.00889)
[INFO] [1786314012.619865701] [landing_scout_1]: [scout_1] Landing controller state: FLIGHT
[INFO] [1786314014.389010918] [landing_scout_1]: [scout_1] 📏 CALIBSERIES t=12.1s v=0.00911 m/s (vx=0.00001 vy=-0.00000 vz=-0.00911)
[INFO] [1786314016.391755044] [landing_scout_1]: [scout_1] 📏 CALIBSERIES t=14.1s v=0.00934 m/s (vx=0.00001 vy=-0.00000 vz=-0.00934)
[INFO] [1786314016.392407210] [landing_scout_1]: [scout_1] 📏 CALIBSTABLE t=14.1s v=0.00934 m/s (vx=0.00001 vy=-0.00000 vz=-0.00934) -- 3 consecutive samples steady
[INFO] [1786314017.620498771] [landing_scout_1]: [scout_1] Landing controller state: FLIGHT
