[INFO] [1786319556.916424937] [landing_scout_1]: [scout_1] Landing Controller: ONLINE
[INFO] [1786319561.975505399] [landing_scout_1]: [scout_1] Landing controller state: IDLE
[INFO] [1786319566.975633122] [landing_scout_1]: [scout_1] Landing controller state: IDLE
[INFO] [1786319571.975468785] [landing_scout_1]: [scout_1] Landing controller state: IDLE
[INFO] [1786319576.975621411] [landing_scout_1]: [scout_1] Landing controller state: IDLE
[INFO] [1786319581.975632697] [landing_scout_1]: [scout_1] Landing controller state: IDLE
[INFO] [1786319586.975569062] [landing_scout_1]: [scout_1] Landing controller state: IDLE
[INFO] [1786319591.975628510] [landing_scout_1]: [scout_1] Landing controller state: IDLE
[INFO] [1786319596.976112830] [landing_scout_1]: [scout_1] Landing controller state: IDLE
[INFO] [1786319601.975483887] [landing_scout_1]: [scout_1] Landing controller state: IDLE
[INFO] [1786319606.976117504] [landing_scout_1]: [scout_1] Landing controller state: IDLE
[INFO] [1786319611.975700159] [landing_scout_1]: [scout_1] Landing controller state: IDLE
[INFO] [1786319616.975789681] [landing_scout_1]: [scout_1] Landing controller state: IDLE
[INFO] [1786319621.397824626] [landing_scout_1]: [scout_1] 🚀 Jump detected → FLIGHT mode (contact detection blanked 100 s for launch)
[INFO] [1786319621.407080592] [landing_scout_1]: [scout_1] 📏 CALIBSERIES t=0.0s v=0.00839 m/s (vx=0.00592 vy=-0.00004 vz=-0.00595)
[INFO] [1786319621.975309595] [landing_scout_1]: [scout_1] Landing controller state: FLIGHT
[INFO] [1786319623.409492722] [landing_scout_1]: [scout_1] 📏 CALIBSERIES t=2.0s v=0.00794 m/s (vx=0.00001 vy=-0.00000 vz=-0.00794)
[INFO] [1786319625.411409035] [landing_scout_1]: [scout_1] 📏 CALIBSERIES t=4.0s v=0.00817 m/s (vx=0.00001 vy=-0.00000 vz=-0.00817)
[INFO] [1786319626.975533262] [landing_scout_1]: [scout_1] Landing controller state: FLIGHT
[INFO] [1786319627.419920951] [landing_scout_1]: [scout_1] 📏 CALIBSERIES t=6.0s v=0.00840 m/s (vx=0.00001 vy=-0.00000 vz=-0.00840)
[INFO] [1786319629.421176962] [landing_scout_1]: [scout_1] 📏 CALIBSERIES t=8.0s v=0.00862 m/s (vx=0.00001 vy=-0.00000 vz=-0.00862)
[INFO] [1786319631.422349575] [landing_scout_1]: [scout_1] 📏 CALIBSERIES t=10.0s v=0.00885 m/s (vx=0.00001 vy=-0.00000 vz=-0.00885)
[INFO] [1786319631.975640458] [landing_scout_1]: [scout_1] Landing controller state: FLIGHT
[INFO] [1786319633.443052689] [landing_scout_1]: [scout_1] 📏 CALIBSERIES t=12.0s v=0.00908 m/s (vx=0.00001 vy=-0.00000 vz=-0.00908)
[INFO] [1786319635.466412009] [landing_scout_1]: [scout_1] 📏 CALIBSERIES t=14.1s v=0.00931 m/s (vx=0.00001 vy=-0.00000 vz=-0.00931)
[INFO] [1786319635.466974291] [landing_scout_1]: [scout_1] 📏 CALIBSTABLE t=14.1s v=0.00931 m/s (vx=0.00001 vy=-0.00000 vz=-0.00931) -- 3 consecutive samples steady
[INFO] [1786319636.976141977] [landing_scout_1]: [scout_1] Landing controller state: FLIGHT
