[INFO] [1786321489.973169944] [landing_scout_1]: [scout_1] Landing Controller: ONLINE
[INFO] [1786321495.026943549] [landing_scout_1]: [scout_1] Landing controller state: IDLE
[INFO] [1786321500.026187666] [landing_scout_1]: [scout_1] Landing controller state: IDLE
[INFO] [1786321505.026418608] [landing_scout_1]: [scout_1] Landing controller state: IDLE
[INFO] [1786321510.025916104] [landing_scout_1]: [scout_1] Landing controller state: IDLE
[INFO] [1786321515.025820598] [landing_scout_1]: [scout_1] Landing controller state: IDLE
[INFO] [1786321520.025783859] [landing_scout_1]: [scout_1] Landing controller state: IDLE
[INFO] [1786321525.025713347] [landing_scout_1]: [scout_1] Landing controller state: IDLE
[INFO] [1786321530.026505899] [landing_scout_1]: [scout_1] Landing controller state: IDLE
[INFO] [1786321535.025853805] [landing_scout_1]: [scout_1] Landing controller state: IDLE
[INFO] [1786321540.026141042] [landing_scout_1]: [scout_1] Landing controller state: IDLE
[INFO] [1786321545.025893739] [landing_scout_1]: [scout_1] Landing controller state: IDLE
[INFO] [1786321550.026139827] [landing_scout_1]: [scout_1] Landing controller state: IDLE
[INFO] [1786321554.539050642] [landing_scout_1]: [scout_1] 🚀 Jump detected → FLIGHT mode (contact detection blanked 100 s for launch)
[INFO] [1786321554.573559279] [landing_scout_1]: [scout_1] 📏 CALIBSERIES t=0.0s v=0.01582 m/s (vx=0.00691 vy=-0.00038 vz=-0.01422)
[INFO] [1786321555.025732085] [landing_scout_1]: [scout_1] Landing controller state: FLIGHT
[INFO] [1786321556.577822378] [landing_scout_1]: [scout_1] 📏 CALIBSERIES t=2.0s v=0.00795 m/s (vx=-0.00000 vy=0.00000 vz=-0.00795)
[INFO] [1786321558.582481135] [landing_scout_1]: [scout_1] 📏 CALIBSERIES t=4.0s v=0.00818 m/s (vx=-0.00000 vy=0.00000 vz=-0.00818)
[INFO] [1786321560.025977252] [landing_scout_1]: [scout_1] Landing controller state: FLIGHT
[INFO] [1786321560.584073218] [landing_scout_1]: [scout_1] 📏 CALIBSERIES t=6.0s v=0.00841 m/s (vx=-0.00000 vy=0.00000 vz=-0.00841)
[INFO] [1786321562.595378398] [landing_scout_1]: [scout_1] 📏 CALIBSERIES t=8.1s v=0.00864 m/s (vx=-0.00000 vy=0.00000 vz=-0.00864)
[INFO] [1786321564.598770449] [landing_scout_1]: [scout_1] 📏 CALIBSERIES t=10.1s v=0.00886 m/s (vx=-0.00000 vy=0.00000 vz=-0.00886)
[INFO] [1786321565.025821066] [landing_scout_1]: [scout_1] Landing controller state: FLIGHT
[INFO] [1786321566.605238403] [landing_scout_1]: [scout_1] 📏 CALIBSERIES t=12.1s v=0.00909 m/s (vx=-0.00000 vy=0.00000 vz=-0.00909)
[INFO] [1786321568.607786357] [landing_scout_1]: [scout_1] 📏 CALIBSERIES t=14.1s v=0.00932 m/s (vx=-0.00000 vy=0.00000 vz=-0.00932)
[INFO] [1786321568.608556850] [landing_scout_1]: [scout_1] 📏 CALIBSTABLE t=14.1s v=0.00932 m/s (vx=-0.00000 vy=0.00000 vz=-0.00932) -- 3 consecutive samples steady
