[INFO] [1786323999.661505855] [landing_scout_1]: [scout_1] Landing Controller: ONLINE
[INFO] [1786324004.711295265] [landing_scout_1]: [scout_1] Landing controller state: IDLE
[INFO] [1786324009.711177677] [landing_scout_1]: [scout_1] Landing controller state: IDLE
[INFO] [1786324014.710869988] [landing_scout_1]: [scout_1] Landing controller state: IDLE
[INFO] [1786324019.710605340] [landing_scout_1]: [scout_1] Landing controller state: IDLE
[INFO] [1786324024.710742731] [landing_scout_1]: [scout_1] Landing controller state: IDLE
[INFO] [1786324029.710635148] [landing_scout_1]: [scout_1] Landing controller state: IDLE
[INFO] [1786324034.710528165] [landing_scout_1]: [scout_1] Landing controller state: IDLE
[INFO] [1786324039.710437434] [landing_scout_1]: [scout_1] Landing controller state: IDLE
[INFO] [1786324044.710647782] [landing_scout_1]: [scout_1] Landing controller state: IDLE
[INFO] [1786324049.710919586] [landing_scout_1]: [scout_1] Landing controller state: IDLE
[INFO] [1786324054.710678817] [landing_scout_1]: [scout_1] Landing controller state: IDLE
[INFO] [1786324059.710861164] [landing_scout_1]: [scout_1] Landing controller state: IDLE
[INFO] [1786324064.326634656] [landing_scout_1]: [scout_1] 🚀 Jump detected → FLIGHT mode (contact detection blanked 100 s for launch)
[INFO] [1786324064.349546990] [landing_scout_1]: [scout_1] 📏 CALIBSERIES t=0.0s v=0.01534 m/s (vx=0.01068 vy=0.00011 vz=-0.01101)
[INFO] [1786324064.710827924] [landing_scout_1]: [scout_1] Landing controller state: FLIGHT
[INFO] [1786324066.351828504] [landing_scout_1]: [scout_1] 📏 CALIBSERIES t=2.0s v=0.00796 m/s (vx=0.00000 vy=0.00000 vz=-0.00796)
[INFO] [1786324068.357783198] [landing_scout_1]: [scout_1] 📏 CALIBSERIES t=4.0s v=0.00818 m/s (vx=0.00000 vy=0.00000 vz=-0.00818)
[INFO] [1786324069.710865039] [landing_scout_1]: [scout_1] Landing controller state: FLIGHT
[INFO] [1786324070.380746384] [landing_scout_1]: [scout_1] 📏 CALIBSERIES t=6.1s v=0.00841 m/s (vx=0.00000 vy=0.00000 vz=-0.00841)
[INFO] [1786324072.384330733] [landing_scout_1]: [scout_1] 📏 CALIBSERIES t=8.1s v=0.00864 m/s (vx=0.00000 vy=0.00000 vz=-0.00864)
[INFO] [1786324074.406351225] [landing_scout_1]: [scout_1] 📏 CALIBSERIES t=10.1s v=0.00887 m/s (vx=0.00000 vy=0.00000 vz=-0.00887)
[INFO] [1786324074.710808038] [landing_scout_1]: [scout_1] Landing controller state: FLIGHT
[INFO] [1786324076.408043025] [landing_scout_1]: [scout_1] 📏 CALIBSERIES t=12.1s v=0.00910 m/s (vx=0.00000 vy=0.00000 vz=-0.00910)
[INFO] [1786324078.416851730] [landing_scout_1]: [scout_1] 📏 CALIBSERIES t=14.1s v=0.00932 m/s (vx=0.00000 vy=0.00000 vz=-0.00932)
[INFO] [1786324078.417575368] [landing_scout_1]: [scout_1] 📏 CALIBSTABLE t=14.1s v=0.00932 m/s (vx=0.00000 vy=0.00000 vz=-0.00932) -- 3 consecutive samples steady
[INFO] [1786324079.711462072] [landing_scout_1]: [scout_1] Landing controller state: FLIGHT
