[INFO] [1786322785.937854331] [landing_scout_1]: [scout_1] Landing Controller: ONLINE
[INFO] [1786322790.997149939] [landing_scout_1]: [scout_1] Landing controller state: IDLE
[INFO] [1786322795.997171392] [landing_scout_1]: [scout_1] Landing controller state: IDLE
[INFO] [1786322800.997104538] [landing_scout_1]: [scout_1] Landing controller state: IDLE
[INFO] [1786322805.997160083] [landing_scout_1]: [scout_1] Landing controller state: IDLE
[INFO] [1786322810.997870071] [landing_scout_1]: [scout_1] Landing controller state: IDLE
[INFO] [1786322815.997073904] [landing_scout_1]: [scout_1] Landing controller state: IDLE
[INFO] [1786322820.997313434] [landing_scout_1]: [scout_1] Landing controller state: IDLE
[INFO] [1786322825.997222154] [landing_scout_1]: [scout_1] Landing controller state: IDLE
[INFO] [1786322830.997719515] [landing_scout_1]: [scout_1] Landing controller state: IDLE
[INFO] [1786322835.997285080] [landing_scout_1]: [scout_1] Landing controller state: IDLE
[INFO] [1786322840.997759080] [landing_scout_1]: [scout_1] Landing controller state: IDLE
[INFO] [1786322845.998603600] [landing_scout_1]: [scout_1] Landing controller state: IDLE
[INFO] [1786322850.594957745] [landing_scout_1]: [scout_1] 🚀 Jump detected → FLIGHT mode (contact detection blanked 100 s for launch)
[INFO] [1786322850.604255722] [landing_scout_1]: [scout_1] 📏 CALIBSERIES t=0.0s v=0.00953 m/s (vx=0.00553 vy=-0.00003 vz=-0.00776)
[INFO] [1786322850.997284463] [landing_scout_1]: [scout_1] Landing controller state: FLIGHT
[INFO] [1786322852.608262023] [landing_scout_1]: [scout_1] 📏 CALIBSERIES t=2.0s v=0.00796 m/s (vx=0.00000 vy=-0.00000 vz=-0.00796)
[INFO] [1786322854.610634723] [landing_scout_1]: [scout_1] 📏 CALIBSERIES t=4.0s v=0.00818 m/s (vx=0.00000 vy=-0.00000 vz=-0.00818)
[INFO] [1786322855.997177561] [landing_scout_1]: [scout_1] Landing controller state: FLIGHT
[INFO] [1786322856.636675334] [landing_scout_1]: [scout_1] 📏 CALIBSERIES t=6.0s v=0.00841 m/s (vx=0.00000 vy=-0.00000 vz=-0.00841)
[INFO] [1786322858.678863189] [landing_scout_1]: [scout_1] 📏 CALIBSERIES t=8.1s v=0.00864 m/s (vx=0.00000 vy=-0.00000 vz=-0.00864)
[INFO] [1786322860.680428877] [landing_scout_1]: [scout_1] 📏 CALIBSERIES t=10.1s v=0.00887 m/s (vx=0.00000 vy=-0.00000 vz=-0.00887)
[INFO] [1786322860.997293527] [landing_scout_1]: [scout_1] Landing controller state: FLIGHT
[INFO] [1786322862.683796783] [landing_scout_1]: [scout_1] 📏 CALIBSERIES t=12.1s v=0.00910 m/s (vx=0.00000 vy=-0.00000 vz=-0.00910)
