[INFO] [1786324951.302295506] [landing_scout_1]: [scout_1] Landing Controller: ONLINE
[INFO] [1786324956.356682079] [landing_scout_1]: [scout_1] Landing controller state: IDLE
[INFO] [1786324961.356046212] [landing_scout_1]: [scout_1] Landing controller state: IDLE
[INFO] [1786324966.356846299] [landing_scout_1]: [scout_1] Landing controller state: IDLE
[INFO] [1786324971.356111140] [landing_scout_1]: [scout_1] Landing controller state: IDLE
[INFO] [1786324976.356124207] [landing_scout_1]: [scout_1] Landing controller state: IDLE
[INFO] [1786324981.356217677] [landing_scout_1]: [scout_1] Landing controller state: IDLE
[INFO] [1786324986.356436598] [landing_scout_1]: [scout_1] Landing controller state: IDLE
[INFO] [1786324991.356915696] [landing_scout_1]: [scout_1] Landing controller state: IDLE
[INFO] [1786324996.356096316] [landing_scout_1]: [scout_1] Landing controller state: IDLE
[INFO] [1786325001.356207526] [landing_scout_1]: [scout_1] Landing controller state: IDLE
[INFO] [1786325006.356010894] [landing_scout_1]: [scout_1] Landing controller state: IDLE
[INFO] [1786325011.356397601] [landing_scout_1]: [scout_1] Landing controller state: IDLE
[INFO] [1786325016.036290394] [landing_scout_1]: [scout_1] 🚀 Jump detected → FLIGHT mode (contact detection blanked 100 s for launch)
[INFO] [1786325016.085601597] [landing_scout_1]: [scout_1] 📏 CALIBSERIES t=0.0s v=0.01516 m/s (vx=0.00091 vy=0.00002 vz=-0.01513)
[INFO] [1786325016.356678730] [landing_scout_1]: [scout_1] Landing controller state: FLIGHT
[INFO] [1786325018.085582730] [landing_scout_1]: [scout_1] 📏 CALIBSERIES t=2.0s v=0.00798 m/s (vx=-0.00000 vy=0.00000 vz=-0.00798)
[INFO] [1786325020.087755965] [landing_scout_1]: [scout_1] 📏 CALIBSERIES t=4.1s v=0.00821 m/s (vx=-0.00000 vy=0.00000 vz=-0.00821)
[INFO] [1786325021.356078272] [landing_scout_1]: [scout_1] Landing controller state: FLIGHT
[INFO] [1786325022.089341044] [landing_scout_1]: [scout_1] 📏 CALIBSERIES t=6.1s v=0.00844 m/s (vx=-0.00000 vy=0.00000 vz=-0.00844)
[INFO] [1786325024.109981419] [landing_scout_1]: [scout_1] 📏 CALIBSERIES t=8.1s v=0.00866 m/s (vx=-0.00000 vy=0.00000 vz=-0.00866)
[INFO] [1786325026.113281982] [landing_scout_1]: [scout_1] 📏 CALIBSERIES t=10.1s v=0.00889 m/s (vx=-0.00000 vy=0.00000 vz=-0.00889)
[INFO] [1786325026.356120522] [landing_scout_1]: [scout_1] Landing controller state: FLIGHT
[INFO] [1786325028.116676673] [landing_scout_1]: [scout_1] 📏 CALIBSERIES t=12.1s v=0.00912 m/s (vx=-0.00000 vy=0.00000 vz=-0.00912)
