[INFO] [1786311940.203454542] [landing_scout_1]: [scout_1] Landing Controller: ONLINE
[INFO] [1786311945.251208626] [landing_scout_1]: [scout_1] Landing controller state: IDLE
[INFO] [1786311950.249553594] [landing_scout_1]: [scout_1] Landing controller state: IDLE
[INFO] [1786311955.249595498] [landing_scout_1]: [scout_1] Landing controller state: IDLE
[INFO] [1786311960.249748356] [landing_scout_1]: [scout_1] Landing controller state: IDLE
[INFO] [1786311965.250104839] [landing_scout_1]: [scout_1] Landing controller state: IDLE
[INFO] [1786311970.249539503] [landing_scout_1]: [scout_1] Landing controller state: IDLE
[INFO] [1786311975.249987241] [landing_scout_1]: [scout_1] Landing controller state: IDLE
[INFO] [1786311980.249522289] [landing_scout_1]: [scout_1] Landing controller state: IDLE
[INFO] [1786311985.250251075] [landing_scout_1]: [scout_1] Landing controller state: IDLE
[INFO] [1786311990.249809783] [landing_scout_1]: [scout_1] Landing controller state: IDLE
[INFO] [1786311995.249495722] [landing_scout_1]: [scout_1] Landing controller state: IDLE
[INFO] [1786312000.249921955] [landing_scout_1]: [scout_1] Landing controller state: IDLE
[INFO] [1786312004.989782970] [landing_scout_1]: [scout_1] 🚀 Jump detected → FLIGHT mode (contact detection blanked 100 s for launch)
[INFO] [1786312005.027785665] [landing_scout_1]: [scout_1] 📏 CALIBSERIES t=0.0s v=0.01594 m/s (vx=-0.00554 vy=0.00007 vz=-0.01494)
[INFO] [1786312005.250254489] [landing_scout_1]: [scout_1] Landing controller state: FLIGHT
[INFO] [1786312007.034597937] [landing_scout_1]: [scout_1] 📏 CALIBSERIES t=2.0s v=0.00797 m/s (vx=-0.00002 vy=-0.00000 vz=-0.00797)
[INFO] [1786312009.084191797] [landing_scout_1]: [scout_1] 📏 CALIBSERIES t=4.1s v=0.00820 m/s (vx=-0.00002 vy=-0.00000 vz=-0.00820)
[INFO] [1786312010.250235039] [landing_scout_1]: [scout_1] Landing controller state: FLIGHT
[INFO] [1786312011.087208520] [landing_scout_1]: [scout_1] 📏 CALIBSERIES t=6.1s v=0.00843 m/s (vx=-0.00002 vy=-0.00000 vz=-0.00843)
[INFO] [1786312013.137476313] [landing_scout_1]: [scout_1] 📏 CALIBSERIES t=8.1s v=0.00866 m/s (vx=-0.00002 vy=-0.00000 vz=-0.00866)
[INFO] [1786312015.144934106] [landing_scout_1]: [scout_1] 📏 CALIBSERIES t=10.2s v=0.00889 m/s (vx=-0.00002 vy=-0.00000 vz=-0.00889)
[INFO] [1786312015.249677396] [landing_scout_1]: [scout_1] Landing controller state: FLIGHT
[INFO] [1786312017.149672113] [landing_scout_1]: [scout_1] 📏 CALIBSERIES t=12.2s v=0.00912 m/s (vx=-0.00002 vy=-0.00000 vz=-0.00912)
[INFO] [1786312017.150311378] [landing_scout_1]: [scout_1] 📏 CALIBSTABLE t=12.2s v=0.00912 m/s (vx=-0.00002 vy=-0.00000 vz=-0.00912) -- 3 consecutive samples steady
