[INFO] [1786313768.275331410] [landing_scout_1]: [scout_1] Landing Controller: ONLINE
[INFO] [1786313773.323893681] [landing_scout_1]: [scout_1] Landing controller state: IDLE
[INFO] [1786313778.323592924] [landing_scout_1]: [scout_1] Landing controller state: IDLE
[INFO] [1786313783.323644780] [landing_scout_1]: [scout_1] Landing controller state: IDLE
[INFO] [1786313788.323774129] [landing_scout_1]: [scout_1] Landing controller state: IDLE
[INFO] [1786313793.324251360] [landing_scout_1]: [scout_1] Landing controller state: IDLE
[INFO] [1786313798.323853222] [landing_scout_1]: [scout_1] Landing controller state: IDLE
[INFO] [1786313803.324502906] [landing_scout_1]: [scout_1] Landing controller state: IDLE
[INFO] [1786313808.323985660] [landing_scout_1]: [scout_1] Landing controller state: IDLE
[INFO] [1786313813.323756270] [landing_scout_1]: [scout_1] Landing controller state: IDLE
[INFO] [1786313818.323983998] [landing_scout_1]: [scout_1] Landing controller state: IDLE
[INFO] [1786313823.324513011] [landing_scout_1]: [scout_1] Landing controller state: IDLE
[INFO] [1786313828.323876386] [landing_scout_1]: [scout_1] Landing controller state: IDLE
[INFO] [1786313832.944229203] [landing_scout_1]: [scout_1] 🚀 Jump detected → FLIGHT mode (contact detection blanked 100 s for launch)
[INFO] [1786313832.959154209] [landing_scout_1]: [scout_1] 📏 CALIBSERIES t=0.0s v=0.01238 m/s (vx=0.00594 vy=-0.00016 vz=-0.01086)
[INFO] [1786313833.324389537] [landing_scout_1]: [scout_1] Landing controller state: FLIGHT
[INFO] [1786313834.962419201] [landing_scout_1]: [scout_1] 📏 CALIBSERIES t=2.0s v=0.00795 m/s (vx=0.00001 vy=-0.00000 vz=-0.00795)
[INFO] [1786313836.962484642] [landing_scout_1]: [scout_1] 📏 CALIBSERIES t=4.0s v=0.00818 m/s (vx=0.00001 vy=-0.00000 vz=-0.00818)
[INFO] [1786313838.323916627] [landing_scout_1]: [scout_1] Landing controller state: FLIGHT
[INFO] [1786313838.964669187] [landing_scout_1]: [scout_1] 📏 CALIBSERIES t=6.0s v=0.00841 m/s (vx=0.00001 vy=-0.00000 vz=-0.00841)
[INFO] [1786313840.972661245] [landing_scout_1]: [scout_1] 📏 CALIBSERIES t=8.0s v=0.00864 m/s (vx=0.00001 vy=-0.00000 vz=-0.00864)
[INFO] [1786313842.982861453] [landing_scout_1]: [scout_1] 📏 CALIBSERIES t=10.0s v=0.00886 m/s (vx=0.00001 vy=-0.00000 vz=-0.00886)
[INFO] [1786313843.323897709] [landing_scout_1]: [scout_1] Landing controller state: FLIGHT
[INFO] [1786313844.990233996] [landing_scout_1]: [scout_1] 📏 CALIBSERIES t=12.0s v=0.00909 m/s (vx=0.00001 vy=-0.00000 vz=-0.00909)
[INFO] [1786313846.994637028] [landing_scout_1]: [scout_1] 📏 CALIBSERIES t=14.1s v=0.00932 m/s (vx=0.00001 vy=-0.00000 vz=-0.00932)
[INFO] [1786313846.995228983] [landing_scout_1]: [scout_1] 📏 CALIBSTABLE t=14.1s v=0.00932 m/s (vx=0.00001 vy=-0.00000 vz=-0.00932) -- 3 consecutive samples steady
[INFO] [1786313848.324185540] [landing_scout_1]: [scout_1] Landing controller state: FLIGHT
