[INFO] [1786319387.371621322] [landing_scout_1]: [scout_1] Landing Controller: ONLINE
[INFO] [1786319392.428159880] [landing_scout_1]: [scout_1] Landing controller state: IDLE
[INFO] [1786319397.428080688] [landing_scout_1]: [scout_1] Landing controller state: IDLE
[INFO] [1786319402.428133637] [landing_scout_1]: [scout_1] Landing controller state: IDLE
[INFO] [1786319407.428134133] [landing_scout_1]: [scout_1] Landing controller state: IDLE
[INFO] [1786319412.428231920] [landing_scout_1]: [scout_1] Landing controller state: IDLE
[INFO] [1786319417.428048245] [landing_scout_1]: [scout_1] Landing controller state: IDLE
[INFO] [1786319422.428131648] [landing_scout_1]: [scout_1] Landing controller state: IDLE
[INFO] [1786319427.428408935] [landing_scout_1]: [scout_1] Landing controller state: IDLE
[INFO] [1786319432.428302372] [landing_scout_1]: [scout_1] Landing controller state: IDLE
[INFO] [1786319437.428309936] [landing_scout_1]: [scout_1] Landing controller state: IDLE
[INFO] [1786319442.428562789] [landing_scout_1]: [scout_1] Landing controller state: IDLE
[INFO] [1786319447.428769901] [landing_scout_1]: [scout_1] Landing controller state: IDLE
[INFO] [1786319452.083113093] [landing_scout_1]: [scout_1] 🚀 Jump detected → FLIGHT mode (contact detection blanked 100 s for launch)
[INFO] [1786319452.084835260] [landing_scout_1]: [scout_1] 📏 CALIBSERIES t=0.0s v=0.01269 m/s (vx=0.01220 vy=-0.00007 vz=-0.00349)
[INFO] [1786319452.428611535] [landing_scout_1]: [scout_1] Landing controller state: FLIGHT
[INFO] [1786319454.093912320] [landing_scout_1]: [scout_1] 📏 CALIBSERIES t=2.0s v=0.00796 m/s (vx=-0.00001 vy=0.00000 vz=-0.00796)
[INFO] [1786319456.099205881] [landing_scout_1]: [scout_1] 📏 CALIBSERIES t=4.0s v=0.00819 m/s (vx=-0.00001 vy=0.00000 vz=-0.00819)
[INFO] [1786319457.428135812] [landing_scout_1]: [scout_1] Landing controller state: FLIGHT
[INFO] [1786319458.102830205] [landing_scout_1]: [scout_1] 📏 CALIBSERIES t=6.0s v=0.00842 m/s (vx=-0.00001 vy=0.00000 vz=-0.00842)
[INFO] [1786319460.103094274] [landing_scout_1]: [scout_1] 📏 CALIBSERIES t=8.0s v=0.00865 m/s (vx=-0.00002 vy=0.00000 vz=-0.00865)
[INFO] [1786319462.105652507] [landing_scout_1]: [scout_1] 📏 CALIBSERIES t=10.0s v=0.00888 m/s (vx=-0.00002 vy=0.00000 vz=-0.00887)
[INFO] [1786319462.428277221] [landing_scout_1]: [scout_1] Landing controller state: FLIGHT
[INFO] [1786319464.110013984] [landing_scout_1]: [scout_1] 📏 CALIBSERIES t=12.0s v=0.00910 m/s (vx=-0.00002 vy=0.00000 vz=-0.00910)
[INFO] [1786319466.116360156] [landing_scout_1]: [scout_1] 📏 CALIBSERIES t=14.0s v=0.00933 m/s (vx=-0.00002 vy=0.00000 vz=-0.00933)
[INFO] [1786319466.116878454] [landing_scout_1]: [scout_1] 📏 CALIBSTABLE t=14.0s v=0.00933 m/s (vx=-0.00002 vy=0.00000 vz=-0.00933) -- 3 consecutive samples steady
[INFO] [1786319467.428629561] [landing_scout_1]: [scout_1] Landing controller state: FLIGHT
