[INFO] [1786314201.577710030] [landing_scout_1]: [scout_1] Landing Controller: ONLINE
[INFO] [1786314206.625613564] [landing_scout_1]: [scout_1] Landing controller state: IDLE
[INFO] [1786314211.626412427] [landing_scout_1]: [scout_1] Landing controller state: IDLE
[INFO] [1786314216.625642466] [landing_scout_1]: [scout_1] Landing controller state: IDLE
[INFO] [1786314221.625736014] [landing_scout_1]: [scout_1] Landing controller state: IDLE
[INFO] [1786314226.625853295] [landing_scout_1]: [scout_1] Landing controller state: IDLE
[INFO] [1786314231.625713398] [landing_scout_1]: [scout_1] Landing controller state: IDLE
[INFO] [1786314236.626175004] [landing_scout_1]: [scout_1] Landing controller state: IDLE
[INFO] [1786314241.626053740] [landing_scout_1]: [scout_1] Landing controller state: IDLE
[INFO] [1786314246.625897289] [landing_scout_1]: [scout_1] Landing controller state: IDLE
[INFO] [1786314251.625840430] [landing_scout_1]: [scout_1] Landing controller state: IDLE
[INFO] [1786314256.625730832] [landing_scout_1]: [scout_1] Landing controller state: IDLE
[INFO] [1786314261.625763339] [landing_scout_1]: [scout_1] Landing controller state: IDLE
[INFO] [1786314266.334588662] [landing_scout_1]: [scout_1] 🚀 Jump detected → FLIGHT mode (contact detection blanked 100 s for launch)
[INFO] [1786314266.381669190] [landing_scout_1]: [scout_1] 📏 CALIBSERIES t=0.0s v=0.01073 m/s (vx=-0.00126 vy=0.00242 vz=-0.01038)
[INFO] [1786314266.626348745] [landing_scout_1]: [scout_1] Landing controller state: FLIGHT
[INFO] [1786314268.385662352] [landing_scout_1]: [scout_1] 📏 CALIBSERIES t=2.1s v=0.00797 m/s (vx=-0.00000 vy=0.00000 vz=-0.00797)
[INFO] [1786314270.391593704] [landing_scout_1]: [scout_1] 📏 CALIBSERIES t=4.1s v=0.00820 m/s (vx=-0.00000 vy=0.00000 vz=-0.00820)
[INFO] [1786314271.626707893] [landing_scout_1]: [scout_1] Landing controller state: FLIGHT
[INFO] [1786314272.417029594] [landing_scout_1]: [scout_1] 📏 CALIBSERIES t=6.1s v=0.00843 m/s (vx=-0.00000 vy=0.00000 vz=-0.00843)
[INFO] [1786314274.425151855] [landing_scout_1]: [scout_1] 📏 CALIBSERIES t=8.1s v=0.00866 m/s (vx=-0.00000 vy=0.00000 vz=-0.00866)
[INFO] [1786314276.431985370] [landing_scout_1]: [scout_1] 📏 CALIBSERIES t=10.1s v=0.00889 m/s (vx=-0.00000 vy=0.00000 vz=-0.00889)
[INFO] [1786314276.625785337] [landing_scout_1]: [scout_1] Landing controller state: FLIGHT
[INFO] [1786314278.435720626] [landing_scout_1]: [scout_1] 📏 CALIBSERIES t=12.1s v=0.00911 m/s (vx=-0.00000 vy=0.00000 vz=-0.00911)
[INFO] [1786314280.440884511] [landing_scout_1]: [scout_1] 📏 CALIBSERIES t=14.1s v=0.00934 m/s (vx=-0.00001 vy=0.00000 vz=-0.00934)
[INFO] [1786314280.441396865] [landing_scout_1]: [scout_1] 📏 CALIBSTABLE t=14.1s v=0.00934 m/s (vx=-0.00001 vy=0.00000 vz=-0.00934) -- 3 consecutive samples steady
[INFO] [1786314281.626573543] [landing_scout_1]: [scout_1] Landing controller state: FLIGHT
