[INFO] [1786318774.466202850] [landing_scout_1]: [scout_1] Landing Controller: ONLINE
[INFO] [1786318779.521267954] [landing_scout_1]: [scout_1] Landing controller state: IDLE
[INFO] [1786318784.521547333] [landing_scout_1]: [scout_1] Landing controller state: IDLE
[INFO] [1786318789.521853996] [landing_scout_1]: [scout_1] Landing controller state: IDLE
[INFO] [1786318794.521163147] [landing_scout_1]: [scout_1] Landing controller state: IDLE
[INFO] [1786318799.522087452] [landing_scout_1]: [scout_1] Landing controller state: IDLE
[INFO] [1786318804.521889652] [landing_scout_1]: [scout_1] Landing controller state: IDLE
[INFO] [1786318809.521734439] [landing_scout_1]: [scout_1] Landing controller state: IDLE
[INFO] [1786318814.521639906] [landing_scout_1]: [scout_1] Landing controller state: IDLE
[INFO] [1786318819.521235401] [landing_scout_1]: [scout_1] Landing controller state: IDLE
[INFO] [1786318824.521973926] [landing_scout_1]: [scout_1] Landing controller state: IDLE
[INFO] [1786318829.522141064] [landing_scout_1]: [scout_1] Landing controller state: IDLE
[INFO] [1786318834.521227107] [landing_scout_1]: [scout_1] Landing controller state: IDLE
[INFO] [1786318839.206223725] [landing_scout_1]: [scout_1] 🚀 Jump detected → FLIGHT mode (contact detection blanked 100 s for launch)
[INFO] [1786318839.235573575] [landing_scout_1]: [scout_1] 📏 CALIBSERIES t=0.0s v=0.01671 m/s (vx=0.00980 vy=-0.00005 vz=-0.01353)
[INFO] [1786318839.521450110] [landing_scout_1]: [scout_1] Landing controller state: FLIGHT
[INFO] [1786318841.238611815] [landing_scout_1]: [scout_1] 📏 CALIBSERIES t=2.0s v=0.00797 m/s (vx=0.00001 vy=0.00000 vz=-0.00797)
[INFO] [1786318843.246750678] [landing_scout_1]: [scout_1] 📏 CALIBSERIES t=4.0s v=0.00820 m/s (vx=0.00001 vy=0.00000 vz=-0.00820)
[INFO] [1786318844.521234153] [landing_scout_1]: [scout_1] Landing controller state: FLIGHT
[INFO] [1786318845.247030008] [landing_scout_1]: [scout_1] 📏 CALIBSERIES t=6.0s v=0.00842 m/s (vx=0.00001 vy=0.00000 vz=-0.00842)
[INFO] [1786318847.271397091] [landing_scout_1]: [scout_1] 📏 CALIBSERIES t=8.1s v=0.00865 m/s (vx=0.00001 vy=0.00000 vz=-0.00865)
[INFO] [1786318849.273705065] [landing_scout_1]: [scout_1] 📏 CALIBSERIES t=10.1s v=0.00888 m/s (vx=0.00001 vy=0.00000 vz=-0.00888)
[INFO] [1786318849.521329065] [landing_scout_1]: [scout_1] Landing controller state: FLIGHT
[INFO] [1786318851.281989834] [landing_scout_1]: [scout_1] 📏 CALIBSERIES t=12.1s v=0.00911 m/s (vx=0.00001 vy=0.00000 vz=-0.00911)
[INFO] [1786318853.287883657] [landing_scout_1]: [scout_1] 📏 CALIBSERIES t=14.1s v=0.00934 m/s (vx=0.00001 vy=0.00000 vz=-0.00934)
[INFO] [1786318853.288412364] [landing_scout_1]: [scout_1] 📏 CALIBSTABLE t=14.1s v=0.00934 m/s (vx=0.00001 vy=0.00000 vz=-0.00934) -- 3 consecutive samples steady
[INFO] [1786318854.522157884] [landing_scout_1]: [scout_1] Landing controller state: FLIGHT
