[INFO] [1786325130.738832131] [landing_scout_1]: [scout_1] Landing Controller: ONLINE
[INFO] [1786325135.788694762] [landing_scout_1]: [scout_1] Landing controller state: IDLE
[INFO] [1786325140.788669929] [landing_scout_1]: [scout_1] Landing controller state: IDLE
[INFO] [1786325145.788326527] [landing_scout_1]: [scout_1] Landing controller state: IDLE
[INFO] [1786325150.788389654] [landing_scout_1]: [scout_1] Landing controller state: IDLE
[INFO] [1786325155.788694343] [landing_scout_1]: [scout_1] Landing controller state: IDLE
[INFO] [1786325160.788442656] [landing_scout_1]: [scout_1] Landing controller state: IDLE
[INFO] [1786325165.788530451] [landing_scout_1]: [scout_1] Landing controller state: IDLE
[INFO] [1786325170.789145744] [landing_scout_1]: [scout_1] Landing controller state: IDLE
[INFO] [1786325175.788447440] [landing_scout_1]: [scout_1] Landing controller state: IDLE
[INFO] [1786325180.788418832] [landing_scout_1]: [scout_1] Landing controller state: IDLE
[INFO] [1786325185.788489315] [landing_scout_1]: [scout_1] Landing controller state: IDLE
[INFO] [1786325190.788756948] [landing_scout_1]: [scout_1] Landing controller state: IDLE
[INFO] [1786325195.438036969] [landing_scout_1]: [scout_1] 🚀 Jump detected → FLIGHT mode (contact detection blanked 100 s for launch)
[INFO] [1786325195.473404193] [landing_scout_1]: [scout_1] 📏 CALIBSERIES t=0.0s v=0.01469 m/s (vx=0.00185 vy=0.00082 vz=-0.01455)
[INFO] [1786325195.788632058] [landing_scout_1]: [scout_1] Landing controller state: FLIGHT
[INFO] [1786325197.474725234] [landing_scout_1]: [scout_1] 📏 CALIBSERIES t=2.0s v=0.00797 m/s (vx=-0.00001 vy=0.00000 vz=-0.00797)
[INFO] [1786325199.477002604] [landing_scout_1]: [scout_1] 📏 CALIBSERIES t=4.0s v=0.00820 m/s (vx=-0.00000 vy=0.00000 vz=-0.00820)
[INFO] [1786325200.789180151] [landing_scout_1]: [scout_1] Landing controller state: FLIGHT
[INFO] [1786325201.482655475] [landing_scout_1]: [scout_1] 📏 CALIBSERIES t=6.0s v=0.00842 m/s (vx=-0.00001 vy=0.00000 vz=-0.00842)
[INFO] [1786325203.484006579] [landing_scout_1]: [scout_1] 📏 CALIBSERIES t=8.0s v=0.00865 m/s (vx=-0.00001 vy=0.00000 vz=-0.00865)
[INFO] [1786325205.489114590] [landing_scout_1]: [scout_1] 📏 CALIBSERIES t=10.1s v=0.00888 m/s (vx=-0.00001 vy=0.00000 vz=-0.00888)
[INFO] [1786325205.788667687] [landing_scout_1]: [scout_1] Landing controller state: FLIGHT
[INFO] [1786325207.492439602] [landing_scout_1]: [scout_1] 📏 CALIBSERIES t=12.1s v=0.00911 m/s (vx=-0.00001 vy=0.00000 vz=-0.00911)
[INFO] [1786325209.494770964] [landing_scout_1]: [scout_1] 📏 CALIBSERIES t=14.1s v=0.00934 m/s (vx=-0.00001 vy=0.00000 vz=-0.00934)
[INFO] [1786325209.495293938] [landing_scout_1]: [scout_1] 📏 CALIBSTABLE t=14.1s v=0.00934 m/s (vx=-0.00001 vy=0.00000 vz=-0.00934) -- 3 consecutive samples steady
[INFO] [1786325210.788994780] [landing_scout_1]: [scout_1] Landing controller state: FLIGHT
