[INFO] [1786323132.666459629] [landing_scout_1]: [scout_1] Landing Controller: ONLINE
[INFO] [1786323137.717284649] [landing_scout_1]: [scout_1] Landing controller state: IDLE
[INFO] [1786323142.718026165] [landing_scout_1]: [scout_1] Landing controller state: IDLE
[INFO] [1786323147.717303976] [landing_scout_1]: [scout_1] Landing controller state: IDLE
[INFO] [1786323152.718089954] [landing_scout_1]: [scout_1] Landing controller state: IDLE
[INFO] [1786323157.718867571] [landing_scout_1]: [scout_1] Landing controller state: IDLE
[INFO] [1786323162.717301902] [landing_scout_1]: [scout_1] Landing controller state: IDLE
[INFO] [1786323167.717326528] [landing_scout_1]: [scout_1] Landing controller state: IDLE
[INFO] [1786323172.717680051] [landing_scout_1]: [scout_1] Landing controller state: IDLE
[INFO] [1786323177.717633469] [landing_scout_1]: [scout_1] Landing controller state: IDLE
[INFO] [1786323182.718439727] [landing_scout_1]: [scout_1] Landing controller state: IDLE
[INFO] [1786323187.717610389] [landing_scout_1]: [scout_1] Landing controller state: IDLE
[INFO] [1786323192.717570264] [landing_scout_1]: [scout_1] Landing controller state: IDLE
[INFO] [1786323197.263146263] [landing_scout_1]: [scout_1] 🚀 Jump detected → FLIGHT mode (contact detection blanked 100 s for launch)
[INFO] [1786323197.272478279] [landing_scout_1]: [scout_1] 📏 CALIBSERIES t=0.0s v=0.01131 m/s (vx=0.00758 vy=-0.00005 vz=-0.00840)
[INFO] [1786323197.717288427] [landing_scout_1]: [scout_1] Landing controller state: FLIGHT
[INFO] [1786323199.287563180] [landing_scout_1]: [scout_1] 📏 CALIBSERIES t=2.0s v=0.00796 m/s (vx=-0.00000 vy=-0.00000 vz=-0.00796)
[INFO] [1786323201.293779833] [landing_scout_1]: [scout_1] 📏 CALIBSERIES t=4.0s v=0.00818 m/s (vx=0.00000 vy=-0.00000 vz=-0.00818)
[INFO] [1786323202.717207250] [landing_scout_1]: [scout_1] Landing controller state: FLIGHT
[INFO] [1786323203.295050368] [landing_scout_1]: [scout_1] 📏 CALIBSERIES t=6.0s v=0.00841 m/s (vx=0.00000 vy=-0.00000 vz=-0.00841)
[INFO] [1786323205.299338756] [landing_scout_1]: [scout_1] 📏 CALIBSERIES t=8.0s v=0.00864 m/s (vx=0.00000 vy=-0.00000 vz=-0.00864)
[INFO] [1786323207.318187274] [landing_scout_1]: [scout_1] 📏 CALIBSERIES t=10.1s v=0.00887 m/s (vx=-0.00000 vy=-0.00000 vz=-0.00887)
[INFO] [1786323207.717813173] [landing_scout_1]: [scout_1] Landing controller state: FLIGHT
[INFO] [1786323209.322568597] [landing_scout_1]: [scout_1] 📏 CALIBSERIES t=12.1s v=0.00910 m/s (vx=-0.00000 vy=-0.00000 vz=-0.00910)
[INFO] [1786323211.331933449] [landing_scout_1]: [scout_1] 📏 CALIBSERIES t=14.1s v=0.00932 m/s (vx=-0.00000 vy=-0.00000 vz=-0.00932)
[INFO] [1786323211.332800176] [landing_scout_1]: [scout_1] 📏 CALIBSTABLE t=14.1s v=0.00932 m/s (vx=-0.00000 vy=-0.00000 vz=-0.00932) -- 3 consecutive samples steady
[INFO] [1786323212.717195555] [landing_scout_1]: [scout_1] Landing controller state: FLIGHT
