[INFO] [1786315580.301456060] [landing_scout_1]: [scout_1] Landing Controller: ONLINE
[INFO] [1786315585.358819220] [landing_scout_1]: [scout_1] Landing controller state: IDLE
[INFO] [1786315590.358869137] [landing_scout_1]: [scout_1] Landing controller state: IDLE
[INFO] [1786315595.359026618] [landing_scout_1]: [scout_1] Landing controller state: IDLE
[INFO] [1786315600.358802565] [landing_scout_1]: [scout_1] Landing controller state: IDLE
[INFO] [1786315605.359698591] [landing_scout_1]: [scout_1] Landing controller state: IDLE
[INFO] [1786315610.359049052] [landing_scout_1]: [scout_1] Landing controller state: IDLE
[INFO] [1786315615.358878556] [landing_scout_1]: [scout_1] Landing controller state: IDLE
[INFO] [1786315620.358844938] [landing_scout_1]: [scout_1] Landing controller state: IDLE
[INFO] [1786315625.359617107] [landing_scout_1]: [scout_1] Landing controller state: IDLE
[INFO] [1786315630.358898835] [landing_scout_1]: [scout_1] Landing controller state: IDLE
[INFO] [1786315635.358826759] [landing_scout_1]: [scout_1] Landing controller state: IDLE
[INFO] [1786315640.358788381] [landing_scout_1]: [scout_1] Landing controller state: IDLE
[INFO] [1786315644.904196432] [landing_scout_1]: [scout_1] 🚀 Jump detected → FLIGHT mode (contact detection blanked 100 s for launch)
[INFO] [1786315644.940276446] [landing_scout_1]: [scout_1] 📏 CALIBSERIES t=0.0s v=0.01511 m/s (vx=0.00541 vy=-0.00003 vz=-0.01411)
[INFO] [1786315645.359706533] [landing_scout_1]: [scout_1] Landing controller state: FLIGHT
[INFO] [1786315646.990733821] [landing_scout_1]: [scout_1] 📏 CALIBSERIES t=2.1s v=0.00797 m/s (vx=-0.00000 vy=0.00000 vz=-0.00797)
[INFO] [1786315648.990993646] [landing_scout_1]: [scout_1] 📏 CALIBSERIES t=4.1s v=0.00820 m/s (vx=-0.00000 vy=0.00000 vz=-0.00820)
[INFO] [1786315650.358724693] [landing_scout_1]: [scout_1] Landing controller state: FLIGHT
[INFO] [1786315650.993108076] [landing_scout_1]: [scout_1] 📏 CALIBSERIES t=6.1s v=0.00842 m/s (vx=-0.00000 vy=0.00000 vz=-0.00842)
[INFO] [1786315652.997182562] [landing_scout_1]: [scout_1] 📏 CALIBSERIES t=8.1s v=0.00865 m/s (vx=-0.00000 vy=0.00000 vz=-0.00865)
[INFO] [1786315655.003823416] [landing_scout_1]: [scout_1] 📏 CALIBSERIES t=10.1s v=0.00888 m/s (vx=-0.00000 vy=0.00000 vz=-0.00888)
[INFO] [1786315655.358957972] [landing_scout_1]: [scout_1] Landing controller state: FLIGHT
[INFO] [1786315657.010847018] [landing_scout_1]: [scout_1] 📏 CALIBSERIES t=12.1s v=0.00911 m/s (vx=-0.00000 vy=0.00000 vz=-0.00911)
[INFO] [1786315659.020281742] [landing_scout_1]: [scout_1] 📏 CALIBSERIES t=14.1s v=0.00934 m/s (vx=-0.00001 vy=0.00000 vz=-0.00934)
[INFO] [1786315659.020862775] [landing_scout_1]: [scout_1] 📏 CALIBSTABLE t=14.1s v=0.00934 m/s (vx=-0.00001 vy=0.00000 vz=-0.00934) -- 3 consecutive samples steady
[INFO] [1786315660.359298528] [landing_scout_1]: [scout_1] Landing controller state: FLIGHT
