[INFO] [1786327458.507403063] [landing_scout_1]: [scout_1] Landing Controller: ONLINE
[INFO] [1786327463.562865027] [landing_scout_1]: [scout_1] Landing controller state: IDLE
[INFO] [1786327468.562721599] [landing_scout_1]: [scout_1] Landing controller state: IDLE
[INFO] [1786327473.562881995] [landing_scout_1]: [scout_1] Landing controller state: IDLE
[INFO] [1786327478.563759746] [landing_scout_1]: [scout_1] Landing controller state: IDLE
[INFO] [1786327483.562855439] [landing_scout_1]: [scout_1] Landing controller state: IDLE
[INFO] [1786327488.562795737] [landing_scout_1]: [scout_1] Landing controller state: IDLE
[INFO] [1786327493.562720265] [landing_scout_1]: [scout_1] Landing controller state: IDLE
[INFO] [1786327498.563286788] [landing_scout_1]: [scout_1] Landing controller state: IDLE
[INFO] [1786327503.562803330] [landing_scout_1]: [scout_1] Landing controller state: IDLE
[INFO] [1786327508.562773784] [landing_scout_1]: [scout_1] Landing controller state: IDLE
[INFO] [1786327513.563092411] [landing_scout_1]: [scout_1] Landing controller state: IDLE
[INFO] [1786327518.563033279] [landing_scout_1]: [scout_1] Landing controller state: IDLE
[INFO] [1786327523.151254425] [landing_scout_1]: [scout_1] 🚀 Jump detected → FLIGHT mode (contact detection blanked 100 s for launch)
[INFO] [1786327523.159976567] [landing_scout_1]: [scout_1] 📏 CALIBSERIES t=0.0s v=0.00892 m/s (vx=0.00643 vy=0.00006 vz=-0.00618)
[INFO] [1786327523.563437069] [landing_scout_1]: [scout_1] Landing controller state: FLIGHT
[INFO] [1786327525.161728472] [landing_scout_1]: [scout_1] 📏 CALIBSERIES t=2.0s v=0.00796 m/s (vx=0.00001 vy=-0.00000 vz=-0.00796)
[INFO] [1786327527.165812523] [landing_scout_1]: [scout_1] 📏 CALIBSERIES t=4.0s v=0.00818 m/s (vx=0.00001 vy=-0.00000 vz=-0.00818)
[INFO] [1786327528.562866305] [landing_scout_1]: [scout_1] Landing controller state: FLIGHT
[INFO] [1786327529.174585797] [landing_scout_1]: [scout_1] 📏 CALIBSERIES t=6.0s v=0.00841 m/s (vx=0.00001 vy=-0.00000 vz=-0.00841)
[INFO] [1786327531.175959657] [landing_scout_1]: [scout_1] 📏 CALIBSERIES t=8.0s v=0.00864 m/s (vx=0.00001 vy=-0.00000 vz=-0.00864)
[INFO] [1786327533.178483737] [landing_scout_1]: [scout_1] 📏 CALIBSERIES t=10.0s v=0.00887 m/s (vx=0.00001 vy=-0.00000 vz=-0.00887)
[INFO] [1786327533.562920424] [landing_scout_1]: [scout_1] Landing controller state: FLIGHT
[INFO] [1786327535.180932041] [landing_scout_1]: [scout_1] 📏 CALIBSERIES t=12.0s v=0.00910 m/s (vx=0.00001 vy=-0.00000 vz=-0.00910)
[INFO] [1786327537.184627016] [landing_scout_1]: [scout_1] 📏 CALIBSERIES t=14.0s v=0.00932 m/s (vx=0.00001 vy=-0.00000 vz=-0.00932)
[INFO] [1786327537.185187144] [landing_scout_1]: [scout_1] 📏 CALIBSTABLE t=14.0s v=0.00932 m/s (vx=0.00001 vy=-0.00000 vz=-0.00932) -- 3 consecutive samples steady
[INFO] [1786327538.563295687] [landing_scout_1]: [scout_1] Landing controller state: FLIGHT
