[INFO] [1786311168.667857940] [landing_scout_1]: [scout_1] Landing Controller: ONLINE
[INFO] [1786311173.712863982] [landing_scout_1]: [scout_1] Landing controller state: IDLE
[INFO] [1786311178.713066608] [landing_scout_1]: [scout_1] Landing controller state: IDLE
[INFO] [1786311183.713447358] [landing_scout_1]: [scout_1] Landing controller state: IDLE
[INFO] [1786311188.712986439] [landing_scout_1]: [scout_1] Landing controller state: IDLE
[INFO] [1786311193.712835430] [landing_scout_1]: [scout_1] Landing controller state: IDLE
[INFO] [1786311198.713241923] [landing_scout_1]: [scout_1] Landing controller state: IDLE
[INFO] [1786311203.712928401] [landing_scout_1]: [scout_1] Landing controller state: IDLE
[INFO] [1786311208.712928898] [landing_scout_1]: [scout_1] Landing controller state: IDLE
[INFO] [1786311213.712800459] [landing_scout_1]: [scout_1] Landing controller state: IDLE
[INFO] [1786311218.713528997] [landing_scout_1]: [scout_1] Landing controller state: IDLE
[INFO] [1786311223.712761399] [landing_scout_1]: [scout_1] Landing controller state: IDLE
[INFO] [1786311228.713079368] [landing_scout_1]: [scout_1] Landing controller state: IDLE
[INFO] [1786311233.507075328] [landing_scout_1]: [scout_1] 🚀 Jump detected → FLIGHT mode (contact detection blanked 100 s for launch)
[INFO] [1786311233.551382625] [landing_scout_1]: [scout_1] 📏 CALIBSERIES t=0.0s v=0.01789 m/s (vx=0.01231 vy=-0.00008 vz=-0.01298)
[INFO] [1786311233.712763207] [landing_scout_1]: [scout_1] Landing controller state: FLIGHT
[INFO] [1786311235.558085718] [landing_scout_1]: [scout_1] 📏 CALIBSERIES t=2.1s v=0.00797 m/s (vx=0.00001 vy=-0.00000 vz=-0.00797)
[INFO] [1786311237.607974518] [landing_scout_1]: [scout_1] 📏 CALIBSERIES t=4.1s v=0.00820 m/s (vx=0.00001 vy=-0.00000 vz=-0.00820)
[INFO] [1786311238.712948571] [landing_scout_1]: [scout_1] Landing controller state: FLIGHT
[INFO] [1786311239.617015134] [landing_scout_1]: [scout_1] 📏 CALIBSERIES t=6.1s v=0.00843 m/s (vx=0.00001 vy=-0.00000 vz=-0.00843)
[INFO] [1786311241.619326120] [landing_scout_1]: [scout_1] 📏 CALIBSERIES t=8.1s v=0.00866 m/s (vx=0.00001 vy=-0.00000 vz=-0.00866)
[INFO] [1786311243.641889253] [landing_scout_1]: [scout_1] 📏 CALIBSERIES t=10.1s v=0.00889 m/s (vx=0.00001 vy=-0.00000 vz=-0.00889)
[INFO] [1786311243.713042554] [landing_scout_1]: [scout_1] Landing controller state: FLIGHT
[INFO] [1786311245.645433389] [landing_scout_1]: [scout_1] 📏 CALIBSERIES t=12.1s v=0.00911 m/s (vx=0.00001 vy=-0.00000 vz=-0.00911)
[INFO] [1786311247.649003885] [landing_scout_1]: [scout_1] 📏 CALIBSERIES t=14.1s v=0.00934 m/s (vx=0.00001 vy=-0.00000 vz=-0.00934)
[INFO] [1786311247.649574020] [landing_scout_1]: [scout_1] 📏 CALIBSTABLE t=14.1s v=0.00934 m/s (vx=0.00001 vy=-0.00000 vz=-0.00934) -- 3 consecutive samples steady
[INFO] [1786311248.713500043] [landing_scout_1]: [scout_1] Landing controller state: FLIGHT
