[INFO] [1786318171.888909039] [landing_scout_1]: [scout_1] Landing Controller: ONLINE
[INFO] [1786318176.947438167] [landing_scout_1]: [scout_1] Landing controller state: IDLE
[INFO] [1786318181.947575132] [landing_scout_1]: [scout_1] Landing controller state: IDLE
[INFO] [1786318186.946871472] [landing_scout_1]: [scout_1] Landing controller state: IDLE
[INFO] [1786318191.946797183] [landing_scout_1]: [scout_1] Landing controller state: IDLE
[INFO] [1786318196.947148887] [landing_scout_1]: [scout_1] Landing controller state: IDLE
[INFO] [1786318201.947604827] [landing_scout_1]: [scout_1] Landing controller state: IDLE
[INFO] [1786318206.947118130] [landing_scout_1]: [scout_1] Landing controller state: IDLE
[INFO] [1786318211.948000750] [landing_scout_1]: [scout_1] Landing controller state: IDLE
[INFO] [1786318216.946832757] [landing_scout_1]: [scout_1] Landing controller state: IDLE
[INFO] [1786318221.947053650] [landing_scout_1]: [scout_1] Landing controller state: IDLE
[INFO] [1786318226.946718518] [landing_scout_1]: [scout_1] Landing controller state: IDLE
[INFO] [1786318231.946851194] [landing_scout_1]: [scout_1] Landing controller state: IDLE
[INFO] [1786318236.510465806] [landing_scout_1]: [scout_1] 🚀 Jump detected → FLIGHT mode (contact detection blanked 100 s for launch)
[INFO] [1786318236.560026976] [landing_scout_1]: [scout_1] 📏 CALIBSERIES t=0.0s v=0.01705 m/s (vx=0.01089 vy=-0.00007 vz=-0.01312)
[INFO] [1786318236.946905236] [landing_scout_1]: [scout_1] Landing controller state: FLIGHT
[INFO] [1786318238.562656807] [landing_scout_1]: [scout_1] 📏 CALIBSERIES t=2.1s v=0.00796 m/s (vx=0.00000 vy=-0.00000 vz=-0.00796)
[INFO] [1786318240.563501132] [landing_scout_1]: [scout_1] 📏 CALIBSERIES t=4.1s v=0.00819 m/s (vx=0.00001 vy=-0.00000 vz=-0.00819)
[INFO] [1786318241.946867099] [landing_scout_1]: [scout_1] Landing controller state: FLIGHT
[INFO] [1786318242.566658619] [landing_scout_1]: [scout_1] 📏 CALIBSERIES t=6.1s v=0.00842 m/s (vx=0.00001 vy=-0.00000 vz=-0.00842)
[INFO] [1786318244.616557663] [landing_scout_1]: [scout_1] 📏 CALIBSERIES t=8.1s v=0.00865 m/s (vx=0.00001 vy=-0.00000 vz=-0.00865)
[INFO] [1786318246.623003698] [landing_scout_1]: [scout_1] 📏 CALIBSERIES t=10.1s v=0.00888 m/s (vx=0.00001 vy=-0.00000 vz=-0.00888)
[INFO] [1786318246.947813909] [landing_scout_1]: [scout_1] Landing controller state: FLIGHT
[INFO] [1786318248.625265260] [landing_scout_1]: [scout_1] 📏 CALIBSERIES t=12.1s v=0.00911 m/s (vx=0.00001 vy=-0.00000 vz=-0.00911)
[INFO] [1786318250.626863207] [landing_scout_1]: [scout_1] 📏 CALIBSERIES t=14.1s v=0.00934 m/s (vx=0.00001 vy=-0.00000 vz=-0.00934)
[INFO] [1786318250.627442135] [landing_scout_1]: [scout_1] 📏 CALIBSTABLE t=14.1s v=0.00934 m/s (vx=0.00001 vy=-0.00000 vz=-0.00934) -- 3 consecutive samples steady
[INFO] [1786318251.947472911] [landing_scout_1]: [scout_1] Landing controller state: FLIGHT
