[INFO] [1786322533.986735733] [landing_scout_1]: [scout_1] Landing Controller: ONLINE
[INFO] [1786322539.042674002] [landing_scout_1]: [scout_1] Landing controller state: IDLE
[INFO] [1786322544.042610111] [landing_scout_1]: [scout_1] Landing controller state: IDLE
[INFO] [1786322549.042669524] [landing_scout_1]: [scout_1] Landing controller state: IDLE
[INFO] [1786322554.043545821] [landing_scout_1]: [scout_1] Landing controller state: IDLE
[INFO] [1786322559.042620188] [landing_scout_1]: [scout_1] Landing controller state: IDLE
[INFO] [1786322564.042673180] [landing_scout_1]: [scout_1] Landing controller state: IDLE
[INFO] [1786322569.043267801] [landing_scout_1]: [scout_1] Landing controller state: IDLE
[INFO] [1786322574.042893395] [landing_scout_1]: [scout_1] Landing controller state: IDLE
[INFO] [1786322579.043122625] [landing_scout_1]: [scout_1] Landing controller state: IDLE
[INFO] [1786322584.042834268] [landing_scout_1]: [scout_1] Landing controller state: IDLE
[INFO] [1786322589.042597588] [landing_scout_1]: [scout_1] Landing controller state: IDLE
[INFO] [1786322594.042822965] [landing_scout_1]: [scout_1] Landing controller state: IDLE
[INFO] [1786322598.627008947] [landing_scout_1]: [scout_1] 🚀 Jump detected → FLIGHT mode (contact detection blanked 100 s for launch)
[INFO] [1786322598.643094553] [landing_scout_1]: [scout_1] 📏 CALIBSERIES t=0.0s v=0.01199 m/s (vx=0.00126 vy=0.00001 vz=-0.01193)
[INFO] [1786322599.042818273] [landing_scout_1]: [scout_1] Landing controller state: FLIGHT
[INFO] [1786322600.647675758] [landing_scout_1]: [scout_1] 📏 CALIBSERIES t=2.0s v=0.00796 m/s (vx=-0.00000 vy=0.00000 vz=-0.00796)
[INFO] [1786322602.648151182] [landing_scout_1]: [scout_1] 📏 CALIBSERIES t=4.0s v=0.00819 m/s (vx=-0.00000 vy=0.00000 vz=-0.00819)
[INFO] [1786322604.042778223] [landing_scout_1]: [scout_1] Landing controller state: FLIGHT
[INFO] [1786322604.658548580] [landing_scout_1]: [scout_1] 📏 CALIBSERIES t=6.0s v=0.00842 m/s (vx=-0.00000 vy=0.00000 vz=-0.00842)
[INFO] [1786322606.670499027] [landing_scout_1]: [scout_1] 📏 CALIBSERIES t=8.0s v=0.00865 m/s (vx=-0.00000 vy=0.00000 vz=-0.00865)
[INFO] [1786322608.676739665] [landing_scout_1]: [scout_1] 📏 CALIBSERIES t=10.0s v=0.00887 m/s (vx=-0.00000 vy=0.00000 vz=-0.00887)
[INFO] [1786322609.042610482] [landing_scout_1]: [scout_1] Landing controller state: FLIGHT
[INFO] [1786322610.680801002] [landing_scout_1]: [scout_1] 📏 CALIBSERIES t=12.1s v=0.00910 m/s (vx=-0.00000 vy=0.00000 vz=-0.00910)
[INFO] [1786322612.687679851] [landing_scout_1]: [scout_1] 📏 CALIBSERIES t=14.1s v=0.00933 m/s (vx=-0.00000 vy=0.00000 vz=-0.00933)
[INFO] [1786322612.688351299] [landing_scout_1]: [scout_1] 📏 CALIBSTABLE t=14.1s v=0.00933 m/s (vx=-0.00000 vy=0.00000 vz=-0.00933) -- 3 consecutive samples steady
[INFO] [1786322614.043168427] [landing_scout_1]: [scout_1] Landing controller state: FLIGHT
