[INFO] [1786315318.095423924] [landing_scout_1]: [scout_1] Landing Controller: ONLINE
[INFO] [1786315323.164598577] [landing_scout_1]: [scout_1] Landing controller state: IDLE
[INFO] [1786315328.165003718] [landing_scout_1]: [scout_1] Landing controller state: IDLE
[INFO] [1786315333.164273147] [landing_scout_1]: [scout_1] Landing controller state: IDLE
[INFO] [1786315338.164786183] [landing_scout_1]: [scout_1] Landing controller state: IDLE
[INFO] [1786315343.164190465] [landing_scout_1]: [scout_1] Landing controller state: IDLE
[INFO] [1786315348.164274792] [landing_scout_1]: [scout_1] Landing controller state: IDLE
[INFO] [1786315353.165093922] [landing_scout_1]: [scout_1] Landing controller state: IDLE
[INFO] [1786315358.164808832] [landing_scout_1]: [scout_1] Landing controller state: IDLE
[INFO] [1786315363.164239891] [landing_scout_1]: [scout_1] Landing controller state: IDLE
[INFO] [1786315368.164197059] [landing_scout_1]: [scout_1] Landing controller state: IDLE
[INFO] [1786315373.164267915] [landing_scout_1]: [scout_1] Landing controller state: IDLE
[INFO] [1786315378.164077753] [landing_scout_1]: [scout_1] Landing controller state: IDLE
[INFO] [1786315382.813027390] [landing_scout_1]: [scout_1] 🚀 Jump detected → FLIGHT mode (contact detection blanked 100 s for launch)
[INFO] [1786315382.854156171] [landing_scout_1]: [scout_1] 📏 CALIBSERIES t=0.0s v=0.01324 m/s (vx=-0.00041 vy=0.00002 vz=-0.01323)
[INFO] [1786315383.164425012] [landing_scout_1]: [scout_1] Landing controller state: FLIGHT
[INFO] [1786315384.858055475] [landing_scout_1]: [scout_1] 📏 CALIBSERIES t=2.0s v=0.00797 m/s (vx=-0.00001 vy=0.00000 vz=-0.00797)
[INFO] [1786315386.860770831] [landing_scout_1]: [scout_1] 📏 CALIBSERIES t=4.0s v=0.00820 m/s (vx=-0.00001 vy=0.00000 vz=-0.00820)
[INFO] [1786315388.164185157] [landing_scout_1]: [scout_1] Landing controller state: FLIGHT
[INFO] [1786315388.866560318] [landing_scout_1]: [scout_1] 📏 CALIBSERIES t=6.1s v=0.00843 m/s (vx=-0.00001 vy=0.00000 vz=-0.00843)
[INFO] [1786315390.896873791] [landing_scout_1]: [scout_1] 📏 CALIBSERIES t=8.1s v=0.00866 m/s (vx=-0.00001 vy=0.00000 vz=-0.00866)
[INFO] [1786315392.902500723] [landing_scout_1]: [scout_1] 📏 CALIBSERIES t=10.1s v=0.00889 m/s (vx=-0.00001 vy=0.00000 vz=-0.00889)
[INFO] [1786315393.164302527] [landing_scout_1]: [scout_1] Landing controller state: FLIGHT
[INFO] [1786315394.924693172] [landing_scout_1]: [scout_1] 📏 CALIBSERIES t=12.1s v=0.00911 m/s (vx=-0.00001 vy=0.00000 vz=-0.00911)
[INFO] [1786315396.927263002] [landing_scout_1]: [scout_1] 📏 CALIBSERIES t=14.1s v=0.00934 m/s (vx=-0.00001 vy=0.00000 vz=-0.00934)
[INFO] [1786315396.927995579] [landing_scout_1]: [scout_1] 📏 CALIBSTABLE t=14.1s v=0.00934 m/s (vx=-0.00001 vy=0.00000 vz=-0.00934) -- 3 consecutive samples steady
[INFO] [1786315398.164838440] [landing_scout_1]: [scout_1] Landing controller state: FLIGHT
