[INFO] [1786317307.282788892] [landing_scout_1]: [scout_1] Landing Controller: ONLINE
[INFO] [1786317312.339829399] [landing_scout_1]: [scout_1] Landing controller state: IDLE
[INFO] [1786317317.339993840] [landing_scout_1]: [scout_1] Landing controller state: IDLE
[INFO] [1786317322.340159352] [landing_scout_1]: [scout_1] Landing controller state: IDLE
[INFO] [1786317327.339514236] [landing_scout_1]: [scout_1] Landing controller state: IDLE
[INFO] [1786317332.339554145] [landing_scout_1]: [scout_1] Landing controller state: IDLE
[INFO] [1786317337.339465844] [landing_scout_1]: [scout_1] Landing controller state: IDLE
[INFO] [1786317342.339545109] [landing_scout_1]: [scout_1] Landing controller state: IDLE
[INFO] [1786317347.339935183] [landing_scout_1]: [scout_1] Landing controller state: IDLE
[INFO] [1786317352.339941354] [landing_scout_1]: [scout_1] Landing controller state: IDLE
[INFO] [1786317357.339613765] [landing_scout_1]: [scout_1] Landing controller state: IDLE
[INFO] [1786317362.339627921] [landing_scout_1]: [scout_1] Landing controller state: IDLE
[INFO] [1786317367.340160100] [landing_scout_1]: [scout_1] Landing controller state: IDLE
[INFO] [1786317371.924662137] [landing_scout_1]: [scout_1] 🚀 Jump detected → FLIGHT mode (contact detection blanked 100 s for launch)
[INFO] [1786317371.941375814] [landing_scout_1]: [scout_1] 📏 CALIBSERIES t=0.0s v=0.02327 m/s (vx=0.02125 vy=-0.00029 vz=-0.00949)
[INFO] [1786317372.339600247] [landing_scout_1]: [scout_1] Landing controller state: FLIGHT
[INFO] [1786317373.949749930] [landing_scout_1]: [scout_1] 📏 CALIBSERIES t=2.0s v=0.00796 m/s (vx=0.00000 vy=0.00000 vz=-0.00796)
[INFO] [1786317375.952850905] [landing_scout_1]: [scout_1] 📏 CALIBSERIES t=4.0s v=0.00819 m/s (vx=0.00000 vy=0.00000 vz=-0.00819)
[INFO] [1786317377.339535576] [landing_scout_1]: [scout_1] Landing controller state: FLIGHT
[INFO] [1786317377.956615256] [landing_scout_1]: [scout_1] 📏 CALIBSERIES t=6.0s v=0.00842 m/s (vx=0.00000 vy=0.00000 vz=-0.00842)
[INFO] [1786317379.964706516] [landing_scout_1]: [scout_1] 📏 CALIBSERIES t=8.0s v=0.00865 m/s (vx=0.00000 vy=0.00000 vz=-0.00865)
[INFO] [1786317381.967046358] [landing_scout_1]: [scout_1] 📏 CALIBSERIES t=10.0s v=0.00887 m/s (vx=0.00000 vy=0.00000 vz=-0.00887)
[INFO] [1786317382.339556466] [landing_scout_1]: [scout_1] Landing controller state: FLIGHT
[INFO] [1786317383.995839565] [landing_scout_1]: [scout_1] 📏 CALIBSERIES t=12.1s v=0.00910 m/s (vx=0.00000 vy=0.00000 vz=-0.00910)
[INFO] [1786317386.506328570] [landing_scout_1]: [scout_1] 📏 CALIBSERIES t=14.6s v=6020.79729 m/s (vx=0.00000 vy=500.00000 vz=6000.00000)
[INFO] [1786317387.339730662] [landing_scout_1]: [scout_1] Landing controller state: FLIGHT
