[INFO] [1786325995.352307274] [landing_scout_1]: [scout_1] Landing Controller: ONLINE
[INFO] [1786326000.401795734] [landing_scout_1]: [scout_1] Landing controller state: IDLE
[INFO] [1786326005.401948456] [landing_scout_1]: [scout_1] Landing controller state: IDLE
[INFO] [1786326010.402425421] [landing_scout_1]: [scout_1] Landing controller state: IDLE
[INFO] [1786326015.402226783] [landing_scout_1]: [scout_1] Landing controller state: IDLE
[INFO] [1786326020.401887870] [landing_scout_1]: [scout_1] Landing controller state: IDLE
[INFO] [1786326025.402229661] [landing_scout_1]: [scout_1] Landing controller state: IDLE
[INFO] [1786326030.402711935] [landing_scout_1]: [scout_1] Landing controller state: IDLE
[INFO] [1786326035.402856486] [landing_scout_1]: [scout_1] Landing controller state: IDLE
[INFO] [1786326040.401804267] [landing_scout_1]: [scout_1] Landing controller state: IDLE
[INFO] [1786326045.401974082] [landing_scout_1]: [scout_1] Landing controller state: IDLE
[INFO] [1786326050.402329277] [landing_scout_1]: [scout_1] Landing controller state: IDLE
[INFO] [1786326055.402586924] [landing_scout_1]: [scout_1] Landing controller state: IDLE
[INFO] [1786326059.995187481] [landing_scout_1]: [scout_1] 🚀 Jump detected → FLIGHT mode (contact detection blanked 100 s for launch)
[INFO] [1786326060.026868794] [landing_scout_1]: [scout_1] 📏 CALIBSERIES t=0.0s v=0.00939 m/s (vx=0.00628 vy=-0.00004 vz=-0.00699)
[INFO] [1786326060.401854103] [landing_scout_1]: [scout_1] Landing controller state: FLIGHT
[INFO] [1786326062.031874090] [landing_scout_1]: [scout_1] 📏 CALIBSERIES t=2.0s v=0.00795 m/s (vx=0.00001 vy=0.00000 vz=-0.00795)
[INFO] [1786326064.035882581] [landing_scout_1]: [scout_1] 📏 CALIBSERIES t=4.0s v=0.00818 m/s (vx=0.00001 vy=0.00000 vz=-0.00818)
[INFO] [1786326065.402332202] [landing_scout_1]: [scout_1] Landing controller state: FLIGHT
[INFO] [1786326066.037865087] [landing_scout_1]: [scout_1] 📏 CALIBSERIES t=6.0s v=0.00841 m/s (vx=0.00001 vy=0.00000 vz=-0.00841)
[INFO] [1786326068.045324916] [landing_scout_1]: [scout_1] 📏 CALIBSERIES t=8.1s v=0.00864 m/s (vx=0.00001 vy=0.00000 vz=-0.00864)
[INFO] [1786326070.052302598] [landing_scout_1]: [scout_1] 📏 CALIBSERIES t=10.1s v=0.00886 m/s (vx=0.00001 vy=0.00000 vz=-0.00886)
[INFO] [1786326070.402020132] [landing_scout_1]: [scout_1] Landing controller state: FLIGHT
[INFO] [1786326072.054238138] [landing_scout_1]: [scout_1] 📏 CALIBSERIES t=12.1s v=0.00909 m/s (vx=0.00001 vy=0.00000 vz=-0.00909)
[INFO] [1786326074.060057088] [landing_scout_1]: [scout_1] 📏 CALIBSERIES t=14.1s v=0.00932 m/s (vx=0.00001 vy=0.00000 vz=-0.00932)
[INFO] [1786326074.060650318] [landing_scout_1]: [scout_1] 📏 CALIBSTABLE t=14.1s v=0.00932 m/s (vx=0.00001 vy=0.00000 vz=-0.00932) -- 3 consecutive samples steady
[INFO] [1786326075.402616077] [landing_scout_1]: [scout_1] Landing controller state: FLIGHT
