[INFO] [1786312034.992585167] [landing_scout_1]: [scout_1] Landing Controller: ONLINE
[INFO] [1786312040.036477486] [landing_scout_1]: [scout_1] Landing controller state: IDLE
[INFO] [1786312045.036385255] [landing_scout_1]: [scout_1] Landing controller state: IDLE
[INFO] [1786312050.037111665] [landing_scout_1]: [scout_1] Landing controller state: IDLE
[INFO] [1786312055.036495021] [landing_scout_1]: [scout_1] Landing controller state: IDLE
[INFO] [1786312060.036459049] [landing_scout_1]: [scout_1] Landing controller state: IDLE
[INFO] [1786312065.036501854] [landing_scout_1]: [scout_1] Landing controller state: IDLE
[INFO] [1786312070.036618260] [landing_scout_1]: [scout_1] Landing controller state: IDLE
[INFO] [1786312075.036460516] [landing_scout_1]: [scout_1] Landing controller state: IDLE
[INFO] [1786312080.036997603] [landing_scout_1]: [scout_1] Landing controller state: IDLE
[INFO] [1786312085.036438898] [landing_scout_1]: [scout_1] Landing controller state: IDLE
[INFO] [1786312090.036505727] [landing_scout_1]: [scout_1] Landing controller state: IDLE
[INFO] [1786312095.036474514] [landing_scout_1]: [scout_1] Landing controller state: IDLE
[INFO] [1786312099.739646457] [landing_scout_1]: [scout_1] 🚀 Jump detected → FLIGHT mode (contact detection blanked 100 s for launch)
[INFO] [1786312099.741273434] [landing_scout_1]: [scout_1] 📏 CALIBSERIES t=0.0s v=0.01254 m/s (vx=0.01205 vy=-0.00007 vz=-0.00349)
[INFO] [1786312100.036658497] [landing_scout_1]: [scout_1] Landing controller state: FLIGHT
[INFO] [1786312101.791041468] [landing_scout_1]: [scout_1] 📏 CALIBSERIES t=2.1s v=0.00797 m/s (vx=-0.00001 vy=0.00000 vz=-0.00797)
[INFO] [1786312103.791949121] [landing_scout_1]: [scout_1] 📏 CALIBSERIES t=4.1s v=0.00820 m/s (vx=-0.00001 vy=0.00000 vz=-0.00820)
[INFO] [1786312105.036470431] [landing_scout_1]: [scout_1] Landing controller state: FLIGHT
[INFO] [1786312105.794633127] [landing_scout_1]: [scout_1] 📏 CALIBSERIES t=6.1s v=0.00843 m/s (vx=-0.00001 vy=0.00000 vz=-0.00843)
[INFO] [1786312107.800446472] [landing_scout_1]: [scout_1] 📏 CALIBSERIES t=8.1s v=0.00866 m/s (vx=-0.00001 vy=0.00000 vz=-0.00866)
[INFO] [1786312109.807181857] [landing_scout_1]: [scout_1] 📏 CALIBSERIES t=10.1s v=0.00889 m/s (vx=-0.00001 vy=0.00000 vz=-0.00889)
[INFO] [1786312110.037723000] [landing_scout_1]: [scout_1] Landing controller state: FLIGHT
[INFO] [1786312111.856972591] [landing_scout_1]: [scout_1] 📏 CALIBSERIES t=12.1s v=0.00912 m/s (vx=-0.00001 vy=0.00000 vz=-0.00912)
[INFO] [1786312113.863972506] [landing_scout_1]: [scout_1] 📏 CALIBSERIES t=14.1s v=0.00935 m/s (vx=-0.00001 vy=0.00000 vz=-0.00935)
[INFO] [1786312113.864492901] [landing_scout_1]: [scout_1] 📏 CALIBSTABLE t=14.1s v=0.00935 m/s (vx=-0.00001 vy=0.00000 vz=-0.00935) -- 3 consecutive samples steady
[INFO] [1786312115.036912831] [landing_scout_1]: [scout_1] Landing controller state: FLIGHT
