[INFO] [1786320806.670008915] [landing_scout_1]: [scout_1] Landing Controller: ONLINE
[INFO] [1786320811.729025288] [landing_scout_1]: [scout_1] Landing controller state: IDLE
[INFO] [1786320816.728958903] [landing_scout_1]: [scout_1] Landing controller state: IDLE
[INFO] [1786320821.728903184] [landing_scout_1]: [scout_1] Landing controller state: IDLE
[INFO] [1786320826.729278924] [landing_scout_1]: [scout_1] Landing controller state: IDLE
[INFO] [1786320831.728810747] [landing_scout_1]: [scout_1] Landing controller state: IDLE
[INFO] [1786320836.728837652] [landing_scout_1]: [scout_1] Landing controller state: IDLE
[INFO] [1786320841.728951346] [landing_scout_1]: [scout_1] Landing controller state: IDLE
[INFO] [1786320846.728760016] [landing_scout_1]: [scout_1] Landing controller state: IDLE
[INFO] [1786320851.728748012] [landing_scout_1]: [scout_1] Landing controller state: IDLE
[INFO] [1786320856.728954166] [landing_scout_1]: [scout_1] Landing controller state: IDLE
[INFO] [1786320861.729504609] [landing_scout_1]: [scout_1] Landing controller state: IDLE
[INFO] [1786320866.728812261] [landing_scout_1]: [scout_1] Landing controller state: IDLE
[INFO] [1786320871.349852482] [landing_scout_1]: [scout_1] 🚀 Jump detected → FLIGHT mode (contact detection blanked 100 s for launch)
[INFO] [1786320871.367926573] [landing_scout_1]: [scout_1] 📏 CALIBSERIES t=0.0s v=0.01293 m/s (vx=0.00409 vy=-0.00002 vz=-0.01226)
[INFO] [1786320871.729325487] [landing_scout_1]: [scout_1] Landing controller state: FLIGHT
[INFO] [1786320873.371416847] [landing_scout_1]: [scout_1] 📏 CALIBSERIES t=2.0s v=0.00797 m/s (vx=-0.00001 vy=0.00000 vz=-0.00797)
[INFO] [1786320875.372991803] [landing_scout_1]: [scout_1] 📏 CALIBSERIES t=4.0s v=0.00820 m/s (vx=-0.00001 vy=0.00000 vz=-0.00820)
[INFO] [1786320876.728862784] [landing_scout_1]: [scout_1] Landing controller state: FLIGHT
[INFO] [1786320877.376557889] [landing_scout_1]: [scout_1] 📏 CALIBSERIES t=6.0s v=0.00842 m/s (vx=-0.00001 vy=0.00000 vz=-0.00842)
[INFO] [1786320879.382555177] [landing_scout_1]: [scout_1] 📏 CALIBSERIES t=8.0s v=0.00865 m/s (vx=-0.00001 vy=0.00000 vz=-0.00865)
[INFO] [1786320881.384113841] [landing_scout_1]: [scout_1] 📏 CALIBSERIES t=10.0s v=0.00888 m/s (vx=-0.00001 vy=0.00000 vz=-0.00888)
[INFO] [1786320881.728880628] [landing_scout_1]: [scout_1] Landing controller state: FLIGHT
[INFO] [1786320883.386974160] [landing_scout_1]: [scout_1] 📏 CALIBSERIES t=12.0s v=0.00911 m/s (vx=-0.00001 vy=0.00000 vz=-0.00911)
[INFO] [1786320885.388401904] [landing_scout_1]: [scout_1] 📏 CALIBSERIES t=14.0s v=0.00934 m/s (vx=-0.00001 vy=0.00000 vz=-0.00934)
[INFO] [1786320885.389074688] [landing_scout_1]: [scout_1] 📏 CALIBSTABLE t=14.0s v=0.00934 m/s (vx=-0.00001 vy=0.00000 vz=-0.00934) -- 3 consecutive samples steady
[INFO] [1786320886.728829015] [landing_scout_1]: [scout_1] Landing controller state: FLIGHT
