[INFO] [1786317823.211480045] [landing_scout_1]: [scout_1] Landing Controller: ONLINE
[INFO] [1786317828.271802089] [landing_scout_1]: [scout_1] Landing controller state: IDLE
[INFO] [1786317833.271994962] [landing_scout_1]: [scout_1] Landing controller state: IDLE
[INFO] [1786317838.271633652] [landing_scout_1]: [scout_1] Landing controller state: IDLE
[INFO] [1786317843.271840361] [landing_scout_1]: [scout_1] Landing controller state: IDLE
[INFO] [1786317848.271980288] [landing_scout_1]: [scout_1] Landing controller state: IDLE
[INFO] [1786317853.271808855] [landing_scout_1]: [scout_1] Landing controller state: IDLE
[INFO] [1786317858.272133682] [landing_scout_1]: [scout_1] Landing controller state: IDLE
[INFO] [1786317863.272494442] [landing_scout_1]: [scout_1] Landing controller state: IDLE
[INFO] [1786317868.271709317] [landing_scout_1]: [scout_1] Landing controller state: IDLE
[INFO] [1786317873.271858278] [landing_scout_1]: [scout_1] Landing controller state: IDLE
[INFO] [1786317878.272004169] [landing_scout_1]: [scout_1] Landing controller state: IDLE
[INFO] [1786317883.271727591] [landing_scout_1]: [scout_1] Landing controller state: IDLE
[INFO] [1786317887.793409018] [landing_scout_1]: [scout_1] 🚀 Jump detected → FLIGHT mode (contact detection blanked 100 s for launch)
[INFO] [1786317887.817876901] [landing_scout_1]: [scout_1] 📏 CALIBSERIES t=0.0s v=0.01137 m/s (vx=0.00412 vy=0.00025 vz=-0.01059)
[INFO] [1786317888.271738313] [landing_scout_1]: [scout_1] Landing controller state: FLIGHT
[INFO] [1786317889.837833258] [landing_scout_1]: [scout_1] 📏 CALIBSERIES t=2.0s v=0.00795 m/s (vx=-0.00000 vy=0.00000 vz=-0.00795)
[INFO] [1786317891.840258769] [landing_scout_1]: [scout_1] 📏 CALIBSERIES t=4.0s v=0.00818 m/s (vx=-0.00000 vy=0.00000 vz=-0.00818)
[INFO] [1786317893.272544673] [landing_scout_1]: [scout_1] Landing controller state: FLIGHT
[INFO] [1786317893.865440833] [landing_scout_1]: [scout_1] 📏 CALIBSERIES t=6.1s v=0.00841 m/s (vx=-0.00000 vy=0.00000 vz=-0.00841)
[INFO] [1786317895.869456188] [landing_scout_1]: [scout_1] 📏 CALIBSERIES t=8.1s v=0.00864 m/s (vx=-0.00000 vy=0.00000 vz=-0.00864)
[INFO] [1786317897.870594806] [landing_scout_1]: [scout_1] 📏 CALIBSERIES t=10.1s v=0.00886 m/s (vx=-0.00000 vy=0.00000 vz=-0.00886)
[INFO] [1786317898.271581593] [landing_scout_1]: [scout_1] Landing controller state: FLIGHT
[INFO] [1786317899.875178054] [landing_scout_1]: [scout_1] 📏 CALIBSERIES t=12.1s v=0.00909 m/s (vx=-0.00000 vy=0.00000 vz=-0.00909)
[INFO] [1786317901.876939744] [landing_scout_1]: [scout_1] 📏 CALIBSERIES t=14.1s v=0.00932 m/s (vx=-0.00000 vy=0.00000 vz=-0.00932)
[INFO] [1786317901.877617719] [landing_scout_1]: [scout_1] 📏 CALIBSTABLE t=14.1s v=0.00932 m/s (vx=-0.00000 vy=0.00000 vz=-0.00932) -- 3 consecutive samples steady
[INFO] [1786317903.272249301] [landing_scout_1]: [scout_1] Landing controller state: FLIGHT
