[INFO] [1786315148.683469396] [landing_scout_1]: [scout_1] Landing Controller: ONLINE
[INFO] [1786315153.731960896] [landing_scout_1]: [scout_1] Landing controller state: IDLE
[INFO] [1786315158.731885452] [landing_scout_1]: [scout_1] Landing controller state: IDLE
[INFO] [1786315163.731986268] [landing_scout_1]: [scout_1] Landing controller state: IDLE
[INFO] [1786315168.731916715] [landing_scout_1]: [scout_1] Landing controller state: IDLE
[INFO] [1786315173.732085509] [landing_scout_1]: [scout_1] Landing controller state: IDLE
[INFO] [1786315178.732600065] [landing_scout_1]: [scout_1] Landing controller state: IDLE
[INFO] [1786315183.733035810] [landing_scout_1]: [scout_1] Landing controller state: IDLE
[INFO] [1786315188.731992824] [landing_scout_1]: [scout_1] Landing controller state: IDLE
[INFO] [1786315193.732113238] [landing_scout_1]: [scout_1] Landing controller state: IDLE
[INFO] [1786315198.731991893] [landing_scout_1]: [scout_1] Landing controller state: IDLE
[INFO] [1786315203.731879174] [landing_scout_1]: [scout_1] Landing controller state: IDLE
[INFO] [1786315208.732926638] [landing_scout_1]: [scout_1] Landing controller state: IDLE
[INFO] [1786315213.418048855] [landing_scout_1]: [scout_1] 🚀 Jump detected → FLIGHT mode (contact detection blanked 100 s for launch)
[INFO] [1786315213.440642494] [landing_scout_1]: [scout_1] 📏 CALIBSERIES t=0.0s v=0.01379 m/s (vx=0.00051 vy=0.00001 vz=-0.01378)
[INFO] [1786315213.732522460] [landing_scout_1]: [scout_1] Landing controller state: FLIGHT
[INFO] [1786315215.443731286] [landing_scout_1]: [scout_1] 📏 CALIBSERIES t=2.0s v=0.00797 m/s (vx=-0.00000 vy=0.00000 vz=-0.00797)
[INFO] [1786315217.445532282] [landing_scout_1]: [scout_1] 📏 CALIBSERIES t=4.0s v=0.00820 m/s (vx=-0.00000 vy=0.00000 vz=-0.00820)
[INFO] [1786315218.732046024] [landing_scout_1]: [scout_1] Landing controller state: FLIGHT
[INFO] [1786315219.445824571] [landing_scout_1]: [scout_1] 📏 CALIBSERIES t=6.0s v=0.00843 m/s (vx=-0.00000 vy=0.00000 vz=-0.00843)
[INFO] [1786315221.495314793] [landing_scout_1]: [scout_1] 📏 CALIBSERIES t=8.1s v=0.00866 m/s (vx=-0.00000 vy=0.00000 vz=-0.00866)
[INFO] [1786315223.503931432] [landing_scout_1]: [scout_1] 📏 CALIBSERIES t=10.1s v=0.00889 m/s (vx=-0.00000 vy=0.00000 vz=-0.00889)
[INFO] [1786315223.731940408] [landing_scout_1]: [scout_1] Landing controller state: FLIGHT
[INFO] [1786315225.508000386] [landing_scout_1]: [scout_1] 📏 CALIBSERIES t=12.1s v=0.00912 m/s (vx=-0.00000 vy=0.00000 vz=-0.00912)
[INFO] [1786315225.508680580] [landing_scout_1]: [scout_1] 📏 CALIBSTABLE t=12.1s v=0.00912 m/s (vx=-0.00000 vy=0.00000 vz=-0.00912) -- 3 consecutive samples steady
[INFO] [1786315228.732788445] [landing_scout_1]: [scout_1] Landing controller state: FLIGHT
