[INFO] [1786311855.566264543] [landing_scout_1]: [scout_1] Landing Controller: ONLINE
[INFO] [1786311860.630988057] [landing_scout_1]: [scout_1] Landing controller state: IDLE
[INFO] [1786311865.631125546] [landing_scout_1]: [scout_1] Landing controller state: IDLE
[INFO] [1786311870.631940043] [landing_scout_1]: [scout_1] Landing controller state: IDLE
[INFO] [1786311875.630622781] [landing_scout_1]: [scout_1] Landing controller state: IDLE
[INFO] [1786311880.630567288] [landing_scout_1]: [scout_1] Landing controller state: IDLE
[INFO] [1786311885.630504318] [landing_scout_1]: [scout_1] Landing controller state: IDLE
[INFO] [1786311890.631098055] [landing_scout_1]: [scout_1] Landing controller state: IDLE
[INFO] [1786311895.630515352] [landing_scout_1]: [scout_1] Landing controller state: IDLE
[INFO] [1786311900.630791804] [landing_scout_1]: [scout_1] Landing controller state: IDLE
[INFO] [1786311905.630913158] [landing_scout_1]: [scout_1] Landing controller state: IDLE
[INFO] [1786311910.630547934] [landing_scout_1]: [scout_1] Landing controller state: IDLE
[INFO] [1786311915.630519487] [landing_scout_1]: [scout_1] Landing controller state: IDLE
[INFO] [1786311920.281442618] [landing_scout_1]: [scout_1] 🚀 Jump detected → FLIGHT mode (contact detection blanked 100 s for launch)
[INFO] [1786311920.306381751] [landing_scout_1]: [scout_1] 📏 CALIBSERIES t=0.0s v=0.01737 m/s (vx=0.01506 vy=-0.00013 vz=-0.00866)
[INFO] [1786311920.631190913] [landing_scout_1]: [scout_1] Landing controller state: FLIGHT
[INFO] [1786311922.312773568] [landing_scout_1]: [scout_1] 📏 CALIBSERIES t=2.0s v=0.00796 m/s (vx=0.00000 vy=0.00000 vz=-0.00796)
[INFO] [1786311924.316196651] [landing_scout_1]: [scout_1] 📏 CALIBSERIES t=4.0s v=0.00819 m/s (vx=0.00000 vy=0.00000 vz=-0.00819)
[INFO] [1786311925.630561092] [landing_scout_1]: [scout_1] Landing controller state: FLIGHT
[INFO] [1786311926.317898167] [landing_scout_1]: [scout_1] 📏 CALIBSERIES t=6.0s v=0.00842 m/s (vx=0.00000 vy=0.00000 vz=-0.00842)
[INFO] [1786311928.323493193] [landing_scout_1]: [scout_1] 📏 CALIBSERIES t=8.0s v=0.00865 m/s (vx=0.00000 vy=0.00000 vz=-0.00865)
[INFO] [1786311930.373718900] [landing_scout_1]: [scout_1] 📏 CALIBSERIES t=10.1s v=0.00888 m/s (vx=0.00000 vy=0.00000 vz=-0.00888)
[INFO] [1786311930.631180989] [landing_scout_1]: [scout_1] Landing controller state: FLIGHT
[INFO] [1786311932.385026644] [landing_scout_1]: [scout_1] 📏 CALIBSERIES t=12.1s v=0.00911 m/s (vx=0.00000 vy=0.00000 vz=-0.00911)
[INFO] [1786311934.386794507] [landing_scout_1]: [scout_1] 📏 CALIBSERIES t=14.1s v=0.00934 m/s (vx=0.00000 vy=0.00000 vz=-0.00934)
[INFO] [1786311934.387345769] [landing_scout_1]: [scout_1] 📏 CALIBSTABLE t=14.1s v=0.00934 m/s (vx=0.00000 vy=0.00000 vz=-0.00934) -- 3 consecutive samples steady
[INFO] [1786311935.630949330] [landing_scout_1]: [scout_1] Landing controller state: FLIGHT
