[INFO] [1786318953.908020206] [landing_scout_1]: [scout_1] Landing Controller: ONLINE
[INFO] [1786318958.956788310] [landing_scout_1]: [scout_1] Landing controller state: IDLE
[INFO] [1786318963.956799067] [landing_scout_1]: [scout_1] Landing controller state: IDLE
[INFO] [1786318968.956999141] [landing_scout_1]: [scout_1] Landing controller state: IDLE
[INFO] [1786318973.956772734] [landing_scout_1]: [scout_1] Landing controller state: IDLE
[INFO] [1786318978.956707571] [landing_scout_1]: [scout_1] Landing controller state: IDLE
[INFO] [1786318983.956945363] [landing_scout_1]: [scout_1] Landing controller state: IDLE
[INFO] [1786318988.957991769] [landing_scout_1]: [scout_1] Landing controller state: IDLE
[INFO] [1786318993.956739579] [landing_scout_1]: [scout_1] Landing controller state: IDLE
[INFO] [1786318998.957209264] [landing_scout_1]: [scout_1] Landing controller state: IDLE
[INFO] [1786319003.957186826] [landing_scout_1]: [scout_1] Landing controller state: IDLE
[INFO] [1786319008.956714033] [landing_scout_1]: [scout_1] Landing controller state: IDLE
[INFO] [1786319013.956784949] [landing_scout_1]: [scout_1] Landing controller state: IDLE
[INFO] [1786319018.525478423] [landing_scout_1]: [scout_1] 🚀 Jump detected → FLIGHT mode (contact detection blanked 100 s for launch)
[INFO] [1786319018.565257780] [landing_scout_1]: [scout_1] 📏 CALIBSERIES t=0.0s v=0.01497 m/s (vx=0.00158 vy=0.00043 vz=-0.01488)
[INFO] [1786319018.957685582] [landing_scout_1]: [scout_1] Landing controller state: FLIGHT
[INFO] [1786319020.615561664] [landing_scout_1]: [scout_1] 📏 CALIBSERIES t=2.1s v=0.00796 m/s (vx=-0.00001 vy=0.00000 vz=-0.00796)
[INFO] [1786319022.640502657] [landing_scout_1]: [scout_1] 📏 CALIBSERIES t=4.1s v=0.00819 m/s (vx=-0.00001 vy=0.00000 vz=-0.00819)
[INFO] [1786319023.956906919] [landing_scout_1]: [scout_1] Landing controller state: FLIGHT
[INFO] [1786319024.645239798] [landing_scout_1]: [scout_1] 📏 CALIBSERIES t=6.1s v=0.00842 m/s (vx=-0.00001 vy=0.00000 vz=-0.00842)
[INFO] [1786319026.648903229] [landing_scout_1]: [scout_1] 📏 CALIBSERIES t=8.1s v=0.00865 m/s (vx=-0.00001 vy=0.00000 vz=-0.00865)
[INFO] [1786319028.651778887] [landing_scout_1]: [scout_1] 📏 CALIBSERIES t=10.1s v=0.00887 m/s (vx=-0.00001 vy=0.00000 vz=-0.00887)
[INFO] [1786319028.957823390] [landing_scout_1]: [scout_1] Landing controller state: FLIGHT
[INFO] [1786319030.655119182] [landing_scout_1]: [scout_1] 📏 CALIBSERIES t=12.1s v=0.00910 m/s (vx=-0.00001 vy=0.00000 vz=-0.00910)
[INFO] [1786319032.659882210] [landing_scout_1]: [scout_1] 📏 CALIBSERIES t=14.1s v=0.00933 m/s (vx=-0.00001 vy=0.00000 vz=-0.00933)
[INFO] [1786319032.660594251] [landing_scout_1]: [scout_1] 📏 CALIBSTABLE t=14.1s v=0.00933 m/s (vx=-0.00001 vy=0.00000 vz=-0.00933) -- 3 consecutive samples steady
[INFO] [1786319033.957539127] [landing_scout_1]: [scout_1] Landing controller state: FLIGHT
