[INFO] [1786314969.436243056] [landing_scout_1]: [scout_1] Landing Controller: ONLINE
[INFO] [1786314974.488582136] [landing_scout_1]: [scout_1] Landing controller state: IDLE
[INFO] [1786314979.489420501] [landing_scout_1]: [scout_1] Landing controller state: IDLE
[INFO] [1786314984.488569650] [landing_scout_1]: [scout_1] Landing controller state: IDLE
[INFO] [1786314989.488857212] [landing_scout_1]: [scout_1] Landing controller state: IDLE
[INFO] [1786314994.488686591] [landing_scout_1]: [scout_1] Landing controller state: IDLE
[INFO] [1786314999.488687204] [landing_scout_1]: [scout_1] Landing controller state: IDLE
[INFO] [1786315004.488819096] [landing_scout_1]: [scout_1] Landing controller state: IDLE
[INFO] [1786315009.488696948] [landing_scout_1]: [scout_1] Landing controller state: IDLE
[INFO] [1786315014.488762926] [landing_scout_1]: [scout_1] Landing controller state: IDLE
[INFO] [1786315019.489509626] [landing_scout_1]: [scout_1] Landing controller state: IDLE
[INFO] [1786315024.488911063] [landing_scout_1]: [scout_1] Landing controller state: IDLE
[INFO] [1786315029.488520525] [landing_scout_1]: [scout_1] Landing controller state: IDLE
[INFO] [1786315034.071545810] [landing_scout_1]: [scout_1] 🚀 Jump detected → FLIGHT mode (contact detection blanked 100 s for launch)
[INFO] [1786315034.089660575] [landing_scout_1]: [scout_1] 📏 CALIBSERIES t=0.0s v=0.01288 m/s (vx=-0.00013 vy=0.00002 vz=-0.01288)
[INFO] [1786315034.488931528] [landing_scout_1]: [scout_1] Landing controller state: FLIGHT
[INFO] [1786315036.089523247] [landing_scout_1]: [scout_1] 📏 CALIBSERIES t=2.0s v=0.00796 m/s (vx=-0.00002 vy=0.00000 vz=-0.00796)
[INFO] [1786315038.096495616] [landing_scout_1]: [scout_1] 📏 CALIBSERIES t=4.0s v=0.00819 m/s (vx=-0.00002 vy=0.00000 vz=-0.00819)
[INFO] [1786315039.488725296] [landing_scout_1]: [scout_1] Landing controller state: FLIGHT
[INFO] [1786315040.100512162] [landing_scout_1]: [scout_1] 📏 CALIBSERIES t=6.0s v=0.00842 m/s (vx=-0.00002 vy=0.00000 vz=-0.00842)
[INFO] [1786315042.101058285] [landing_scout_1]: [scout_1] 📏 CALIBSERIES t=8.0s v=0.00865 m/s (vx=-0.00002 vy=0.00000 vz=-0.00865)
[INFO] [1786315044.101346728] [landing_scout_1]: [scout_1] 📏 CALIBSERIES t=10.0s v=0.00888 m/s (vx=-0.00002 vy=0.00000 vz=-0.00888)
[INFO] [1786315044.488757742] [landing_scout_1]: [scout_1] Landing controller state: FLIGHT
[INFO] [1786315046.106836150] [landing_scout_1]: [scout_1] 📏 CALIBSERIES t=12.0s v=0.00910 m/s (vx=-0.00002 vy=0.00000 vz=-0.00910)
[INFO] [1786315048.112779653] [landing_scout_1]: [scout_1] 📏 CALIBSERIES t=14.0s v=0.00933 m/s (vx=-0.00002 vy=0.00000 vz=-0.00933)
[INFO] [1786315048.113325680] [landing_scout_1]: [scout_1] 📏 CALIBSTABLE t=14.0s v=0.00933 m/s (vx=-0.00002 vy=0.00000 vz=-0.00933) -- 3 consecutive samples steady
