[INFO] [1786319940.405971508] [landing_scout_1]: [scout_1] Landing Controller: ONLINE
[INFO] [1786319945.464991849] [landing_scout_1]: [scout_1] Landing controller state: IDLE
[INFO] [1786319950.465061293] [landing_scout_1]: [scout_1] Landing controller state: IDLE
[INFO] [1786319955.465076423] [landing_scout_1]: [scout_1] Landing controller state: IDLE
[INFO] [1786319960.465144299] [landing_scout_1]: [scout_1] Landing controller state: IDLE
[INFO] [1786319965.465909265] [landing_scout_1]: [scout_1] Landing controller state: IDLE
[INFO] [1786319970.465021590] [landing_scout_1]: [scout_1] Landing controller state: IDLE
[INFO] [1786319975.465651553] [landing_scout_1]: [scout_1] Landing controller state: IDLE
[INFO] [1786319980.465065369] [landing_scout_1]: [scout_1] Landing controller state: IDLE
[INFO] [1786319985.465123032] [landing_scout_1]: [scout_1] Landing controller state: IDLE
[INFO] [1786319990.465075633] [landing_scout_1]: [scout_1] Landing controller state: IDLE
[INFO] [1786319995.465749663] [landing_scout_1]: [scout_1] Landing controller state: IDLE
[INFO] [1786320000.464983052] [landing_scout_1]: [scout_1] Landing controller state: IDLE
[INFO] [1786320004.965597142] [landing_scout_1]: [scout_1] 🚀 Jump detected → FLIGHT mode (contact detection blanked 100 s for launch)
[INFO] [1786320004.985709502] [landing_scout_1]: [scout_1] 📏 CALIBSERIES t=0.0s v=0.01323 m/s (vx=0.00190 vy=-0.00002 vz=-0.01310)
[INFO] [1786320005.465348174] [landing_scout_1]: [scout_1] Landing controller state: FLIGHT
[INFO] [1786320006.989151624] [landing_scout_1]: [scout_1] 📏 CALIBSERIES t=2.0s v=0.00796 m/s (vx=-0.00000 vy=-0.00000 vz=-0.00796)
[INFO] [1786320008.996263280] [landing_scout_1]: [scout_1] 📏 CALIBSERIES t=4.0s v=0.00819 m/s (vx=-0.00000 vy=-0.00000 vz=-0.00819)
[INFO] [1786320010.465589283] [landing_scout_1]: [scout_1] Landing controller state: FLIGHT
[INFO] [1786320011.000002202] [landing_scout_1]: [scout_1] 📏 CALIBSERIES t=6.0s v=0.00842 m/s (vx=-0.00000 vy=-0.00000 vz=-0.00842)
[INFO] [1786320013.003338794] [landing_scout_1]: [scout_1] 📏 CALIBSERIES t=8.0s v=0.00865 m/s (vx=-0.00000 vy=-0.00000 vz=-0.00865)
[INFO] [1786320015.004488481] [landing_scout_1]: [scout_1] 📏 CALIBSERIES t=10.0s v=0.00887 m/s (vx=-0.00000 vy=-0.00000 vz=-0.00887)
[INFO] [1786320015.465591696] [landing_scout_1]: [scout_1] Landing controller state: FLIGHT
[INFO] [1786320017.007524732] [landing_scout_1]: [scout_1] 📏 CALIBSERIES t=12.0s v=0.00910 m/s (vx=-0.00000 vy=-0.00000 vz=-0.00910)
[INFO] [1786320019.009059704] [landing_scout_1]: [scout_1] 📏 CALIBSERIES t=14.0s v=0.00933 m/s (vx=-0.00000 vy=-0.00000 vz=-0.00933)
[INFO] [1786320019.009886272] [landing_scout_1]: [scout_1] 📏 CALIBSTABLE t=14.0s v=0.00933 m/s (vx=-0.00000 vy=-0.00000 vz=-0.00933) -- 3 consecutive samples steady
[INFO] [1786320020.465850230] [landing_scout_1]: [scout_1] Landing controller state: FLIGHT
