[INFO] [1786338300.575555844] [landing_scout_1]: [scout_1] Landing Controller: ONLINE
[INFO] [1786338305.642515215] [landing_scout_1]: [scout_1] Landing controller state: IDLE
[INFO] [1786338310.642842370] [landing_scout_1]: [scout_1] Landing controller state: IDLE
[INFO] [1786338315.642734198] [landing_scout_1]: [scout_1] Landing controller state: IDLE
[INFO] [1786338320.643036625] [landing_scout_1]: [scout_1] Landing controller state: IDLE
[INFO] [1786338325.642608611] [landing_scout_1]: [scout_1] Landing controller state: IDLE
[INFO] [1786338330.642595860] [landing_scout_1]: [scout_1] Landing controller state: IDLE
[INFO] [1786338335.642850045] [landing_scout_1]: [scout_1] Landing controller state: IDLE
[INFO] [1786338340.643154671] [landing_scout_1]: [scout_1] Landing controller state: IDLE
[INFO] [1786338345.642713945] [landing_scout_1]: [scout_1] Landing controller state: IDLE
[INFO] [1786338350.642992132] [landing_scout_1]: [scout_1] Landing controller state: IDLE
[INFO] [1786338355.642748734] [landing_scout_1]: [scout_1] Landing controller state: IDLE
[INFO] [1786338360.643734377] [landing_scout_1]: [scout_1] Landing controller state: IDLE
[INFO] [1786338365.150144014] [landing_scout_1]: [scout_1] 🚀 Jump detected → FLIGHT mode (contact detection blanked 100 s for launch)
[INFO] [1786338365.208184386] [landing_scout_1]: [scout_1] 📏 CALIBSERIES t=0.1s v=0.00639 m/s (vx=0.00176 vy=-0.00118 vz=-0.00602)
[INFO] [1786338365.644016746] [landing_scout_1]: [scout_1] Landing controller state: FLIGHT
[INFO] [1786338366.478400293] [landing_scout_1]: [scout_1] 🚀 Jump detected → FLIGHT mode (contact detection blanked 100 s for launch)
[INFO] [1786338369.540706085] [landing_scout_1]: [scout_1] 📏 CALIBSERIES t=3.1s v=0.01414 m/s (vx=-0.01385 vy=-0.00043 vz=0.00281)
[INFO] [1786338370.643036269] [landing_scout_1]: [scout_1] Landing controller state: FLIGHT
[INFO] [1786338371.557240251] [landing_scout_1]: [scout_1] 📏 CALIBSERIES t=5.1s v=0.00218 m/s (vx=-0.00065 vy=-0.00207 vz=0.00017)
[INFO] [1786338373.577180573] [landing_scout_1]: [scout_1] 📏 CALIBSERIES t=7.1s v=0.00038 m/s (vx=0.00009 vy=-0.00036 vz=-0.00006)
[INFO] [1786338375.588396630] [landing_scout_1]: [scout_1] 📏 CALIBSERIES t=9.1s v=0.00034 m/s (vx=0.00010 vy=-0.00014 vz=-0.00029)
[INFO] [1786338375.644314352] [landing_scout_1]: [scout_1] Landing controller state: FLIGHT
[INFO] [1786338377.602211229] [landing_scout_1]: [scout_1] 📏 CALIBSERIES t=11.1s v=0.00055 m/s (vx=0.00012 vy=-0.00013 vz=-0.00052)
[INFO] [1786338379.626710404] [landing_scout_1]: [scout_1] 📏 CALIBSERIES t=13.1s v=0.00077 m/s (vx=0.00013 vy=-0.00012 vz=-0.00075)
[INFO] [1786338380.643091005] [landing_scout_1]: [scout_1] Landing controller state: FLIGHT
[INFO] [1786338381.642037127] [landing_scout_1]: [scout_1] 📏 CALIBSERIES t=15.2s v=0.00099 m/s (vx=0.00015 vy=-0.00011 vz=-0.00097)
[INFO] [1786338383.657820733] [landing_scout_1]: [scout_1] 📏 CALIBSERIES t=17.2s v=0.00122 m/s (vx=0.00016 vy=-0.00010 vz=-0.00120)
[INFO] [1786338385.642857039] [landing_scout_1]: [scout_1] Landing controller state: FLIGHT
[INFO] [1786338385.670656836] [landing_scout_1]: [scout_1] 📏 CALIBSERIES t=19.2s v=0.00188 m/s (vx=0.00133 vy=-0.00013 vz=-0.00133)
[INFO] [1786338387.704460171] [landing_scout_1]: [scout_1] 📏 CALIBSERIES t=21.2s v=0.00217 m/s (vx=0.00129 vy=0.00117 vz=-0.00129)
[INFO] [1786338389.716186008] [landing_scout_1]: [scout_1] 📏 CALIBSERIES t=23.2s v=0.00227 m/s (vx=0.00105 vy=0.00136 vz=-0.00148)
[INFO] [1786338390.642829376] [landing_scout_1]: [scout_1] Landing controller state: FLIGHT
[INFO] [1786338391.732474224] [landing_scout_1]: [scout_1] 📏 CALIBSERIES t=25.3s v=0.00253 m/s (vx=0.00118 vy=0.00156 vz=-0.00161)
[INFO] [1786338393.746744304] [landing_scout_1]: [scout_1] 📏 CALIBSERIES t=27.3s v=0.00076 m/s (vx=-0.00002 vy=0.00003 vz=0.00076)
[INFO] [1786338395.643100302] [landing_scout_1]: [scout_1] Landing controller state: FLIGHT
[INFO] [1786338395.764284562] [landing_scout_1]: [scout_1] 📏 CALIBSERIES t=29.3s v=0.00053 m/s (vx=-0.00001 vy=0.00003 vz=0.00053)
[INFO] [1786338397.784524156] [landing_scout_1]: [scout_1] 📏 CALIBSERIES t=31.3s v=0.00037 m/s (vx=-0.00000 vy=0.00003 vz=0.00037)
[INFO] [1786338399.812789042] [landing_scout_1]: [scout_1] 📏 CALIBSERIES t=33.3s v=0.00008 m/s (vx=0.00001 vy=0.00003 vz=0.00008)
[INFO] [1786338400.644104486] [landing_scout_1]: [scout_1] Landing controller state: FLIGHT
[INFO] [1786338401.835491373] [landing_scout_1]: [scout_1] 📏 CALIBSERIES t=35.4s v=0.00015 m/s (vx=0.00002 vy=0.00003 vz=-0.00014)
[INFO] [1786338403.852985128] [landing_scout_1]: [scout_1] 📏 CALIBSERIES t=37.4s v=0.00045 m/s (vx=0.00003 vy=0.00003 vz=-0.00045)
[INFO] [1786338405.642952256] [landing_scout_1]: [scout_1] Landing controller state: FLIGHT
[INFO] [1786338405.865081310] [landing_scout_1]: [scout_1] 📏 CALIBSERIES t=39.4s v=0.00080 m/s (vx=-0.00021 vy=0.00054 vz=-0.00054)
[INFO] [1786338407.879899254] [landing_scout_1]: [scout_1] 📏 CALIBSERIES t=41.4s v=0.00108 m/s (vx=-0.00088 vy=0.00014 vz=-0.00061)
[INFO] [1786338409.905737023] [landing_scout_1]: [scout_1] 📏 CALIBSERIES t=43.4s v=0.00021 m/s (vx=0.00001 vy=0.00001 vz=0.00021)
[INFO] [1786338410.642943390] [landing_scout_1]: [scout_1] Landing controller state: FLIGHT
[INFO] [1786338411.921167530] [landing_scout_1]: [scout_1] 📏 CALIBSERIES t=45.4s v=0.00000 m/s (vx=0.00000 vy=0.00000 vz=0.00000)
[INFO] [1786338413.935653155] [landing_scout_1]: [scout_1] 📏 CALIBSERIES t=47.5s v=0.00024 m/s (vx=0.00002 vy=0.00001 vz=-0.00024)
[INFO] [1786338415.644000729] [landing_scout_1]: [scout_1] Landing controller state: FLIGHT
[INFO] [1786338415.973564517] [landing_scout_1]: [scout_1] 📏 CALIBSERIES t=49.5s v=0.00000 m/s (vx=0.00000 vy=0.00000 vz=0.00000)
[INFO] [1786338417.995083198] [landing_scout_1]: [scout_1] 📏 CALIBSERIES t=51.5s v=0.00000 m/s (vx=0.00000 vy=0.00000 vz=0.00000)
[INFO] [1786338420.008155385] [landing_scout_1]: [scout_1] 📏 CALIBSERIES t=53.5s v=0.00000 m/s (vx=0.00000 vy=0.00000 vz=0.00000)
[INFO] [1786338420.643051890] [landing_scout_1]: [scout_1] Landing controller state: FLIGHT
[INFO] [1786338422.043658639] [landing_scout_1]: [scout_1] 📏 CALIBSERIES t=55.6s v=0.00000 m/s (vx=0.00000 vy=0.00000 vz=0.00000)
[INFO] [1786338424.061757735] [landing_scout_1]: [scout_1] 📏 CALIBSERIES t=57.6s v=0.00000 m/s (vx=0.00000 vy=0.00000 vz=0.00000)
[INFO] [1786338425.642784805] [landing_scout_1]: [scout_1] Landing controller state: FLIGHT
[INFO] [1786338426.076921242] [landing_scout_1]: [scout_1] 📏 CALIBSERIES t=59.6s v=0.00000 m/s (vx=0.00000 vy=0.00000 vz=0.00000)
[INFO] [1786338428.123736436] [landing_scout_1]: [scout_1] 📏 CALIBSERIES t=61.6s v=0.00000 m/s (vx=0.00000 vy=0.00000 vz=0.00000)
[INFO] [1786338430.149508639] [landing_scout_1]: [scout_1] 📏 CALIBSERIES t=63.7s v=0.00000 m/s (vx=0.00000 vy=0.00000 vz=0.00000)
[INFO] [1786338430.643212836] [landing_scout_1]: [scout_1] Landing controller state: FLIGHT
[INFO] [1786338432.192267075] [landing_scout_1]: [scout_1] 📏 CALIBSERIES t=65.7s v=0.00000 m/s (vx=0.00000 vy=0.00000 vz=0.00000)
[INFO] [1786338434.218011038] [landing_scout_1]: [scout_1] 📏 CALIBSERIES t=67.7s v=0.00000 m/s (vx=0.00000 vy=0.00000 vz=0.00000)
[INFO] [1786338435.643188034] [landing_scout_1]: [scout_1] Landing controller state: FLIGHT
[INFO] [1786338436.245200848] [landing_scout_1]: [scout_1] 📏 CALIBSERIES t=69.8s v=0.00000 m/s (vx=0.00000 vy=0.00000 vz=0.00000)
[INFO] [1786338438.276478661] [landing_scout_1]: [scout_1] 📏 CALIBSERIES t=71.8s v=0.00000 m/s (vx=0.00000 vy=0.00000 vz=0.00000)
[INFO] [1786338440.298295863] [landing_scout_1]: [scout_1] 📏 CALIBSERIES t=73.8s v=0.00000 m/s (vx=0.00000 vy=0.00000 vz=0.00000)
[INFO] [1786338440.643251020] [landing_scout_1]: [scout_1] Landing controller state: FLIGHT
[INFO] [1786338442.324448392] [landing_scout_1]: [scout_1] 📏 CALIBSERIES t=75.8s v=0.00000 m/s (vx=0.00000 vy=0.00000 vz=0.00000)
[INFO] [1786338444.361358045] [landing_scout_1]: [scout_1] 📏 CALIBSERIES t=77.9s v=0.00000 m/s (vx=0.00000 vy=0.00000 vz=0.00000)
[INFO] [1786338445.643361794] [landing_scout_1]: [scout_1] Landing controller state: FLIGHT
[INFO] [1786338446.390033357] [landing_scout_1]: [scout_1] 📏 CALIBSERIES t=79.9s v=0.00000 m/s (vx=0.00000 vy=0.00000 vz=0.00000)
[INFO] [1786338448.419333569] [landing_scout_1]: [scout_1] 📏 CALIBSERIES t=81.9s v=0.00000 m/s (vx=0.00000 vy=0.00000 vz=0.00000)
[INFO] [1786338450.441874565] [landing_scout_1]: [scout_1] 📏 CALIBSERIES t=84.0s v=0.00000 m/s (vx=0.00000 vy=0.00000 vz=0.00000)
[INFO] [1786338450.643148873] [landing_scout_1]: [scout_1] Landing controller state: FLIGHT
[INFO] [1786338452.461013364] [landing_scout_1]: [scout_1] 📏 CALIBSERIES t=86.0s v=0.00000 m/s (vx=0.00000 vy=0.00000 vz=0.00000)
[INFO] [1786338454.479726466] [landing_scout_1]: [scout_1] 📏 CALIBSERIES t=88.0s v=0.00000 m/s (vx=0.00000 vy=0.00000 vz=0.00000)
[INFO] [1786338455.643274195] [landing_scout_1]: [scout_1] Landing controller state: FLIGHT
[INFO] [1786338456.527304047] [landing_scout_1]: [scout_1] 📏 CALIBSERIES t=90.0s v=0.00000 m/s (vx=0.00000 vy=0.00000 vz=0.00000)
[WARN] [1786338456.528457461] [landing_scout_1]: [scout_1] 📏 CALIBTIMEOUT t=90.0s -- never stabilized within 90s (last v=0.00000 m/s) -- likely tumbling/terrain-snagged launch, discard from calibration
[INFO] [1786338460.642929400] [landing_scout_1]: [scout_1] Landing controller state: FLIGHT
[INFO] [1786338465.643401185] [landing_scout_1]: [scout_1] Landing controller state: FLIGHT
[INFO] [1786338470.643040888] [landing_scout_1]: [scout_1] Landing controller state: FLIGHT
[INFO] [1786338475.643149036] [landing_scout_1]: [scout_1] Landing controller state: FLIGHT
[INFO] [1786338480.643101796] [landing_scout_1]: [scout_1] Landing controller state: FLIGHT
[INFO] [1786338485.643102017] [landing_scout_1]: [scout_1] Landing controller state: FLIGHT
[INFO] [1786338490.643013591] [landing_scout_1]: [scout_1] Landing controller state: FLIGHT
[INFO] [1786338495.642778916] [landing_scout_1]: [scout_1] Landing controller state: FLIGHT
[INFO] [1786338500.643017949] [landing_scout_1]: [scout_1] Landing controller state: FLIGHT
[INFO] [1786338505.643417876] [landing_scout_1]: [scout_1] Landing controller state: FLIGHT
[INFO] [1786338510.643094626] [landing_scout_1]: [scout_1] Landing controller state: FLIGHT
[INFO] [1786338515.643292843] [landing_scout_1]: [scout_1] Landing controller state: FLIGHT
[INFO] [1786338520.642685017] [landing_scout_1]: [scout_1] Landing controller state: FLIGHT
[INFO] [1786338525.643338344] [landing_scout_1]: [scout_1] Landing controller state: FLIGHT
[INFO] [1786338527.580479237] [landing_scout_1]: [scout_1] 🎯 Altitude static (±2 cm for 60 s) — grounded without an impact spike, settling in place
[INFO] [1786338529.604771953] [landing_scout_1]: [scout_1] ✅ LANDED — stable contact confirmed
[INFO] [1786338530.642731396] [landing_scout_1]: [scout_1] Landing controller state: LANDED
[INFO] [1786338530.933109797] [landing_scout_1]: [scout_1] 🚀 Jump detected → FLIGHT mode (contact detection blanked 100 s for launch)
[INFO] [1786338532.710282993] [landing_scout_1]: [scout_1] 🚀 Jump detected → FLIGHT mode (contact detection blanked 100 s for launch)
[INFO] [1786338534.452114390] [landing_scout_1]: [scout_1] 🚀 Jump detected → FLIGHT mode (contact detection blanked 100 s for launch)
[INFO] [1786338535.643001004] [landing_scout_1]: [scout_1] Landing controller state: FLIGHT
[INFO] [1786338535.703836892] [landing_scout_1]: [scout_1] 🚀 Jump detected → FLIGHT mode (contact detection blanked 100 s for launch)
