[INFO] [1786318087.214555706] [landing_scout_1]: [scout_1] Landing Controller: ONLINE
[INFO] [1786318092.265329233] [landing_scout_1]: [scout_1] Landing controller state: IDLE
[INFO] [1786318097.264918336] [landing_scout_1]: [scout_1] Landing controller state: IDLE
[INFO] [1786318102.265025128] [landing_scout_1]: [scout_1] Landing controller state: IDLE
[INFO] [1786318107.264792987] [landing_scout_1]: [scout_1] Landing controller state: IDLE
[INFO] [1786318112.264963171] [landing_scout_1]: [scout_1] Landing controller state: IDLE
[INFO] [1786318117.264919599] [landing_scout_1]: [scout_1] Landing controller state: IDLE
[INFO] [1786318122.265585400] [landing_scout_1]: [scout_1] Landing controller state: IDLE
[INFO] [1786318127.265249351] [landing_scout_1]: [scout_1] Landing controller state: IDLE
[INFO] [1786318132.264752862] [landing_scout_1]: [scout_1] Landing controller state: IDLE
[INFO] [1786318137.265230197] [landing_scout_1]: [scout_1] Landing controller state: IDLE
[INFO] [1786318142.265658718] [landing_scout_1]: [scout_1] Landing controller state: IDLE
[INFO] [1786318147.265042400] [landing_scout_1]: [scout_1] Landing controller state: IDLE
[INFO] [1786318151.864456651] [landing_scout_1]: [scout_1] 🚀 Jump detected → FLIGHT mode (contact detection blanked 100 s for launch)
[INFO] [1786318151.889609773] [landing_scout_1]: [scout_1] 📏 CALIBSERIES t=0.0s v=0.01454 m/s (vx=-0.00141 vy=0.00002 vz=-0.01447)
[INFO] [1786318152.265555679] [landing_scout_1]: [scout_1] Landing controller state: FLIGHT
[INFO] [1786318153.892297934] [landing_scout_1]: [scout_1] 📏 CALIBSERIES t=2.0s v=0.00796 m/s (vx=-0.00001 vy=-0.00000 vz=-0.00796)
[INFO] [1786318155.894203791] [landing_scout_1]: [scout_1] 📏 CALIBSERIES t=4.0s v=0.00819 m/s (vx=-0.00000 vy=-0.00000 vz=-0.00819)
[INFO] [1786318157.265031887] [landing_scout_1]: [scout_1] Landing controller state: FLIGHT
[INFO] [1786318157.916488506] [landing_scout_1]: [scout_1] 📏 CALIBSERIES t=6.1s v=0.00842 m/s (vx=-0.00000 vy=-0.00000 vz=-0.00842)
[INFO] [1786318159.918154753] [landing_scout_1]: [scout_1] 📏 CALIBSERIES t=8.1s v=0.00865 m/s (vx=-0.00000 vy=-0.00000 vz=-0.00865)
[INFO] [1786318161.921484468] [landing_scout_1]: [scout_1] 📏 CALIBSERIES t=10.1s v=0.00887 m/s (vx=-0.00000 vy=-0.00000 vz=-0.00887)
[INFO] [1786318162.264919022] [landing_scout_1]: [scout_1] Landing controller state: FLIGHT
[INFO] [1786318163.926585558] [landing_scout_1]: [scout_1] 📏 CALIBSERIES t=12.1s v=0.00910 m/s (vx=-0.00000 vy=-0.00000 vz=-0.00910)
[INFO] [1786318165.930818720] [landing_scout_1]: [scout_1] 📏 CALIBSERIES t=14.1s v=0.00933 m/s (vx=-0.00001 vy=-0.00000 vz=-0.00933)
[INFO] [1786318165.931356582] [landing_scout_1]: [scout_1] 📏 CALIBSTABLE t=14.1s v=0.00933 m/s (vx=-0.00001 vy=-0.00000 vz=-0.00933) -- 3 consecutive samples steady
[INFO] [1786318167.265683573] [landing_scout_1]: [scout_1] Landing controller state: FLIGHT
