[INFO] [1786325562.059547900] [landing_scout_1]: [scout_1] Landing Controller: ONLINE
[INFO] [1786325567.113326571] [landing_scout_1]: [scout_1] Landing controller state: IDLE
[INFO] [1786325572.113158973] [landing_scout_1]: [scout_1] Landing controller state: IDLE
[INFO] [1786325577.113415624] [landing_scout_1]: [scout_1] Landing controller state: IDLE
[INFO] [1786325582.114231527] [landing_scout_1]: [scout_1] Landing controller state: IDLE
[INFO] [1786325587.113835781] [landing_scout_1]: [scout_1] Landing controller state: IDLE
[INFO] [1786325592.113169920] [landing_scout_1]: [scout_1] Landing controller state: IDLE
[INFO] [1786325597.113306640] [landing_scout_1]: [scout_1] Landing controller state: IDLE
[INFO] [1786325602.113505831] [landing_scout_1]: [scout_1] Landing controller state: IDLE
[INFO] [1786325607.113109516] [landing_scout_1]: [scout_1] Landing controller state: IDLE
[INFO] [1786325612.113210158] [landing_scout_1]: [scout_1] Landing controller state: IDLE
[INFO] [1786325617.113823749] [landing_scout_1]: [scout_1] Landing controller state: IDLE
[INFO] [1786325622.113233865] [landing_scout_1]: [scout_1] Landing controller state: IDLE
[INFO] [1786325626.798668708] [landing_scout_1]: [scout_1] 🚀 Jump detected → FLIGHT mode (contact detection blanked 100 s for launch)
[INFO] [1786325626.814203070] [landing_scout_1]: [scout_1] 📏 CALIBSERIES t=0.0s v=0.01090 m/s (vx=0.00316 vy=-0.00001 vz=-0.01043)
[INFO] [1786325627.113829435] [landing_scout_1]: [scout_1] Landing controller state: FLIGHT
[INFO] [1786325628.825485455] [landing_scout_1]: [scout_1] 📏 CALIBSERIES t=2.0s v=0.00797 m/s (vx=-0.00001 vy=0.00000 vz=-0.00797)
[INFO] [1786325630.826197879] [landing_scout_1]: [scout_1] 📏 CALIBSERIES t=4.0s v=0.00820 m/s (vx=-0.00001 vy=0.00000 vz=-0.00820)
[INFO] [1786325632.113545317] [landing_scout_1]: [scout_1] Landing controller state: FLIGHT
[INFO] [1786325632.832654902] [landing_scout_1]: [scout_1] 📏 CALIBSERIES t=6.0s v=0.00842 m/s (vx=-0.00001 vy=0.00000 vz=-0.00842)
[INFO] [1786325634.836861975] [landing_scout_1]: [scout_1] 📏 CALIBSERIES t=8.0s v=0.00865 m/s (vx=-0.00001 vy=0.00000 vz=-0.00865)
[INFO] [1786325636.838762945] [landing_scout_1]: [scout_1] 📏 CALIBSERIES t=10.0s v=0.00888 m/s (vx=-0.00001 vy=0.00000 vz=-0.00888)
[INFO] [1786325637.113351608] [landing_scout_1]: [scout_1] Landing controller state: FLIGHT
[INFO] [1786325638.840840818] [landing_scout_1]: [scout_1] 📏 CALIBSERIES t=12.0s v=0.00911 m/s (vx=-0.00001 vy=0.00000 vz=-0.00911)
[INFO] [1786325640.842689116] [landing_scout_1]: [scout_1] 📏 CALIBSERIES t=14.0s v=0.00934 m/s (vx=-0.00001 vy=0.00000 vz=-0.00934)
[INFO] [1786325640.843356662] [landing_scout_1]: [scout_1] 📏 CALIBSTABLE t=14.0s v=0.00934 m/s (vx=-0.00001 vy=0.00000 vz=-0.00934) -- 3 consecutive samples steady
[INFO] [1786325642.113743626] [landing_scout_1]: [scout_1] Landing controller state: FLIGHT
