[INFO] [1786327722.597860771] [landing_scout_1]: [scout_1] Landing Controller: ONLINE
[INFO] [1786327727.657010828] [landing_scout_1]: [scout_1] Landing controller state: IDLE
[INFO] [1786327732.657152389] [landing_scout_1]: [scout_1] Landing controller state: IDLE
[INFO] [1786327737.657288650] [landing_scout_1]: [scout_1] Landing controller state: IDLE
[INFO] [1786327742.657128792] [landing_scout_1]: [scout_1] Landing controller state: IDLE
[INFO] [1786327747.657241603] [landing_scout_1]: [scout_1] Landing controller state: IDLE
[INFO] [1786327752.657001863] [landing_scout_1]: [scout_1] Landing controller state: IDLE
[INFO] [1786327757.657072157] [landing_scout_1]: [scout_1] Landing controller state: IDLE
[INFO] [1786327762.656968625] [landing_scout_1]: [scout_1] Landing controller state: IDLE
[INFO] [1786327767.657665133] [landing_scout_1]: [scout_1] Landing controller state: IDLE
[INFO] [1786327772.657036689] [landing_scout_1]: [scout_1] Landing controller state: IDLE
[INFO] [1786327777.657612387] [landing_scout_1]: [scout_1] Landing controller state: IDLE
[INFO] [1786327782.657172879] [landing_scout_1]: [scout_1] Landing controller state: IDLE
[INFO] [1786327787.134403268] [landing_scout_1]: [scout_1] 🚀 Jump detected → FLIGHT mode (contact detection blanked 100 s for launch)
[INFO] [1786327787.174906947] [landing_scout_1]: [scout_1] 📏 CALIBSERIES t=0.0s v=0.01755 m/s (vx=0.01177 vy=-0.00007 vz=-0.01302)
[INFO] [1786327787.656890103] [landing_scout_1]: [scout_1] Landing controller state: FLIGHT
[INFO] [1786327789.225453267] [landing_scout_1]: [scout_1] 📏 CALIBSERIES t=2.1s v=0.00796 m/s (vx=0.00001 vy=0.00000 vz=-0.00796)
[INFO] [1786327791.229670927] [landing_scout_1]: [scout_1] 📏 CALIBSERIES t=4.1s v=0.00819 m/s (vx=0.00001 vy=0.00000 vz=-0.00819)
[INFO] [1786327792.657008364] [landing_scout_1]: [scout_1] Landing controller state: FLIGHT
[INFO] [1786327793.235669265] [landing_scout_1]: [scout_1] 📏 CALIBSERIES t=6.1s v=0.00842 m/s (vx=0.00001 vy=0.00000 vz=-0.00842)
[INFO] [1786327795.241524289] [landing_scout_1]: [scout_1] 📏 CALIBSERIES t=8.1s v=0.00865 m/s (vx=0.00001 vy=0.00000 vz=-0.00865)
[INFO] [1786327797.245080973] [landing_scout_1]: [scout_1] 📏 CALIBSERIES t=10.1s v=0.00887 m/s (vx=0.00001 vy=0.00000 vz=-0.00887)
[INFO] [1786327797.657506849] [landing_scout_1]: [scout_1] Landing controller state: FLIGHT
[INFO] [1786327799.247298171] [landing_scout_1]: [scout_1] 📏 CALIBSERIES t=12.1s v=0.00910 m/s (vx=0.00001 vy=0.00000 vz=-0.00910)
[INFO] [1786327801.248682721] [landing_scout_1]: [scout_1] 📏 CALIBSERIES t=14.1s v=0.00933 m/s (vx=0.00001 vy=0.00000 vz=-0.00933)
[INFO] [1786327801.249259890] [landing_scout_1]: [scout_1] 📏 CALIBSTABLE t=14.1s v=0.00933 m/s (vx=0.00001 vy=0.00000 vz=-0.00933) -- 3 consecutive samples steady
[INFO] [1786327802.657044394] [landing_scout_1]: [scout_1] Landing controller state: FLIGHT
