[INFO] [1786317992.516486973] [landing_scout_1]: [scout_1] Landing Controller: ONLINE
[INFO] [1786317997.568612635] [landing_scout_1]: [scout_1] Landing controller state: IDLE
[INFO] [1786318002.568440186] [landing_scout_1]: [scout_1] Landing controller state: IDLE
[INFO] [1786318007.569361454] [landing_scout_1]: [scout_1] Landing controller state: IDLE
[INFO] [1786318012.569493116] [landing_scout_1]: [scout_1] Landing controller state: IDLE
[INFO] [1786318017.568501402] [landing_scout_1]: [scout_1] Landing controller state: IDLE
[INFO] [1786318022.568669996] [landing_scout_1]: [scout_1] Landing controller state: IDLE
[INFO] [1786318027.568635563] [landing_scout_1]: [scout_1] Landing controller state: IDLE
[INFO] [1786318032.568491143] [landing_scout_1]: [scout_1] Landing controller state: IDLE
[INFO] [1786318037.568546015] [landing_scout_1]: [scout_1] Landing controller state: IDLE
[INFO] [1786318042.568966346] [landing_scout_1]: [scout_1] Landing controller state: IDLE
[INFO] [1786318047.568518430] [landing_scout_1]: [scout_1] Landing controller state: IDLE
[INFO] [1786318052.568462393] [landing_scout_1]: [scout_1] Landing controller state: IDLE
[INFO] [1786318057.203997041] [landing_scout_1]: [scout_1] 🚀 Jump detected → FLIGHT mode (contact detection blanked 100 s for launch)
[INFO] [1786318057.237259348] [landing_scout_1]: [scout_1] 📏 CALIBSERIES t=0.0s v=0.01718 m/s (vx=0.01030 vy=-0.00007 vz=-0.01375)
[INFO] [1786318057.569283447] [landing_scout_1]: [scout_1] Landing controller state: FLIGHT
[INFO] [1786318059.260779579] [landing_scout_1]: [scout_1] 📏 CALIBSERIES t=2.1s v=0.00796 m/s (vx=0.00000 vy=-0.00000 vz=-0.00796)
[INFO] [1786318061.266133935] [landing_scout_1]: [scout_1] 📏 CALIBSERIES t=4.1s v=0.00819 m/s (vx=0.00000 vy=-0.00000 vz=-0.00819)
[INFO] [1786318062.568503835] [landing_scout_1]: [scout_1] Landing controller state: FLIGHT
[INFO] [1786318063.273253498] [landing_scout_1]: [scout_1] 📏 CALIBSERIES t=6.1s v=0.00842 m/s (vx=0.00000 vy=-0.00000 vz=-0.00842)
[INFO] [1786318065.274672426] [landing_scout_1]: [scout_1] 📏 CALIBSERIES t=8.1s v=0.00865 m/s (vx=0.00000 vy=-0.00000 vz=-0.00865)
[INFO] [1786318067.277130821] [landing_scout_1]: [scout_1] 📏 CALIBSERIES t=10.1s v=0.00887 m/s (vx=0.00000 vy=-0.00000 vz=-0.00887)
[INFO] [1786318067.569304098] [landing_scout_1]: [scout_1] Landing controller state: FLIGHT
[INFO] [1786318069.284052335] [landing_scout_1]: [scout_1] 📏 CALIBSERIES t=12.1s v=0.00910 m/s (vx=0.00000 vy=-0.00000 vz=-0.00910)
