[INFO] [1786321058.634730311] [landing_scout_1]: [scout_1] Landing Controller: ONLINE
[INFO] [1786321063.687055783] [landing_scout_1]: [scout_1] Landing controller state: IDLE
[INFO] [1786321068.687269843] [landing_scout_1]: [scout_1] Landing controller state: IDLE
[INFO] [1786321073.687188546] [landing_scout_1]: [scout_1] Landing controller state: IDLE
[INFO] [1786321078.687156071] [landing_scout_1]: [scout_1] Landing controller state: IDLE
[INFO] [1786321083.686913724] [landing_scout_1]: [scout_1] Landing controller state: IDLE
[INFO] [1786321088.686414221] [landing_scout_1]: [scout_1] Landing controller state: IDLE
[INFO] [1786321093.686671871] [landing_scout_1]: [scout_1] Landing controller state: IDLE
[INFO] [1786321098.687210005] [landing_scout_1]: [scout_1] Landing controller state: IDLE
[INFO] [1786321103.686461237] [landing_scout_1]: [scout_1] Landing controller state: IDLE
[INFO] [1786321108.687497688] [landing_scout_1]: [scout_1] Landing controller state: IDLE
[INFO] [1786321113.687135769] [landing_scout_1]: [scout_1] Landing controller state: IDLE
[INFO] [1786321118.686512778] [landing_scout_1]: [scout_1] Landing controller state: IDLE
[INFO] [1786321123.214001101] [landing_scout_1]: [scout_1] 🚀 Jump detected → FLIGHT mode (contact detection blanked 100 s for launch)
[INFO] [1786321123.242178148] [landing_scout_1]: [scout_1] 📏 CALIBSERIES t=0.0s v=0.01677 m/s (vx=0.01012 vy=-0.00006 vz=-0.01338)
[INFO] [1786321123.687313854] [landing_scout_1]: [scout_1] Landing controller state: FLIGHT
[INFO] [1786321125.248324183] [landing_scout_1]: [scout_1] 📏 CALIBSERIES t=2.0s v=0.00795 m/s (vx=0.00001 vy=0.00000 vz=-0.00795)
[INFO] [1786321127.261486100] [landing_scout_1]: [scout_1] 📏 CALIBSERIES t=4.0s v=0.00818 m/s (vx=0.00001 vy=0.00000 vz=-0.00818)
[INFO] [1786321128.686758183] [landing_scout_1]: [scout_1] Landing controller state: FLIGHT
[INFO] [1786321129.283450797] [landing_scout_1]: [scout_1] 📏 CALIBSERIES t=6.1s v=0.00841 m/s (vx=0.00001 vy=0.00000 vz=-0.00841)
[INFO] [1786321131.286624543] [landing_scout_1]: [scout_1] 📏 CALIBSERIES t=8.1s v=0.00864 m/s (vx=0.00001 vy=0.00000 vz=-0.00864)
[INFO] [1786321133.296046961] [landing_scout_1]: [scout_1] 📏 CALIBSERIES t=10.1s v=0.00886 m/s (vx=0.00001 vy=0.00000 vz=-0.00886)
[INFO] [1786321133.686597322] [landing_scout_1]: [scout_1] Landing controller state: FLIGHT
