[INFO] [1786319723.962729662] [landing_scout_1]: [scout_1] Landing Controller: ONLINE
[INFO] [1786319729.018169905] [landing_scout_1]: [scout_1] Landing controller state: IDLE
[INFO] [1786319734.018849669] [landing_scout_1]: [scout_1] Landing controller state: IDLE
[INFO] [1786319739.018343071] [landing_scout_1]: [scout_1] Landing controller state: IDLE
[INFO] [1786319744.018179114] [landing_scout_1]: [scout_1] Landing controller state: IDLE
[INFO] [1786319749.018262458] [landing_scout_1]: [scout_1] Landing controller state: IDLE
[INFO] [1786319754.018337408] [landing_scout_1]: [scout_1] Landing controller state: IDLE
[INFO] [1786319759.018177112] [landing_scout_1]: [scout_1] Landing controller state: IDLE
[INFO] [1786319764.018101151] [landing_scout_1]: [scout_1] Landing controller state: IDLE
[INFO] [1786319769.018210435] [landing_scout_1]: [scout_1] Landing controller state: IDLE
[INFO] [1786319774.018355287] [landing_scout_1]: [scout_1] Landing controller state: IDLE
[INFO] [1786319779.018289301] [landing_scout_1]: [scout_1] Landing controller state: IDLE
[INFO] [1786319784.018156619] [landing_scout_1]: [scout_1] Landing controller state: IDLE
[INFO] [1786319788.618248535] [landing_scout_1]: [scout_1] 🚀 Jump detected → FLIGHT mode (contact detection blanked 100 s for launch)
[INFO] [1786319788.623089456] [landing_scout_1]: [scout_1] 📏 CALIBSERIES t=0.0s v=0.01088 m/s (vx=0.01013 vy=-0.00006 vz=-0.00396)
[INFO] [1786319789.018657732] [landing_scout_1]: [scout_1] Landing controller state: FLIGHT
[INFO] [1786319790.628995669] [landing_scout_1]: [scout_1] 📏 CALIBSERIES t=2.0s v=0.00795 m/s (vx=-0.00001 vy=0.00000 vz=-0.00795)
[INFO] [1786319792.632077747] [landing_scout_1]: [scout_1] 📏 CALIBSERIES t=4.0s v=0.00818 m/s (vx=-0.00001 vy=0.00000 vz=-0.00818)
[INFO] [1786319794.018300628] [landing_scout_1]: [scout_1] Landing controller state: FLIGHT
[INFO] [1786319794.636225732] [landing_scout_1]: [scout_1] 📏 CALIBSERIES t=6.0s v=0.00841 m/s (vx=-0.00001 vy=0.00000 vz=-0.00841)
[INFO] [1786319796.640088840] [landing_scout_1]: [scout_1] 📏 CALIBSERIES t=8.0s v=0.00864 m/s (vx=-0.00001 vy=0.00000 vz=-0.00864)
[INFO] [1786319798.646918423] [landing_scout_1]: [scout_1] 📏 CALIBSERIES t=10.0s v=0.00886 m/s (vx=-0.00001 vy=0.00000 vz=-0.00886)
[INFO] [1786319799.018150716] [landing_scout_1]: [scout_1] Landing controller state: FLIGHT
[INFO] [1786319800.653306058] [landing_scout_1]: [scout_1] 📏 CALIBSERIES t=12.0s v=0.00909 m/s (vx=-0.00001 vy=0.00000 vz=-0.00909)
[INFO] [1786319802.657472346] [landing_scout_1]: [scout_1] 📏 CALIBSERIES t=14.0s v=0.00932 m/s (vx=-0.00001 vy=0.00000 vz=-0.00932)
[INFO] [1786319802.658219360] [landing_scout_1]: [scout_1] 📏 CALIBSTABLE t=14.0s v=0.00932 m/s (vx=-0.00001 vy=0.00000 vz=-0.00932) -- 3 consecutive samples steady
