[INFO] [1786319038.480079259] [landing_scout_1]: [scout_1] Landing Controller: ONLINE
[INFO] [1786319043.533708051] [landing_scout_1]: [scout_1] Landing controller state: IDLE
[INFO] [1786319048.533393759] [landing_scout_1]: [scout_1] Landing controller state: IDLE
[INFO] [1786319053.532915966] [landing_scout_1]: [scout_1] Landing controller state: IDLE
[INFO] [1786319058.532993979] [landing_scout_1]: [scout_1] Landing controller state: IDLE
[INFO] [1786319063.532984622] [landing_scout_1]: [scout_1] Landing controller state: IDLE
[INFO] [1786319068.533173970] [landing_scout_1]: [scout_1] Landing controller state: IDLE
[INFO] [1786319073.532983242] [landing_scout_1]: [scout_1] Landing controller state: IDLE
[INFO] [1786319078.533005119] [landing_scout_1]: [scout_1] Landing controller state: IDLE
[INFO] [1786319083.533094822] [landing_scout_1]: [scout_1] Landing controller state: IDLE
[INFO] [1786319088.533568106] [landing_scout_1]: [scout_1] Landing controller state: IDLE
[INFO] [1786319093.533029806] [landing_scout_1]: [scout_1] Landing controller state: IDLE
[INFO] [1786319098.533338215] [landing_scout_1]: [scout_1] Landing controller state: IDLE
[INFO] [1786319103.183828503] [landing_scout_1]: [scout_1] 🚀 Jump detected → FLIGHT mode (contact detection blanked 100 s for launch)
[INFO] [1786319103.234943305] [landing_scout_1]: [scout_1] 📏 CALIBSERIES t=0.1s v=0.01661 m/s (vx=0.00945 vy=-0.00006 vz=-0.01366)
[INFO] [1786319103.533095722] [landing_scout_1]: [scout_1] Landing controller state: FLIGHT
[INFO] [1786319105.236177468] [landing_scout_1]: [scout_1] 📏 CALIBSERIES t=2.1s v=0.00797 m/s (vx=0.00000 vy=0.00000 vz=-0.00797)
[INFO] [1786319107.242552558] [landing_scout_1]: [scout_1] 📏 CALIBSERIES t=4.1s v=0.00820 m/s (vx=0.00001 vy=0.00000 vz=-0.00820)
[INFO] [1786319108.533087004] [landing_scout_1]: [scout_1] Landing controller state: FLIGHT
[INFO] [1786319109.244682338] [landing_scout_1]: [scout_1] 📏 CALIBSERIES t=6.1s v=0.00842 m/s (vx=0.00001 vy=0.00000 vz=-0.00842)
[INFO] [1786319111.249157120] [landing_scout_1]: [scout_1] 📏 CALIBSERIES t=8.1s v=0.00865 m/s (vx=0.00001 vy=0.00000 vz=-0.00865)
[INFO] [1786319113.254429690] [landing_scout_1]: [scout_1] 📏 CALIBSERIES t=10.1s v=0.00888 m/s (vx=0.00001 vy=0.00000 vz=-0.00888)
[INFO] [1786319113.533261777] [landing_scout_1]: [scout_1] Landing controller state: FLIGHT
[INFO] [1786319115.257466591] [landing_scout_1]: [scout_1] 📏 CALIBSERIES t=12.1s v=0.00911 m/s (vx=0.00001 vy=0.00000 vz=-0.00911)
[INFO] [1786319117.257466452] [landing_scout_1]: [scout_1] 📏 CALIBSERIES t=14.1s v=0.00934 m/s (vx=0.00001 vy=0.00000 vz=-0.00934)
[INFO] [1786319117.257998790] [landing_scout_1]: [scout_1] 📏 CALIBSTABLE t=14.1s v=0.00934 m/s (vx=0.00001 vy=0.00000 vz=-0.00934) -- 3 consecutive samples steady
[INFO] [1786319118.533722500] [landing_scout_1]: [scout_1] Landing controller state: FLIGHT
