[INFO] [1786320458.085719639] [landing_scout_1]: [scout_1] Landing Controller: ONLINE
[INFO] [1786320463.136888240] [landing_scout_1]: [scout_1] Landing controller state: IDLE
[INFO] [1786320468.136243016] [landing_scout_1]: [scout_1] Landing controller state: IDLE
[INFO] [1786320473.138129430] [landing_scout_1]: [scout_1] Landing controller state: IDLE
[INFO] [1786320478.136749177] [landing_scout_1]: [scout_1] Landing controller state: IDLE
[INFO] [1786320483.137956011] [landing_scout_1]: [scout_1] Landing controller state: IDLE
[INFO] [1786320488.136602200] [landing_scout_1]: [scout_1] Landing controller state: IDLE
[INFO] [1786320493.136481107] [landing_scout_1]: [scout_1] Landing controller state: IDLE
[INFO] [1786320498.136756589] [landing_scout_1]: [scout_1] Landing controller state: IDLE
[INFO] [1786320503.136445278] [landing_scout_1]: [scout_1] Landing controller state: IDLE
[INFO] [1786320508.136251590] [landing_scout_1]: [scout_1] Landing controller state: IDLE
[INFO] [1786320513.136295233] [landing_scout_1]: [scout_1] Landing controller state: IDLE
[INFO] [1786320518.136279028] [landing_scout_1]: [scout_1] Landing controller state: IDLE
[INFO] [1786320522.747071646] [landing_scout_1]: [scout_1] 🚀 Jump detected → FLIGHT mode (contact detection blanked 100 s for launch)
[INFO] [1786320522.796606605] [landing_scout_1]: [scout_1] 📏 CALIBSERIES t=0.0s v=0.01330 m/s (vx=0.00775 vy=-0.00004 vz=-0.01080)
[INFO] [1786320523.136494981] [landing_scout_1]: [scout_1] Landing controller state: FLIGHT
[INFO] [1786320524.797576198] [landing_scout_1]: [scout_1] 📏 CALIBSERIES t=2.1s v=0.00797 m/s (vx=0.00000 vy=0.00000 vz=-0.00797)
[INFO] [1786320526.800757215] [landing_scout_1]: [scout_1] 📏 CALIBSERIES t=4.1s v=0.00820 m/s (vx=0.00000 vy=0.00000 vz=-0.00820)
[INFO] [1786320528.136272752] [landing_scout_1]: [scout_1] Landing controller state: FLIGHT
[INFO] [1786320528.804467454] [landing_scout_1]: [scout_1] 📏 CALIBSERIES t=6.1s v=0.00842 m/s (vx=0.00000 vy=0.00000 vz=-0.00842)
[INFO] [1786320530.807521566] [landing_scout_1]: [scout_1] 📏 CALIBSERIES t=8.1s v=0.00865 m/s (vx=0.00000 vy=0.00000 vz=-0.00865)
[INFO] [1786320532.811202330] [landing_scout_1]: [scout_1] 📏 CALIBSERIES t=10.1s v=0.00888 m/s (vx=0.00000 vy=0.00000 vz=-0.00888)
[INFO] [1786320533.136573635] [landing_scout_1]: [scout_1] Landing controller state: FLIGHT
[INFO] [1786320534.861989005] [landing_scout_1]: [scout_1] 📏 CALIBSERIES t=12.1s v=0.00911 m/s (vx=0.00000 vy=0.00000 vz=-0.00911)
[INFO] [1786320536.890056298] [landing_scout_1]: [scout_1] 📏 CALIBSERIES t=14.1s v=0.00934 m/s (vx=0.00000 vy=0.00000 vz=-0.00934)
[INFO] [1786320536.891131926] [landing_scout_1]: [scout_1] 📏 CALIBSTABLE t=14.1s v=0.00934 m/s (vx=0.00000 vy=0.00000 vz=-0.00934) -- 3 consecutive samples steady
[INFO] [1786320538.137036270] [landing_scout_1]: [scout_1] Landing controller state: FLIGHT
