[INFO] [1786313419.521569493] [landing_scout_1]: [scout_1] Landing Controller: ONLINE
[INFO] [1786313424.574715027] [landing_scout_1]: [scout_1] Landing controller state: IDLE
[INFO] [1786313429.574098843] [landing_scout_1]: [scout_1] Landing controller state: IDLE
[INFO] [1786313434.573970502] [landing_scout_1]: [scout_1] Landing controller state: IDLE
[INFO] [1786313439.574053215] [landing_scout_1]: [scout_1] Landing controller state: IDLE
[INFO] [1786313444.573980024] [landing_scout_1]: [scout_1] Landing controller state: IDLE
[INFO] [1786313449.574603855] [landing_scout_1]: [scout_1] Landing controller state: IDLE
[INFO] [1786313454.574179811] [landing_scout_1]: [scout_1] Landing controller state: IDLE
[INFO] [1786313459.574018084] [landing_scout_1]: [scout_1] Landing controller state: IDLE
[INFO] [1786313464.574247464] [landing_scout_1]: [scout_1] Landing controller state: IDLE
[INFO] [1786313469.574912092] [landing_scout_1]: [scout_1] Landing controller state: IDLE
[INFO] [1786313474.574786774] [landing_scout_1]: [scout_1] Landing controller state: IDLE
[INFO] [1786313479.574155912] [landing_scout_1]: [scout_1] Landing controller state: IDLE
[INFO] [1786313484.291397405] [landing_scout_1]: [scout_1] 🚀 Jump detected → FLIGHT mode (contact detection blanked 100 s for launch)
[INFO] [1786313484.340809973] [landing_scout_1]: [scout_1] 📏 CALIBSERIES t=0.0s v=0.01577 m/s (vx=-0.00283 vy=0.00003 vz=-0.01552)
[INFO] [1786313484.574449131] [landing_scout_1]: [scout_1] Landing controller state: FLIGHT
[INFO] [1786313486.347070235] [landing_scout_1]: [scout_1] 📏 CALIBSERIES t=2.1s v=0.00797 m/s (vx=-0.00002 vy=0.00000 vz=-0.00797)
[INFO] [1786313488.347118566] [landing_scout_1]: [scout_1] 📏 CALIBSERIES t=4.1s v=0.00820 m/s (vx=-0.00002 vy=0.00000 vz=-0.00820)
[INFO] [1786313489.575256681] [landing_scout_1]: [scout_1] Landing controller state: FLIGHT
[INFO] [1786313490.350613659] [landing_scout_1]: [scout_1] 📏 CALIBSERIES t=6.1s v=0.00843 m/s (vx=-0.00002 vy=0.00000 vz=-0.00843)
[INFO] [1786313492.394122353] [landing_scout_1]: [scout_1] 📏 CALIBSERIES t=8.1s v=0.00866 m/s (vx=-0.00002 vy=0.00000 vz=-0.00866)
[INFO] [1786313494.405626275] [landing_scout_1]: [scout_1] 📏 CALIBSERIES t=10.1s v=0.00889 m/s (vx=-0.00002 vy=0.00000 vz=-0.00889)
[INFO] [1786313494.574078131] [landing_scout_1]: [scout_1] Landing controller state: FLIGHT
[INFO] [1786313496.413212228] [landing_scout_1]: [scout_1] 📏 CALIBSERIES t=12.1s v=0.00911 m/s (vx=-0.00002 vy=0.00000 vz=-0.00911)
[INFO] [1786313498.419019201] [landing_scout_1]: [scout_1] 📏 CALIBSERIES t=14.1s v=0.00934 m/s (vx=-0.00002 vy=0.00000 vz=-0.00934)
[INFO] [1786313498.419793888] [landing_scout_1]: [scout_1] 📏 CALIBSTABLE t=14.1s v=0.00934 m/s (vx=-0.00002 vy=0.00000 vz=-0.00934) -- 3 consecutive samples steady
[INFO] [1786313499.574466257] [landing_scout_1]: [scout_1] Landing controller state: FLIGHT
