[INFO] [1786322015.850809364] [landing_scout_1]: [scout_1] Landing Controller: ONLINE
[INFO] [1786322020.903221988] [landing_scout_1]: [scout_1] Landing controller state: IDLE
[INFO] [1786322025.904426815] [landing_scout_1]: [scout_1] Landing controller state: IDLE
[INFO] [1786322030.903382450] [landing_scout_1]: [scout_1] Landing controller state: IDLE
[INFO] [1786322035.903246654] [landing_scout_1]: [scout_1] Landing controller state: IDLE
[INFO] [1786322040.903179388] [landing_scout_1]: [scout_1] Landing controller state: IDLE
[INFO] [1786322045.903655127] [landing_scout_1]: [scout_1] Landing controller state: IDLE
[INFO] [1786322050.904724421] [landing_scout_1]: [scout_1] Landing controller state: IDLE
[INFO] [1786322055.903869761] [landing_scout_1]: [scout_1] Landing controller state: IDLE
[INFO] [1786322060.903441782] [landing_scout_1]: [scout_1] Landing controller state: IDLE
[INFO] [1786322065.903404784] [landing_scout_1]: [scout_1] Landing controller state: IDLE
[INFO] [1786322070.903166936] [landing_scout_1]: [scout_1] Landing controller state: IDLE
[INFO] [1786322075.903230858] [landing_scout_1]: [scout_1] Landing controller state: IDLE
[INFO] [1786322080.582746517] [landing_scout_1]: [scout_1] 🚀 Jump detected → FLIGHT mode (contact detection blanked 100 s for launch)
[INFO] [1786322080.625741378] [landing_scout_1]: [scout_1] 📏 CALIBSERIES t=0.0s v=0.01287 m/s (vx=0.00483 vy=-0.00002 vz=-0.01193)
[INFO] [1786322080.903934490] [landing_scout_1]: [scout_1] Landing controller state: FLIGHT
[INFO] [1786322082.634642854] [landing_scout_1]: [scout_1] 📏 CALIBSERIES t=2.1s v=0.00797 m/s (vx=-0.00001 vy=-0.00000 vz=-0.00797)
[INFO] [1786322084.639606225] [landing_scout_1]: [scout_1] 📏 CALIBSERIES t=4.1s v=0.00820 m/s (vx=-0.00001 vy=-0.00000 vz=-0.00820)
[INFO] [1786322085.904024413] [landing_scout_1]: [scout_1] Landing controller state: FLIGHT
[INFO] [1786322086.640033245] [landing_scout_1]: [scout_1] 📏 CALIBSERIES t=6.1s v=0.00843 m/s (vx=-0.00001 vy=-0.00000 vz=-0.00843)
[INFO] [1786322088.643520833] [landing_scout_1]: [scout_1] 📏 CALIBSERIES t=8.1s v=0.00866 m/s (vx=-0.00001 vy=-0.00000 vz=-0.00866)
[INFO] [1786322090.647144953] [landing_scout_1]: [scout_1] 📏 CALIBSERIES t=10.1s v=0.00889 m/s (vx=-0.00001 vy=-0.00000 vz=-0.00889)
[INFO] [1786322090.903357722] [landing_scout_1]: [scout_1] Landing controller state: FLIGHT
[INFO] [1786322092.649997482] [landing_scout_1]: [scout_1] 📏 CALIBSERIES t=12.1s v=0.00911 m/s (vx=-0.00001 vy=-0.00000 vz=-0.00911)
[INFO] [1786322094.659832968] [landing_scout_1]: [scout_1] 📏 CALIBSERIES t=14.1s v=0.00934 m/s (vx=-0.00001 vy=-0.00000 vz=-0.00934)
[INFO] [1786322094.660395524] [landing_scout_1]: [scout_1] 📏 CALIBSTABLE t=14.1s v=0.00934 m/s (vx=-0.00001 vy=-0.00000 vz=-0.00934) -- 3 consecutive samples steady
[INFO] [1786322095.903746527] [landing_scout_1]: [scout_1] Landing controller state: FLIGHT
