[INFO] [1786316098.381177386] [landing_scout_1]: [scout_1] Landing Controller: ONLINE
[INFO] [1786316103.434539648] [landing_scout_1]: [scout_1] Landing controller state: IDLE
[INFO] [1786316108.434720565] [landing_scout_1]: [scout_1] Landing controller state: IDLE
[INFO] [1786316113.434018072] [landing_scout_1]: [scout_1] Landing controller state: IDLE
[INFO] [1786316118.434115695] [landing_scout_1]: [scout_1] Landing controller state: IDLE
[INFO] [1786316123.434803621] [landing_scout_1]: [scout_1] Landing controller state: IDLE
[INFO] [1786316128.434935632] [landing_scout_1]: [scout_1] Landing controller state: IDLE
[INFO] [1786316133.433939310] [landing_scout_1]: [scout_1] Landing controller state: IDLE
[INFO] [1786316138.433960728] [landing_scout_1]: [scout_1] Landing controller state: IDLE
[INFO] [1786316143.434080157] [landing_scout_1]: [scout_1] Landing controller state: IDLE
[INFO] [1786316148.433996853] [landing_scout_1]: [scout_1] Landing controller state: IDLE
[INFO] [1786316153.434245910] [landing_scout_1]: [scout_1] Landing controller state: IDLE
[INFO] [1786316158.433900265] [landing_scout_1]: [scout_1] Landing controller state: IDLE
[INFO] [1786316162.935380581] [landing_scout_1]: [scout_1] 🚀 Jump detected → FLIGHT mode (contact detection blanked 100 s for launch)
[INFO] [1786316162.976814682] [landing_scout_1]: [scout_1] 📏 CALIBSERIES t=0.0s v=0.01270 m/s (vx=0.00450 vy=-0.00002 vz=-0.01188)
[INFO] [1786316163.434793603] [landing_scout_1]: [scout_1] Landing controller state: FLIGHT
[INFO] [1786316165.026208132] [landing_scout_1]: [scout_1] 📏 CALIBSERIES t=2.1s v=0.00796 m/s (vx=-0.00000 vy=0.00000 vz=-0.00796)
[INFO] [1786316167.030285217] [landing_scout_1]: [scout_1] 📏 CALIBSERIES t=4.1s v=0.00819 m/s (vx=-0.00000 vy=0.00000 vz=-0.00819)
[INFO] [1786316168.434287240] [landing_scout_1]: [scout_1] Landing controller state: FLIGHT
[INFO] [1786316169.031965522] [landing_scout_1]: [scout_1] 📏 CALIBSERIES t=6.1s v=0.00841 m/s (vx=-0.00000 vy=0.00000 vz=-0.00841)
[INFO] [1786316171.037120795] [landing_scout_1]: [scout_1] 📏 CALIBSERIES t=8.1s v=0.00864 m/s (vx=-0.00000 vy=0.00000 vz=-0.00864)
[INFO] [1786316173.044313949] [landing_scout_1]: [scout_1] 📏 CALIBSERIES t=10.1s v=0.00887 m/s (vx=-0.00000 vy=0.00000 vz=-0.00887)
[INFO] [1786316173.434248734] [landing_scout_1]: [scout_1] Landing controller state: FLIGHT
[INFO] [1786316175.045580844] [landing_scout_1]: [scout_1] 📏 CALIBSERIES t=12.1s v=0.00910 m/s (vx=-0.00000 vy=0.00000 vz=-0.00910)
[INFO] [1786316177.047060643] [landing_scout_1]: [scout_1] 📏 CALIBSERIES t=14.1s v=0.00933 m/s (vx=-0.00000 vy=0.00000 vz=-0.00933)
[INFO] [1786316177.047615308] [landing_scout_1]: [scout_1] 📏 CALIBSTABLE t=14.1s v=0.00933 m/s (vx=-0.00000 vy=0.00000 vz=-0.00933) -- 3 consecutive samples steady
[INFO] [1786316178.434455004] [landing_scout_1]: [scout_1] Landing controller state: FLIGHT
