[INFO] [1786326428.786242902] [landing_scout_1]: [scout_1] Landing Controller: ONLINE
[INFO] [1786326433.835524558] [landing_scout_1]: [scout_1] Landing controller state: IDLE
[INFO] [1786326438.835128659] [landing_scout_1]: [scout_1] Landing controller state: IDLE
[INFO] [1786326443.834987020] [landing_scout_1]: [scout_1] Landing controller state: IDLE
[INFO] [1786326448.835583360] [landing_scout_1]: [scout_1] Landing controller state: IDLE
[INFO] [1786326453.836105424] [landing_scout_1]: [scout_1] Landing controller state: IDLE
[INFO] [1786326458.834619726] [landing_scout_1]: [scout_1] Landing controller state: IDLE
[INFO] [1786326463.834729376] [landing_scout_1]: [scout_1] Landing controller state: IDLE
[INFO] [1786326468.834706500] [landing_scout_1]: [scout_1] Landing controller state: IDLE
[INFO] [1786326473.835481312] [landing_scout_1]: [scout_1] Landing controller state: IDLE
[INFO] [1786326478.834632345] [landing_scout_1]: [scout_1] Landing controller state: IDLE
[INFO] [1786326483.834751616] [landing_scout_1]: [scout_1] Landing controller state: IDLE
[INFO] [1786326488.834625914] [landing_scout_1]: [scout_1] Landing controller state: IDLE
[INFO] [1786326493.421819354] [landing_scout_1]: [scout_1] 🚀 Jump detected → FLIGHT mode (contact detection blanked 100 s for launch)
[INFO] [1786326493.457651766] [landing_scout_1]: [scout_1] 📏 CALIBSERIES t=0.0s v=0.01491 m/s (vx=0.00440 vy=0.00004 vz=-0.01424)
[INFO] [1786326493.834793432] [landing_scout_1]: [scout_1] Landing controller state: FLIGHT
[INFO] [1786326495.462726654] [landing_scout_1]: [scout_1] 📏 CALIBSERIES t=2.0s v=0.00795 m/s (vx=-0.00000 vy=-0.00000 vz=-0.00795)
[INFO] [1786326497.465030396] [landing_scout_1]: [scout_1] 📏 CALIBSERIES t=4.0s v=0.00818 m/s (vx=-0.00000 vy=-0.00000 vz=-0.00818)
[INFO] [1786326498.834931085] [landing_scout_1]: [scout_1] Landing controller state: FLIGHT
[INFO] [1786326499.467067778] [landing_scout_1]: [scout_1] 📏 CALIBSERIES t=6.0s v=0.00841 m/s (vx=-0.00000 vy=-0.00000 vz=-0.00841)
[INFO] [1786326501.467629499] [landing_scout_1]: [scout_1] 📏 CALIBSERIES t=8.0s v=0.00864 m/s (vx=-0.00000 vy=-0.00000 vz=-0.00864)
[INFO] [1786326503.471830595] [landing_scout_1]: [scout_1] 📏 CALIBSERIES t=10.0s v=0.00886 m/s (vx=-0.00000 vy=-0.00000 vz=-0.00886)
[INFO] [1786326503.835906160] [landing_scout_1]: [scout_1] Landing controller state: FLIGHT
[INFO] [1786326505.478705020] [landing_scout_1]: [scout_1] 📏 CALIBSERIES t=12.1s v=0.00909 m/s (vx=-0.00000 vy=-0.00000 vz=-0.00909)
[INFO] [1786326507.481481663] [landing_scout_1]: [scout_1] 📏 CALIBSERIES t=14.1s v=0.00932 m/s (vx=-0.00000 vy=-0.00000 vz=-0.00932)
[INFO] [1786326507.482180914] [landing_scout_1]: [scout_1] 📏 CALIBSTABLE t=14.1s v=0.00932 m/s (vx=-0.00000 vy=-0.00000 vz=-0.00932) -- 3 consecutive samples steady
[INFO] [1786326508.835274702] [landing_scout_1]: [scout_1] Landing controller state: FLIGHT
