[INFO] [1786314022.286608066] [landing_scout_1]: [scout_1] Landing Controller: ONLINE
[INFO] [1786314027.340485290] [landing_scout_1]: [scout_1] Landing controller state: IDLE
[INFO] [1786314032.339836938] [landing_scout_1]: [scout_1] Landing controller state: IDLE
[INFO] [1786314037.340267081] [landing_scout_1]: [scout_1] Landing controller state: IDLE
[INFO] [1786314042.340008676] [landing_scout_1]: [scout_1] Landing controller state: IDLE
[INFO] [1786314047.340180128] [landing_scout_1]: [scout_1] Landing controller state: IDLE
[INFO] [1786314052.339834178] [landing_scout_1]: [scout_1] Landing controller state: IDLE
[INFO] [1786314057.339972529] [landing_scout_1]: [scout_1] Landing controller state: IDLE
[INFO] [1786314062.340687004] [landing_scout_1]: [scout_1] Landing controller state: IDLE
[INFO] [1786314067.339984557] [landing_scout_1]: [scout_1] Landing controller state: IDLE
[INFO] [1786314072.340413643] [landing_scout_1]: [scout_1] Landing controller state: IDLE
[INFO] [1786314077.340453055] [landing_scout_1]: [scout_1] Landing controller state: IDLE
[INFO] [1786314082.340184213] [landing_scout_1]: [scout_1] Landing controller state: IDLE
[INFO] [1786314086.996899268] [landing_scout_1]: [scout_1] 🚀 Jump detected → FLIGHT mode (contact detection blanked 100 s for launch)
[INFO] [1786314087.006138171] [landing_scout_1]: [scout_1] 📏 CALIBSERIES t=0.0s v=0.01184 m/s (vx=0.00934 vy=-0.00005 vz=-0.00729)
[INFO] [1786314087.340241319] [landing_scout_1]: [scout_1] Landing controller state: FLIGHT
[INFO] [1786314089.013237783] [landing_scout_1]: [scout_1] 📏 CALIBSERIES t=2.0s v=0.00797 m/s (vx=-0.00001 vy=-0.00000 vz=-0.00797)
[INFO] [1786314091.018157572] [landing_scout_1]: [scout_1] 📏 CALIBSERIES t=4.0s v=0.00820 m/s (vx=-0.00001 vy=-0.00000 vz=-0.00820)
[INFO] [1786314092.340030858] [landing_scout_1]: [scout_1] Landing controller state: FLIGHT
[INFO] [1786314093.022732942] [landing_scout_1]: [scout_1] 📏 CALIBSERIES t=6.0s v=0.00842 m/s (vx=-0.00001 vy=-0.00000 vz=-0.00842)
[INFO] [1786314095.024056087] [landing_scout_1]: [scout_1] 📏 CALIBSERIES t=8.0s v=0.00865 m/s (vx=-0.00001 vy=-0.00000 vz=-0.00865)
[INFO] [1786314097.032294232] [landing_scout_1]: [scout_1] 📏 CALIBSERIES t=10.0s v=0.00888 m/s (vx=-0.00001 vy=-0.00000 vz=-0.00888)
[INFO] [1786314097.339857875] [landing_scout_1]: [scout_1] Landing controller state: FLIGHT
[INFO] [1786314099.032847659] [landing_scout_1]: [scout_1] 📏 CALIBSERIES t=12.0s v=0.00911 m/s (vx=-0.00001 vy=-0.00000 vz=-0.00911)
[INFO] [1786314101.034184655] [landing_scout_1]: [scout_1] 📏 CALIBSERIES t=14.0s v=0.00934 m/s (vx=-0.00001 vy=-0.00000 vz=-0.00934)
[INFO] [1786314101.034930830] [landing_scout_1]: [scout_1] 📏 CALIBSTABLE t=14.0s v=0.00934 m/s (vx=-0.00001 vy=-0.00000 vz=-0.00934) -- 3 consecutive samples steady
[INFO] [1786314102.340108296] [landing_scout_1]: [scout_1] Landing controller state: FLIGHT
