[INFO] [1786319123.222094817] [landing_scout_1]: [scout_1] Landing Controller: ONLINE
[INFO] [1786319128.277165844] [landing_scout_1]: [scout_1] Landing controller state: IDLE
[INFO] [1786319133.277801514] [landing_scout_1]: [scout_1] Landing controller state: IDLE
[INFO] [1786319138.278611672] [landing_scout_1]: [scout_1] Landing controller state: IDLE
[INFO] [1786319143.278530456] [landing_scout_1]: [scout_1] Landing controller state: IDLE
[INFO] [1786319148.277146985] [landing_scout_1]: [scout_1] Landing controller state: IDLE
[INFO] [1786319153.277099691] [landing_scout_1]: [scout_1] Landing controller state: IDLE
[INFO] [1786319158.277616537] [landing_scout_1]: [scout_1] Landing controller state: IDLE
[INFO] [1786319163.277283221] [landing_scout_1]: [scout_1] Landing controller state: IDLE
[INFO] [1786319168.277135434] [landing_scout_1]: [scout_1] Landing controller state: IDLE
[INFO] [1786319173.278252239] [landing_scout_1]: [scout_1] Landing controller state: IDLE
[INFO] [1786319178.277169323] [landing_scout_1]: [scout_1] Landing controller state: IDLE
[INFO] [1786319183.277150625] [landing_scout_1]: [scout_1] Landing controller state: IDLE
[INFO] [1786319187.930761652] [landing_scout_1]: [scout_1] 🚀 Jump detected → FLIGHT mode (contact detection blanked 100 s for launch)
[INFO] [1786319187.940231486] [landing_scout_1]: [scout_1] 📏 CALIBSERIES t=0.0s v=0.01015 m/s (vx=0.00696 vy=-0.00004 vz=-0.00738)
[INFO] [1786319188.277140409] [landing_scout_1]: [scout_1] Landing controller state: FLIGHT
[INFO] [1786319189.989339457] [landing_scout_1]: [scout_1] 📏 CALIBSERIES t=2.1s v=0.00797 m/s (vx=-0.00001 vy=0.00000 vz=-0.00797)
[INFO] [1786319191.991907922] [landing_scout_1]: [scout_1] 📏 CALIBSERIES t=4.1s v=0.00820 m/s (vx=-0.00001 vy=0.00000 vz=-0.00820)
[INFO] [1786319193.277147198] [landing_scout_1]: [scout_1] Landing controller state: FLIGHT
[INFO] [1786319194.006037000] [landing_scout_1]: [scout_1] 📏 CALIBSERIES t=6.1s v=0.00843 m/s (vx=-0.00001 vy=0.00000 vz=-0.00843)
[INFO] [1786319196.009461417] [landing_scout_1]: [scout_1] 📏 CALIBSERIES t=8.1s v=0.00866 m/s (vx=-0.00001 vy=0.00000 vz=-0.00866)
[INFO] [1786319198.012330432] [landing_scout_1]: [scout_1] 📏 CALIBSERIES t=10.1s v=0.00889 m/s (vx=-0.00001 vy=0.00000 vz=-0.00889)
[INFO] [1786319198.277086694] [landing_scout_1]: [scout_1] Landing controller state: FLIGHT
[INFO] [1786319200.019102840] [landing_scout_1]: [scout_1] 📏 CALIBSERIES t=12.1s v=0.00911 m/s (vx=-0.00001 vy=0.00000 vz=-0.00911)
[INFO] [1786319202.026311047] [landing_scout_1]: [scout_1] 📏 CALIBSERIES t=14.1s v=0.00934 m/s (vx=-0.00001 vy=0.00000 vz=-0.00934)
[INFO] [1786319202.026992428] [landing_scout_1]: [scout_1] 📏 CALIBSTABLE t=14.1s v=0.00934 m/s (vx=-0.00001 vy=0.00000 vz=-0.00934) -- 3 consecutive samples steady
[INFO] [1786319203.277734006] [landing_scout_1]: [scout_1] Landing controller state: FLIGHT
