[INFO] [1786317559.279577882] [landing_scout_1]: [scout_1] Landing Controller: ONLINE
[INFO] [1786317564.331845793] [landing_scout_1]: [scout_1] Landing controller state: IDLE
[INFO] [1786317569.332711811] [landing_scout_1]: [scout_1] Landing controller state: IDLE
[INFO] [1786317574.331906693] [landing_scout_1]: [scout_1] Landing controller state: IDLE
[INFO] [1786317579.332423214] [landing_scout_1]: [scout_1] Landing controller state: IDLE
[INFO] [1786317584.331167745] [landing_scout_1]: [scout_1] Landing controller state: IDLE
[INFO] [1786317589.331261619] [landing_scout_1]: [scout_1] Landing controller state: IDLE
[INFO] [1786317594.331417665] [landing_scout_1]: [scout_1] Landing controller state: IDLE
[INFO] [1786317599.331105299] [landing_scout_1]: [scout_1] Landing controller state: IDLE
[INFO] [1786317604.331151934] [landing_scout_1]: [scout_1] Landing controller state: IDLE
[INFO] [1786317609.330997783] [landing_scout_1]: [scout_1] Landing controller state: IDLE
[INFO] [1786317614.331456707] [landing_scout_1]: [scout_1] Landing controller state: IDLE
[INFO] [1786317619.331096828] [landing_scout_1]: [scout_1] Landing controller state: IDLE
[INFO] [1786317623.963444780] [landing_scout_1]: [scout_1] 🚀 Jump detected → FLIGHT mode (contact detection blanked 100 s for launch)
[INFO] [1786317624.004549222] [landing_scout_1]: [scout_1] 📏 CALIBSERIES t=0.0s v=0.01433 m/s (vx=0.00138 vy=0.00000 vz=-0.01426)
[INFO] [1786317624.331194662] [landing_scout_1]: [scout_1] Landing controller state: FLIGHT
[INFO] [1786317626.005083667] [landing_scout_1]: [scout_1] 📏 CALIBSERIES t=2.0s v=0.00796 m/s (vx=-0.00001 vy=0.00000 vz=-0.00796)
[INFO] [1786317628.007328470] [landing_scout_1]: [scout_1] 📏 CALIBSERIES t=4.0s v=0.00819 m/s (vx=-0.00001 vy=0.00000 vz=-0.00819)
[INFO] [1786317629.331326760] [landing_scout_1]: [scout_1] Landing controller state: FLIGHT
[INFO] [1786317630.010709225] [landing_scout_1]: [scout_1] 📏 CALIBSERIES t=6.0s v=0.00841 m/s (vx=-0.00001 vy=0.00000 vz=-0.00841)
[INFO] [1786317632.012594792] [landing_scout_1]: [scout_1] 📏 CALIBSERIES t=8.0s v=0.00864 m/s (vx=-0.00001 vy=0.00000 vz=-0.00864)
[INFO] [1786317634.015466565] [landing_scout_1]: [scout_1] 📏 CALIBSERIES t=10.1s v=0.00887 m/s (vx=-0.00001 vy=0.00000 vz=-0.00887)
[INFO] [1786317634.331386489] [landing_scout_1]: [scout_1] Landing controller state: FLIGHT
[INFO] [1786317636.018900096] [landing_scout_1]: [scout_1] 📏 CALIBSERIES t=12.1s v=0.00910 m/s (vx=-0.00001 vy=0.00000 vz=-0.00910)
[INFO] [1786317638.023333734] [landing_scout_1]: [scout_1] 📏 CALIBSERIES t=14.1s v=0.00933 m/s (vx=-0.00001 vy=0.00000 vz=-0.00933)
[INFO] [1786317638.024116420] [landing_scout_1]: [scout_1] 📏 CALIBSTABLE t=14.1s v=0.00933 m/s (vx=-0.00001 vy=0.00000 vz=-0.00933) -- 3 consecutive samples steady
