[INFO] [1786317474.571869407] [landing_scout_1]: [scout_1] Landing Controller: ONLINE
[INFO] [1786317479.626702179] [landing_scout_1]: [scout_1] Landing controller state: IDLE
[INFO] [1786317484.626402377] [landing_scout_1]: [scout_1] Landing controller state: IDLE
[INFO] [1786317489.626210318] [landing_scout_1]: [scout_1] Landing controller state: IDLE
[INFO] [1786317494.625895734] [landing_scout_1]: [scout_1] Landing controller state: IDLE
[INFO] [1786317499.625802243] [landing_scout_1]: [scout_1] Landing controller state: IDLE
[INFO] [1786317504.625832346] [landing_scout_1]: [scout_1] Landing controller state: IDLE
[INFO] [1786317509.626323167] [landing_scout_1]: [scout_1] Landing controller state: IDLE
[INFO] [1786317514.626911178] [landing_scout_1]: [scout_1] Landing controller state: IDLE
[INFO] [1786317519.625841684] [landing_scout_1]: [scout_1] Landing controller state: IDLE
[INFO] [1786317524.625786258] [landing_scout_1]: [scout_1] Landing controller state: IDLE
[INFO] [1786317529.625683168] [landing_scout_1]: [scout_1] Landing controller state: IDLE
[INFO] [1786317534.626012435] [landing_scout_1]: [scout_1] Landing controller state: IDLE
[INFO] [1786317539.280567352] [landing_scout_1]: [scout_1] 🚀 Jump detected → FLIGHT mode (contact detection blanked 100 s for launch)
[INFO] [1786317539.286167450] [landing_scout_1]: [scout_1] 📏 CALIBSERIES t=0.0s v=0.01134 m/s (vx=0.00982 vy=-0.00011 vz=-0.00569)
[INFO] [1786317539.626392235] [landing_scout_1]: [scout_1] Landing controller state: FLIGHT
[INFO] [1786317541.289810506] [landing_scout_1]: [scout_1] 📏 CALIBSERIES t=2.0s v=0.00796 m/s (vx=-0.00002 vy=-0.00000 vz=-0.00796)
[INFO] [1786317543.292232749] [landing_scout_1]: [scout_1] 📏 CALIBSERIES t=4.0s v=0.00819 m/s (vx=-0.00002 vy=-0.00000 vz=-0.00819)
[INFO] [1786317544.625762371] [landing_scout_1]: [scout_1] Landing controller state: FLIGHT
[INFO] [1786317545.303460971] [landing_scout_1]: [scout_1] 📏 CALIBSERIES t=6.0s v=0.00842 m/s (vx=-0.00002 vy=-0.00000 vz=-0.00842)
[INFO] [1786317547.307155830] [landing_scout_1]: [scout_1] 📏 CALIBSERIES t=8.0s v=0.00865 m/s (vx=-0.00002 vy=-0.00000 vz=-0.00865)
[INFO] [1786317549.356589600] [landing_scout_1]: [scout_1] 📏 CALIBSERIES t=10.1s v=0.00888 m/s (vx=-0.00002 vy=-0.00000 vz=-0.00888)
[INFO] [1786317549.625744843] [landing_scout_1]: [scout_1] Landing controller state: FLIGHT
[INFO] [1786317551.356917017] [landing_scout_1]: [scout_1] 📏 CALIBSERIES t=12.1s v=0.00911 m/s (vx=-0.00002 vy=-0.00000 vz=-0.00911)
[INFO] [1786317553.360192248] [landing_scout_1]: [scout_1] 📏 CALIBSERIES t=14.1s v=0.00934 m/s (vx=-0.00002 vy=-0.00000 vz=-0.00934)
[INFO] [1786317553.360850085] [landing_scout_1]: [scout_1] 📏 CALIBSTABLE t=14.1s v=0.00934 m/s (vx=-0.00002 vy=-0.00000 vz=-0.00934) -- 3 consecutive samples steady
[INFO] [1786317554.625849152] [landing_scout_1]: [scout_1] Landing controller state: FLIGHT
