[INFO] [1786321584.603031607] [landing_scout_1]: [scout_1] Landing Controller: ONLINE
[INFO] [1786321589.659979027] [landing_scout_1]: [scout_1] Landing controller state: IDLE
[INFO] [1786321594.659960729] [landing_scout_1]: [scout_1] Landing controller state: IDLE
[INFO] [1786321599.660416054] [landing_scout_1]: [scout_1] Landing controller state: IDLE
[INFO] [1786321604.660145959] [landing_scout_1]: [scout_1] Landing controller state: IDLE
[INFO] [1786321609.660861357] [landing_scout_1]: [scout_1] Landing controller state: IDLE
[INFO] [1786321614.660095297] [landing_scout_1]: [scout_1] Landing controller state: IDLE
[INFO] [1786321619.660041229] [landing_scout_1]: [scout_1] Landing controller state: IDLE
[INFO] [1786321624.660138184] [landing_scout_1]: [scout_1] Landing controller state: IDLE
[INFO] [1786321629.659921364] [landing_scout_1]: [scout_1] Landing controller state: IDLE
[INFO] [1786321634.660156375] [landing_scout_1]: [scout_1] Landing controller state: IDLE
[INFO] [1786321639.660610713] [landing_scout_1]: [scout_1] Landing controller state: IDLE
[INFO] [1786321644.660229349] [landing_scout_1]: [scout_1] Landing controller state: IDLE
[INFO] [1786321649.295716826] [landing_scout_1]: [scout_1] 🚀 Jump detected → FLIGHT mode (contact detection blanked 100 s for launch)
[INFO] [1786321649.311144786] [landing_scout_1]: [scout_1] 📏 CALIBSERIES t=0.0s v=0.01223 m/s (vx=0.00362 vy=-0.00001 vz=-0.01168)
[INFO] [1786321649.660789265] [landing_scout_1]: [scout_1] Landing controller state: FLIGHT
[INFO] [1786321651.314292080] [landing_scout_1]: [scout_1] 📏 CALIBSERIES t=2.0s v=0.00796 m/s (vx=-0.00000 vy=-0.00000 vz=-0.00796)
[INFO] [1786321653.324026637] [landing_scout_1]: [scout_1] 📏 CALIBSERIES t=4.0s v=0.00819 m/s (vx=-0.00000 vy=-0.00000 vz=-0.00819)
[INFO] [1786321654.660617892] [landing_scout_1]: [scout_1] Landing controller state: FLIGHT
[INFO] [1786321655.350741529] [landing_scout_1]: [scout_1] 📏 CALIBSERIES t=6.1s v=0.00841 m/s (vx=-0.00000 vy=-0.00000 vz=-0.00841)
[INFO] [1786321657.352655709] [landing_scout_1]: [scout_1] 📏 CALIBSERIES t=8.1s v=0.00864 m/s (vx=-0.00000 vy=-0.00000 vz=-0.00864)
[INFO] [1786321659.402888541] [landing_scout_1]: [scout_1] 📏 CALIBSERIES t=10.1s v=0.00887 m/s (vx=-0.00000 vy=-0.00000 vz=-0.00887)
[INFO] [1786321659.659948432] [landing_scout_1]: [scout_1] Landing controller state: FLIGHT
[INFO] [1786321661.410084228] [landing_scout_1]: [scout_1] 📏 CALIBSERIES t=12.1s v=0.00910 m/s (vx=-0.00000 vy=-0.00000 vz=-0.00910)
[INFO] [1786321663.410335209] [landing_scout_1]: [scout_1] 📏 CALIBSERIES t=14.1s v=0.00933 m/s (vx=-0.00000 vy=-0.00000 vz=-0.00933)
[INFO] [1786321663.411106611] [landing_scout_1]: [scout_1] 📏 CALIBSTABLE t=14.1s v=0.00933 m/s (vx=-0.00000 vy=-0.00000 vz=-0.00933) -- 3 consecutive samples steady
[INFO] [1786321664.660084339] [landing_scout_1]: [scout_1] Landing controller state: FLIGHT
