[INFO] [1786323396.750189526] [landing_scout_1]: [scout_1] Landing Controller: ONLINE
[INFO] [1786323401.800123334] [landing_scout_1]: [scout_1] Landing controller state: IDLE
[INFO] [1786323406.799566539] [landing_scout_1]: [scout_1] Landing controller state: IDLE
[INFO] [1786323411.800040975] [landing_scout_1]: [scout_1] Landing controller state: IDLE
[INFO] [1786323416.800250740] [landing_scout_1]: [scout_1] Landing controller state: IDLE
[INFO] [1786323421.799435542] [landing_scout_1]: [scout_1] Landing controller state: IDLE
[INFO] [1786323426.799503648] [landing_scout_1]: [scout_1] Landing controller state: IDLE
[INFO] [1786323431.799316369] [landing_scout_1]: [scout_1] Landing controller state: IDLE
[INFO] [1786323436.799435366] [landing_scout_1]: [scout_1] Landing controller state: IDLE
[INFO] [1786323441.799467991] [landing_scout_1]: [scout_1] Landing controller state: IDLE
[INFO] [1786323446.799389101] [landing_scout_1]: [scout_1] Landing controller state: IDLE
[INFO] [1786323451.799460319] [landing_scout_1]: [scout_1] Landing controller state: IDLE
[INFO] [1786323456.799801561] [landing_scout_1]: [scout_1] Landing controller state: IDLE
[INFO] [1786323461.428601036] [landing_scout_1]: [scout_1] 🚀 Jump detected → FLIGHT mode (contact detection blanked 100 s for launch)
[INFO] [1786323461.472506921] [landing_scout_1]: [scout_1] 📏 CALIBSERIES t=0.0s v=0.00692 m/s (vx=-0.00095 vy=0.00002 vz=-0.00685)
[INFO] [1786323461.800404796] [landing_scout_1]: [scout_1] Landing controller state: FLIGHT
[INFO] [1786323463.474284630] [landing_scout_1]: [scout_1] 📏 CALIBSERIES t=2.0s v=0.00797 m/s (vx=0.00001 vy=-0.00000 vz=-0.00797)
[INFO] [1786323465.476751195] [landing_scout_1]: [scout_1] 📏 CALIBSERIES t=4.0s v=0.00820 m/s (vx=0.00001 vy=-0.00000 vz=-0.00820)
[INFO] [1786323466.799434249] [landing_scout_1]: [scout_1] Landing controller state: FLIGHT
[INFO] [1786323467.525247947] [landing_scout_1]: [scout_1] 📏 CALIBSERIES t=6.1s v=0.00843 m/s (vx=0.00001 vy=-0.00000 vz=-0.00843)
[INFO] [1786323469.529081819] [landing_scout_1]: [scout_1] 📏 CALIBSERIES t=8.1s v=0.00866 m/s (vx=0.00001 vy=-0.00000 vz=-0.00866)
[INFO] [1786323471.578194668] [landing_scout_1]: [scout_1] 📏 CALIBSERIES t=10.1s v=0.00889 m/s (vx=0.00001 vy=-0.00000 vz=-0.00889)
[INFO] [1786323471.799579150] [landing_scout_1]: [scout_1] Landing controller state: FLIGHT
[INFO] [1786323473.579234365] [landing_scout_1]: [scout_1] 📏 CALIBSERIES t=12.2s v=0.00912 m/s (vx=0.00001 vy=-0.00000 vz=-0.00912)
[INFO] [1786323475.580977306] [landing_scout_1]: [scout_1] 📏 CALIBSERIES t=14.2s v=0.00935 m/s (vx=0.00001 vy=-0.00000 vz=-0.00935)
[INFO] [1786323475.581851507] [landing_scout_1]: [scout_1] 📏 CALIBSTABLE t=14.2s v=0.00935 m/s (vx=0.00001 vy=-0.00000 vz=-0.00935) -- 3 consecutive samples steady
[INFO] [1786323476.799917527] [landing_scout_1]: [scout_1] Landing controller state: FLIGHT
