[INFO] [1786325298.186786289] [landing_scout_1]: [scout_1] Landing Controller: ONLINE
[INFO] [1786325303.235248175] [landing_scout_1]: [scout_1] Landing controller state: IDLE
[INFO] [1786325308.236822064] [landing_scout_1]: [scout_1] Landing controller state: IDLE
[INFO] [1786325313.235702168] [landing_scout_1]: [scout_1] Landing controller state: IDLE
[INFO] [1786325318.235183613] [landing_scout_1]: [scout_1] Landing controller state: IDLE
[INFO] [1786325323.234710881] [landing_scout_1]: [scout_1] Landing controller state: IDLE
[INFO] [1786325328.234920855] [landing_scout_1]: [scout_1] Landing controller state: IDLE
[INFO] [1786325333.234746918] [landing_scout_1]: [scout_1] Landing controller state: IDLE
[INFO] [1786325338.234850189] [landing_scout_1]: [scout_1] Landing controller state: IDLE
[INFO] [1786325343.234842280] [landing_scout_1]: [scout_1] Landing controller state: IDLE
[INFO] [1786325348.236239174] [landing_scout_1]: [scout_1] Landing controller state: IDLE
[INFO] [1786325353.234680452] [landing_scout_1]: [scout_1] Landing controller state: IDLE
[INFO] [1786325358.234767905] [landing_scout_1]: [scout_1] Landing controller state: IDLE
[INFO] [1786325362.780439706] [landing_scout_1]: [scout_1] 🚀 Jump detected → FLIGHT mode (contact detection blanked 100 s for launch)
[INFO] [1786325362.819857724] [landing_scout_1]: [scout_1] 📏 CALIBSERIES t=0.0s v=0.01598 m/s (vx=0.00737 vy=-0.00004 vz=-0.01417)
[INFO] [1786325363.235029903] [landing_scout_1]: [scout_1] Landing controller state: FLIGHT
[INFO] [1786325364.821763387] [landing_scout_1]: [scout_1] 📏 CALIBSERIES t=2.0s v=0.00796 m/s (vx=-0.00001 vy=0.00000 vz=-0.00796)
[INFO] [1786325366.829249940] [landing_scout_1]: [scout_1] 📏 CALIBSERIES t=4.0s v=0.00819 m/s (vx=-0.00000 vy=-0.00000 vz=-0.00819)
[INFO] [1786325368.235584967] [landing_scout_1]: [scout_1] Landing controller state: FLIGHT
[INFO] [1786325368.852581299] [landing_scout_1]: [scout_1] 📏 CALIBSERIES t=6.1s v=0.00841 m/s (vx=-0.00000 vy=-0.00000 vz=-0.00841)
[INFO] [1786325370.852636691] [landing_scout_1]: [scout_1] 📏 CALIBSERIES t=8.1s v=0.00864 m/s (vx=-0.00000 vy=-0.00000 vz=-0.00864)
[INFO] [1786325372.858074554] [landing_scout_1]: [scout_1] 📏 CALIBSERIES t=10.1s v=0.00887 m/s (vx=-0.00001 vy=0.00000 vz=-0.00887)
[INFO] [1786325373.234945612] [landing_scout_1]: [scout_1] Landing controller state: FLIGHT
[INFO] [1786325374.876789846] [landing_scout_1]: [scout_1] 📏 CALIBSERIES t=12.1s v=0.00910 m/s (vx=-0.00001 vy=0.00000 vz=-0.00910)
[INFO] [1786325376.881422627] [landing_scout_1]: [scout_1] 📏 CALIBSERIES t=14.1s v=0.00933 m/s (vx=-0.00001 vy=0.00000 vz=-0.00933)
[INFO] [1786325376.882240960] [landing_scout_1]: [scout_1] 📏 CALIBSTABLE t=14.1s v=0.00933 m/s (vx=-0.00001 vy=0.00000 vz=-0.00933) -- 3 consecutive samples steady
[INFO] [1786325378.234724481] [landing_scout_1]: [scout_1] Landing controller state: FLIGHT
