[INFO] [1786315233.393084785] [landing_scout_1]: [scout_1] Landing Controller: ONLINE
[INFO] [1786315238.452709994] [landing_scout_1]: [scout_1] Landing controller state: IDLE
[INFO] [1786315243.452952208] [landing_scout_1]: [scout_1] Landing controller state: IDLE
[INFO] [1786315248.452354727] [landing_scout_1]: [scout_1] Landing controller state: IDLE
[INFO] [1786315253.452007719] [landing_scout_1]: [scout_1] Landing controller state: IDLE
[INFO] [1786315258.452219117] [landing_scout_1]: [scout_1] Landing controller state: IDLE
[INFO] [1786315263.452189015] [landing_scout_1]: [scout_1] Landing controller state: IDLE
[INFO] [1786315268.452871807] [landing_scout_1]: [scout_1] Landing controller state: IDLE
[INFO] [1786315273.452260852] [landing_scout_1]: [scout_1] Landing controller state: IDLE
[INFO] [1786315278.452353778] [landing_scout_1]: [scout_1] Landing controller state: IDLE
[INFO] [1786315283.452341321] [landing_scout_1]: [scout_1] Landing controller state: IDLE
[INFO] [1786315288.452462061] [landing_scout_1]: [scout_1] Landing controller state: IDLE
[INFO] [1786315293.452359521] [landing_scout_1]: [scout_1] Landing controller state: IDLE
[INFO] [1786315298.056058517] [landing_scout_1]: [scout_1] 🚀 Jump detected → FLIGHT mode (contact detection blanked 100 s for launch)
[INFO] [1786315298.103866443] [landing_scout_1]: [scout_1] 📏 CALIBSERIES t=0.0s v=0.01599 m/s (vx=0.00908 vy=-0.00004 vz=-0.01316)
[INFO] [1786315298.452923841] [landing_scout_1]: [scout_1] Landing controller state: FLIGHT
[INFO] [1786315300.125870226] [landing_scout_1]: [scout_1] 📏 CALIBSERIES t=2.1s v=0.00796 m/s (vx=-0.00000 vy=0.00000 vz=-0.00796)
[INFO] [1786315302.128460163] [landing_scout_1]: [scout_1] 📏 CALIBSERIES t=4.1s v=0.00818 m/s (vx=-0.00000 vy=0.00000 vz=-0.00818)
[INFO] [1786315303.452191611] [landing_scout_1]: [scout_1] Landing controller state: FLIGHT
[INFO] [1786315304.132478747] [landing_scout_1]: [scout_1] 📏 CALIBSERIES t=6.1s v=0.00841 m/s (vx=-0.00000 vy=0.00000 vz=-0.00841)
[INFO] [1786315306.139163168] [landing_scout_1]: [scout_1] 📏 CALIBSERIES t=8.1s v=0.00864 m/s (vx=-0.00000 vy=0.00000 vz=-0.00864)
[INFO] [1786315308.140876651] [landing_scout_1]: [scout_1] 📏 CALIBSERIES t=10.1s v=0.00887 m/s (vx=-0.00000 vy=0.00000 vz=-0.00887)
[INFO] [1786315308.452299027] [landing_scout_1]: [scout_1] Landing controller state: FLIGHT
[INFO] [1786315310.142786134] [landing_scout_1]: [scout_1] 📏 CALIBSERIES t=12.1s v=0.00910 m/s (vx=-0.00000 vy=0.00000 vz=-0.00910)
[INFO] [1786315312.144825268] [landing_scout_1]: [scout_1] 📏 CALIBSERIES t=14.1s v=0.00932 m/s (vx=-0.00000 vy=0.00000 vz=-0.00932)
[INFO] [1786315312.145593045] [landing_scout_1]: [scout_1] 📏 CALIBSTABLE t=14.1s v=0.00932 m/s (vx=-0.00000 vy=0.00000 vz=-0.00932) -- 3 consecutive samples steady
[INFO] [1786315313.452727021] [landing_scout_1]: [scout_1] Landing controller state: FLIGHT
