[INFO] [1786312373.637171040] [landing_scout_1]: [scout_1] Landing Controller: ONLINE
[INFO] [1786312378.689259989] [landing_scout_1]: [scout_1] Landing controller state: IDLE
[INFO] [1786312383.689542382] [landing_scout_1]: [scout_1] Landing controller state: IDLE
[INFO] [1786312388.689921182] [landing_scout_1]: [scout_1] Landing controller state: IDLE
[INFO] [1786312393.689979074] [landing_scout_1]: [scout_1] Landing controller state: IDLE
[INFO] [1786312398.689418942] [landing_scout_1]: [scout_1] Landing controller state: IDLE
[INFO] [1786312403.689226822] [landing_scout_1]: [scout_1] Landing controller state: IDLE
[INFO] [1786312408.689302137] [landing_scout_1]: [scout_1] Landing controller state: IDLE
[INFO] [1786312413.689815649] [landing_scout_1]: [scout_1] Landing controller state: IDLE
[INFO] [1786312418.689279701] [landing_scout_1]: [scout_1] Landing controller state: IDLE
[INFO] [1786312423.689205060] [landing_scout_1]: [scout_1] Landing controller state: IDLE
[INFO] [1786312428.689255707] [landing_scout_1]: [scout_1] Landing controller state: IDLE
[INFO] [1786312433.690091164] [landing_scout_1]: [scout_1] Landing controller state: IDLE
[INFO] [1786312438.319223454] [landing_scout_1]: [scout_1] 🚀 Jump detected → FLIGHT mode (contact detection blanked 100 s for launch)
[INFO] [1786312438.361835911] [landing_scout_1]: [scout_1] 📏 CALIBSERIES t=0.0s v=0.01734 m/s (vx=0.01124 vy=-0.00007 vz=-0.01320)
[INFO] [1786312438.689265880] [landing_scout_1]: [scout_1] Landing controller state: FLIGHT
[INFO] [1786312440.369901318] [landing_scout_1]: [scout_1] 📏 CALIBSERIES t=2.1s v=0.00796 m/s (vx=0.00001 vy=-0.00000 vz=-0.00796)
[INFO] [1786312442.374464100] [landing_scout_1]: [scout_1] 📏 CALIBSERIES t=4.1s v=0.00819 m/s (vx=0.00001 vy=-0.00000 vz=-0.00819)
[INFO] [1786312443.689222327] [landing_scout_1]: [scout_1] Landing controller state: FLIGHT
[INFO] [1786312444.399638413] [landing_scout_1]: [scout_1] 📏 CALIBSERIES t=6.1s v=0.00842 m/s (vx=0.00001 vy=-0.00000 vz=-0.00842)
[INFO] [1786312446.403459172] [landing_scout_1]: [scout_1] 📏 CALIBSERIES t=8.1s v=0.00865 m/s (vx=0.00001 vy=-0.00000 vz=-0.00865)
[INFO] [1786312448.408304379] [landing_scout_1]: [scout_1] 📏 CALIBSERIES t=10.1s v=0.00887 m/s (vx=0.00001 vy=-0.00000 vz=-0.00887)
[INFO] [1786312448.689304185] [landing_scout_1]: [scout_1] Landing controller state: FLIGHT
[INFO] [1786312450.411268570] [landing_scout_1]: [scout_1] 📏 CALIBSERIES t=12.1s v=0.00910 m/s (vx=0.00001 vy=-0.00000 vz=-0.00910)
