[INFO] [1786313673.654493190] [landing_scout_1]: [scout_1] Landing Controller: ONLINE
[INFO] [1786313678.706805406] [landing_scout_1]: [scout_1] Landing controller state: IDLE
[INFO] [1786313683.705862468] [landing_scout_1]: [scout_1] Landing controller state: IDLE
[INFO] [1786313688.705853478] [landing_scout_1]: [scout_1] Landing controller state: IDLE
[INFO] [1786313693.706542144] [landing_scout_1]: [scout_1] Landing controller state: IDLE
[INFO] [1786313698.706737698] [landing_scout_1]: [scout_1] Landing controller state: IDLE
[INFO] [1786313703.705747874] [landing_scout_1]: [scout_1] Landing controller state: IDLE
[INFO] [1786313708.705843630] [landing_scout_1]: [scout_1] Landing controller state: IDLE
[INFO] [1786313713.706032747] [landing_scout_1]: [scout_1] Landing controller state: IDLE
[INFO] [1786313718.705982764] [landing_scout_1]: [scout_1] Landing controller state: IDLE
[INFO] [1786313723.705922302] [landing_scout_1]: [scout_1] Landing controller state: IDLE
[INFO] [1786313728.705738191] [landing_scout_1]: [scout_1] Landing controller state: IDLE
[INFO] [1786313733.706068931] [landing_scout_1]: [scout_1] Landing controller state: IDLE
[INFO] [1786313738.310508242] [landing_scout_1]: [scout_1] 🚀 Jump detected → FLIGHT mode (contact detection blanked 100 s for launch)
[INFO] [1786313738.329502987] [landing_scout_1]: [scout_1] 📏 CALIBSERIES t=0.0s v=0.01306 m/s (vx=0.00352 vy=-0.00001 vz=-0.01258)
[INFO] [1786313738.706568446] [landing_scout_1]: [scout_1] Landing controller state: FLIGHT
[INFO] [1786313740.334953304] [landing_scout_1]: [scout_1] 📏 CALIBSERIES t=2.0s v=0.00796 m/s (vx=-0.00000 vy=0.00000 vz=-0.00796)
[INFO] [1786313742.335562847] [landing_scout_1]: [scout_1] 📏 CALIBSERIES t=4.0s v=0.00819 m/s (vx=-0.00000 vy=0.00000 vz=-0.00819)
[INFO] [1786313743.705787561] [landing_scout_1]: [scout_1] Landing controller state: FLIGHT
[INFO] [1786313744.343644449] [landing_scout_1]: [scout_1] 📏 CALIBSERIES t=6.0s v=0.00841 m/s (vx=-0.00000 vy=0.00000 vz=-0.00841)
[INFO] [1786313746.343644354] [landing_scout_1]: [scout_1] 📏 CALIBSERIES t=8.0s v=0.00864 m/s (vx=-0.00000 vy=0.00000 vz=-0.00864)
[INFO] [1786313748.347601216] [landing_scout_1]: [scout_1] 📏 CALIBSERIES t=10.0s v=0.00887 m/s (vx=-0.00000 vy=0.00000 vz=-0.00887)
[INFO] [1786313748.706895647] [landing_scout_1]: [scout_1] Landing controller state: FLIGHT
[INFO] [1786313750.351885606] [landing_scout_1]: [scout_1] 📏 CALIBSERIES t=12.0s v=0.00910 m/s (vx=-0.00000 vy=0.00000 vz=-0.00910)
[INFO] [1786313752.372851851] [landing_scout_1]: [scout_1] 📏 CALIBSERIES t=14.1s v=0.00933 m/s (vx=-0.00000 vy=0.00000 vz=-0.00933)
[INFO] [1786313752.373987981] [landing_scout_1]: [scout_1] 📏 CALIBSTABLE t=14.1s v=0.00933 m/s (vx=-0.00000 vy=0.00000 vz=-0.00933) -- 3 consecutive samples steady
