[INFO] [1786316445.034446361] [landing_scout_1]: [scout_1] Landing Controller: ONLINE
[INFO] [1786316450.084269712] [landing_scout_1]: [scout_1] Landing controller state: IDLE
[INFO] [1786316455.084313299] [landing_scout_1]: [scout_1] Landing controller state: IDLE
[INFO] [1786316460.083636803] [landing_scout_1]: [scout_1] Landing controller state: IDLE
[INFO] [1786316465.084294640] [landing_scout_1]: [scout_1] Landing controller state: IDLE
[INFO] [1786316470.083505618] [landing_scout_1]: [scout_1] Landing controller state: IDLE
[INFO] [1786316475.083790548] [landing_scout_1]: [scout_1] Landing controller state: IDLE
[INFO] [1786316480.083708264] [landing_scout_1]: [scout_1] Landing controller state: IDLE
[INFO] [1786316485.084129249] [landing_scout_1]: [scout_1] Landing controller state: IDLE
[INFO] [1786316490.083735258] [landing_scout_1]: [scout_1] Landing controller state: IDLE
[INFO] [1786316495.083623964] [landing_scout_1]: [scout_1] Landing controller state: IDLE
[INFO] [1786316500.084144002] [landing_scout_1]: [scout_1] Landing controller state: IDLE
[INFO] [1786316505.084138109] [landing_scout_1]: [scout_1] Landing controller state: IDLE
[INFO] [1786316509.634730601] [landing_scout_1]: [scout_1] 🚀 Jump detected → FLIGHT mode (contact detection blanked 100 s for launch)
[INFO] [1786316509.663490981] [landing_scout_1]: [scout_1] 📏 CALIBSERIES t=0.0s v=0.01655 m/s (vx=0.00947 vy=-0.00006 vz=-0.01357)
[INFO] [1786316510.083693996] [landing_scout_1]: [scout_1] Landing controller state: FLIGHT
[INFO] [1786316511.669853478] [landing_scout_1]: [scout_1] 📏 CALIBSERIES t=2.0s v=0.00795 m/s (vx=0.00000 vy=-0.00000 vz=-0.00795)
[INFO] [1786316513.674983626] [landing_scout_1]: [scout_1] 📏 CALIBSERIES t=4.0s v=0.00817 m/s (vx=0.00000 vy=-0.00000 vz=-0.00817)
[INFO] [1786316515.083653164] [landing_scout_1]: [scout_1] Landing controller state: FLIGHT
[INFO] [1786316515.725138602] [landing_scout_1]: [scout_1] 📏 CALIBSERIES t=6.1s v=0.00841 m/s (vx=0.00000 vy=-0.00000 vz=-0.00841)
[INFO] [1786316517.724986898] [landing_scout_1]: [scout_1] 📏 CALIBSERIES t=8.1s v=0.00864 m/s (vx=0.00000 vy=-0.00000 vz=-0.00864)
[INFO] [1786316519.726884439] [landing_scout_1]: [scout_1] 📏 CALIBSERIES t=10.1s v=0.00886 m/s (vx=0.00000 vy=-0.00000 vz=-0.00886)
[INFO] [1786316520.083674503] [landing_scout_1]: [scout_1] Landing controller state: FLIGHT
[INFO] [1786316521.729268054] [landing_scout_1]: [scout_1] 📏 CALIBSERIES t=12.1s v=0.00909 m/s (vx=0.00000 vy=-0.00000 vz=-0.00909)
[INFO] [1786316523.734655354] [landing_scout_1]: [scout_1] 📏 CALIBSERIES t=14.1s v=0.00932 m/s (vx=0.00000 vy=-0.00000 vz=-0.00932)
[INFO] [1786316523.735303265] [landing_scout_1]: [scout_1] 📏 CALIBSTABLE t=14.1s v=0.00932 m/s (vx=0.00000 vy=-0.00000 vz=-0.00932) -- 3 consecutive samples steady
[INFO] [1786316525.084435180] [landing_scout_1]: [scout_1] Landing controller state: FLIGHT
