[INFO] [1786317907.786595577] [landing_scout_1]: [scout_1] Landing Controller: ONLINE
[INFO] [1786317912.843556508] [landing_scout_1]: [scout_1] Landing controller state: IDLE
[INFO] [1786317917.843786692] [landing_scout_1]: [scout_1] Landing controller state: IDLE
[INFO] [1786317922.843583057] [landing_scout_1]: [scout_1] Landing controller state: IDLE
[INFO] [1786317927.843616955] [landing_scout_1]: [scout_1] Landing controller state: IDLE
[INFO] [1786317932.843859062] [landing_scout_1]: [scout_1] Landing controller state: IDLE
[INFO] [1786317937.843655165] [landing_scout_1]: [scout_1] Landing controller state: IDLE
[INFO] [1786317942.844474299] [landing_scout_1]: [scout_1] Landing controller state: IDLE
[INFO] [1786317947.844005905] [landing_scout_1]: [scout_1] Landing controller state: IDLE
[INFO] [1786317952.843629199] [landing_scout_1]: [scout_1] Landing controller state: IDLE
[INFO] [1786317957.843682377] [landing_scout_1]: [scout_1] Landing controller state: IDLE
[INFO] [1786317962.843666417] [landing_scout_1]: [scout_1] Landing controller state: IDLE
[INFO] [1786317967.843673523] [landing_scout_1]: [scout_1] Landing controller state: IDLE
[INFO] [1786317972.491794967] [landing_scout_1]: [scout_1] 🚀 Jump detected → FLIGHT mode (contact detection blanked 100 s for launch)
[INFO] [1786317972.531828460] [landing_scout_1]: [scout_1] 📏 CALIBSERIES t=0.0s v=0.01415 m/s (vx=-0.00180 vy=0.00008 vz=-0.01403)
[INFO] [1786317972.843928535] [landing_scout_1]: [scout_1] Landing controller state: FLIGHT
[INFO] [1786317974.532898386] [landing_scout_1]: [scout_1] 📏 CALIBSERIES t=2.0s v=0.00796 m/s (vx=-0.00002 vy=-0.00000 vz=-0.00796)
[INFO] [1786317976.536201381] [landing_scout_1]: [scout_1] 📏 CALIBSERIES t=4.0s v=0.00819 m/s (vx=-0.00002 vy=-0.00000 vz=-0.00819)
[INFO] [1786317977.843786526] [landing_scout_1]: [scout_1] Landing controller state: FLIGHT
[INFO] [1786317978.539927307] [landing_scout_1]: [scout_1] 📏 CALIBSERIES t=6.0s v=0.00841 m/s (vx=-0.00002 vy=-0.00000 vz=-0.00841)
[INFO] [1786317980.544915894] [landing_scout_1]: [scout_1] 📏 CALIBSERIES t=8.1s v=0.00864 m/s (vx=-0.00002 vy=-0.00000 vz=-0.00864)
[INFO] [1786317982.594129720] [landing_scout_1]: [scout_1] 📏 CALIBSERIES t=10.1s v=0.00888 m/s (vx=-0.00002 vy=-0.00000 vz=-0.00887)
[INFO] [1786317982.844602266] [landing_scout_1]: [scout_1] Landing controller state: FLIGHT
[INFO] [1786317984.594610929] [landing_scout_1]: [scout_1] 📏 CALIBSERIES t=12.1s v=0.00910 m/s (vx=-0.00002 vy=-0.00000 vz=-0.00910)
[INFO] [1786317986.595255603] [landing_scout_1]: [scout_1] 📏 CALIBSERIES t=14.1s v=0.00933 m/s (vx=-0.00002 vy=-0.00000 vz=-0.00933)
[INFO] [1786317986.596008378] [landing_scout_1]: [scout_1] 📏 CALIBSTABLE t=14.1s v=0.00933 m/s (vx=-0.00002 vy=-0.00000 vz=-0.00933) -- 3 consecutive samples steady
[INFO] [1786317987.844227026] [landing_scout_1]: [scout_1] Landing controller state: FLIGHT
