[INFO] [1786319855.236913310] [landing_scout_1]: [scout_1] Landing Controller: ONLINE
[INFO] [1786319860.283810074] [landing_scout_1]: [scout_1] Landing controller state: IDLE
[INFO] [1786319865.284193492] [landing_scout_1]: [scout_1] Landing controller state: IDLE
[INFO] [1786319870.283743920] [landing_scout_1]: [scout_1] Landing controller state: IDLE
[INFO] [1786319875.284621103] [landing_scout_1]: [scout_1] Landing controller state: IDLE
[INFO] [1786319880.283891517] [landing_scout_1]: [scout_1] Landing controller state: IDLE
[INFO] [1786319885.283821484] [landing_scout_1]: [scout_1] Landing controller state: IDLE
[INFO] [1786319890.284327537] [landing_scout_1]: [scout_1] Landing controller state: IDLE
[INFO] [1786319895.284043376] [landing_scout_1]: [scout_1] Landing controller state: IDLE
[INFO] [1786319900.284021353] [landing_scout_1]: [scout_1] Landing controller state: IDLE
[INFO] [1786319905.283949622] [landing_scout_1]: [scout_1] Landing controller state: IDLE
[INFO] [1786319910.284216631] [landing_scout_1]: [scout_1] Landing controller state: IDLE
[INFO] [1786319915.284930066] [landing_scout_1]: [scout_1] Landing controller state: IDLE
[INFO] [1786319920.113646641] [landing_scout_1]: [scout_1] 🚀 Jump detected → FLIGHT mode (contact detection blanked 100 s for launch)
[INFO] [1786319920.138770869] [landing_scout_1]: [scout_1] 📏 CALIBSERIES t=0.0s v=0.01480 m/s (vx=0.00642 vy=-0.00007 vz=-0.01333)
[INFO] [1786319920.284429459] [landing_scout_1]: [scout_1] Landing controller state: FLIGHT
[INFO] [1786319922.146236950] [landing_scout_1]: [scout_1] 📏 CALIBSERIES t=2.0s v=0.00796 m/s (vx=0.00001 vy=-0.00000 vz=-0.00796)
[INFO] [1786319924.152786273] [landing_scout_1]: [scout_1] 📏 CALIBSERIES t=4.0s v=0.00819 m/s (vx=0.00001 vy=-0.00000 vz=-0.00819)
[INFO] [1786319925.284825877] [landing_scout_1]: [scout_1] Landing controller state: FLIGHT
[INFO] [1786319926.153910337] [landing_scout_1]: [scout_1] 📏 CALIBSERIES t=6.0s v=0.00842 m/s (vx=0.00001 vy=-0.00000 vz=-0.00842)
[INFO] [1786319928.157524822] [landing_scout_1]: [scout_1] 📏 CALIBSERIES t=8.0s v=0.00865 m/s (vx=0.00001 vy=-0.00000 vz=-0.00865)
[INFO] [1786319930.166266915] [landing_scout_1]: [scout_1] 📏 CALIBSERIES t=10.1s v=0.00887 m/s (vx=0.00001 vy=-0.00000 vz=-0.00887)
[INFO] [1786319930.283928550] [landing_scout_1]: [scout_1] Landing controller state: FLIGHT
[INFO] [1786319932.170753860] [landing_scout_1]: [scout_1] 📏 CALIBSERIES t=12.1s v=0.00910 m/s (vx=0.00001 vy=-0.00000 vz=-0.00910)
[INFO] [1786319934.197069574] [landing_scout_1]: [scout_1] 📏 CALIBSERIES t=14.1s v=0.00933 m/s (vx=0.00001 vy=-0.00000 vz=-0.00933)
[INFO] [1786319934.197906616] [landing_scout_1]: [scout_1] 📏 CALIBSTABLE t=14.1s v=0.00933 m/s (vx=0.00001 vy=-0.00000 vz=-0.00933) -- 3 consecutive samples steady
[INFO] [1786319935.284501418] [landing_scout_1]: [scout_1] Landing controller state: FLIGHT
