[INFO] [1786321923.179037150] [landing_scout_1]: [scout_1] Landing Controller: ONLINE
[INFO] [1786321928.230086696] [landing_scout_1]: [scout_1] Landing controller state: IDLE
[INFO] [1786321933.230124657] [landing_scout_1]: [scout_1] Landing controller state: IDLE
[INFO] [1786321938.230086478] [landing_scout_1]: [scout_1] Landing controller state: IDLE
[INFO] [1786321943.230709011] [landing_scout_1]: [scout_1] Landing controller state: IDLE
[INFO] [1786321948.230391044] [landing_scout_1]: [scout_1] Landing controller state: IDLE
[INFO] [1786321953.230081951] [landing_scout_1]: [scout_1] Landing controller state: IDLE
[INFO] [1786321958.229985154] [landing_scout_1]: [scout_1] Landing controller state: IDLE
[INFO] [1786321963.230525120] [landing_scout_1]: [scout_1] Landing controller state: IDLE
[INFO] [1786321968.230003280] [landing_scout_1]: [scout_1] Landing controller state: IDLE
[INFO] [1786321973.230002028] [landing_scout_1]: [scout_1] Landing controller state: IDLE
[INFO] [1786321978.229910398] [landing_scout_1]: [scout_1] Landing controller state: IDLE
[INFO] [1786321983.229957445] [landing_scout_1]: [scout_1] Landing controller state: IDLE
[INFO] [1786321987.806340541] [landing_scout_1]: [scout_1] 🚀 Jump detected → FLIGHT mode (contact detection blanked 100 s for launch)
[INFO] [1786321987.813777067] [landing_scout_1]: [scout_1] 📏 CALIBSERIES t=0.0s v=0.00864 m/s (vx=0.00678 vy=-0.00004 vz=-0.00536)
[INFO] [1786321988.230046079] [landing_scout_1]: [scout_1] Landing controller state: FLIGHT
[INFO] [1786321989.818164671] [landing_scout_1]: [scout_1] 📏 CALIBSERIES t=2.0s v=0.00795 m/s (vx=0.00001 vy=0.00000 vz=-0.00795)
[INFO] [1786321991.820295607] [landing_scout_1]: [scout_1] 📏 CALIBSERIES t=4.0s v=0.00818 m/s (vx=0.00002 vy=0.00000 vz=-0.00818)
[INFO] [1786321993.229990582] [landing_scout_1]: [scout_1] Landing controller state: FLIGHT
[INFO] [1786321993.821598638] [landing_scout_1]: [scout_1] 📏 CALIBSERIES t=6.0s v=0.00841 m/s (vx=0.00002 vy=0.00000 vz=-0.00841)
[INFO] [1786321995.826004445] [landing_scout_1]: [scout_1] 📏 CALIBSERIES t=8.0s v=0.00863 m/s (vx=0.00002 vy=0.00000 vz=-0.00863)
[INFO] [1786321997.828358277] [landing_scout_1]: [scout_1] 📏 CALIBSERIES t=10.0s v=0.00886 m/s (vx=0.00002 vy=0.00000 vz=-0.00886)
[INFO] [1786321998.229992495] [landing_scout_1]: [scout_1] Landing controller state: FLIGHT
[INFO] [1786321999.837209690] [landing_scout_1]: [scout_1] 📏 CALIBSERIES t=12.0s v=0.00909 m/s (vx=0.00002 vy=0.00000 vz=-0.00909)
