[INFO] [1786314884.809988201] [landing_scout_1]: [scout_1] Landing Controller: ONLINE
[INFO] [1786314889.858475412] [landing_scout_1]: [scout_1] Landing controller state: IDLE
[INFO] [1786314894.858541975] [landing_scout_1]: [scout_1] Landing controller state: IDLE
[INFO] [1786314899.859460438] [landing_scout_1]: [scout_1] Landing controller state: IDLE
[INFO] [1786314904.859048441] [landing_scout_1]: [scout_1] Landing controller state: IDLE
[INFO] [1786314909.858600784] [landing_scout_1]: [scout_1] Landing controller state: IDLE
[INFO] [1786314914.859017868] [landing_scout_1]: [scout_1] Landing controller state: IDLE
[INFO] [1786314919.859192205] [landing_scout_1]: [scout_1] Landing controller state: IDLE
[INFO] [1786314924.858435915] [landing_scout_1]: [scout_1] Landing controller state: IDLE
[INFO] [1786314929.858567058] [landing_scout_1]: [scout_1] Landing controller state: IDLE
[INFO] [1786314934.858987501] [landing_scout_1]: [scout_1] Landing controller state: IDLE
[INFO] [1786314939.858763452] [landing_scout_1]: [scout_1] Landing controller state: IDLE
[INFO] [1786314944.858350839] [landing_scout_1]: [scout_1] Landing controller state: IDLE
[INFO] [1786314949.477226716] [landing_scout_1]: [scout_1] 🚀 Jump detected → FLIGHT mode (contact detection blanked 100 s for launch)
[INFO] [1786314949.488040167] [landing_scout_1]: [scout_1] 📏 CALIBSERIES t=0.0s v=0.01033 m/s (vx=0.00472 vy=-0.00008 vz=-0.00919)
[INFO] [1786314949.859199441] [landing_scout_1]: [scout_1] Landing controller state: FLIGHT
[INFO] [1786314951.493107043] [landing_scout_1]: [scout_1] 📏 CALIBSERIES t=2.0s v=0.00795 m/s (vx=-0.00000 vy=0.00000 vz=-0.00795)
[INFO] [1786314953.543251905] [landing_scout_1]: [scout_1] 📏 CALIBSERIES t=4.1s v=0.00819 m/s (vx=-0.00000 vy=0.00000 vz=-0.00819)
[INFO] [1786314954.858728379] [landing_scout_1]: [scout_1] Landing controller state: FLIGHT
[INFO] [1786314955.546281018] [landing_scout_1]: [scout_1] 📏 CALIBSERIES t=6.1s v=0.00841 m/s (vx=-0.00000 vy=0.00000 vz=-0.00841)
[INFO] [1786314957.569477587] [landing_scout_1]: [scout_1] 📏 CALIBSERIES t=8.1s v=0.00864 m/s (vx=-0.00000 vy=0.00000 vz=-0.00864)
[INFO] [1786314959.572500155] [landing_scout_1]: [scout_1] 📏 CALIBSERIES t=10.1s v=0.00887 m/s (vx=-0.00000 vy=0.00000 vz=-0.00887)
[INFO] [1786314959.858577684] [landing_scout_1]: [scout_1] Landing controller state: FLIGHT
[INFO] [1786314961.575128787] [landing_scout_1]: [scout_1] 📏 CALIBSERIES t=12.1s v=0.00910 m/s (vx=-0.00000 vy=0.00000 vz=-0.00910)
[INFO] [1786314963.579531036] [landing_scout_1]: [scout_1] 📏 CALIBSERIES t=14.1s v=0.00933 m/s (vx=-0.00000 vy=0.00000 vz=-0.00933)
[INFO] [1786314963.580106396] [landing_scout_1]: [scout_1] 📏 CALIBSTABLE t=14.1s v=0.00933 m/s (vx=-0.00000 vy=0.00000 vz=-0.00933) -- 3 consecutive samples steady
[INFO] [1786314964.858787511] [landing_scout_1]: [scout_1] Landing controller state: FLIGHT
