[INFO] [1786317389.929279141] [landing_scout_1]: [scout_1] Landing Controller: ONLINE
[INFO] [1786317394.982563336] [landing_scout_1]: [scout_1] Landing controller state: IDLE
[INFO] [1786317399.982385748] [landing_scout_1]: [scout_1] Landing controller state: IDLE
[INFO] [1786317404.982437239] [landing_scout_1]: [scout_1] Landing controller state: IDLE
[INFO] [1786317409.982413787] [landing_scout_1]: [scout_1] Landing controller state: IDLE
[INFO] [1786317414.982938657] [landing_scout_1]: [scout_1] Landing controller state: IDLE
[INFO] [1786317419.982360726] [landing_scout_1]: [scout_1] Landing controller state: IDLE
[INFO] [1786317424.983104258] [landing_scout_1]: [scout_1] Landing controller state: IDLE
[INFO] [1786317429.982445087] [landing_scout_1]: [scout_1] Landing controller state: IDLE
[INFO] [1786317434.982350994] [landing_scout_1]: [scout_1] Landing controller state: IDLE
[INFO] [1786317439.983707079] [landing_scout_1]: [scout_1] Landing controller state: IDLE
[INFO] [1786317444.983848889] [landing_scout_1]: [scout_1] Landing controller state: IDLE
[INFO] [1786317449.982461228] [landing_scout_1]: [scout_1] Landing controller state: IDLE
[INFO] [1786317454.590314085] [landing_scout_1]: [scout_1] 🚀 Jump detected → FLIGHT mode (contact detection blanked 100 s for launch)
[INFO] [1786317454.638943907] [landing_scout_1]: [scout_1] 📏 CALIBSERIES t=0.0s v=0.01314 m/s (vx=0.00677 vy=-0.00017 vz=-0.01125)
[INFO] [1786317454.983082612] [landing_scout_1]: [scout_1] Landing controller state: FLIGHT
[INFO] [1786317456.688809062] [landing_scout_1]: [scout_1] 📏 CALIBSERIES t=2.1s v=0.00796 m/s (vx=0.00000 vy=-0.00000 vz=-0.00796)
[INFO] [1786317458.690765947] [landing_scout_1]: [scout_1] 📏 CALIBSERIES t=4.1s v=0.00819 m/s (vx=0.00001 vy=-0.00000 vz=-0.00819)
[INFO] [1786317459.982552296] [landing_scout_1]: [scout_1] Landing controller state: FLIGHT
[INFO] [1786317460.712931681] [landing_scout_1]: [scout_1] 📏 CALIBSERIES t=6.1s v=0.00842 m/s (vx=0.00001 vy=-0.00000 vz=-0.00842)
[INFO] [1786317462.717433488] [landing_scout_1]: [scout_1] 📏 CALIBSERIES t=8.1s v=0.00865 m/s (vx=0.00001 vy=-0.00000 vz=-0.00865)
[INFO] [1786317464.719892383] [landing_scout_1]: [scout_1] 📏 CALIBSERIES t=10.1s v=0.00887 m/s (vx=0.00001 vy=-0.00000 vz=-0.00887)
[INFO] [1786317464.982420060] [landing_scout_1]: [scout_1] Landing controller state: FLIGHT
[INFO] [1786317466.719857889] [landing_scout_1]: [scout_1] 📏 CALIBSERIES t=12.1s v=0.00910 m/s (vx=0.00001 vy=-0.00000 vz=-0.00910)
[INFO] [1786317468.722577750] [landing_scout_1]: [scout_1] 📏 CALIBSERIES t=14.1s v=0.00933 m/s (vx=0.00001 vy=-0.00000 vz=-0.00933)
[INFO] [1786317468.723305219] [landing_scout_1]: [scout_1] 📏 CALIBSTABLE t=14.1s v=0.00933 m/s (vx=0.00001 vy=-0.00000 vz=-0.00933) -- 3 consecutive samples steady
[INFO] [1786317469.983169554] [landing_scout_1]: [scout_1] Landing controller state: FLIGHT
