[01:32:34]   (re)starting gz sim daemon...
[01:32:42] --- repeat 1/100 ---
[01:33:53]   [rep1] ready check done: landed=False, speed=0.007729029000014265
[01:34:07]   [rep1] STABILIZED: delivered=0.00910 ratio=0.213 t=14.0s
[01:34:07] --- repeat 2/100 ---
[01:35:17]   [rep2] ready check done: landed=False, speed=0.00771192900002049
[01:35:32]   [rep2] STABILIZED: delivered=0.00910 ratio=0.213 t=14.0s
[01:35:32] --- repeat 3/100 ---
[01:36:42]   [rep3] ready check done: landed=False, speed=0.00771192900002049
[01:36:56]   [rep3] STABILIZED: delivered=0.00909 ratio=0.212 t=14.0s
[01:36:56] --- repeat 4/100 ---
[01:38:07]   [rep4] ready check done: landed=False, speed=0.007706228999992959
[01:38:21]   [rep4] STABILIZED: delivered=0.00908 ratio=0.212 t=14.0s
[01:38:21] --- repeat 5/100 ---
[01:39:31]   [rep5] ready check done: landed=False, speed=0.007723328999986735
[01:39:45]   [rep5] STABILIZED: delivered=0.00911 ratio=0.213 t=14.0s
[01:39:45]   --- periodic full daemon restart before rep 6 ---
[01:39:47]   (re)starting gz sim daemon...
[01:39:55] --- repeat 6/100 ---
[01:41:06]   [rep6] ready check done: landed=False, speed=0.007723328999986734
[01:41:20]   [rep6] STABILIZED: delivered=0.00911 ratio=0.213 t=14.0s
[01:41:20] --- repeat 7/100 ---
[01:42:30]   [rep7] ready check done: landed=False, speed=0.007717628999959202
[01:42:45]   [rep7] STABILIZED: delivered=0.00909 ratio=0.212 t=14.0s
[01:42:45] --- repeat 8/100 ---
[01:43:55]   [rep8] ready check done: landed=False, speed=0.007723329000075548
[01:44:09]   [rep8] STABILIZED: delivered=0.00910 ratio=0.213 t=14.0s
[01:44:09] --- repeat 9/100 ---
[01:45:20]   [rep9] ready check done: landed=False, speed=0.007723328999986734
[01:45:34]   [rep9] STABILIZED: delivered=0.00910 ratio=0.213 t=14.0s
[01:45:34] --- repeat 10/100 ---
[01:46:44]   [rep10] ready check done: landed=False, speed=0.0077176289999592
[01:46:59]   [rep10] STABILIZED: delivered=0.00910 ratio=0.213 t=14.0s
[01:46:59]   --- periodic full daemon restart before rep 11 ---
[01:47:01]   (re)starting gz sim daemon...
[01:47:09] --- repeat 11/100 ---
[01:48:19]   [rep11] ready check done: landed=False, speed=0.007723328999986734
[01:48:33]   [rep11] STABILIZED: delivered=0.00911 ratio=0.213 t=14.1s
[01:48:33] --- repeat 12/100 ---
[01:49:44]   [rep12] ready check done: landed=False, speed=0.007717628999959204
[01:49:58]   [rep12] STABILIZED: delivered=0.00910 ratio=0.213 t=14.0s
[01:49:58] --- repeat 13/100 ---
[01:51:08]   [rep13] ready check done: landed=False, speed=0.007717628999959203
[01:51:23]   [rep13] STABILIZED: delivered=0.00910 ratio=0.213 t=14.0s
[01:51:23] --- repeat 14/100 ---
[01:52:33]   [rep14] ready check done: landed=False, speed=0.007717628999959203
[01:52:47]   [rep14] STABILIZED: delivered=0.00910 ratio=0.213 t=14.0s
[01:52:47] --- repeat 15/100 ---
[01:53:58]   [rep15] ready check done: landed=False, speed=0.007717628999959203
[01:54:12]   [rep15] STABILIZED: delivered=0.00910 ratio=0.213 t=14.0s
[01:54:12]   --- periodic full daemon restart before rep 16 ---
[01:54:14]   (re)starting gz sim daemon...
[01:54:22] --- repeat 16/100 ---
[01:55:32]   [rep16] ready check done: landed=False, speed=0.007723328999986734
[01:55:47]   [rep16] STABILIZED: delivered=0.00910 ratio=0.213 t=14.0s
[01:55:47] --- repeat 17/100 ---
[01:56:57]   [rep17] ready check done: landed=False, speed=0.0077233289999867364
[01:57:11]   [rep17] STABILIZED: delivered=0.00910 ratio=0.213 t=14.0s
[01:57:11] --- repeat 18/100 ---
[01:58:21]   [rep18] ready check done: landed=False, speed=0.007723328999986733
[01:58:36]   [rep18] STABILIZED: delivered=0.00911 ratio=0.213 t=14.0s
[01:58:36] --- repeat 19/100 ---
[01:59:46]   [rep19] ready check done: landed=False, speed=0.007706228999992957
[02:00:00]   [rep19] STABILIZED: delivered=0.00909 ratio=0.212 t=14.0s
[02:00:00] --- repeat 20/100 ---
[02:01:11]   [rep20] ready check done: landed=False, speed=0.007700528999965431
[02:01:25]   [rep20] STABILIZED: delivered=0.00909 ratio=0.212 t=14.0s
[02:01:25]   --- periodic full daemon restart before rep 21 ---
[02:01:27]   (re)starting gz sim daemon...
[02:01:35] --- repeat 21/100 ---
[02:02:45]   [rep21] ready check done: landed=False, speed=0.007717628999959203
[02:03:00]   [rep21] STABILIZED: delivered=0.00910 ratio=0.213 t=14.0s
[02:03:00] --- repeat 22/100 ---
[02:04:10]   [rep22] ready check done: landed=False, speed=0.007717628999959203
[02:04:24]   [rep22] STABILIZED: delivered=0.00910 ratio=0.213 t=14.1s
[02:04:24] --- repeat 23/100 ---
[02:05:35]   [rep23] ready check done: landed=False, speed=0.007711929000020488
[02:05:49]   [rep23] STABILIZED: delivered=0.00910 ratio=0.213 t=14.0s
[02:05:49] --- repeat 24/100 ---
[02:06:59]   [rep24] ready check done: landed=False, speed=0.0077233290000755525
[02:07:14]   [rep24] STABILIZED: delivered=0.00911 ratio=0.213 t=14.0s
[02:07:14] --- repeat 25/100 ---
[02:08:24]   [rep25] ready check done: landed=False, speed=0.00771192900002049
[02:08:38]   [rep25] STABILIZED: delivered=0.00909 ratio=0.212 t=14.0s
[02:08:38]   --- periodic full daemon restart before rep 26 ---
[02:08:40]   (re)starting gz sim daemon...
[02:08:48] --- repeat 26/100 ---
[02:09:59]   [rep26] ready check done: landed=False, speed=0.007717628999959203
[02:10:13]   [rep26] STABILIZED: delivered=0.00910 ratio=0.213 t=14.0s
[02:10:13] --- repeat 27/100 ---
[02:11:23]   [rep27] ready check done: landed=False, speed=0.007717628999959204
[02:11:38]   [rep27] STABILIZED: delivered=0.00910 ratio=0.213 t=14.0s
[02:11:38] --- repeat 28/100 ---
[02:12:48]   [rep28] ready check done: landed=False, speed=0.007717628999959204
[02:13:03]   [rep28] STABILIZED: delivered=0.00910 ratio=0.213 t=14.0s
[02:13:03] --- repeat 29/100 ---
[02:14:13]   [rep29] ready check done: landed=False, speed=0.0077176289999592055
[02:14:27]   [rep29] STABILIZED: delivered=0.00909 ratio=0.212 t=14.1s
[02:14:27] --- repeat 30/100 ---
[02:15:38]   [rep30] ready check done: landed=False, speed=0.007711929000020489
[02:15:52]   [rep30] STABILIZED: delivered=0.00910 ratio=0.212 t=14.0s
[02:15:52]   --- periodic full daemon restart before rep 31 ---
[02:15:54]   (re)starting gz sim daemon...
[02:16:02] --- repeat 31/100 ---
[02:17:12]   [rep31] ready check done: landed=False, speed=0.007717628999959203
[02:17:26]   [rep31] STABILIZED: delivered=0.00909 ratio=0.212 t=14.0s
[02:17:26] --- repeat 32/100 ---
[02:18:37]   [rep32] ready check done: landed=False, speed=0.00771762900004802
[02:18:51]   [rep32] STABILIZED: delivered=0.00910 ratio=0.213 t=14.0s
[02:18:51] --- repeat 33/100 ---
[02:20:01]   [rep33] ready check done: landed=False, speed=0.007723328999986732
[02:20:16]   [rep33] STABILIZED: delivered=0.00911 ratio=0.213 t=14.0s
[02:20:16] --- repeat 34/100 ---
[02:21:26]   [rep34] ready check done: landed=False, speed=0.007723328999986735
[02:21:41]   [rep34] STABILIZED: delivered=0.00910 ratio=0.213 t=14.0s
[02:21:41] --- repeat 35/100 ---
[02:22:51]   [rep35] ready check done: landed=False, speed=0.007717628999959205
[02:23:05]   [rep35] STABILIZED: delivered=0.00910 ratio=0.213 t=14.0s
[02:23:05]   --- periodic full daemon restart before rep 36 ---
[02:23:07]   (re)starting gz sim daemon...
[02:23:15] --- repeat 36/100 ---
[02:24:25]   [rep36] ready check done: landed=False, speed=0.007723328999986734
[02:24:40]   [rep36] STABILIZED: delivered=0.00911 ratio=0.213 t=14.0s
[02:24:40] --- repeat 37/100 ---
[02:25:50]   [rep37] ready check done: landed=False, speed=0.00771192900002049
[02:26:04]   [rep37] STABILIZED: delivered=0.00909 ratio=0.212 t=14.0s
[02:26:04] --- repeat 38/100 ---
[02:27:15]   [rep38] ready check done: landed=False, speed=0.00771192900002049
[02:27:29]   [rep38] STABILIZED: delivered=0.00909 ratio=0.212 t=14.0s
[02:27:29] --- repeat 39/100 ---
[02:28:39]   [rep39] ready check done: landed=False, speed=0.007717628999959201
[02:28:54]   [rep39] STABILIZED: delivered=0.00909 ratio=0.212 t=14.0s
[02:28:54] --- repeat 40/100 ---
[02:30:04]   [rep40] ready check done: landed=False, speed=0.007717628999959204
[02:30:18]   [rep40] STABILIZED: delivered=0.00911 ratio=0.213 t=14.0s
[02:30:18]   --- periodic full daemon restart before rep 41 ---
[02:30:20]   (re)starting gz sim daemon...
[02:30:28] --- repeat 41/100 ---
[02:31:39]   [rep41] ready check done: landed=False, speed=0.007717628999959203
[02:31:51]   [rep41] STABILIZED: delivered=0.00887 ratio=0.207 t=12.0s
[02:31:51] --- repeat 42/100 ---
[02:33:01]   [rep42] ready check done: landed=False, speed=0.007706228999992961
[02:33:14]   [rep42] STABILIZED: delivered=0.00886 ratio=0.207 t=12.0s
[02:33:14] --- repeat 43/100 ---
[02:34:24]   [rep43] ready check done: landed=False, speed=0.0077176289999592055
[02:34:38]   [rep43] STABILIZED: delivered=0.00909 ratio=0.212 t=14.0s
[02:34:38] --- repeat 44/100 ---
[02:35:49]   [rep44] ready check done: landed=False, speed=0.007706228999992959
[02:36:03]   [rep44] STABILIZED: delivered=0.00909 ratio=0.212 t=14.0s
[02:36:03] --- repeat 45/100 ---
[02:37:13]   [rep45] ready check done: landed=False, speed=0.007723328999986735
[02:37:28]   [rep45] STABILIZED: delivered=0.00910 ratio=0.213 t=14.0s
[02:37:28]   --- periodic full daemon restart before rep 46 ---
[02:37:30]   (re)starting gz sim daemon...
[02:37:38] --- repeat 46/100 ---
[02:38:48]   [rep46] ready check done: landed=False, speed=0.007729029000014265
[02:39:02]   [rep46] STABILIZED: delivered=0.00910 ratio=0.213 t=14.0s
[02:39:02] --- repeat 47/100 ---
[02:40:13]   [rep47] ready check done: landed=False, speed=0.007723328999986735
[02:40:27]   [rep47] STABILIZED: delivered=0.00911 ratio=0.213 t=14.0s
[02:40:27] --- repeat 48/100 ---
[02:41:37]   [rep48] ready check done: landed=False, speed=0.007711929000020489
[02:41:52]   [rep48] STABILIZED: delivered=0.00909 ratio=0.212 t=14.0s
[02:41:52] --- repeat 49/100 ---
[02:43:02]   [rep49] ready check done: landed=False, speed=0.0077176289999592
[02:43:16]   [rep49] STABILIZED: delivered=0.00910 ratio=0.213 t=14.0s
[02:43:16] --- repeat 50/100 ---
[02:44:27]   [rep50] ready check done: landed=False, speed=0.007723328999986735
[02:44:41]   [rep50] STABILIZED: delivered=0.00911 ratio=0.213 t=14.0s
[02:44:41]   --- periodic full daemon restart before rep 51 ---
[02:44:43]   (re)starting gz sim daemon...
[02:44:51] --- repeat 51/100 ---
[02:46:01]   [rep51] ready check done: landed=False, speed=0.007717628999959203
[02:46:14]   [rep51] STABILIZED: delivered=0.00887 ratio=0.207 t=12.0s
[02:46:14] --- repeat 52/100 ---
[02:47:24]   [rep52] ready check done: landed=False, speed=0.007717628999959202
[02:47:38]   [rep52] STABILIZED: delivered=0.00910 ratio=0.213 t=14.0s
[02:47:38] --- repeat 53/100 ---
[02:48:49]   [rep53] ready check done: landed=False, speed=0.007717628999959201
[02:49:03]   [rep53] STABILIZED: delivered=0.00910 ratio=0.213 t=14.0s
[02:49:03] --- repeat 54/100 ---
[02:50:13]   [rep54] ready check done: landed=False, speed=0.007717628999959201
[02:50:28]   [rep54] STABILIZED: delivered=0.00910 ratio=0.213 t=14.0s
[02:50:28] --- repeat 55/100 ---
[02:51:38]   [rep55] ready check done: landed=False, speed=0.007717628999959203
[02:51:53]   [rep55] STABILIZED: delivered=0.00911 ratio=0.213 t=14.0s
[02:51:53]   --- periodic full daemon restart before rep 56 ---
[02:51:55]   (re)starting gz sim daemon...
[02:52:03] --- repeat 56/100 ---
[02:53:13]   [rep56] ready check done: landed=False, speed=0.007706228999992959
[02:53:27]   [rep56] STABILIZED: delivered=0.00910 ratio=0.213 t=14.0s
[02:53:27] --- repeat 57/100 ---
[02:54:38]   [rep57] ready check done: landed=False, speed=0.007717628999959201
[02:54:52]   [rep57] STABILIZED: delivered=0.00909 ratio=0.212 t=14.0s
[02:54:52] --- repeat 58/100 ---
[02:56:02]   [rep58] ready check done: landed=False, speed=0.007711929000020489
[02:56:16]   [rep58] STABILIZED: delivered=0.00909 ratio=0.212 t=14.0s
[02:56:17] --- repeat 59/100 ---
[02:57:27]   [rep59] ready check done: landed=False, speed=0.007723328999986734
[02:57:39]   [rep59] STABILIZED: delivered=0.00888 ratio=0.208 t=12.0s
[02:57:39] --- repeat 60/100 ---
[02:58:50]   [rep60] ready check done: landed=False, speed=0.007711929000020489
[02:59:04]   [rep60] STABILIZED: delivered=0.00909 ratio=0.212 t=14.0s
[02:59:04]   --- periodic full daemon restart before rep 61 ---
[02:59:06]   (re)starting gz sim daemon...
[02:59:14] --- repeat 61/100 ---
[03:00:24]   [rep61] ready check done: landed=False, speed=0.007729029000014265
[03:00:39]   [rep61] STABILIZED: delivered=0.00911 ratio=0.213 t=14.0s
[03:00:39] --- repeat 62/100 ---
[03:01:49]   [rep62] ready check done: landed=False, speed=0.007706229000081776
[03:02:03]   [rep62] STABILIZED: delivered=0.00909 ratio=0.212 t=14.0s
[03:02:03] --- repeat 63/100 ---
[03:03:14]   [rep63] ready check done: landed=False, speed=0.007723328999986734
[03:03:28]   [rep63] STABILIZED: delivered=0.00909 ratio=0.212 t=14.0s
[03:03:28] --- repeat 64/100 ---
[03:04:38]   [rep64] ready check done: landed=False, speed=0.007717628999959204
[03:04:52]   [rep64] STABILIZED: delivered=0.00910 ratio=0.213 t=14.0s
[03:04:52] --- repeat 65/100 ---
[03:06:03]   [rep65] ready check done: landed=False, speed=0.007706229000081776
[03:06:17]   [rep65] STABILIZED: delivered=0.00908 ratio=0.212 t=14.0s
[03:06:17]   --- periodic full daemon restart before rep 66 ---
[03:06:19]   (re)starting gz sim daemon...
[03:06:27] --- repeat 66/100 ---
[03:07:37]   [rep66] ready check done: landed=False, speed=0.007717628999959203
[03:07:52]   [rep66] STABILIZED: delivered=0.00910 ratio=0.213 t=14.0s
[03:07:52] --- repeat 67/100 ---
[03:09:02]   [rep67] ready check done: landed=False, speed=0.007717628999959203
[03:09:16]   [rep67] STABILIZED: delivered=0.00909 ratio=0.212 t=14.0s
[03:09:16] --- repeat 68/100 ---
[03:10:27]   [rep68] ready check done: landed=False, speed=0.0077062290000817785
[03:10:39]   [rep68] STABILIZED: delivered=0.00885 ratio=0.207 t=12.0s
[03:10:39] --- repeat 69/100 ---
[03:11:49]   [rep69] ready check done: landed=False, speed=0.007723328999986734
[03:12:04]   [rep69] STABILIZED: delivered=0.00910 ratio=0.213 t=14.0s
[03:12:04] --- repeat 70/100 ---
[03:13:14]   [rep70] ready check done: landed=False, speed=0.007717628999959203
[03:13:28]   [rep70] STABILIZED: delivered=0.00909 ratio=0.212 t=14.0s
[03:13:28]   --- periodic full daemon restart before rep 71 ---
[03:13:30]   (re)starting gz sim daemon...
[03:13:38] --- repeat 71/100 ---
[03:14:48]   [rep71] ready check done: landed=False, speed=0.007717628999959203
[03:15:01]   [rep71] STABILIZED: delivered=0.00887 ratio=0.207 t=12.0s
[03:15:01] --- repeat 72/100 ---
[03:16:11]   [rep72] ready check done: landed=False, speed=0.007723328999986732
[03:16:23]   [rep72] STABILIZED: delivered=0.00887 ratio=0.207 t=12.0s
[03:16:23] --- repeat 73/100 ---
[03:17:34]   [rep73] ready check done: landed=False, speed=0.007711929000020492
[03:17:48]   [rep73] STABILIZED: delivered=0.00909 ratio=0.212 t=14.0s
[03:17:48] --- repeat 74/100 ---
[03:18:58]   [rep74] ready check done: landed=False, speed=0.007711929000020488
[03:19:13]   [rep74] STABILIZED: delivered=0.00910 ratio=0.213 t=14.0s
[03:19:13] --- repeat 75/100 ---
[03:20:23]   [rep75] ready check done: landed=False, speed=0.007706228999992958
[03:20:38]   [rep75] STABILIZED: delivered=0.00909 ratio=0.212 t=14.0s
[03:20:38]   --- periodic full daemon restart before rep 76 ---
[03:20:40]   (re)starting gz sim daemon...
[03:20:48] --- repeat 76/100 ---
[03:21:58]   [rep76] ready check done: landed=False, speed=0.007723328999986734
[03:22:12]   [rep76] STABILIZED: delivered=0.00909 ratio=0.212 t=14.0s
[03:22:12] --- repeat 77/100 ---
[03:23:22]   [rep77] ready check done: landed=False, speed=0.007717628999959204
[03:23:37]   [rep77] STABILIZED: delivered=0.00910 ratio=0.213 t=14.0s
[03:23:37] --- repeat 78/100 ---
[03:24:47]   [rep78] ready check done: landed=False, speed=0.007711929000020491
[03:25:01]   [rep78] STABILIZED: delivered=0.00909 ratio=0.212 t=14.0s
[03:25:01] --- repeat 79/100 ---
[03:26:12]   [rep79] ready check done: landed=False, speed=0.0077062290000817785
[03:26:26]   [rep79] STABILIZED: delivered=0.00909 ratio=0.212 t=14.0s
[03:26:26] --- repeat 80/100 ---
[03:27:36]   [rep80] ready check done: landed=False, speed=0.007711929000020491
[03:27:51]   [rep80] STABILIZED: delivered=0.00910 ratio=0.213 t=14.0s
[03:27:51]   --- periodic full daemon restart before rep 81 ---
[03:27:53]   (re)starting gz sim daemon...
[03:28:01] --- repeat 81/100 ---
[03:29:11]   [rep81] ready check done: landed=False, speed=0.007723328999986734
[03:29:25]   [rep81] STABILIZED: delivered=0.00910 ratio=0.213 t=14.0s
[03:29:25] --- repeat 82/100 ---
[03:30:36]   [rep82] ready check done: landed=False, speed=0.007717628999959204
[03:30:50]   [rep82] STABILIZED: delivered=0.00910 ratio=0.213 t=14.0s
[03:30:50] --- repeat 83/100 ---
[03:32:00]   [rep83] ready check done: landed=False, speed=0.007717628999959201
[03:32:15]   [rep83] STABILIZED: delivered=0.00909 ratio=0.212 t=14.0s
[03:32:15] --- repeat 84/100 ---
[03:33:25]   [rep84] ready check done: landed=False, speed=0.0077176290000480225
[03:33:39]   [rep84] STABILIZED: delivered=0.00909 ratio=0.212 t=14.0s
[03:33:39] --- repeat 85/100 ---
[03:34:50]   [rep85] ready check done: landed=False, speed=0.007717628999959202
[03:35:04]   [rep85] STABILIZED: delivered=0.00911 ratio=0.213 t=14.0s
[03:35:04]   --- periodic full daemon restart before rep 86 ---
[03:35:06]   (re)starting gz sim daemon...
[03:35:14] --- repeat 86/100 ---
[03:36:24]   [rep86] ready check done: landed=False, speed=0.007717628999959203
[03:36:39]   [rep86] STABILIZED: delivered=0.00910 ratio=0.213 t=14.0s
[03:36:39] --- repeat 87/100 ---
[03:37:49]   [rep87] ready check done: landed=False, speed=0.007711929000020492
[03:38:03]   [rep87] STABILIZED: delivered=0.00910 ratio=0.213 t=14.0s
[03:38:03] --- repeat 88/100 ---
[03:39:14]   [rep88] ready check done: landed=False, speed=0.00771192900002049
[03:39:28]   [rep88] STABILIZED: delivered=0.00910 ratio=0.213 t=14.0s
[03:39:28] --- repeat 89/100 ---
[03:40:38]   [rep89] ready check done: landed=False, speed=0.007717628999959201
[03:40:53]   [rep89] STABILIZED: delivered=0.00910 ratio=0.213 t=14.0s
[03:40:53] --- repeat 90/100 ---
[03:42:03]   [rep90] ready check done: landed=False, speed=0.007711929000020487
[03:42:17]   [rep90] STABILIZED: delivered=0.00909 ratio=0.212 t=14.0s
[03:42:17]   --- periodic full daemon restart before rep 91 ---
[03:42:19]   (re)starting gz sim daemon...
[03:42:27] --- repeat 91/100 ---
[03:43:38]   [rep91] ready check done: landed=False, speed=0.007717628999959203
[03:43:52]   [rep91] STABILIZED: delivered=0.00909 ratio=0.212 t=14.0s
[03:43:52] --- repeat 92/100 ---
[03:45:02]   [rep92] ready check done: landed=False, speed=0.007717628999959203
[03:45:17]   [rep92] STABILIZED: delivered=0.00910 ratio=0.213 t=14.0s
[03:45:17] --- repeat 93/100 ---
[03:46:27]   [rep93] ready check done: landed=False, speed=0.007717628999959202
[03:46:41]   [rep93] STABILIZED: delivered=0.00910 ratio=0.213 t=14.0s
[03:46:41] --- repeat 94/100 ---
[03:47:52]   [rep94] ready check done: landed=False, speed=0.007717628999959201
[03:48:06]   [rep94] STABILIZED: delivered=0.00909 ratio=0.212 t=14.0s
[03:48:06] --- repeat 95/100 ---
[03:49:16]   [rep95] ready check done: landed=False, speed=0.007723328999986734
[03:49:31]   [rep95] STABILIZED: delivered=0.00910 ratio=0.213 t=14.0s
[03:49:31]   --- periodic full daemon restart before rep 96 ---
[03:49:33]   (re)starting gz sim daemon...
[03:49:41] --- repeat 96/100 ---
[03:50:51]   [rep96] ready check done: landed=False, speed=0.00771192900002049
[03:51:06]   [rep96] STABILIZED: delivered=0.00910 ratio=0.213 t=14.0s
[03:51:06] --- repeat 97/100 ---
[03:52:16]   [rep97] ready check done: landed=False, speed=0.00771762900004802
[03:52:30]   [rep97] STABILIZED: delivered=0.00911 ratio=0.213 t=14.0s
[03:52:30] --- repeat 98/100 ---
[03:53:41]   [rep98] ready check done: landed=False, speed=0.007706229000081777
[03:53:55]   [rep98] STABILIZED: delivered=0.00907 ratio=0.212 t=14.0s
[03:53:55] --- repeat 99/100 ---
[03:55:05]   [rep99] ready check done: landed=False, speed=0.007717629000048022
[03:55:18]   [rep99] STABILIZED: delivered=0.00886 ratio=0.207 t=12.0s
[03:55:18] --- repeat 100/100 ---
[03:56:28]   [rep100] ready check done: landed=False, speed=0.00771192900002049
[03:56:42]   [rep100] STABILIZED: delivered=0.00909 ratio=0.212 t=14.0s
[03:56:42] === batch complete ===
[03:56:42] n=100 no_separation=0 (0%) stabilized=100 separated_never_stabilized=0
[03:56:42] ratios=[0.213, 0.213, 0.212, 0.212, 0.213, 0.213, 0.212, 0.213, 0.213, 0.213, 0.213, 0.213, 0.213, 0.213, 0.213, 0.213, 0.213, 0.213, 0.212, 0.212, 0.213, 0.213, 0.213, 0.213, 0.212, 0.213, 0.213, 0.213, 0.212, 0.212, 0.212, 0.213, 0.213, 0.213, 0.213, 0.213, 0.212, 0.212, 0.212, 0.213, 0.207, 0.207, 0.212, 0.212, 0.213, 0.213, 0.213, 0.212, 0.213, 0.213, 0.207, 0.213, 0.213, 0.213, 0.213, 0.213, 0.212, 0.212, 0.208, 0.212, 0.213, 0.212, 0.212, 0.213, 0.212, 0.213, 0.212, 0.207, 0.213, 0.212, 0.207, 0.207, 0.212, 0.213, 0.212, 0.212, 0.213, 0.212, 0.212, 0.213, 0.213, 0.213, 0.212, 0.212, 0.213, 0.213, 0.213, 0.213, 0.213, 0.212, 0.212, 0.213, 0.213, 0.212, 0.213, 0.213, 0.213, 0.212, 0.207, 0.212]
[03:56:42] n=100 mean=0.2121 median=0.2125 std=0.0015 min=0.2067 max=0.2129 range=0.0062
[03:56:42] 95% CI (normal approx) on mean: [0.2118, 0.2124]
[03:56:42] --- scanning loco_scout_1_n100_rep*.log for TICK/WALL-TIME MISMATCH markers ---
[03:56:42]   none found
