[INFO] [1786343366.520336965] [landing_scout_1]: [scout_1] Landing Controller: ONLINE
[INFO] [1786343371.569620422] [landing_scout_1]: [scout_1] Landing controller state: IDLE
[INFO] [1786343376.569584196] [landing_scout_1]: [scout_1] Landing controller state: IDLE
[INFO] [1786343381.570129876] [landing_scout_1]: [scout_1] Landing controller state: IDLE
[INFO] [1786343386.570386895] [landing_scout_1]: [scout_1] Landing controller state: IDLE
[INFO] [1786343391.569563466] [landing_scout_1]: [scout_1] Landing controller state: IDLE
[INFO] [1786343396.570237074] [landing_scout_1]: [scout_1] Landing controller state: IDLE
[INFO] [1786343401.569565118] [landing_scout_1]: [scout_1] Landing controller state: IDLE
[INFO] [1786343406.569424228] [landing_scout_1]: [scout_1] Landing controller state: IDLE
[INFO] [1786343411.570159770] [landing_scout_1]: [scout_1] Landing controller state: IDLE
[INFO] [1786343416.569656467] [landing_scout_1]: [scout_1] Landing controller state: IDLE
[INFO] [1786343421.569567179] [landing_scout_1]: [scout_1] Landing controller state: IDLE
[INFO] [1786343426.569509318] [landing_scout_1]: [scout_1] Landing controller state: IDLE
[INFO] [1786343431.569591067] [landing_scout_1]: [scout_1] Landing controller state: IDLE
[INFO] [1786343436.569639711] [landing_scout_1]: [scout_1] Landing controller state: IDLE
[INFO] [1786343441.136341530] [landing_scout_1]: [scout_1] 🚀 Jump detected → FLIGHT mode (contact detection blanked 100 s for launch)
[INFO] [1786343441.185345861] [landing_scout_1]: [scout_1] 📏 CALIBSERIES t=0.0s v=0.00894 m/s (vx=0.00009 vy=-0.00000 vz=-0.00894)
[INFO] [1786343441.569607549] [landing_scout_1]: [scout_1] Landing controller state: FLIGHT
[INFO] [1786343443.185473150] [landing_scout_1]: [scout_1] 📏 CALIBSERIES t=2.0s v=0.00910 m/s (vx=0.00017 vy=-0.00000 vz=-0.00910)
[INFO] [1786343445.234983925] [landing_scout_1]: [scout_1] 📏 CALIBSERIES t=4.1s v=0.00933 m/s (vx=0.00012 vy=-0.00000 vz=-0.00933)
[INFO] [1786343445.235543981] [landing_scout_1]: [scout_1] 📏 CALIBSTABLE t=4.1s v=0.00933 m/s (vx=0.00012 vy=-0.00000 vz=-0.00933) -- 3 consecutive samples steady
[INFO] [1786343446.569767730] [landing_scout_1]: [scout_1] Landing controller state: FLIGHT
