[INFO] [1786343280.090955348] [landing_scout_1]: [scout_1] Landing Controller: ONLINE
[INFO] [1786343285.136830610] [landing_scout_1]: [scout_1] Landing controller state: IDLE
[INFO] [1786343290.136889598] [landing_scout_1]: [scout_1] Landing controller state: IDLE
[INFO] [1786343295.136864892] [landing_scout_1]: [scout_1] Landing controller state: IDLE
[INFO] [1786343300.136806920] [landing_scout_1]: [scout_1] Landing controller state: IDLE
[INFO] [1786343305.137000146] [landing_scout_1]: [scout_1] Landing controller state: IDLE
[INFO] [1786343310.136825986] [landing_scout_1]: [scout_1] Landing controller state: IDLE
[INFO] [1786343315.136876695] [landing_scout_1]: [scout_1] Landing controller state: IDLE
[INFO] [1786343320.136869347] [landing_scout_1]: [scout_1] Landing controller state: IDLE
[INFO] [1786343325.137638545] [landing_scout_1]: [scout_1] Landing controller state: IDLE
[INFO] [1786343330.137424712] [landing_scout_1]: [scout_1] Landing controller state: IDLE
[INFO] [1786343335.137449998] [landing_scout_1]: [scout_1] Landing controller state: IDLE
[INFO] [1786343340.136674891] [landing_scout_1]: [scout_1] Landing controller state: IDLE
[INFO] [1786343345.136891722] [landing_scout_1]: [scout_1] Landing controller state: IDLE
[INFO] [1786343350.137004476] [landing_scout_1]: [scout_1] Landing controller state: IDLE
[INFO] [1786343354.739485890] [landing_scout_1]: [scout_1] 🚀 Jump detected → FLIGHT mode (contact detection blanked 100 s for launch)
[INFO] [1786343354.745828927] [landing_scout_1]: [scout_1] 📏 CALIBSERIES t=0.0s v=0.00887 m/s (vx=0.00012 vy=-0.00000 vz=-0.00887)
[INFO] [1786343355.136983611] [landing_scout_1]: [scout_1] Landing controller state: FLIGHT
[INFO] [1786343356.746147682] [landing_scout_1]: [scout_1] 📏 CALIBSERIES t=2.0s v=0.00909 m/s (vx=0.00019 vy=-0.00000 vz=-0.00909)
[INFO] [1786343358.748882157] [landing_scout_1]: [scout_1] 📏 CALIBSERIES t=4.0s v=0.00932 m/s (vx=0.00012 vy=-0.00001 vz=-0.00931)
[INFO] [1786343358.749445705] [landing_scout_1]: [scout_1] 📏 CALIBSTABLE t=4.0s v=0.00932 m/s (vx=0.00012 vy=-0.00001 vz=-0.00931) -- 3 consecutive samples steady
[INFO] [1786343360.136853013] [landing_scout_1]: [scout_1] Landing controller state: FLIGHT
