[INFO] [1786342762.427978931] [landing_scout_1]: [scout_1] Landing Controller: ONLINE
[INFO] [1786342767.472811495] [landing_scout_1]: [scout_1] Landing controller state: IDLE
[INFO] [1786342772.472798887] [landing_scout_1]: [scout_1] Landing controller state: IDLE
[INFO] [1786342777.473149129] [landing_scout_1]: [scout_1] Landing controller state: IDLE
[INFO] [1786342782.472803777] [landing_scout_1]: [scout_1] Landing controller state: IDLE
[INFO] [1786342787.472808497] [landing_scout_1]: [scout_1] Landing controller state: IDLE
[INFO] [1786342792.473426386] [landing_scout_1]: [scout_1] Landing controller state: IDLE
[INFO] [1786342797.472846948] [landing_scout_1]: [scout_1] Landing controller state: IDLE
[INFO] [1786342802.472849323] [landing_scout_1]: [scout_1] Landing controller state: IDLE
[INFO] [1786342807.473324493] [landing_scout_1]: [scout_1] Landing controller state: IDLE
[INFO] [1786342812.473107505] [landing_scout_1]: [scout_1] Landing controller state: IDLE
[INFO] [1786342817.472992808] [landing_scout_1]: [scout_1] Landing controller state: IDLE
[INFO] [1786342822.473195444] [landing_scout_1]: [scout_1] Landing controller state: IDLE
[INFO] [1786342827.472932496] [landing_scout_1]: [scout_1] Landing controller state: IDLE
[INFO] [1786342832.473135160] [landing_scout_1]: [scout_1] Landing controller state: IDLE
[INFO] [1786342837.119823492] [landing_scout_1]: [scout_1] 🚀 Jump detected → FLIGHT mode (contact detection blanked 100 s for launch)
[INFO] [1786342837.164671027] [landing_scout_1]: [scout_1] 📏 CALIBSERIES t=0.0s v=0.00893 m/s (vx=0.00009 vy=-0.00000 vz=-0.00893)
[INFO] [1786342837.473293525] [landing_scout_1]: [scout_1] Landing controller state: FLIGHT
[INFO] [1786342839.166096276] [landing_scout_1]: [scout_1] 📏 CALIBSERIES t=2.0s v=0.00909 m/s (vx=0.00017 vy=-0.00000 vz=-0.00909)
[INFO] [1786342841.215304592] [landing_scout_1]: [scout_1] 📏 CALIBSERIES t=4.1s v=0.00932 m/s (vx=0.00013 vy=-0.00000 vz=-0.00932)
[INFO] [1786342841.215792712] [landing_scout_1]: [scout_1] 📏 CALIBSTABLE t=4.1s v=0.00932 m/s (vx=0.00013 vy=-0.00000 vz=-0.00932) -- 3 consecutive samples steady
[INFO] [1786342842.472759329] [landing_scout_1]: [scout_1] Landing controller state: FLIGHT
