[INFO] [1786343193.636868061] [landing_scout_1]: [scout_1] Landing Controller: ONLINE
[INFO] [1786343198.686563193] [landing_scout_1]: [scout_1] Landing controller state: IDLE
[INFO] [1786343203.687649070] [landing_scout_1]: [scout_1] Landing controller state: IDLE
[INFO] [1786343208.686359820] [landing_scout_1]: [scout_1] Landing controller state: IDLE
[INFO] [1786343213.686449474] [landing_scout_1]: [scout_1] Landing controller state: IDLE
[INFO] [1786343218.686488314] [landing_scout_1]: [scout_1] Landing controller state: IDLE
[INFO] [1786343223.686566788] [landing_scout_1]: [scout_1] Landing controller state: IDLE
[INFO] [1786343228.686866482] [landing_scout_1]: [scout_1] Landing controller state: IDLE
[INFO] [1786343233.686295083] [landing_scout_1]: [scout_1] Landing controller state: IDLE
[INFO] [1786343238.686715533] [landing_scout_1]: [scout_1] Landing controller state: IDLE
[INFO] [1786343243.686553125] [landing_scout_1]: [scout_1] Landing controller state: IDLE
[INFO] [1786343248.686461016] [landing_scout_1]: [scout_1] Landing controller state: IDLE
[INFO] [1786343253.687278207] [landing_scout_1]: [scout_1] Landing controller state: IDLE
[INFO] [1786343258.686351086] [landing_scout_1]: [scout_1] Landing controller state: IDLE
[INFO] [1786343263.686434886] [landing_scout_1]: [scout_1] Landing controller state: IDLE
[INFO] [1786343268.323649989] [landing_scout_1]: [scout_1] 🚀 Jump detected → FLIGHT mode (contact detection blanked 100 s for launch)
[INFO] [1786343268.343120641] [landing_scout_1]: [scout_1] 📏 CALIBSERIES t=0.0s v=0.00890 m/s (vx=0.00011 vy=-0.00000 vz=-0.00889)
[INFO] [1786343268.686995673] [landing_scout_1]: [scout_1] Landing controller state: FLIGHT
[INFO] [1786343270.344452708] [landing_scout_1]: [scout_1] 📏 CALIBSERIES t=2.0s v=0.00910 m/s (vx=0.00018 vy=-0.00001 vz=-0.00910)
[INFO] [1786343272.346360391] [landing_scout_1]: [scout_1] 📏 CALIBSERIES t=4.0s v=0.00933 m/s (vx=0.00012 vy=-0.00001 vz=-0.00933)
[INFO] [1786343272.347037920] [landing_scout_1]: [scout_1] 📏 CALIBSTABLE t=4.0s v=0.00933 m/s (vx=0.00012 vy=-0.00001 vz=-0.00933) -- 3 consecutive samples steady
[INFO] [1786343273.686452175] [landing_scout_1]: [scout_1] Landing controller state: FLIGHT
