[INFO] [1786342934.861307601] [landing_scout_1]: [scout_1] Landing Controller: ONLINE
[INFO] [1786342939.925513221] [landing_scout_1]: [scout_1] Landing controller state: IDLE
[INFO] [1786342944.925485817] [landing_scout_1]: [scout_1] Landing controller state: IDLE
[INFO] [1786342949.926057887] [landing_scout_1]: [scout_1] Landing controller state: IDLE
[INFO] [1786342954.925662196] [landing_scout_1]: [scout_1] Landing controller state: IDLE
[INFO] [1786342959.926485823] [landing_scout_1]: [scout_1] Landing controller state: IDLE
[INFO] [1786342964.926136429] [landing_scout_1]: [scout_1] Landing controller state: IDLE
[INFO] [1786342969.926402440] [landing_scout_1]: [scout_1] Landing controller state: IDLE
[INFO] [1786342974.925411414] [landing_scout_1]: [scout_1] Landing controller state: IDLE
[INFO] [1786342979.925575180] [landing_scout_1]: [scout_1] Landing controller state: IDLE
[INFO] [1786342984.925635829] [landing_scout_1]: [scout_1] Landing controller state: IDLE
[INFO] [1786342989.925747154] [landing_scout_1]: [scout_1] Landing controller state: IDLE
[INFO] [1786342994.925544445] [landing_scout_1]: [scout_1] Landing controller state: IDLE
[INFO] [1786342999.925487957] [landing_scout_1]: [scout_1] Landing controller state: IDLE
[INFO] [1786343004.925585934] [landing_scout_1]: [scout_1] Landing controller state: IDLE
[INFO] [1786343009.473678732] [landing_scout_1]: [scout_1] 🚀 Jump detected → FLIGHT mode (contact detection blanked 100 s for launch)
[INFO] [1786343009.486033011] [landing_scout_1]: [scout_1] 📏 CALIBSERIES t=0.0s v=0.00887 m/s (vx=0.00012 vy=-0.00000 vz=-0.00886)
[INFO] [1786343009.925556567] [landing_scout_1]: [scout_1] Landing controller state: FLIGHT
[INFO] [1786343011.486884601] [landing_scout_1]: [scout_1] 📏 CALIBSERIES t=2.0s v=0.00908 m/s (vx=0.00017 vy=-0.00000 vz=-0.00908)
[INFO] [1786343013.536717960] [landing_scout_1]: [scout_1] 📏 CALIBSERIES t=4.1s v=0.00931 m/s (vx=0.00013 vy=-0.00001 vz=-0.00931)
[INFO] [1786343013.537356727] [landing_scout_1]: [scout_1] 📏 CALIBSTABLE t=4.1s v=0.00931 m/s (vx=0.00013 vy=-0.00001 vz=-0.00931) -- 3 consecutive samples steady
[INFO] [1786343014.925505459] [landing_scout_1]: [scout_1] Landing controller state: FLIGHT
