[INFO] [1786342848.668854109] [landing_scout_1]: [scout_1] Landing Controller: ONLINE
[INFO] [1786342853.715920855] [landing_scout_1]: [scout_1] Landing controller state: IDLE
[INFO] [1786342858.715605662] [landing_scout_1]: [scout_1] Landing controller state: IDLE
[INFO] [1786342863.715566545] [landing_scout_1]: [scout_1] Landing controller state: IDLE
[INFO] [1786342868.715834096] [landing_scout_1]: [scout_1] Landing controller state: IDLE
[INFO] [1786342873.715614222] [landing_scout_1]: [scout_1] Landing controller state: IDLE
[INFO] [1786342878.716161414] [landing_scout_1]: [scout_1] Landing controller state: IDLE
[INFO] [1786342883.715483732] [landing_scout_1]: [scout_1] Landing controller state: IDLE
[INFO] [1786342888.715578079] [landing_scout_1]: [scout_1] Landing controller state: IDLE
[INFO] [1786342893.715715593] [landing_scout_1]: [scout_1] Landing controller state: IDLE
[INFO] [1786342898.716082962] [landing_scout_1]: [scout_1] Landing controller state: IDLE
[INFO] [1786342903.715483458] [landing_scout_1]: [scout_1] Landing controller state: IDLE
[INFO] [1786342908.715475940] [landing_scout_1]: [scout_1] Landing controller state: IDLE
[INFO] [1786342913.715723636] [landing_scout_1]: [scout_1] Landing controller state: IDLE
[INFO] [1786342918.715670540] [landing_scout_1]: [scout_1] Landing controller state: IDLE
[INFO] [1786342923.327302142] [landing_scout_1]: [scout_1] 🚀 Jump detected → FLIGHT mode (contact detection blanked 100 s for launch)
[INFO] [1786342923.349343967] [landing_scout_1]: [scout_1] 📏 CALIBSERIES t=0.0s v=0.00890 m/s (vx=0.00011 vy=-0.00001 vz=-0.00890)
[INFO] [1786342923.715611525] [landing_scout_1]: [scout_1] Landing controller state: FLIGHT
[INFO] [1786342925.371864030] [landing_scout_1]: [scout_1] 📏 CALIBSERIES t=2.0s v=0.00910 m/s (vx=0.00016 vy=-0.00000 vz=-0.00910)
[INFO] [1786342927.371326817] [landing_scout_1]: [scout_1] 📏 CALIBSERIES t=4.0s v=0.00933 m/s (vx=0.00012 vy=-0.00001 vz=-0.00933)
[INFO] [1786342927.371946169] [landing_scout_1]: [scout_1] 📏 CALIBSTABLE t=4.0s v=0.00933 m/s (vx=0.00012 vy=-0.00001 vz=-0.00933) -- 3 consecutive samples steady
[INFO] [1786342928.715583190] [landing_scout_1]: [scout_1] Landing controller state: FLIGHT
