[INFO] [1786586379.817639079] [landing_scout_1]: [scout_1] Landing Controller: ONLINE
[INFO] [1786586384.858521018] [landing_scout_1]: [scout_1] Landing controller state: IDLE
[INFO] [1786586389.858436262] [landing_scout_1]: [scout_1] Landing controller state: IDLE
[INFO] [1786586394.858219233] [landing_scout_1]: [scout_1] Landing controller state: IDLE
[INFO] [1786586399.859116058] [landing_scout_1]: [scout_1] Landing controller state: IDLE
[INFO] [1786586404.858009031] [landing_scout_1]: [scout_1] Landing controller state: IDLE
[INFO] [1786586409.858743433] [landing_scout_1]: [scout_1] Landing controller state: IDLE
[INFO] [1786586414.858649240] [landing_scout_1]: [scout_1] Landing controller state: IDLE
[INFO] [1786586419.858698038] [landing_scout_1]: [scout_1] Landing controller state: IDLE
[INFO] [1786586424.858295565] [landing_scout_1]: [scout_1] Landing controller state: IDLE
[INFO] [1786586429.858133974] [landing_scout_1]: [scout_1] Landing controller state: IDLE
[INFO] [1786586434.858856250] [landing_scout_1]: [scout_1] Landing controller state: IDLE
[INFO] [1786586439.858707574] [landing_scout_1]: [scout_1] Landing controller state: IDLE
[INFO] [1786586444.858000231] [landing_scout_1]: [scout_1] Landing controller state: IDLE
[INFO] [1786586449.858322379] [landing_scout_1]: [scout_1] Landing controller state: IDLE
[INFO] [1786586454.858507408] [landing_scout_1]: [scout_1] Landing controller state: IDLE
[INFO] [1786586459.858785054] [landing_scout_1]: [scout_1] Landing controller state: IDLE
[INFO] [1786586464.858908315] [landing_scout_1]: [scout_1] Landing controller state: IDLE
[INFO] [1786586469.857858852] [landing_scout_1]: [scout_1] Landing controller state: IDLE
[INFO] [1786586474.858269667] [landing_scout_1]: [scout_1] Landing controller state: IDLE
[INFO] [1786586479.857952641] [landing_scout_1]: [scout_1] Landing controller state: IDLE
[INFO] [1786586484.858712523] [landing_scout_1]: [scout_1] Landing controller state: IDLE
[INFO] [1786586489.858463862] [landing_scout_1]: [scout_1] Landing controller state: IDLE
[INFO] [1786586494.858060159] [landing_scout_1]: [scout_1] Landing controller state: IDLE
[INFO] [1786586499.858783958] [landing_scout_1]: [scout_1] Landing controller state: IDLE
[INFO] [1786586500.827156210] [landing_scout_1]: [scout_1] 🎯 Resting while IDLE (altitude static) — confirming ground contact
[WARN] [1786586502.827348365] [landing_scout_1]: [scout_1] ⚠️ Settled badly tilted/inverted — initiating RW righting roll
[INFO] [1786586502.837196384] [landing_scout_1]: [scout_1] 🔄 RW righting attempt 1/5: proportional roll, u_z=-1.00
[INFO] [1786586504.827196347] [landing_scout_1]: [scout_1] 📐 RIGHTTRACE attempt=1 u_z=-0.9166 w=58 omega=1.063 omega_roll=0.559 dir=(-1.00,-0.03)
[INFO] [1786586504.858871500] [landing_scout_1]: [scout_1] Landing controller state: RIGHTING
[INFO] [1786586506.826566685] [landing_scout_1]: [scout_1] 📐 RIGHTTRACE attempt=1 u_z=0.1042 w=84 omega=1.278 omega_roll=-1.194 dir=(-0.91,0.42)
[INFO] [1786586508.829965173] [landing_scout_1]: [scout_1] 📐 RIGHTTRACE attempt=1 u_z=0.2654 w=90 omega=2.853 omega_roll=2.423 dir=(-0.57,0.82)
[INFO] [1786586509.859160018] [landing_scout_1]: [scout_1] Landing controller state: RIGHTING
[INFO] [1786586510.830520180] [landing_scout_1]: [scout_1] 📐 RIGHTTRACE attempt=1 u_z=0.7275 w=99 omega=2.375 omega_roll=1.769 dir=(0.32,-0.95)
[INFO] [1786586512.835295959] [landing_scout_1]: [scout_1] 📐 RIGHTTRACE attempt=1 u_z=0.7609 w=109 omega=2.178 omega_roll=1.472 dir=(-0.15,0.99)
[INFO] [1786586514.836406698] [landing_scout_1]: [scout_1] 📐 RIGHTTRACE attempt=1 u_z=0.7866 w=113 omega=1.923 omega_roll=1.517 dir=(0.38,0.92)
[INFO] [1786586514.858623985] [landing_scout_1]: [scout_1] Landing controller state: RIGHTING
[INFO] [1786586516.839137981] [landing_scout_1]: [scout_1] 📐 RIGHTTRACE attempt=1 u_z=0.7073 w=119 omega=2.133 omega_roll=1.734 dir=(0.45,0.89)
[WARN] [1786586518.341809235] [landing_scout_1]: [scout_1] Still inverted (u_z=0.68), retrying with alternate roll axis/sign (attempt 2/5)
[INFO] [1786586518.350692464] [landing_scout_1]: [scout_1] 🔄 RW righting attempt 2/5: proportional roll, u_z=0.68
[INFO] [1786586519.858855348] [landing_scout_1]: [scout_1] Landing controller state: RIGHTING
[INFO] [1786586520.341721186] [landing_scout_1]: [scout_1] 📐 RIGHTTRACE attempt=2 u_z=-0.9915 w=24 omega=0.989 omega_roll=-0.846 dir=(0.76,-0.65)
[INFO] [1786586522.341147374] [landing_scout_1]: [scout_1] 📐 RIGHTTRACE attempt=2 u_z=0.8325 w=36 omega=0.812 omega_roll=0.620 dir=(-0.98,-0.19)
[INFO] [1786586524.343779168] [landing_scout_1]: [scout_1] 📐 RIGHTTRACE attempt=2 u_z=0.6528 w=70 omega=0.452 omega_roll=-0.424 dir=(-0.99,0.15)
[INFO] [1786586524.857981536] [landing_scout_1]: [scout_1] Landing controller state: RIGHTING
[INFO] [1786586528.345778075] [landing_scout_1]: [scout_1] 📐 RIGHTTRACE attempt=2 u_z=0.7930 w=88 omega=1.056 omega_roll=-0.837 dir=(-0.99,-0.11)
[INFO] [1786586529.859336573] [landing_scout_1]: [scout_1] Landing controller state: RIGHTING
[INFO] [1786586530.348408982] [landing_scout_1]: [scout_1] 📐 RIGHTTRACE attempt=2 u_z=0.5335 w=95 omega=1.284 omega_roll=-1.198 dir=(-0.94,0.35)
[INFO] [1786586532.348716078] [landing_scout_1]: [scout_1] 📐 RIGHTTRACE attempt=2 u_z=0.2215 w=100 omega=3.124 omega_roll=1.284 dir=(-0.98,0.20)
[WARN] [1786586533.847671367] [landing_scout_1]: [scout_1] Still inverted (u_z=0.64), retrying with alternate roll axis/sign (attempt 3/5)
[INFO] [1786586533.857581147] [landing_scout_1]: [scout_1] 🔄 RW righting attempt 3/5: proportional roll, u_z=0.64
[INFO] [1786586534.858708803] [landing_scout_1]: [scout_1] Landing controller state: RIGHTING
[INFO] [1786586535.850452444] [landing_scout_1]: [scout_1] 📐 RIGHTTRACE attempt=3 u_z=-0.9995 w=24 omega=0.935 omega_roll=0.260 dir=(0.02,-1.00)
[INFO] [1786586537.851050994] [landing_scout_1]: [scout_1] 📐 RIGHTTRACE attempt=3 u_z=0.7474 w=43 omega=1.812 omega_roll=1.506 dir=(-0.91,-0.41)
[INFO] [1786586539.850784449] [landing_scout_1]: [scout_1] 📐 RIGHTTRACE attempt=3 u_z=0.8278 w=71 omega=0.463 omega_roll=-0.436 dir=(-0.99,0.16)
[INFO] [1786586539.858214272] [landing_scout_1]: [scout_1] Landing controller state: RIGHTING
[INFO] [1786586541.851107971] [landing_scout_1]: [scout_1] 📐 RIGHTTRACE attempt=3 u_z=0.0873 w=71 omega=3.161 omega_roll=2.357 dir=(-0.93,-0.37)
[INFO] [1786586544.858164797] [landing_scout_1]: [scout_1] Landing controller state: RIGHTING
[INFO] [1786586545.870877256] [landing_scout_1]: [scout_1] 📐 RIGHTTRACE attempt=3 u_z=0.8185 w=99 omega=1.369 omega_roll=-1.021 dir=(-0.99,-0.17)
[INFO] [1786586547.872495136] [landing_scout_1]: [scout_1] 📐 RIGHTTRACE attempt=3 u_z=0.5640 w=107 omega=1.680 omega_roll=-1.345 dir=(-0.86,0.52)
[WARN] [1786586549.373931000] [landing_scout_1]: [scout_1] Still inverted (u_z=0.71), retrying with alternate roll axis/sign (attempt 4/5)
[INFO] [1786586549.383242310] [landing_scout_1]: [scout_1] 🔄 RW righting attempt 4/5: proportional roll, u_z=0.71
[INFO] [1786586549.857985056] [landing_scout_1]: [scout_1] Landing controller state: RIGHTING
[INFO] [1786586551.375445307] [landing_scout_1]: [scout_1] 📐 RIGHTTRACE attempt=4 u_z=-0.9865 w=23 omega=1.007 omega_roll=-0.820 dir=(0.74,-0.67)
[INFO] [1786586553.376327011] [landing_scout_1]: [scout_1] 📐 RIGHTTRACE attempt=4 u_z=0.7905 w=37 omega=0.899 omega_roll=0.664 dir=(-0.98,-0.19)
[INFO] [1786586554.857923729] [landing_scout_1]: [scout_1] Landing controller state: RIGHTING
[INFO] [1786586555.376081626] [landing_scout_1]: [scout_1] 📐 RIGHTTRACE attempt=4 u_z=0.6736 w=73 omega=0.485 omega_roll=-0.462 dir=(-0.99,0.14)
[INFO] [1786586559.397645335] [landing_scout_1]: [scout_1] 📐 RIGHTTRACE attempt=4 u_z=0.7922 w=90 omega=1.126 omega_roll=-0.842 dir=(-0.99,-0.15)
[INFO] [1786586559.858357795] [landing_scout_1]: [scout_1] Landing controller state: RIGHTING
[INFO] [1786586561.397489350] [landing_scout_1]: [scout_1] 📐 RIGHTTRACE attempt=4 u_z=0.5682 w=97 omega=1.332 omega_roll=-1.253 dir=(-0.93,0.36)
[INFO] [1786586563.398803218] [landing_scout_1]: [scout_1] 📐 RIGHTTRACE attempt=4 u_z=0.2852 w=101 omega=3.020 omega_roll=1.292 dir=(-0.95,0.31)
[INFO] [1786586564.858035162] [landing_scout_1]: [scout_1] Landing controller state: RIGHTING
[WARN] [1786586564.898728556] [landing_scout_1]: [scout_1] Still inverted (u_z=0.37), retrying with alternate roll axis/sign (attempt 5/5)
[INFO] [1786586564.909301648] [landing_scout_1]: [scout_1] 🔄 RW righting attempt 5/5: proportional roll, u_z=0.37
[INFO] [1786586566.902454758] [landing_scout_1]: [scout_1] 📐 RIGHTTRACE attempt=5 u_z=-0.9070 w=25 omega=1.098 omega_roll=-0.745 dir=(0.93,0.37)
[INFO] [1786586568.907220719] [landing_scout_1]: [scout_1] 📐 RIGHTTRACE attempt=5 u_z=0.5687 w=39 omega=0.555 omega_roll=0.419 dir=(-0.99,-0.11)
[INFO] [1786586569.858070067] [landing_scout_1]: [scout_1] Landing controller state: RIGHTING
[INFO] [1786586570.907520202] [landing_scout_1]: [scout_1] 📐 RIGHTTRACE attempt=5 u_z=0.8036 w=78 omega=0.606 omega_roll=-0.582 dir=(-0.99,0.10)
[INFO] [1786586572.906741678] [landing_scout_1]: [scout_1] 📐 RIGHTTRACE attempt=5 u_z=0.1392 w=78 omega=3.245 omega_roll=1.676 dir=(-0.95,-0.31)
[INFO] [1786586574.858540706] [landing_scout_1]: [scout_1] Landing controller state: RIGHTING
[INFO] [1786586576.905828533] [landing_scout_1]: [scout_1] 📐 RIGHTTRACE attempt=5 u_z=0.8806 w=102 omega=1.769 omega_roll=-0.279 dir=(-0.89,-0.45)
[INFO] [1786586578.907880187] [landing_scout_1]: [scout_1] 📐 RIGHTTRACE attempt=5 u_z=0.8545 w=108 omega=1.594 omega_roll=-1.370 dir=(-0.97,0.23)
[INFO] [1786586579.859499156] [landing_scout_1]: [scout_1] Landing controller state: RIGHTING
[ERROR] [1786586580.428446865] [landing_scout_1]: [scout_1] ❌ Self-righting failed after 5 attempts — giving up, marking LANDED anyway so downstream logic (e.g. SAMPLER dispatch) does not hang forever. Robot may still be physically inverted.
[INFO] [1786586584.858462002] [landing_scout_1]: [scout_1] Landing controller state: LANDED
[INFO] [1786586589.857970017] [landing_scout_1]: [scout_1] Landing controller state: LANDED
[INFO] [1786586594.858738293] [landing_scout_1]: [scout_1] Landing controller state: LANDED
[INFO] [1786586599.858103501] [landing_scout_1]: [scout_1] Landing controller state: LANDED
[INFO] [1786586604.858308120] [landing_scout_1]: [scout_1] Landing controller state: LANDED
[INFO] [1786586609.858480771] [landing_scout_1]: [scout_1] Landing controller state: LANDED
[INFO] [1786586614.858708734] [landing_scout_1]: [scout_1] Landing controller state: LANDED
[INFO] [1786586619.858310462] [landing_scout_1]: [scout_1] Landing controller state: LANDED
[INFO] [1786586624.859239920] [landing_scout_1]: [scout_1] Landing controller state: LANDED
[INFO] [1786586629.858582831] [landing_scout_1]: [scout_1] Landing controller state: LANDED
[INFO] [1786586634.858436758] [landing_scout_1]: [scout_1] Landing controller state: LANDED
[INFO] [1786586639.858451279] [landing_scout_1]: [scout_1] Landing controller state: LANDED
[INFO] [1786586644.858412655] [landing_scout_1]: [scout_1] Landing controller state: LANDED
[INFO] [1786586649.858520406] [landing_scout_1]: [scout_1] Landing controller state: LANDED
[INFO] [1786586654.859094601] [landing_scout_1]: [scout_1] Landing controller state: LANDED
[INFO] [1786586659.858107896] [landing_scout_1]: [scout_1] Landing controller state: LANDED
[INFO] [1786586664.858186009] [landing_scout_1]: [scout_1] Landing controller state: LANDED
[INFO] [1786586669.857971527] [landing_scout_1]: [scout_1] Landing controller state: LANDED
[INFO] [1786586674.858539732] [landing_scout_1]: [scout_1] Landing controller state: LANDED
