[INFO] [1786586680.373405634] [landing_scout_1]: [scout_1] Landing Controller: ONLINE
[INFO] [1786586685.418006174] [landing_scout_1]: [scout_1] Landing controller state: IDLE
[INFO] [1786586690.418701218] [landing_scout_1]: [scout_1] Landing controller state: IDLE
[INFO] [1786586695.418103149] [landing_scout_1]: [scout_1] Landing controller state: IDLE
[INFO] [1786586700.417885172] [landing_scout_1]: [scout_1] Landing controller state: IDLE
[INFO] [1786586705.418048880] [landing_scout_1]: [scout_1] Landing controller state: IDLE
[INFO] [1786586710.418029226] [landing_scout_1]: [scout_1] Landing controller state: IDLE
[INFO] [1786586715.418560453] [landing_scout_1]: [scout_1] Landing controller state: IDLE
[INFO] [1786586720.418493072] [landing_scout_1]: [scout_1] Landing controller state: IDLE
[INFO] [1786586725.418045120] [landing_scout_1]: [scout_1] Landing controller state: IDLE
[INFO] [1786586730.418158975] [landing_scout_1]: [scout_1] Landing controller state: IDLE
[INFO] [1786586735.418632437] [landing_scout_1]: [scout_1] Landing controller state: IDLE
[INFO] [1786586740.418477948] [landing_scout_1]: [scout_1] Landing controller state: IDLE
[INFO] [1786586745.418615281] [landing_scout_1]: [scout_1] Landing controller state: IDLE
[INFO] [1786586750.418460063] [landing_scout_1]: [scout_1] Landing controller state: IDLE
[INFO] [1786586755.418145181] [landing_scout_1]: [scout_1] Landing controller state: IDLE
[INFO] [1786586760.418551788] [landing_scout_1]: [scout_1] Landing controller state: IDLE
[INFO] [1786586765.418038551] [landing_scout_1]: [scout_1] Landing controller state: IDLE
[INFO] [1786586770.418171896] [landing_scout_1]: [scout_1] Landing controller state: IDLE
[INFO] [1786586775.418005890] [landing_scout_1]: [scout_1] Landing controller state: IDLE
[INFO] [1786586780.417976314] [landing_scout_1]: [scout_1] Landing controller state: IDLE
[INFO] [1786586785.418089508] [landing_scout_1]: [scout_1] Landing controller state: IDLE
[INFO] [1786586790.418903476] [landing_scout_1]: [scout_1] Landing controller state: IDLE
[INFO] [1786586795.418008079] [landing_scout_1]: [scout_1] Landing controller state: IDLE
[INFO] [1786586800.418434721] [landing_scout_1]: [scout_1] Landing controller state: IDLE
[INFO] [1786586801.444474312] [landing_scout_1]: [scout_1] 🎯 Resting while IDLE (altitude static) — confirming ground contact
[WARN] [1786586803.444104676] [landing_scout_1]: [scout_1] ⚠️ Settled badly tilted/inverted — initiating RW righting roll
[INFO] [1786586803.454660289] [landing_scout_1]: [scout_1] 🔄 RW righting attempt 1/5: proportional roll, u_z=-1.00
[INFO] [1786586805.418126166] [landing_scout_1]: [scout_1] Landing controller state: RIGHTING
[INFO] [1786586805.444609662] [landing_scout_1]: [scout_1] 📐 RIGHTTRACE attempt=1 u_z=-0.8657 w=70 omega=0.382 omega_roll=-0.327 dir=(-0.94,-0.35)
[INFO] [1786586807.444631224] [landing_scout_1]: [scout_1] 📐 RIGHTTRACE attempt=1 u_z=0.3195 w=101 omega=1.066 omega_roll=-1.035 dir=(-1.00,-0.06)
[INFO] [1786586809.447257355] [landing_scout_1]: [scout_1] 📐 RIGHTTRACE attempt=1 u_z=-0.1980 w=107 omega=3.955 omega_roll=3.255 dir=(-1.00,-0.01)
[INFO] [1786586810.418603729] [landing_scout_1]: [scout_1] Landing controller state: RIGHTING
[INFO] [1786586811.468622462] [landing_scout_1]: [scout_1] 📐 RIGHTTRACE attempt=1 u_z=0.7977 w=125 omega=1.980 omega_roll=0.461 dir=(-0.59,-0.80)
[INFO] [1786586815.418435803] [landing_scout_1]: [scout_1] Landing controller state: RIGHTING
[INFO] [1786586815.471065015] [landing_scout_1]: [scout_1] 📐 RIGHTTRACE attempt=1 u_z=0.0432 w=151 omega=3.711 omega_roll=1.156 dir=(-0.40,0.91)
[INFO] [1786586817.471275254] [landing_scout_1]: [scout_1] 📐 RIGHTTRACE attempt=1 u_z=0.2514 w=160 omega=4.050 omega_roll=1.687 dir=(-0.45,0.89)
[WARN] [1786586818.972245460] [landing_scout_1]: [scout_1] Still inverted (u_z=-0.20), retrying with alternate roll axis/sign (attempt 2/5)
[INFO] [1786586818.981556387] [landing_scout_1]: [scout_1] 🔄 RW righting attempt 2/5: proportional roll, u_z=-0.20
[INFO] [1786586820.418054892] [landing_scout_1]: [scout_1] Landing controller state: RIGHTING
[INFO] [1786586822.972944963] [landing_scout_1]: [scout_1] 📐 RIGHTTRACE attempt=2 u_z=-0.9799 w=39 omega=1.500 omega_roll=0.735 dir=(-0.28,-0.96)
[INFO] [1786586824.972522105] [landing_scout_1]: [scout_1] 📐 RIGHTTRACE attempt=2 u_z=0.1249 w=72 omega=1.447 omega_roll=0.334 dir=(-1.00,0.04)
[INFO] [1786586825.418181663] [landing_scout_1]: [scout_1] Landing controller state: RIGHTING
[INFO] [1786586826.972959752] [landing_scout_1]: [scout_1] 📐 RIGHTTRACE attempt=2 u_z=0.8632 w=103 omega=0.749 omega_roll=-0.673 dir=(-1.00,0.08)
[INFO] [1786586828.973207430] [landing_scout_1]: [scout_1] 📐 RIGHTTRACE attempt=2 u_z=-0.0150 w=111 omega=1.813 omega_roll=-1.316 dir=(-0.97,-0.23)
[INFO] [1786586830.418515926] [landing_scout_1]: [scout_1] Landing controller state: RIGHTING
[INFO] [1786586830.973458528] [landing_scout_1]: [scout_1] 📐 RIGHTTRACE attempt=2 u_z=0.5357 w=127 omega=2.856 omega_roll=1.208 dir=(-0.61,-0.80)
[INFO] [1786586832.993407808] [landing_scout_1]: [scout_1] 📐 RIGHTTRACE attempt=2 u_z=0.5024 w=139 omega=3.065 omega_roll=1.086 dir=(-0.67,-0.74)
[WARN] [1786586834.496627052] [landing_scout_1]: [scout_1] Still inverted (u_z=-0.09), retrying with alternate roll axis/sign (attempt 3/5)
[INFO] [1786586834.505921367] [landing_scout_1]: [scout_1] 🔄 RW righting attempt 3/5: proportional roll, u_z=-0.09
[INFO] [1786586835.418493071] [landing_scout_1]: [scout_1] Landing controller state: RIGHTING
[INFO] [1786586838.497077958] [landing_scout_1]: [scout_1] 📐 RIGHTTRACE attempt=3 u_z=-0.9858 w=42 omega=1.198 omega_roll=0.035 dir=(-0.03,1.00)
[INFO] [1786586840.418585415] [landing_scout_1]: [scout_1] Landing controller state: RIGHTING
[INFO] [1786586840.496918509] [landing_scout_1]: [scout_1] 📐 RIGHTTRACE attempt=3 u_z=0.3662 w=68 omega=0.497 omega_roll=0.313 dir=(-0.96,0.29)
[INFO] [1786586842.497444327] [landing_scout_1]: [scout_1] 📐 RIGHTTRACE attempt=3 u_z=0.8764 w=104 omega=0.657 omega_roll=-0.582 dir=(-0.99,-0.13)
[INFO] [1786586844.496923153] [landing_scout_1]: [scout_1] 📐 RIGHTTRACE attempt=3 u_z=-0.8237 w=109 omega=3.966 omega_roll=-0.256 dir=(-0.84,0.55)
[INFO] [1786586845.418344353] [landing_scout_1]: [scout_1] Landing controller state: RIGHTING
[INFO] [1786586846.498029256] [landing_scout_1]: [scout_1] 📐 RIGHTTRACE attempt=3 u_z=0.0486 w=134 omega=4.178 omega_roll=2.217 dir=(0.79,0.61)
[INFO] [1786586848.496423435] [landing_scout_1]: [scout_1] 📐 RIGHTTRACE attempt=3 u_z=0.7566 w=151 omega=2.939 omega_roll=0.001 dir=(-0.50,0.87)
[WARN] [1786586849.997077800] [landing_scout_1]: [scout_1] Still inverted (u_z=-0.24), retrying with alternate roll axis/sign (attempt 4/5)
[INFO] [1786586850.006221059] [landing_scout_1]: [scout_1] 🔄 RW righting attempt 4/5: proportional roll, u_z=-0.24
[INFO] [1786586850.418911765] [landing_scout_1]: [scout_1] Landing controller state: RIGHTING
[INFO] [1786586853.996303672] [landing_scout_1]: [scout_1] 📐 RIGHTTRACE attempt=4 u_z=-0.9784 w=39 omega=1.383 omega_roll=-0.800 dir=(0.71,-0.70)
[INFO] [1786586855.418011178] [landing_scout_1]: [scout_1] Landing controller state: RIGHTING
[INFO] [1786586855.996699010] [landing_scout_1]: [scout_1] 📐 RIGHTTRACE attempt=4 u_z=0.3559 w=50 omega=1.188 omega_roll=0.821 dir=(-1.00,0.06)
[INFO] [1786586857.997256920] [landing_scout_1]: [scout_1] 📐 RIGHTTRACE attempt=4 u_z=-0.2783 w=99 omega=0.471 omega_roll=-0.470 dir=(-0.95,0.30)
[INFO] [1786586860.417960726] [landing_scout_1]: [scout_1] Landing controller state: RIGHTING
[INFO] [1786586861.998783489] [landing_scout_1]: [scout_1] 📐 RIGHTTRACE attempt=4 u_z=-0.5540 w=131 omega=3.003 omega_roll=2.036 dir=(-0.09,1.00)
[INFO] [1786586864.001557598] [landing_scout_1]: [scout_1] 📐 RIGHTTRACE attempt=4 u_z=0.7633 w=150 omega=1.879 omega_roll=-1.790 dir=(-0.98,0.18)
[INFO] [1786586865.419442599] [landing_scout_1]: [scout_1] Landing controller state: RIGHTING
[WARN] [1786586865.503293100] [landing_scout_1]: [scout_1] Still inverted (u_z=-0.74), retrying with alternate roll axis/sign (attempt 5/5)
[INFO] [1786586865.514655977] [landing_scout_1]: [scout_1] 🔄 RW righting attempt 5/5: proportional roll, u_z=-0.74
[INFO] [1786586867.506214537] [landing_scout_1]: [scout_1] 📐 RIGHTTRACE attempt=5 u_z=0.0535 w=26 omega=1.762 omega_roll=1.298 dir=(-0.94,0.34)
[INFO] [1786586869.506070920] [landing_scout_1]: [scout_1] 📐 RIGHTTRACE attempt=5 u_z=0.5879 w=51 omega=3.371 omega_roll=-2.873 dir=(0.86,-0.51)
[INFO] [1786586870.418047945] [landing_scout_1]: [scout_1] Landing controller state: RIGHTING
[INFO] [1786586871.506311264] [landing_scout_1]: [scout_1] 📐 RIGHTTRACE attempt=5 u_z=-0.2189 w=70 omega=0.541 omega_roll=0.348 dir=(-0.99,0.15)
[INFO] [1786586873.507968373] [landing_scout_1]: [scout_1] 📐 RIGHTTRACE attempt=5 u_z=0.6045 w=115 omega=0.862 omega_roll=-0.845 dir=(-0.99,0.11)
[INFO] [1786586875.418845789] [landing_scout_1]: [scout_1] Landing controller state: RIGHTING
[INFO] [1786586875.509873601] [landing_scout_1]: [scout_1] 📐 RIGHTTRACE attempt=5 u_z=-0.5505 w=119 omega=4.489 omega_roll=-0.554 dir=(-0.42,0.91)
[INFO] [1786586877.508854359] [landing_scout_1]: [scout_1] 📐 RIGHTTRACE attempt=5 u_z=0.3969 w=136 omega=4.555 omega_roll=3.476 dir=(-0.05,1.00)
[INFO] [1786586879.510747381] [landing_scout_1]: [scout_1] 📐 RIGHTTRACE attempt=5 u_z=0.8728 w=155 omega=3.106 omega_roll=1.233 dir=(0.25,0.97)
[INFO] [1786586880.418985357] [landing_scout_1]: [scout_1] Landing controller state: RIGHTING
[ERROR] [1786586881.015929314] [landing_scout_1]: [scout_1] ❌ Self-righting failed after 5 attempts — giving up, marking LANDED anyway so downstream logic (e.g. SAMPLER dispatch) does not hang forever. Robot may still be physically inverted.
[INFO] [1786586885.419000634] [landing_scout_1]: [scout_1] Landing controller state: LANDED
