[INFO] [1785968663.536481039] [attitude_scout_1]: [scout_1] Reaction Wheel Attitude Controller: ONLINE
[INFO] [1785968664.327481098] [attitude_scout_1]: [scout_1] Airborne (landed=False) — tilt correction armed.
[INFO] [1785968676.422200460] [attitude_scout_1]: [scout_1] Contact — commanded-flight latch cleared (full attitude PD locked out until next ignition).
[INFO] [1785968676.813617988] [attitude_scout_1]: [scout_1] Landed — tilt correction stopped, yaw-hold pinned to current heading.
[INFO] [1785968676.817216583] [attitude_scout_1]: [scout_1] Landed — tilt correction stopped, yaw-hold pinned to current heading.
[INFO] [1785968676.820091157] [attitude_scout_1]: [scout_1] Landed — tilt correction stopped, yaw-hold pinned to current heading.
[INFO] [1785968676.822860204] [attitude_scout_1]: [scout_1] Landed — tilt correction stopped, yaw-hold pinned to current heading.
[INFO] [1785968676.825478679] [attitude_scout_1]: [scout_1] Landed — tilt correction stopped, yaw-hold pinned to current heading.
[INFO] [1785968676.828000705] [attitude_scout_1]: [scout_1] Landed — tilt correction stopped, yaw-hold pinned to current heading.
[INFO] [1785968676.831128236] [attitude_scout_1]: [scout_1] Landed — tilt correction stopped, yaw-hold pinned to current heading.
[INFO] [1785968676.833663113] [attitude_scout_1]: [scout_1] Landed — tilt correction stopped, yaw-hold pinned to current heading.
[INFO] [1785968676.836989406] [attitude_scout_1]: [scout_1] Landed — tilt correction stopped, yaw-hold pinned to current heading.
[INFO] [1785968676.839764669] [attitude_scout_1]: [scout_1] Landed — tilt correction stopped, yaw-hold pinned to current heading.
[INFO] [1785968676.842882911] [attitude_scout_1]: [scout_1] Landed — tilt correction stopped, yaw-hold pinned to current heading.
[INFO] [1785968676.845668510] [attitude_scout_1]: [scout_1] Landed — tilt correction stopped, yaw-hold pinned to current heading.
[INFO] [1785968676.848474712] [attitude_scout_1]: [scout_1] Landed — tilt correction stopped, yaw-hold pinned to current heading.
[INFO] [1785968676.851166168] [attitude_scout_1]: [scout_1] Landed — tilt correction stopped, yaw-hold pinned to current heading.
[INFO] [1785968676.853808807] [attitude_scout_1]: [scout_1] Landed — tilt correction stopped, yaw-hold pinned to current heading.
[INFO] [1785968676.856410310] [attitude_scout_1]: [scout_1] Landed — tilt correction stopped, yaw-hold pinned to current heading.
[INFO] [1785968676.859349555] [attitude_scout_1]: [scout_1] Landed — tilt correction stopped, yaw-hold pinned to current heading.
[INFO] [1785968676.862274902] [attitude_scout_1]: [scout_1] Landed — tilt correction stopped, yaw-hold pinned to current heading.
[INFO] [1785968676.864868583] [attitude_scout_1]: [scout_1] Landed — tilt correction stopped, yaw-hold pinned to current heading.
[INFO] [1785968676.867698810] [attitude_scout_1]: [scout_1] Landed — tilt correction stopped, yaw-hold pinned to current heading.
[INFO] [1785968676.870531271] [attitude_scout_1]: [scout_1] Landed — tilt correction stopped, yaw-hold pinned to current heading.
[INFO] [1785968676.873219933] [attitude_scout_1]: [scout_1] Landed — tilt correction stopped, yaw-hold pinned to current heading.
[INFO] [1785968676.876130684] [attitude_scout_1]: [scout_1] Landed — tilt correction stopped, yaw-hold pinned to current heading.
[INFO] [1785968676.878709071] [attitude_scout_1]: [scout_1] Landed — tilt correction stopped, yaw-hold pinned to current heading.
[INFO] [1785968676.880873941] [attitude_scout_1]: [scout_1] Landed — tilt correction stopped, yaw-hold pinned to current heading.
[INFO] [1785968676.883265368] [attitude_scout_1]: [scout_1] Landed — tilt correction stopped, yaw-hold pinned to current heading.
[INFO] [1785968676.886135123] [attitude_scout_1]: [scout_1] Landed — tilt correction stopped, yaw-hold pinned to current heading.
[INFO] [1785968676.889013259] [attitude_scout_1]: [scout_1] Landed — tilt correction stopped, yaw-hold pinned to current heading.
[INFO] [1785968676.891481649] [attitude_scout_1]: [scout_1] Landed — tilt correction stopped, yaw-hold pinned to current heading.
[INFO] [1785968676.893950109] [attitude_scout_1]: [scout_1] Landed — tilt correction stopped, yaw-hold pinned to current heading.
[INFO] [1785968676.896455026] [attitude_scout_1]: [scout_1] Landed — tilt correction stopped, yaw-hold pinned to current heading.
[INFO] [1785968676.899097734] [attitude_scout_1]: [scout_1] Landed — tilt correction stopped, yaw-hold pinned to current heading.
[INFO] [1785968676.901710132] [attitude_scout_1]: [scout_1] Landed — tilt correction stopped, yaw-hold pinned to current heading.
[INFO] [1785968676.904081307] [attitude_scout_1]: [scout_1] Landed — tilt correction stopped, yaw-hold pinned to current heading.
[INFO] [1785968676.906411835] [attitude_scout_1]: [scout_1] Landed — tilt correction stopped, yaw-hold pinned to current heading.
[INFO] [1785968676.907415771] [attitude_scout_1]: [scout_1] Landed — tilt correction stopped, yaw-hold pinned to current heading.
[INFO] [1785968676.909926902] [attitude_scout_1]: [scout_1] Landed — tilt correction stopped, yaw-hold pinned to current heading.
[INFO] [1785968676.912597197] [attitude_scout_1]: [scout_1] Landed — tilt correction stopped, yaw-hold pinned to current heading.
[INFO] [1785968676.915041493] [attitude_scout_1]: [scout_1] Landed — tilt correction stopped, yaw-hold pinned to current heading.
[INFO] [1785968676.917687344] [attitude_scout_1]: [scout_1] Landed — tilt correction stopped, yaw-hold pinned to current heading.
[INFO] [1785968676.920422659] [attitude_scout_1]: [scout_1] Landed — tilt correction stopped, yaw-hold pinned to current heading.
[INFO] [1785968676.923296186] [attitude_scout_1]: [scout_1] Landed — tilt correction stopped, yaw-hold pinned to current heading.
[INFO] [1785968676.926253798] [attitude_scout_1]: [scout_1] Landed — tilt correction stopped, yaw-hold pinned to current heading.
[INFO] [1785968676.929404865] [attitude_scout_1]: [scout_1] Landed — tilt correction stopped, yaw-hold pinned to current heading.
[INFO] [1785968676.932176636] [attitude_scout_1]: [scout_1] Landed — tilt correction stopped, yaw-hold pinned to current heading.
[INFO] [1785968676.935106243] [attitude_scout_1]: [scout_1] Landed — tilt correction stopped, yaw-hold pinned to current heading.
[INFO] [1785968676.938178461] [attitude_scout_1]: [scout_1] Landed — tilt correction stopped, yaw-hold pinned to current heading.
[INFO] [1785968676.941389869] [attitude_scout_1]: [scout_1] Landed — tilt correction stopped, yaw-hold pinned to current heading.
[INFO] [1785968676.943792261] [attitude_scout_1]: [scout_1] Landed — tilt correction stopped, yaw-hold pinned to current heading.
[INFO] [1785968676.946101628] [attitude_scout_1]: [scout_1] Landed — tilt correction stopped, yaw-hold pinned to current heading.
[INFO] [1785968676.948447102] [attitude_scout_1]: [scout_1] Landed — tilt correction stopped, yaw-hold pinned to current heading.
[INFO] [1785968676.950772881] [attitude_scout_1]: [scout_1] Landed — tilt correction stopped, yaw-hold pinned to current heading.
[INFO] [1785968676.953354690] [attitude_scout_1]: [scout_1] Landed — tilt correction stopped, yaw-hold pinned to current heading.
[INFO] [1785968676.955926092] [attitude_scout_1]: [scout_1] Landed — tilt correction stopped, yaw-hold pinned to current heading.
[INFO] [1785968676.958082232] [attitude_scout_1]: [scout_1] Landed — tilt correction stopped, yaw-hold pinned to current heading.
[INFO] [1785968676.960642321] [attitude_scout_1]: [scout_1] Landed — tilt correction stopped, yaw-hold pinned to current heading.
[INFO] [1785968676.963237819] [attitude_scout_1]: [scout_1] Landed — tilt correction stopped, yaw-hold pinned to current heading.
[INFO] [1785968676.965861671] [attitude_scout_1]: [scout_1] Landed — tilt correction stopped, yaw-hold pinned to current heading.
[INFO] [1785968676.968266577] [attitude_scout_1]: [scout_1] Landed — tilt correction stopped, yaw-hold pinned to current heading.
[INFO] [1785968676.970392267] [attitude_scout_1]: [scout_1] Landed — tilt correction stopped, yaw-hold pinned to current heading.
[INFO] [1785968676.972780692] [attitude_scout_1]: [scout_1] Landed — tilt correction stopped, yaw-hold pinned to current heading.
[INFO] [1785968676.975404055] [attitude_scout_1]: [scout_1] Landed — tilt correction stopped, yaw-hold pinned to current heading.
[INFO] [1785968676.977724806] [attitude_scout_1]: [scout_1] Landed — tilt correction stopped, yaw-hold pinned to current heading.
[INFO] [1785968676.979838623] [attitude_scout_1]: [scout_1] Landed — tilt correction stopped, yaw-hold pinned to current heading.
[INFO] [1785968676.982012572] [attitude_scout_1]: [scout_1] Landed — tilt correction stopped, yaw-hold pinned to current heading.
[INFO] [1785968676.984647249] [attitude_scout_1]: [scout_1] Landed — tilt correction stopped, yaw-hold pinned to current heading.
[INFO] [1785968676.987590405] [attitude_scout_1]: [scout_1] Landed — tilt correction stopped, yaw-hold pinned to current heading.
[INFO] [1785968676.990485582] [attitude_scout_1]: [scout_1] Landed — tilt correction stopped, yaw-hold pinned to current heading.
[INFO] [1785968676.993338645] [attitude_scout_1]: [scout_1] Landed — tilt correction stopped, yaw-hold pinned to current heading.
[INFO] [1785968676.996150294] [attitude_scout_1]: [scout_1] Landed — tilt correction stopped, yaw-hold pinned to current heading.
[INFO] [1785968676.998826106] [attitude_scout_1]: [scout_1] Landed — tilt correction stopped, yaw-hold pinned to current heading.
[INFO] [1785968677.002217978] [attitude_scout_1]: [scout_1] Landed — tilt correction stopped, yaw-hold pinned to current heading.
[INFO] [1785968677.005629125] [attitude_scout_1]: [scout_1] Landed — tilt correction stopped, yaw-hold pinned to current heading.
[INFO] [1785968677.008265409] [attitude_scout_1]: [scout_1] Landed — tilt correction stopped, yaw-hold pinned to current heading.
[INFO] [1785968677.011485197] [attitude_scout_1]: [scout_1] Landed — tilt correction stopped, yaw-hold pinned to current heading.
[INFO] [1785968677.014624461] [attitude_scout_1]: [scout_1] Landed — tilt correction stopped, yaw-hold pinned to current heading.
[INFO] [1785968677.017771966] [attitude_scout_1]: [scout_1] Landed — tilt correction stopped, yaw-hold pinned to current heading.
[INFO] [1785968677.020683694] [attitude_scout_1]: [scout_1] Landed — tilt correction stopped, yaw-hold pinned to current heading.
[INFO] [1785968677.023190566] [attitude_scout_1]: [scout_1] Landed — tilt correction stopped, yaw-hold pinned to current heading.
[INFO] [1785968677.026022189] [attitude_scout_1]: [scout_1] Landed — tilt correction stopped, yaw-hold pinned to current heading.
[INFO] [1785968677.029231501] [attitude_scout_1]: [scout_1] Landed — tilt correction stopped, yaw-hold pinned to current heading.
[INFO] [1785968677.033518360] [attitude_scout_1]: [scout_1] Landed — tilt correction stopped, yaw-hold pinned to current heading.
[INFO] [1785968677.036303680] [attitude_scout_1]: [scout_1] Landed — tilt correction stopped, yaw-hold pinned to current heading.
[INFO] [1785968677.039050588] [attitude_scout_1]: [scout_1] Landed — tilt correction stopped, yaw-hold pinned to current heading.
[INFO] [1785968677.042661475] [attitude_scout_1]: [scout_1] Landed — tilt correction stopped, yaw-hold pinned to current heading.
[INFO] [1785968677.046346042] [attitude_scout_1]: [scout_1] Landed — tilt correction stopped, yaw-hold pinned to current heading.
[INFO] [1785968677.049834710] [attitude_scout_1]: [scout_1] Landed — tilt correction stopped, yaw-hold pinned to current heading.
[INFO] [1785968677.053025446] [attitude_scout_1]: [scout_1] Landed — tilt correction stopped, yaw-hold pinned to current heading.
[INFO] [1785968677.056654700] [attitude_scout_1]: [scout_1] Landed — tilt correction stopped, yaw-hold pinned to current heading.
[INFO] [1785968677.059653727] [attitude_scout_1]: [scout_1] Landed — tilt correction stopped, yaw-hold pinned to current heading.
[INFO] [1785968677.062955716] [attitude_scout_1]: [scout_1] Landed — tilt correction stopped, yaw-hold pinned to current heading.
[INFO] [1785968677.066330128] [attitude_scout_1]: [scout_1] Landed — tilt correction stopped, yaw-hold pinned to current heading.
[INFO] [1785968677.069238504] [attitude_scout_1]: [scout_1] Landed — tilt correction stopped, yaw-hold pinned to current heading.
[INFO] [1785968677.072388034] [attitude_scout_1]: [scout_1] Landed — tilt correction stopped, yaw-hold pinned to current heading.
[INFO] [1785968677.075434552] [attitude_scout_1]: [scout_1] Landed — tilt correction stopped, yaw-hold pinned to current heading.
[INFO] [1785968677.078003022] [attitude_scout_1]: [scout_1] Landed — tilt correction stopped, yaw-hold pinned to current heading.
[INFO] [1785968677.080496764] [attitude_scout_1]: [scout_1] Landed — tilt correction stopped, yaw-hold pinned to current heading.
[INFO] [1785968677.083231241] [attitude_scout_1]: [scout_1] Landed — tilt correction stopped, yaw-hold pinned to current heading.
[INFO] [1785968677.086356607] [attitude_scout_1]: [scout_1] Landed — tilt correction stopped, yaw-hold pinned to current heading.
[INFO] [1785968677.088830933] [attitude_scout_1]: [scout_1] Landed — tilt correction stopped, yaw-hold pinned to current heading.
[INFO] [1785968677.092499367] [attitude_scout_1]: [scout_1] Landed — tilt correction stopped, yaw-hold pinned to current heading.
[INFO] [1785968677.096008848] [attitude_scout_1]: [scout_1] Landed — tilt correction stopped, yaw-hold pinned to current heading.
[INFO] [1785968677.099668762] [attitude_scout_1]: [scout_1] Landed — tilt correction stopped, yaw-hold pinned to current heading.
[INFO] [1785968677.103358078] [attitude_scout_1]: [scout_1] Landed — tilt correction stopped, yaw-hold pinned to current heading.
[INFO] [1785968677.106773346] [attitude_scout_1]: [scout_1] Landed — tilt correction stopped, yaw-hold pinned to current heading.
[INFO] [1785968677.109705886] [attitude_scout_1]: [scout_1] Landed — tilt correction stopped, yaw-hold pinned to current heading.
[INFO] [1785968677.112834115] [attitude_scout_1]: [scout_1] Landed — tilt correction stopped, yaw-hold pinned to current heading.
[INFO] [1785968677.116085960] [attitude_scout_1]: [scout_1] Landed — tilt correction stopped, yaw-hold pinned to current heading.
[INFO] [1785968677.119232417] [attitude_scout_1]: [scout_1] Landed — tilt correction stopped, yaw-hold pinned to current heading.
[INFO] [1785968677.122091277] [attitude_scout_1]: [scout_1] Landed — tilt correction stopped, yaw-hold pinned to current heading.
[INFO] [1785968677.125335859] [attitude_scout_1]: [scout_1] Landed — tilt correction stopped, yaw-hold pinned to current heading.
[INFO] [1785968677.128389779] [attitude_scout_1]: [scout_1] Landed — tilt correction stopped, yaw-hold pinned to current heading.
[INFO] [1785968677.131546224] [attitude_scout_1]: [scout_1] Landed — tilt correction stopped, yaw-hold pinned to current heading.
[INFO] [1785968677.134558590] [attitude_scout_1]: [scout_1] Landed — tilt correction stopped, yaw-hold pinned to current heading.
[INFO] [1785968677.137998371] [attitude_scout_1]: [scout_1] Landed — tilt correction stopped, yaw-hold pinned to current heading.
[INFO] [1785968677.141708918] [attitude_scout_1]: [scout_1] Landed — tilt correction stopped, yaw-hold pinned to current heading.
[INFO] [1785968677.145084308] [attitude_scout_1]: [scout_1] Landed — tilt correction stopped, yaw-hold pinned to current heading.
[INFO] [1785968677.148761751] [attitude_scout_1]: [scout_1] Landed — tilt correction stopped, yaw-hold pinned to current heading.
[INFO] [1785968677.152513364] [attitude_scout_1]: [scout_1] Landed — tilt correction stopped, yaw-hold pinned to current heading.
[INFO] [1785968677.156431472] [attitude_scout_1]: [scout_1] Landed — tilt correction stopped, yaw-hold pinned to current heading.
[INFO] [1785968677.159727036] [attitude_scout_1]: [scout_1] Landed — tilt correction stopped, yaw-hold pinned to current heading.
[INFO] [1785968677.163128755] [attitude_scout_1]: [scout_1] Landed — tilt correction stopped, yaw-hold pinned to current heading.
[INFO] [1785968677.166799983] [attitude_scout_1]: [scout_1] Landed — tilt correction stopped, yaw-hold pinned to current heading.
[INFO] [1785968677.170257643] [attitude_scout_1]: [scout_1] Jump initiated. Flight mode active (tilt-PD held for stroke).
[INFO] [1785968677.171188178] [attitude_scout_1]: [scout_1] Landed — tilt correction stopped, yaw-hold pinned to current heading.
[INFO] [1785968677.174596113] [attitude_scout_1]: [scout_1] Landed — tilt correction stopped, yaw-hold pinned to current heading.
[INFO] [1785968677.177918075] [attitude_scout_1]: [scout_1] Landed — tilt correction stopped, yaw-hold pinned to current heading.
[INFO] [1785968677.181040159] [attitude_scout_1]: [scout_1] Landed — tilt correction stopped, yaw-hold pinned to current heading.
[INFO] [1785968677.183671065] [attitude_scout_1]: [scout_1] Landed — tilt correction stopped, yaw-hold pinned to current heading.
[INFO] [1785968677.186538515] [attitude_scout_1]: [scout_1] Airborne (landed=False) — tilt correction armed.
[INFO] [1785968677.223901413] [attitude_scout_1]: [scout_1] Separation — tilt correction engaged.
