[INFO] [1785969577.567419471] [landing_scout_1]: [scout_1] Landing Controller: ONLINE
[INFO] [1785969577.660560818] [landing_scout_1]: [scout_1] 🛫 Airborne while IDLE (v=0.023 m/s, free-fall accel) → FLIGHT mode armed
[INFO] [1785969582.623404613] [landing_scout_1]: [scout_1] Landing controller state: FLIGHT
[INFO] [1785969587.623608822] [landing_scout_1]: [scout_1] Landing controller state: FLIGHT
[INFO] [1785969590.299941201] [landing_scout_1]: [scout_1] 🎯 Altitude static (±2 cm for 60 s) — grounded without an impact spike, settling in place
[INFO] [1785969590.699200994] [landing_scout_1]: [scout_1] ✅ LANDED — stable contact confirmed
[INFO] [1785969591.720170634] [landing_scout_1]: [scout_1] 🚀 Jump detected → FLIGHT mode (contact detection blanked 40 s for launch)
[INFO] [1785969591.764800365] [landing_scout_1]: [scout_1] 📏 CALIBSERIES t=0.0s v=0.02084 m/s (vx=0.01634 vy=0.00009 vz=-0.01293)
[INFO] [1785969592.623412637] [landing_scout_1]: [scout_1] Landing controller state: FLIGHT
[INFO] [1785969593.776680463] [landing_scout_1]: [scout_1] 📏 CALIBSERIES t=2.1s v=0.00220 m/s (vx=-0.00022 vy=-0.00001 vz=-0.00219)
[INFO] [1785969593.841503581] [landing_scout_1]: [scout_1] 🚀 Jump detected → FLIGHT mode (contact detection blanked 40 s for launch)
[INFO] [1785969593.880937954] [landing_scout_1]: [scout_1] 📏 CALIBSERIES t=0.0s v=0.00189 m/s (vx=0.00073 vy=-0.00001 vz=-0.00174)
[INFO] [1785969595.897617501] [landing_scout_1]: [scout_1] 📏 CALIBSERIES t=2.1s v=0.00251 m/s (vx=0.00073 vy=-0.00002 vz=-0.00241)
[INFO] [1785969597.623534076] [landing_scout_1]: [scout_1] Landing controller state: FLIGHT
[INFO] [1785969597.925854934] [landing_scout_1]: [scout_1] 📏 CALIBSERIES t=4.1s v=0.00266 m/s (vx=-0.00033 vy=-0.00002 vz=-0.00264)
[INFO] [1785969599.953859113] [landing_scout_1]: [scout_1] 📏 CALIBSERIES t=6.1s v=0.00289 m/s (vx=-0.00035 vy=-0.00002 vz=-0.00287)
[INFO] [1785969601.982426768] [landing_scout_1]: [scout_1] 📏 CALIBSERIES t=8.1s v=0.00312 m/s (vx=-0.00038 vy=-0.00002 vz=-0.00310)
[INFO] [1785969602.623311619] [landing_scout_1]: [scout_1] Landing controller state: FLIGHT
[INFO] [1785969603.992615126] [landing_scout_1]: [scout_1] 📏 CALIBSERIES t=10.2s v=0.00334 m/s (vx=-0.00040 vy=-0.00002 vz=-0.00332)
[INFO] [1785969606.020762298] [landing_scout_1]: [scout_1] 📏 CALIBSERIES t=12.2s v=0.00358 m/s (vx=-0.00042 vy=-0.00002 vz=-0.00355)
[INFO] [1785969607.623477114] [landing_scout_1]: [scout_1] Landing controller state: FLIGHT
[INFO] [1785969608.048299083] [landing_scout_1]: [scout_1] 📏 CALIBSERIES t=14.2s v=0.00381 m/s (vx=-0.00045 vy=-0.00003 vz=-0.00378)
[INFO] [1785969610.076077174] [landing_scout_1]: [scout_1] 📏 CALIBSERIES t=16.2s v=0.00404 m/s (vx=-0.00047 vy=-0.00003 vz=-0.00401)
[INFO] [1785969612.105049740] [landing_scout_1]: [scout_1] 📏 CALIBSERIES t=18.3s v=0.00427 m/s (vx=-0.00050 vy=-0.00003 vz=-0.00424)
[INFO] [1785969612.623793595] [landing_scout_1]: [scout_1] Landing controller state: FLIGHT
[INFO] [1785969614.132110949] [landing_scout_1]: [scout_1] 📏 CALIBSERIES t=20.3s v=0.00450 m/s (vx=-0.00052 vy=-0.00003 vz=-0.00447)
[INFO] [1785969616.160784273] [landing_scout_1]: [scout_1] 📏 CALIBSERIES t=22.3s v=0.00473 m/s (vx=-0.00054 vy=-0.00003 vz=-0.00470)
[INFO] [1785969617.623970668] [landing_scout_1]: [scout_1] Landing controller state: FLIGHT
[INFO] [1785969618.188644047] [landing_scout_1]: [scout_1] 📏 CALIBSERIES t=24.3s v=0.00496 m/s (vx=-0.00057 vy=-0.00003 vz=-0.00493)
[INFO] [1785969620.215899510] [landing_scout_1]: [scout_1] 📏 CALIBSERIES t=26.4s v=0.00519 m/s (vx=-0.00059 vy=-0.00004 vz=-0.00516)
[INFO] [1785969622.244772116] [landing_scout_1]: [scout_1] 📏 CALIBSERIES t=28.4s v=0.00543 m/s (vx=-0.00061 vy=-0.00004 vz=-0.00539)
[INFO] [1785969622.624387771] [landing_scout_1]: [scout_1] Landing controller state: FLIGHT
[INFO] [1785969624.288598414] [landing_scout_1]: [scout_1] 📏 CALIBSERIES t=30.4s v=0.00566 m/s (vx=-0.00064 vy=-0.00004 vz=-0.00562)
[INFO] [1785969626.317446806] [landing_scout_1]: [scout_1] 📏 CALIBSERIES t=32.5s v=0.00589 m/s (vx=-0.00066 vy=-0.00004 vz=-0.00585)
[INFO] [1785969627.623538047] [landing_scout_1]: [scout_1] Landing controller state: FLIGHT
[INFO] [1785969628.344602019] [landing_scout_1]: [scout_1] 📏 CALIBSERIES t=34.5s v=0.00612 m/s (vx=-0.00068 vy=-0.00004 vz=-0.00608)
[INFO] [1785969630.372114192] [landing_scout_1]: [scout_1] 📏 CALIBSERIES t=36.5s v=0.00635 m/s (vx=-0.00071 vy=-0.00004 vz=-0.00631)
[INFO] [1785969632.399861804] [landing_scout_1]: [scout_1] 📏 CALIBSERIES t=38.6s v=0.00658 m/s (vx=-0.00073 vy=-0.00004 vz=-0.00654)
[INFO] [1785969632.623707760] [landing_scout_1]: [scout_1] Landing controller state: FLIGHT
[INFO] [1785969634.429473930] [landing_scout_1]: [scout_1] 📏 CALIBSERIES t=40.6s v=0.00681 m/s (vx=-0.00075 vy=-0.00005 vz=-0.00677)
[INFO] [1785969636.476574083] [landing_scout_1]: [scout_1] 📏 CALIBSERIES t=42.6s v=0.00704 m/s (vx=-0.00078 vy=-0.00005 vz=-0.00700)
[INFO] [1785969637.623633024] [landing_scout_1]: [scout_1] Landing controller state: FLIGHT
[INFO] [1785969638.523969736] [landing_scout_1]: [scout_1] 📏 CALIBSERIES t=44.7s v=0.00727 m/s (vx=-0.00080 vy=-0.00005 vz=-0.00723)
[INFO] [1785969640.551811461] [landing_scout_1]: [scout_1] 📏 CALIBSERIES t=46.7s v=0.00751 m/s (vx=-0.00082 vy=-0.00005 vz=-0.00746)
[INFO] [1785969642.596481369] [landing_scout_1]: [scout_1] 📏 CALIBSERIES t=48.8s v=0.00774 m/s (vx=-0.00084 vy=-0.00005 vz=-0.00769)
[INFO] [1785969642.623221232] [landing_scout_1]: [scout_1] Landing controller state: FLIGHT
[INFO] [1785969644.624184272] [landing_scout_1]: [scout_1] 📏 CALIBSERIES t=50.8s v=0.00797 m/s (vx=-0.00087 vy=-0.00005 vz=-0.00792)
[INFO] [1785969646.624702094] [landing_scout_1]: [scout_1] 📏 CALIBSERIES t=52.8s v=0.01036 m/s (vx=-0.00635 vy=-0.00006 vz=-0.00818)
[INFO] [1785969647.623572704] [landing_scout_1]: [scout_1] Landing controller state: FLIGHT
[INFO] [1785969648.647797426] [landing_scout_1]: [scout_1] 📏 CALIBSERIES t=54.8s v=0.00847 m/s (vx=-0.00093 vy=-0.00006 vz=-0.00842)
[INFO] [1785969650.675578647] [landing_scout_1]: [scout_1] 📏 CALIBSERIES t=56.8s v=0.00866 m/s (vx=-0.00026 vy=-0.00006 vz=-0.00865)
[INFO] [1785969652.623465459] [landing_scout_1]: [scout_1] Landing controller state: FLIGHT
[INFO] [1785969652.703819492] [landing_scout_1]: [scout_1] 📏 CALIBSERIES t=58.9s v=0.00889 m/s (vx=-0.00019 vy=-0.00006 vz=-0.00888)
[INFO] [1785969652.704346082] [landing_scout_1]: [scout_1] 📏 CALIBSTABLE t=58.9s v=0.00889 m/s (vx=-0.00019 vy=-0.00006 vz=-0.00888) -- 3 consecutive samples steady
[INFO] [1785969657.623428250] [landing_scout_1]: [scout_1] Landing controller state: FLIGHT
[INFO] [1785969662.623533850] [landing_scout_1]: [scout_1] Landing controller state: FLIGHT
[INFO] [1785969667.623347367] [landing_scout_1]: [scout_1] Landing controller state: FLIGHT
[INFO] [1785969672.623496449] [landing_scout_1]: [scout_1] Landing controller state: FLIGHT
[INFO] [1785969677.623493895] [landing_scout_1]: [scout_1] Landing controller state: FLIGHT
[INFO] [1785969682.623963650] [landing_scout_1]: [scout_1] Landing controller state: FLIGHT
[INFO] [1785969687.623827042] [landing_scout_1]: [scout_1] Landing controller state: FLIGHT
