[INFO] [1785968046.345177764] [landing_scout_1]: [scout_1] Landing Controller: ONLINE
[INFO] [1785968051.390789809] [landing_scout_1]: [scout_1] Landing controller state: IDLE
[INFO] [1785968056.391463945] [landing_scout_1]: [scout_1] Landing controller state: IDLE
[INFO] [1785968061.390940546] [landing_scout_1]: [scout_1] Landing controller state: IDLE
[INFO] [1785968066.390984467] [landing_scout_1]: [scout_1] Landing controller state: IDLE
[INFO] [1785968071.390928885] [landing_scout_1]: [scout_1] Landing controller state: IDLE
[INFO] [1785968076.391017731] [landing_scout_1]: [scout_1] Landing controller state: IDLE
[INFO] [1785968081.391001812] [landing_scout_1]: [scout_1] Landing controller state: IDLE
[INFO] [1785968086.390717485] [landing_scout_1]: [scout_1] Landing controller state: IDLE
[INFO] [1785968091.390836578] [landing_scout_1]: [scout_1] Landing controller state: IDLE
[INFO] [1785968096.390955766] [landing_scout_1]: [scout_1] Landing controller state: IDLE
[INFO] [1785968101.391016793] [landing_scout_1]: [scout_1] Landing controller state: IDLE
[INFO] [1785968106.390811529] [landing_scout_1]: [scout_1] Landing controller state: IDLE
[INFO] [1785968111.390926113] [landing_scout_1]: [scout_1] Landing controller state: IDLE
[INFO] [1785968116.391356971] [landing_scout_1]: [scout_1] Landing controller state: IDLE
[INFO] [1785968121.391004215] [landing_scout_1]: [scout_1] Landing controller state: IDLE
[INFO] [1785968126.391526485] [landing_scout_1]: [scout_1] Landing controller state: IDLE
[INFO] [1785968131.391007904] [landing_scout_1]: [scout_1] Landing controller state: IDLE
[INFO] [1785968136.390829228] [landing_scout_1]: [scout_1] Landing controller state: IDLE
[INFO] [1785968141.390920818] [landing_scout_1]: [scout_1] Landing controller state: IDLE
[INFO] [1785968146.391130487] [landing_scout_1]: [scout_1] Landing controller state: IDLE
[INFO] [1785968151.390813757] [landing_scout_1]: [scout_1] Landing controller state: IDLE
[INFO] [1785968156.390827741] [landing_scout_1]: [scout_1] Landing controller state: IDLE
[INFO] [1785968161.390930299] [landing_scout_1]: [scout_1] Landing controller state: IDLE
[INFO] [1785968166.390799050] [landing_scout_1]: [scout_1] Landing controller state: IDLE
[INFO] [1785968171.390902734] [landing_scout_1]: [scout_1] Landing controller state: IDLE
[INFO] [1785968176.390886916] [landing_scout_1]: [scout_1] Landing controller state: IDLE
[INFO] [1785968181.390998321] [landing_scout_1]: [scout_1] Landing controller state: IDLE
[INFO] [1785968186.391922472] [landing_scout_1]: [scout_1] Landing controller state: IDLE
[INFO] [1785968191.390887413] [landing_scout_1]: [scout_1] Landing controller state: IDLE
[INFO] [1785968196.390829618] [landing_scout_1]: [scout_1] Landing controller state: IDLE
[INFO] [1785968201.390798441] [landing_scout_1]: [scout_1] Landing controller state: IDLE
[INFO] [1785968206.390835496] [landing_scout_1]: [scout_1] Landing controller state: IDLE
[INFO] [1785968211.390951179] [landing_scout_1]: [scout_1] Landing controller state: IDLE
[INFO] [1785968216.390870458] [landing_scout_1]: [scout_1] Landing controller state: IDLE
[INFO] [1785968221.390838316] [landing_scout_1]: [scout_1] Landing controller state: IDLE
[INFO] [1785968226.390838612] [landing_scout_1]: [scout_1] Landing controller state: IDLE
[INFO] [1785968231.390956119] [landing_scout_1]: [scout_1] Landing controller state: IDLE
[INFO] [1785968236.390918250] [landing_scout_1]: [scout_1] Landing controller state: IDLE
[INFO] [1785968241.391133131] [landing_scout_1]: [scout_1] Landing controller state: IDLE
[INFO] [1785968246.391357995] [landing_scout_1]: [scout_1] Landing controller state: IDLE
[INFO] [1785968251.390878738] [landing_scout_1]: [scout_1] Landing controller state: IDLE
[INFO] [1785968256.390687960] [landing_scout_1]: [scout_1] Landing controller state: IDLE
[INFO] [1785968261.390963743] [landing_scout_1]: [scout_1] Landing controller state: IDLE
[INFO] [1785968265.074302337] [landing_scout_1]: [scout_1] 🎯 Resting while IDLE (altitude static) — confirming ground contact
[INFO] [1785968266.079208138] [landing_scout_1]: [scout_1] ✅ LANDED — stable contact confirmed
[INFO] [1785968266.391104909] [landing_scout_1]: [scout_1] Landing controller state: LANDED
[INFO] [1785968267.041952846] [landing_scout_1]: [scout_1] 🚀 Jump detected → FLIGHT mode (contact detection blanked 40 s for launch)
[INFO] [1785968267.078760097] [landing_scout_1]: [scout_1] 📏 CALIBSERIES t=0.0s v=0.01880 m/s (vx=0.01755 vy=-0.00279 vz=-0.00615)
[INFO] [1785968269.080312650] [landing_scout_1]: [scout_1] 📏 CALIBSERIES t=2.0s v=0.00145 m/s (vx=-0.00031 vy=-0.00130 vz=-0.00057)
[INFO] [1785968271.083136189] [landing_scout_1]: [scout_1] 📏 CALIBSERIES t=4.0s v=0.00084 m/s (vx=-0.00014 vy=-0.00075 vz=-0.00035)
[INFO] [1785968271.391288839] [landing_scout_1]: [scout_1] Landing controller state: FLIGHT
[INFO] [1785968273.085838974] [landing_scout_1]: [scout_1] 📏 CALIBSERIES t=6.0s v=0.00048 m/s (vx=-0.00002 vy=-0.00041 vz=-0.00025)
[INFO] [1785968275.101660892] [landing_scout_1]: [scout_1] 📏 CALIBSERIES t=8.1s v=0.00035 m/s (vx=0.00005 vy=-0.00025 vz=-0.00024)
[INFO] [1785968276.391502395] [landing_scout_1]: [scout_1] Landing controller state: FLIGHT
[INFO] [1785968277.114220868] [landing_scout_1]: [scout_1] 📏 CALIBSERIES t=10.1s v=0.00034 m/s (vx=0.00011 vy=-0.00017 vz=-0.00028)
[INFO] [1785968279.128994577] [landing_scout_1]: [scout_1] 📏 CALIBSERIES t=12.1s v=0.00045 m/s (vx=0.00012 vy=-0.00021 vz=-0.00038)
[INFO] [1785968281.140662989] [landing_scout_1]: [scout_1] 📏 CALIBSERIES t=14.1s v=0.00036 m/s (vx=0.00008 vy=-0.00016 vz=-0.00031)
[INFO] [1785968281.391326189] [landing_scout_1]: [scout_1] Landing controller state: FLIGHT
[INFO] [1785968283.147214200] [landing_scout_1]: [scout_1] 📏 CALIBSERIES t=16.1s v=0.00037 m/s (vx=0.00007 vy=-0.00017 vz=-0.00033)
[INFO] [1785968285.154417276] [landing_scout_1]: [scout_1] 📏 CALIBSERIES t=18.1s v=0.00051 m/s (vx=0.00009 vy=-0.00022 vz=-0.00045)
[INFO] [1785968286.391332400] [landing_scout_1]: [scout_1] Landing controller state: FLIGHT
[INFO] [1785968287.167912785] [landing_scout_1]: [scout_1] 📏 CALIBSERIES t=20.1s v=0.00039 m/s (vx=0.00007 vy=-0.00017 vz=-0.00035)
[INFO] [1785968289.743320188] [landing_scout_1]: [scout_1] 📏 CALIBSERIES t=22.7s v=0.00000 m/s (vx=0.00000 vy=0.00000 vz=0.00000)
[INFO] [1785968291.391248299] [landing_scout_1]: [scout_1] Landing controller state: FLIGHT
