13:07:44 scout_1 score=1 state=RELAY standing by
13:07:44 scout_2 score=2 state=SCOUT searching
13:07:44 scout_3 score=2 state=SCOUT searching
13:07:44 SWITCH -> scout_2 (score 2, SCOUT searching)
13:08:06 scout_1 score=1 state=RELAY standing by
13:08:06 scout_2 score=5 state=FLIGHT
13:08:06 scout_3 score=2 state=SCOUT searching
13:08:26 scout_1 score=1 state=RELAY standing by
13:08:26 scout_2 score=5 state=FLIGHT
13:08:26 scout_3 score=2 state=SCOUT searching
13:08:46 scout_1 score=1 state=RELAY standing by
13:08:46 scout_2 score=5 state=FLIGHT
13:08:46 scout_3 score=2 state=SCOUT searching
13:09:06 scout_1 score=1 state=RELAY standing by
13:09:06 scout_2 score=5 state=FLIGHT
13:09:06 scout_3 score=2 state=SCOUT searching
13:09:26 scout_1 score=1 state=RELAY standing by
13:09:26 scout_2 score=5 state=FLIGHT
13:09:26 scout_3 score=2 state=SCOUT searching
13:09:46 scout_1 score=1 state=RELAY standing by
13:09:46 scout_2 score=5 state=FLIGHT
13:09:46 scout_3 score=2 state=SCOUT searching
13:10:06 scout_1 score=1 state=RELAY standing by
13:10:06 scout_2 score=5 state=FLIGHT
13:10:06 scout_3 score=2 state=SCOUT searching
13:10:26 scout_1 score=1 state=RELAY standing by
13:10:26 scout_2 score=5 state=FLIGHT
13:10:26 scout_3 score=4 state=heading to sample
13:10:46 scout_1 score=1 state=RELAY standing by
13:10:46 scout_2 score=5 state=FLIGHT
13:10:46 scout_3 score=5 state=FLIGHT
13:10:46 SWITCH -> scout_3 (score 5, FLIGHT)
13:11:07 scout_1 score=1 state=RELAY standing by
13:11:07 scout_2 score=5 state=FLIGHT
13:11:07 scout_3 score=5 state=FLIGHT
13:11:27 scout_1 score=1 state=RELAY standing by
13:11:27 scout_2 score=5 state=FLIGHT
13:11:27 scout_3 score=5 state=FLIGHT
13:11:47 scout_1 score=1 state=RELAY standing by
13:11:47 scout_2 score=5 state=FLIGHT
13:11:47 scout_3 score=5 state=FLIGHT
