[INFO] [1785881462.697030329] [landing_scout_1]: [scout_1] Landing Controller: ONLINE
[INFO] [1785881467.740976580] [landing_scout_1]: [scout_1] Landing controller state: IDLE
[INFO] [1785881472.741393141] [landing_scout_1]: [scout_1] Landing controller state: IDLE
[INFO] [1785881477.740580320] [landing_scout_1]: [scout_1] Landing controller state: IDLE
[INFO] [1785881482.740682335] [landing_scout_1]: [scout_1] Landing controller state: IDLE
[INFO] [1785881487.741123062] [landing_scout_1]: [scout_1] Landing controller state: IDLE
[INFO] [1785881492.740608539] [landing_scout_1]: [scout_1] Landing controller state: IDLE
[INFO] [1785881497.741480150] [landing_scout_1]: [scout_1] Landing controller state: IDLE
[INFO] [1785881502.740901402] [landing_scout_1]: [scout_1] Landing controller state: IDLE
[INFO] [1785881507.740599419] [landing_scout_1]: [scout_1] Landing controller state: IDLE
[INFO] [1785881512.741686366] [landing_scout_1]: [scout_1] Landing controller state: IDLE
[INFO] [1785881517.741693679] [landing_scout_1]: [scout_1] Landing controller state: IDLE
[INFO] [1785881522.740651949] [landing_scout_1]: [scout_1] Landing controller state: IDLE
[INFO] [1785881527.741173477] [landing_scout_1]: [scout_1] Landing controller state: IDLE
[INFO] [1785881532.740606572] [landing_scout_1]: [scout_1] Landing controller state: IDLE
[INFO] [1785881537.740799815] [landing_scout_1]: [scout_1] Landing controller state: IDLE
[INFO] [1785881542.741034950] [landing_scout_1]: [scout_1] Landing controller state: IDLE
[INFO] [1785881547.740797172] [landing_scout_1]: [scout_1] Landing controller state: IDLE
[INFO] [1785881552.740595632] [landing_scout_1]: [scout_1] Landing controller state: IDLE
[INFO] [1785881557.741095783] [landing_scout_1]: [scout_1] Landing controller state: IDLE
[INFO] [1785881562.741232677] [landing_scout_1]: [scout_1] Landing controller state: IDLE
[INFO] [1785881567.740679244] [landing_scout_1]: [scout_1] Landing controller state: IDLE
[INFO] [1785881572.740534518] [landing_scout_1]: [scout_1] Landing controller state: IDLE
[INFO] [1785881577.740598681] [landing_scout_1]: [scout_1] Landing controller state: IDLE
[INFO] [1785881582.741094602] [landing_scout_1]: [scout_1] Landing controller state: IDLE
[INFO] [1785881587.741091076] [landing_scout_1]: [scout_1] Landing controller state: IDLE
[INFO] [1785881592.741402324] [landing_scout_1]: [scout_1] Landing controller state: IDLE
[INFO] [1785881597.740701416] [landing_scout_1]: [scout_1] Landing controller state: IDLE
[INFO] [1785881602.740588366] [landing_scout_1]: [scout_1] Landing controller state: IDLE
[INFO] [1785881607.740603262] [landing_scout_1]: [scout_1] Landing controller state: IDLE
[INFO] [1785881612.740600068] [landing_scout_1]: [scout_1] Landing controller state: IDLE
[INFO] [1785881617.740668809] [landing_scout_1]: [scout_1] Landing controller state: IDLE
[INFO] [1785881622.741604917] [landing_scout_1]: [scout_1] Landing controller state: IDLE
[INFO] [1785881627.741242522] [landing_scout_1]: [scout_1] Landing controller state: IDLE
[INFO] [1785881632.741009545] [landing_scout_1]: [scout_1] Landing controller state: IDLE
[INFO] [1785881637.740509913] [landing_scout_1]: [scout_1] Landing controller state: IDLE
[INFO] [1785881642.740810113] [landing_scout_1]: [scout_1] Landing controller state: IDLE
[INFO] [1785881647.741529437] [landing_scout_1]: [scout_1] Landing controller state: IDLE
[INFO] [1785881649.521726064] [landing_scout_1]: [scout_1] 🎯 Resting while IDLE (altitude static) — confirming ground contact
[WARN] [1785881651.523904988] [landing_scout_1]: [scout_1] ⚠️ Settled badly tilted/inverted — initiating RW righting roll
[INFO] [1785881651.534128317] [landing_scout_1]: [scout_1] 🔄 RW righting attempt 1/5: proportional roll, u_z=-0.00
[INFO] [1785881652.740644774] [landing_scout_1]: [scout_1] Landing controller state: RIGHTING
[INFO] [1785881653.525060438] [landing_scout_1]: [scout_1] 📐 RIGHTTRACE attempt=1 u_z=0.5045 w=94 dir=(-0.43,0.90)
[INFO] [1785881655.526759457] [landing_scout_1]: [scout_1] 📐 RIGHTTRACE attempt=1 u_z=0.5576 w=91 dir=(-0.26,0.96)
[INFO] [1785881657.528114424] [landing_scout_1]: [scout_1] 📐 RIGHTTRACE attempt=1 u_z=0.5818 w=88 dir=(-0.23,0.97)
[INFO] [1785881657.740640961] [landing_scout_1]: [scout_1] Landing controller state: RIGHTING
[INFO] [1785881659.528528469] [landing_scout_1]: [scout_1] 📐 RIGHTTRACE attempt=1 u_z=0.5859 w=87 dir=(-0.22,0.98)
[INFO] [1785881661.527581424] [landing_scout_1]: [scout_1] 📐 RIGHTTRACE attempt=1 u_z=0.5870 w=87 dir=(-0.22,0.98)
[INFO] [1785881662.740726691] [landing_scout_1]: [scout_1] Landing controller state: RIGHTING
[INFO] [1785881663.526985673] [landing_scout_1]: [scout_1] 📐 RIGHTTRACE attempt=1 u_z=0.5874 w=87 dir=(-0.22,0.98)
[INFO] [1785881665.548317428] [landing_scout_1]: [scout_1] 📐 RIGHTTRACE attempt=1 u_z=0.5874 w=87 dir=(-0.22,0.98)
