[INFO] [1785877994.213904093] [landing_scout_1]: [scout_1] Landing Controller: ONLINE
[INFO] [1785877999.262605989] [landing_scout_1]: [scout_1] Landing controller state: IDLE
[INFO] [1785878004.263409655] [landing_scout_1]: [scout_1] Landing controller state: IDLE
[INFO] [1785878009.263012910] [landing_scout_1]: [scout_1] Landing controller state: IDLE
[INFO] [1785878014.263462676] [landing_scout_1]: [scout_1] Landing controller state: IDLE
[INFO] [1785878019.262521567] [landing_scout_1]: [scout_1] Landing controller state: IDLE
[INFO] [1785878024.262445611] [landing_scout_1]: [scout_1] Landing controller state: IDLE
[INFO] [1785878029.262525981] [landing_scout_1]: [scout_1] Landing controller state: IDLE
[INFO] [1785878034.262787190] [landing_scout_1]: [scout_1] Landing controller state: IDLE
[INFO] [1785878039.262603313] [landing_scout_1]: [scout_1] Landing controller state: IDLE
[INFO] [1785878044.263193368] [landing_scout_1]: [scout_1] Landing controller state: IDLE
[INFO] [1785878049.263193270] [landing_scout_1]: [scout_1] Landing controller state: IDLE
[INFO] [1785878054.263034153] [landing_scout_1]: [scout_1] Landing controller state: IDLE
[INFO] [1785878059.262579961] [landing_scout_1]: [scout_1] Landing controller state: IDLE
[INFO] [1785878064.262779074] [landing_scout_1]: [scout_1] Landing controller state: IDLE
[INFO] [1785878069.262563052] [landing_scout_1]: [scout_1] Landing controller state: IDLE
[INFO] [1785878074.262625210] [landing_scout_1]: [scout_1] Landing controller state: IDLE
[INFO] [1785878079.263091961] [landing_scout_1]: [scout_1] Landing controller state: IDLE
[INFO] [1785878084.262626949] [landing_scout_1]: [scout_1] Landing controller state: IDLE
[INFO] [1785878089.263029507] [landing_scout_1]: [scout_1] Landing controller state: IDLE
[INFO] [1785878094.262922702] [landing_scout_1]: [scout_1] Landing controller state: IDLE
[INFO] [1785878099.263229492] [landing_scout_1]: [scout_1] Landing controller state: IDLE
[INFO] [1785878104.263181614] [landing_scout_1]: [scout_1] Landing controller state: IDLE
[INFO] [1785878109.262925873] [landing_scout_1]: [scout_1] Landing controller state: IDLE
[INFO] [1785878114.262690162] [landing_scout_1]: [scout_1] Landing controller state: IDLE
[INFO] [1785878119.263629594] [landing_scout_1]: [scout_1] Landing controller state: IDLE
[INFO] [1785878124.262606591] [landing_scout_1]: [scout_1] Landing controller state: IDLE
[INFO] [1785878129.262595646] [landing_scout_1]: [scout_1] Landing controller state: IDLE
[INFO] [1785878134.263547239] [landing_scout_1]: [scout_1] Landing controller state: IDLE
[INFO] [1785878139.264040366] [landing_scout_1]: [scout_1] Landing controller state: IDLE
[INFO] [1785878144.263159888] [landing_scout_1]: [scout_1] Landing controller state: IDLE
[INFO] [1785878149.263243688] [landing_scout_1]: [scout_1] Landing controller state: IDLE
[INFO] [1785878154.263020016] [landing_scout_1]: [scout_1] Landing controller state: IDLE
[INFO] [1785878159.263243369] [landing_scout_1]: [scout_1] Landing controller state: IDLE
[INFO] [1785878164.263064611] [landing_scout_1]: [scout_1] Landing controller state: IDLE
[INFO] [1785878169.263000288] [landing_scout_1]: [scout_1] Landing controller state: IDLE
[INFO] [1785878174.263809512] [landing_scout_1]: [scout_1] Landing controller state: IDLE
[INFO] [1785878179.263049490] [landing_scout_1]: [scout_1] Landing controller state: IDLE
[INFO] [1785878180.693953219] [landing_scout_1]: [scout_1] 🎯 Resting while IDLE (altitude static) — confirming ground contact
[WARN] [1785878182.695621976] [landing_scout_1]: [scout_1] ⚠️ Settled badly tilted/inverted — initiating RW righting roll
[INFO] [1785878182.705718179] [landing_scout_1]: [scout_1] 🔄 RW righting attempt 1/5: proportional roll, u_z=0.74
[INFO] [1785878184.263048051] [landing_scout_1]: [scout_1] Landing controller state: RIGHTING
[INFO] [1785878184.695822892] [landing_scout_1]: [scout_1] 📐 RIGHTTRACE attempt=1 u_z=0.7142 w=54 dir=(0.44,0.90)
[INFO] [1785878186.695822691] [landing_scout_1]: [scout_1] 📐 RIGHTTRACE attempt=1 u_z=0.7148 w=54 dir=(0.47,0.88)
[INFO] [1785878188.696395360] [landing_scout_1]: [scout_1] 📐 RIGHTTRACE attempt=1 u_z=0.7164 w=54 dir=(0.48,0.88)
[INFO] [1785878189.263077651] [landing_scout_1]: [scout_1] Landing controller state: RIGHTING
[INFO] [1785878190.701131260] [landing_scout_1]: [scout_1] 📐 RIGHTTRACE attempt=1 u_z=0.7165 w=54 dir=(0.48,0.88)
[INFO] [1785878192.704775699] [landing_scout_1]: [scout_1] 📐 RIGHTTRACE attempt=1 u_z=0.7167 w=54 dir=(0.48,0.88)
[INFO] [1785878194.262890628] [landing_scout_1]: [scout_1] Landing controller state: RIGHTING
[INFO] [1785878194.702724417] [landing_scout_1]: [scout_1] 📐 RIGHTTRACE attempt=1 u_z=0.7167 w=54 dir=(0.48,0.88)
[INFO] [1785878196.706344604] [landing_scout_1]: [scout_1] 📐 RIGHTTRACE attempt=1 u_z=0.7167 w=54 dir=(0.48,0.88)
