[INFO] [1785881947.131973276] [landing_scout_1]: [scout_1] Landing Controller: ONLINE
[INFO] [1785881952.174268034] [landing_scout_1]: [scout_1] Landing controller state: IDLE
[INFO] [1785881957.174733725] [landing_scout_1]: [scout_1] Landing controller state: IDLE
[INFO] [1785881962.174239052] [landing_scout_1]: [scout_1] Landing controller state: IDLE
[INFO] [1785881967.174649075] [landing_scout_1]: [scout_1] Landing controller state: IDLE
[INFO] [1785881972.174758813] [landing_scout_1]: [scout_1] Landing controller state: IDLE
[INFO] [1785881977.174197194] [landing_scout_1]: [scout_1] Landing controller state: IDLE
[INFO] [1785881982.174707614] [landing_scout_1]: [scout_1] Landing controller state: IDLE
[INFO] [1785881987.174173653] [landing_scout_1]: [scout_1] Landing controller state: IDLE
[INFO] [1785881992.174204330] [landing_scout_1]: [scout_1] Landing controller state: IDLE
[INFO] [1785881997.174233506] [landing_scout_1]: [scout_1] Landing controller state: IDLE
[INFO] [1785882002.175553327] [landing_scout_1]: [scout_1] Landing controller state: IDLE
[INFO] [1785882007.174295948] [landing_scout_1]: [scout_1] Landing controller state: IDLE
[INFO] [1785882012.174240515] [landing_scout_1]: [scout_1] Landing controller state: IDLE
[INFO] [1785882017.174243857] [landing_scout_1]: [scout_1] Landing controller state: IDLE
[INFO] [1785882022.174191921] [landing_scout_1]: [scout_1] Landing controller state: IDLE
[INFO] [1785882027.174292278] [landing_scout_1]: [scout_1] Landing controller state: IDLE
[INFO] [1785882029.324183080] [landing_scout_1]: [scout_1] 🎯 Resting while IDLE (altitude static) — confirming ground contact
[INFO] [1785882031.324859887] [landing_scout_1]: [scout_1] ✅ LANDED — stable contact confirmed
[INFO] [1785882032.175270308] [landing_scout_1]: [scout_1] Landing controller state: LANDED
[INFO] [1785882037.175657233] [landing_scout_1]: [scout_1] Landing controller state: LANDED
[INFO] [1785882042.174690870] [landing_scout_1]: [scout_1] Landing controller state: LANDED
[INFO] [1785882047.175314847] [landing_scout_1]: [scout_1] Landing controller state: LANDED
[INFO] [1785882052.174247780] [landing_scout_1]: [scout_1] Landing controller state: LANDED
[INFO] [1785882057.174990917] [landing_scout_1]: [scout_1] Landing controller state: LANDED
[INFO] [1785882062.174620533] [landing_scout_1]: [scout_1] Landing controller state: LANDED
[INFO] [1785882067.174200392] [landing_scout_1]: [scout_1] Landing controller state: LANDED
[INFO] [1785882072.174190963] [landing_scout_1]: [scout_1] Landing controller state: LANDED
[INFO] [1785882077.174773345] [landing_scout_1]: [scout_1] Landing controller state: LANDED
[INFO] [1785882082.174756105] [landing_scout_1]: [scout_1] Landing controller state: LANDED
[INFO] [1785882087.174958279] [landing_scout_1]: [scout_1] Landing controller state: LANDED
[INFO] [1785882092.174270500] [landing_scout_1]: [scout_1] Landing controller state: LANDED
[INFO] [1785882097.175323084] [landing_scout_1]: [scout_1] Landing controller state: LANDED
[INFO] [1785882102.174195036] [landing_scout_1]: [scout_1] Landing controller state: LANDED
[INFO] [1785882107.174776061] [landing_scout_1]: [scout_1] Landing controller state: LANDED
[INFO] [1785882112.174236237] [landing_scout_1]: [scout_1] Landing controller state: LANDED
[INFO] [1785882117.174829431] [landing_scout_1]: [scout_1] Landing controller state: LANDED
[INFO] [1785882122.174228092] [landing_scout_1]: [scout_1] Landing controller state: LANDED
[INFO] [1785882127.174988714] [landing_scout_1]: [scout_1] Landing controller state: LANDED
[INFO] [1785882132.174064094] [landing_scout_1]: [scout_1] Landing controller state: LANDED
[INFO] [1785882137.174582732] [landing_scout_1]: [scout_1] Landing controller state: LANDED
[INFO] [1785882142.174274625] [landing_scout_1]: [scout_1] Landing controller state: LANDED
[INFO] [1785882147.174976198] [landing_scout_1]: [scout_1] Landing controller state: LANDED
[WARN] [1785882150.634974750] [landing_scout_1]: [scout_1] ⚠️ Tilted while LANDED (u_z=0.83 sustained) — initiating RW righting roll
[INFO] [1785882150.644945661] [landing_scout_1]: [scout_1] 🔄 RW righting attempt 1/5: proportional roll, u_z=0.83
