[INFO] [1786608190.116668103] [landing_scout_1]: [scout_1] Landing Controller: ONLINE
[INFO] [1786608195.160067042] [landing_scout_1]: [scout_1] Landing controller state: IDLE
[INFO] [1786608200.160573501] [landing_scout_1]: [scout_1] Landing controller state: IDLE
[INFO] [1786608205.159568799] [landing_scout_1]: [scout_1] Landing controller state: IDLE
[INFO] [1786608210.159435880] [landing_scout_1]: [scout_1] Landing controller state: IDLE
[INFO] [1786608215.159623062] [landing_scout_1]: [scout_1] Landing controller state: IDLE
[INFO] [1786608220.159548561] [landing_scout_1]: [scout_1] Landing controller state: IDLE
[INFO] [1786608225.160107263] [landing_scout_1]: [scout_1] Landing controller state: IDLE
[INFO] [1786608230.160498780] [landing_scout_1]: [scout_1] Landing controller state: IDLE
[INFO] [1786608235.160016588] [landing_scout_1]: [scout_1] Landing controller state: IDLE
[INFO] [1786608240.159650561] [landing_scout_1]: [scout_1] Landing controller state: IDLE
[INFO] [1786608245.160401746] [landing_scout_1]: [scout_1] Landing controller state: IDLE
[INFO] [1786608250.160802132] [landing_scout_1]: [scout_1] Landing controller state: IDLE
[INFO] [1786608255.160347669] [landing_scout_1]: [scout_1] Landing controller state: IDLE
[INFO] [1786608260.159577469] [landing_scout_1]: [scout_1] Landing controller state: IDLE
[INFO] [1786608265.160080371] [landing_scout_1]: [scout_1] Landing controller state: IDLE
[INFO] [1786608270.159714107] [landing_scout_1]: [scout_1] Landing controller state: IDLE
[INFO] [1786608275.160305959] [landing_scout_1]: [scout_1] Landing controller state: IDLE
[INFO] [1786608280.159961807] [landing_scout_1]: [scout_1] Landing controller state: IDLE
[INFO] [1786608285.159739481] [landing_scout_1]: [scout_1] Landing controller state: IDLE
[INFO] [1786608290.159562505] [landing_scout_1]: [scout_1] Landing controller state: IDLE
[INFO] [1786608295.159586278] [landing_scout_1]: [scout_1] Landing controller state: IDLE
[INFO] [1786608300.159529406] [landing_scout_1]: [scout_1] Landing controller state: IDLE
[INFO] [1786608305.160040932] [landing_scout_1]: [scout_1] Landing controller state: IDLE
[INFO] [1786608310.159552483] [landing_scout_1]: [scout_1] Landing controller state: IDLE
[INFO] [1786608315.159817375] [landing_scout_1]: [scout_1] Landing controller state: IDLE
[INFO] [1786608320.160147873] [landing_scout_1]: [scout_1] Landing controller state: IDLE
[INFO] [1786608321.266345223] [landing_scout_1]: [scout_1] 🎯 Resting while IDLE (altitude static) — confirming ground contact
[WARN] [1786608323.267939746] [landing_scout_1]: [scout_1] ⚠️ Settled badly tilted/inverted — initiating RW righting roll
[INFO] [1786608323.277261013] [landing_scout_1]: [scout_1] 🔄 RW righting attempt 1/5: proportional roll, u_z=-0.31
[INFO] [1786608325.159573802] [landing_scout_1]: [scout_1] Landing controller state: RIGHTING
[INFO] [1786608325.267431036] [landing_scout_1]: [scout_1] 📐 RIGHTTRACE attempt=1 u_z=-0.6321 w=62 omega=0.509 omega_roll=-0.467 dir=(0.59,0.81)
[INFO] [1786608327.271601881] [landing_scout_1]: [scout_1] 📐 RIGHTTRACE attempt=1 u_z=0.7936 w=84 omega=1.023 omega_roll=-0.959 dir=(0.88,0.48)
[INFO] [1786608329.274668235] [landing_scout_1]: [scout_1] 📐 RIGHTTRACE attempt=1 u_z=0.5983 w=84 omega=2.331 omega_roll=-0.497 dir=(0.89,-0.45)
[INFO] [1786608330.160113249] [landing_scout_1]: [scout_1] Landing controller state: RIGHTING
[INFO] [1786608331.274178431] [landing_scout_1]: [scout_1] 📐 RIGHTTRACE attempt=1 u_z=0.5107 w=115 omega=1.308 omega_roll=-0.640 dir=(-0.99,-0.12)
[INFO] [1786608333.274912534] [landing_scout_1]: [scout_1] 📐 RIGHTTRACE attempt=1 u_z=0.7879 w=123 omega=1.601 omega_roll=-0.205 dir=(0.68,-0.73)
[INFO] [1786608335.160052010] [landing_scout_1]: [scout_1] Landing controller state: RIGHTING
[INFO] [1786608335.279915519] [landing_scout_1]: [scout_1] 📐 RIGHTTRACE attempt=1 u_z=-0.2237 w=142 omega=2.151 omega_roll=-0.868 dir=(0.56,0.83)
[INFO] [1786608337.277775047] [landing_scout_1]: [scout_1] 📐 RIGHTTRACE attempt=1 u_z=0.2780 w=160 omega=2.704 omega_roll=0.093 dir=(-0.45,-0.89)
[WARN] [1786608338.780520048] [landing_scout_1]: [scout_1] Still inverted (u_z=-0.58), retrying with alternate roll axis/sign (attempt 2/5)
[INFO] [1786608338.790210290] [landing_scout_1]: [scout_1] 🔄 RW righting attempt 2/5: proportional roll, u_z=-0.58
[INFO] [1786608340.160270375] [landing_scout_1]: [scout_1] Landing controller state: RIGHTING
[INFO] [1786608340.779845269] [landing_scout_1]: [scout_1] 📐 RIGHTTRACE attempt=2 u_z=-0.7527 w=32 omega=1.954 omega_roll=1.843 dir=(-0.07,1.00)
[INFO] [1786608342.780719233] [landing_scout_1]: [scout_1] 📐 RIGHTTRACE attempt=2 u_z=-0.7281 w=58 omega=3.218 omega_roll=2.447 dir=(-0.71,0.70)
[INFO] [1786608344.786955876] [landing_scout_1]: [scout_1] 📐 RIGHTTRACE attempt=2 u_z=-0.9436 w=89 omega=3.556 omega_roll=2.011 dir=(-0.78,-0.62)
[INFO] [1786608345.160016914] [landing_scout_1]: [scout_1] Landing controller state: RIGHTING
[INFO] [1786608346.786849243] [landing_scout_1]: [scout_1] 📐 RIGHTTRACE attempt=2 u_z=-0.4538 w=116 omega=1.033 omega_roll=-0.779 dir=(-0.89,0.45)
[INFO] [1786608348.789139304] [landing_scout_1]: [scout_1] 📐 RIGHTTRACE attempt=2 u_z=0.5957 w=137 omega=1.490 omega_roll=-0.389 dir=(-0.66,-0.75)
[INFO] [1786608350.160320541] [landing_scout_1]: [scout_1] Landing controller state: RIGHTING
[INFO] [1786608350.789663331] [landing_scout_1]: [scout_1] 📐 RIGHTTRACE attempt=2 u_z=-0.4469 w=148 omega=1.628 omega_roll=-1.392 dir=(0.99,0.17)
[INFO] [1786608352.791846661] [landing_scout_1]: [scout_1] 📐 RIGHTTRACE attempt=2 u_z=0.7796 w=160 omega=2.862 omega_roll=-2.114 dir=(-1.00,0.07)
[WARN] [1786608354.292219645] [landing_scout_1]: [scout_1] Still inverted (u_z=-0.08), retrying with alternate roll axis/sign (attempt 3/5)
[INFO] [1786608354.302499913] [landing_scout_1]: [scout_1] 🔄 RW righting attempt 3/5: proportional roll, u_z=-0.08
[INFO] [1786608355.160175600] [landing_scout_1]: [scout_1] Landing controller state: RIGHTING
[INFO] [1786608356.292764047] [landing_scout_1]: [scout_1] 📐 RIGHTTRACE attempt=3 u_z=0.5510 w=22 omega=2.453 omega_roll=-0.550 dir=(-0.99,0.17)
[INFO] [1786608360.159742797] [landing_scout_1]: [scout_1] Landing controller state: RIGHTING
[INFO] [1786608360.294400255] [landing_scout_1]: [scout_1] 📐 RIGHTTRACE attempt=3 u_z=0.1557 w=51 omega=3.798 omega_roll=-2.009 dir=(-0.23,0.97)
[INFO] [1786608362.295333100] [landing_scout_1]: [scout_1] 📐 RIGHTTRACE attempt=3 u_z=-0.1141 w=62 omega=3.135 omega_roll=-2.243 dir=(-0.98,0.18)
[INFO] [1786608365.159794937] [landing_scout_1]: [scout_1] Landing controller state: RIGHTING
[INFO] [1786608366.296520044] [landing_scout_1]: [scout_1] 📐 RIGHTTRACE attempt=3 u_z=-0.1774 w=93 omega=2.195 omega_roll=-0.096 dir=(-0.93,0.36)
[INFO] [1786608368.317831676] [landing_scout_1]: [scout_1] 📐 RIGHTTRACE attempt=3 u_z=0.1821 w=126 omega=0.834 omega_roll=-0.775 dir=(-1.00,-0.00)
[WARN] [1786608369.817802960] [landing_scout_1]: [scout_1] Still inverted (u_z=0.64), retrying with alternate roll axis/sign (attempt 4/5)
[INFO] [1786608369.827014714] [landing_scout_1]: [scout_1] 🔄 RW righting attempt 4/5: proportional roll, u_z=0.64
[INFO] [1786608370.159745974] [landing_scout_1]: [scout_1] Landing controller state: RIGHTING
[INFO] [1786608373.822651956] [landing_scout_1]: [scout_1] 📐 RIGHTTRACE attempt=4 u_z=0.6510 w=41 omega=3.152 omega_roll=0.307 dir=(0.97,-0.24)
[INFO] [1786608375.160164145] [landing_scout_1]: [scout_1] Landing controller state: RIGHTING
[INFO] [1786608375.822710682] [landing_scout_1]: [scout_1] 📐 RIGHTTRACE attempt=4 u_z=0.8174 w=43 omega=3.734 omega_roll=-0.987 dir=(-0.34,0.94)
[INFO] [1786608379.823340688] [landing_scout_1]: [scout_1] 📐 RIGHTTRACE attempt=4 u_z=-0.5130 w=84 omega=2.592 omega_roll=2.208 dir=(-0.23,0.97)
[INFO] [1786608380.159612378] [landing_scout_1]: [scout_1] Landing controller state: RIGHTING
[INFO] [1786608381.823249095] [landing_scout_1]: [scout_1] 📐 RIGHTTRACE attempt=4 u_z=-0.7935 w=123 omega=2.570 omega_roll=-0.881 dir=(-0.33,0.94)
[INFO] [1786608383.823333079] [landing_scout_1]: [scout_1] 📐 RIGHTTRACE attempt=4 u_z=-0.4293 w=148 omega=2.990 omega_roll=-2.804 dir=(-0.95,0.32)
[INFO] [1786608385.160030818] [landing_scout_1]: [scout_1] Landing controller state: RIGHTING
[WARN] [1786608385.324888274] [landing_scout_1]: [scout_1] Still inverted (u_z=-0.70), retrying with alternate roll axis/sign (attempt 5/5)
[INFO] [1786608385.334885262] [landing_scout_1]: [scout_1] 🔄 RW righting attempt 5/5: proportional roll, u_z=-0.70
[INFO] [1786608387.326479439] [landing_scout_1]: [scout_1] 📐 RIGHTTRACE attempt=5 u_z=-0.5719 w=33 omega=3.487 omega_roll=0.633 dir=(-1.00,-0.03)
[INFO] [1786608389.329437758] [landing_scout_1]: [scout_1] 📐 RIGHTTRACE attempt=5 u_z=-0.7088 w=67 omega=4.236 omega_roll=-0.599 dir=(-0.44,-0.90)
[INFO] [1786608390.161270771] [landing_scout_1]: [scout_1] Landing controller state: RIGHTING
[INFO] [1786608391.331754989] [landing_scout_1]: [scout_1] 📐 RIGHTTRACE attempt=5 u_z=-0.1133 w=92 omega=3.459 omega_roll=2.341 dir=(-0.93,0.37)
[INFO] [1786608393.330701215] [landing_scout_1]: [scout_1] 📐 RIGHTTRACE attempt=5 u_z=0.3484 w=134 omega=1.236 omega_roll=-0.517 dir=(-0.89,-0.46)
[INFO] [1786608395.159540092] [landing_scout_1]: [scout_1] Landing controller state: RIGHTING
[INFO] [1786608395.331081573] [landing_scout_1]: [scout_1] 📐 RIGHTTRACE attempt=5 u_z=0.4993 w=141 omega=2.696 omega_roll=-0.519 dir=(1.00,-0.10)
[INFO] [1786608397.331884958] [landing_scout_1]: [scout_1] 📐 RIGHTTRACE attempt=5 u_z=-0.7172 w=160 omega=3.577 omega_roll=0.591 dir=(-0.88,0.48)
[INFO] [1786608399.332106762] [landing_scout_1]: [scout_1] 📐 RIGHTTRACE attempt=5 u_z=0.5647 w=160 omega=2.377 omega_roll=0.517 dir=(0.63,-0.78)
[INFO] [1786608400.159811118] [landing_scout_1]: [scout_1] Landing controller state: RIGHTING
[ERROR] [1786608400.831985851] [landing_scout_1]: [scout_1] ❌ Self-righting failed after 5 attempts — giving up, marking LANDED anyway so downstream logic (e.g. SAMPLER dispatch) does not hang forever. Robot may still be physically inverted.
[INFO] [1786608405.159568626] [landing_scout_1]: [scout_1] Landing controller state: LANDED
[INFO] [1786608410.159813036] [landing_scout_1]: [scout_1] Landing controller state: LANDED
[INFO] [1786608415.159546653] [landing_scout_1]: [scout_1] Landing controller state: LANDED
[INFO] [1786608420.161457142] [landing_scout_1]: [scout_1] Landing controller state: LANDED
[INFO] [1786608425.159851882] [landing_scout_1]: [scout_1] Landing controller state: LANDED
[INFO] [1786608430.159751054] [landing_scout_1]: [scout_1] Landing controller state: LANDED
[INFO] [1786608435.159610031] [landing_scout_1]: [scout_1] Landing controller state: LANDED
[INFO] [1786608440.160208600] [landing_scout_1]: [scout_1] Landing controller state: LANDED
[INFO] [1786608445.159360076] [landing_scout_1]: [scout_1] Landing controller state: LANDED
[INFO] [1786608450.159573255] [landing_scout_1]: [scout_1] Landing controller state: LANDED
[INFO] [1786608455.160075756] [landing_scout_1]: [scout_1] Landing controller state: LANDED
[INFO] [1786608460.159726778] [landing_scout_1]: [scout_1] Landing controller state: LANDED
[INFO] [1786608465.160221808] [landing_scout_1]: [scout_1] Landing controller state: LANDED
[INFO] [1786608470.159543456] [landing_scout_1]: [scout_1] Landing controller state: LANDED
[INFO] [1786608475.159692211] [landing_scout_1]: [scout_1] Landing controller state: LANDED
[INFO] [1786608480.159507158] [landing_scout_1]: [scout_1] Landing controller state: LANDED
[INFO] [1786608485.159792459] [landing_scout_1]: [scout_1] Landing controller state: LANDED
[INFO] [1786608490.160263088] [landing_scout_1]: [scout_1] Landing controller state: LANDED
[INFO] [1786608495.159661469] [landing_scout_1]: [scout_1] Landing controller state: LANDED
[INFO] [1786608500.159611362] [landing_scout_1]: [scout_1] Landing controller state: LANDED
[INFO] [1786608505.160020784] [landing_scout_1]: [scout_1] Landing controller state: LANDED
[INFO] [1786608510.160204026] [landing_scout_1]: [scout_1] Landing controller state: LANDED
[INFO] [1786608515.160177711] [landing_scout_1]: [scout_1] Landing controller state: LANDED
[INFO] [1786608520.159665055] [landing_scout_1]: [scout_1] Landing controller state: LANDED
