[INFO] [1786613386.580164326] [landing_scout_1]: [scout_1] Landing Controller: ONLINE
[INFO] [1786613391.622012316] [landing_scout_1]: [scout_1] Landing controller state: IDLE
[INFO] [1786613396.622417374] [landing_scout_1]: [scout_1] Landing controller state: IDLE
[INFO] [1786613401.622615879] [landing_scout_1]: [scout_1] Landing controller state: IDLE
[INFO] [1786613406.621957614] [landing_scout_1]: [scout_1] Landing controller state: IDLE
[INFO] [1786613411.621859879] [landing_scout_1]: [scout_1] Landing controller state: IDLE
[INFO] [1786613416.622543531] [landing_scout_1]: [scout_1] Landing controller state: IDLE
[INFO] [1786613421.622094314] [landing_scout_1]: [scout_1] Landing controller state: IDLE
[INFO] [1786613426.621831897] [landing_scout_1]: [scout_1] Landing controller state: IDLE
[INFO] [1786613431.621856043] [landing_scout_1]: [scout_1] Landing controller state: IDLE
[INFO] [1786613436.622473862] [landing_scout_1]: [scout_1] Landing controller state: IDLE
[INFO] [1786613441.621914816] [landing_scout_1]: [scout_1] Landing controller state: IDLE
[INFO] [1786613446.622569249] [landing_scout_1]: [scout_1] Landing controller state: IDLE
[INFO] [1786613451.621798550] [landing_scout_1]: [scout_1] Landing controller state: IDLE
[INFO] [1786613456.622912191] [landing_scout_1]: [scout_1] Landing controller state: IDLE
[INFO] [1786613461.622002411] [landing_scout_1]: [scout_1] Landing controller state: IDLE
[INFO] [1786613466.622681009] [landing_scout_1]: [scout_1] Landing controller state: IDLE
[INFO] [1786613471.621890487] [landing_scout_1]: [scout_1] Landing controller state: IDLE
[INFO] [1786613476.622031465] [landing_scout_1]: [scout_1] Landing controller state: IDLE
[INFO] [1786613481.621945174] [landing_scout_1]: [scout_1] Landing controller state: IDLE
[INFO] [1786613486.621964707] [landing_scout_1]: [scout_1] Landing controller state: IDLE
[INFO] [1786613491.622632042] [landing_scout_1]: [scout_1] Landing controller state: IDLE
[INFO] [1786613496.622520722] [landing_scout_1]: [scout_1] Landing controller state: IDLE
[INFO] [1786613501.621882619] [landing_scout_1]: [scout_1] Landing controller state: IDLE
[INFO] [1786613506.623071018] [landing_scout_1]: [scout_1] Landing controller state: IDLE
[INFO] [1786613507.637955982] [landing_scout_1]: [scout_1] 🎯 Resting while IDLE (altitude static) — confirming ground contact
[WARN] [1786613509.638799236] [landing_scout_1]: [scout_1] ⚠️ Settled badly tilted/inverted — initiating RW righting roll
[INFO] [1786613509.648163815] [landing_scout_1]: [scout_1] 🔄 RW righting attempt 1/5: proportional roll, u_z=-1.00
[INFO] [1786613511.621950462] [landing_scout_1]: [scout_1] Landing controller state: RIGHTING
[INFO] [1786613511.638531843] [landing_scout_1]: [scout_1] 📐 RIGHTTRACE attempt=1 u_z=-0.8447 w=59 omega=1.523 omega_roll=1.261 dir=(-0.81,0.59)
[INFO] [1786613513.638923694] [landing_scout_1]: [scout_1] 📐 RIGHTTRACE attempt=1 u_z=-0.2309 w=84 omega=1.500 omega_roll=-1.284 dir=(-0.93,-0.37)
[INFO] [1786613515.639162228] [landing_scout_1]: [scout_1] 📐 RIGHTTRACE attempt=1 u_z=0.7355 w=93 omega=0.871 omega_roll=0.115 dir=(-0.61,-0.80)
[INFO] [1786613516.622312611] [landing_scout_1]: [scout_1] Landing controller state: RIGHTING
[INFO] [1786613517.659844216] [landing_scout_1]: [scout_1] 📐 RIGHTTRACE attempt=1 u_z=0.1104 w=104 omega=1.064 omega_roll=-0.733 dir=(0.99,-0.16)
[INFO] [1786613519.659204704] [landing_scout_1]: [scout_1] 📐 RIGHTTRACE attempt=1 u_z=-0.4777 w=123 omega=1.688 omega_roll=-1.121 dir=(-0.66,-0.75)
[INFO] [1786613521.621869838] [landing_scout_1]: [scout_1] Landing controller state: RIGHTING
[INFO] [1786613521.660402868] [landing_scout_1]: [scout_1] 📐 RIGHTTRACE attempt=1 u_z=0.4494 w=145 omega=1.953 omega_roll=-1.439 dir=(0.76,0.65)
[INFO] [1786613523.662045310] [landing_scout_1]: [scout_1] 📐 RIGHTTRACE attempt=1 u_z=0.2239 w=160 omega=2.959 omega_roll=-0.570 dir=(-0.85,0.53)
[INFO] [1786613525.161240586] [landing_scout_1]: [scout_1] 🎯 Near-upright at timeout (u_z=0.87) -- extension 1/3, giving this attempt more time to hold instead of discarding progress into a fresh attempt.
[INFO] [1786613526.621959783] [landing_scout_1]: [scout_1] Landing controller state: RIGHTING
[INFO] [1786613527.151237211] [landing_scout_1]: [scout_1] 📐 RIGHTTRACE attempt=1 u_z=0.5607 w=17 omega=2.710 omega_roll=-0.153 dir=(-0.54,-0.84)
[INFO] [1786613529.151358160] [landing_scout_1]: [scout_1] 📐 RIGHTTRACE attempt=1 u_z=0.7543 w=18 omega=2.713 omega_roll=-0.381 dir=(-0.24,0.97)
[INFO] [1786613531.172957018] [landing_scout_1]: [scout_1] 📐 RIGHTTRACE attempt=1 u_z=0.1816 w=41 omega=2.529 omega_roll=-2.414 dir=(-0.20,-0.98)
[INFO] [1786613531.623415024] [landing_scout_1]: [scout_1] Landing controller state: RIGHTING
[INFO] [1786613533.177717702] [landing_scout_1]: [scout_1] 📐 RIGHTTRACE attempt=1 u_z=0.0528 w=65 omega=1.855 omega_roll=-0.942 dir=(-0.19,0.98)
[INFO] [1786613535.199464830] [landing_scout_1]: [scout_1] 📐 RIGHTTRACE attempt=1 u_z=-0.1399 w=96 omega=0.666 omega_roll=-0.553 dir=(-0.90,0.43)
[INFO] [1786613536.622438461] [landing_scout_1]: [scout_1] Landing controller state: RIGHTING
[INFO] [1786613537.199518305] [landing_scout_1]: [scout_1] 📐 RIGHTTRACE attempt=1 u_z=0.4207 w=120 omega=1.510 omega_roll=-0.665 dir=(0.56,0.83)
[INFO] [1786613539.198973715] [landing_scout_1]: [scout_1] 📐 RIGHTTRACE attempt=1 u_z=0.0120 w=136 omega=2.012 omega_roll=-0.821 dir=(-0.47,-0.88)
[WARN] [1786613540.699947445] [landing_scout_1]: [scout_1] Still inverted (u_z=0.36), retrying with alternate roll axis/sign (attempt 2/5)
[INFO] [1786613540.709334196] [landing_scout_1]: [scout_1] 🔄 RW righting attempt 2/5: proportional roll, u_z=0.34
[INFO] [1786613541.621843684] [landing_scout_1]: [scout_1] Landing controller state: RIGHTING
[INFO] [1786613542.700835929] [landing_scout_1]: [scout_1] 📐 RIGHTTRACE attempt=2 u_z=0.5021 w=29 omega=2.797 omega_roll=0.071 dir=(0.93,0.36)
[INFO] [1786613544.701500535] [landing_scout_1]: [scout_1] 📐 RIGHTTRACE attempt=2 u_z=-0.8585 w=60 omega=2.788 omega_roll=-1.930 dir=(-0.88,-0.48)
[INFO] [1786613546.621965540] [landing_scout_1]: [scout_1] Landing controller state: RIGHTING
[INFO] [1786613546.701481866] [landing_scout_1]: [scout_1] 📐 RIGHTTRACE attempt=2 u_z=0.6684 w=81 omega=1.482 omega_roll=-0.318 dir=(0.94,0.33)
[INFO] [1786613548.724736173] [landing_scout_1]: [scout_1] 📐 RIGHTTRACE attempt=2 u_z=0.8323 w=102 omega=2.156 omega_roll=-0.781 dir=(0.85,-0.53)
[INFO] [1786613550.723513678] [landing_scout_1]: [scout_1] 📐 RIGHTTRACE attempt=2 u_z=0.5171 w=122 omega=2.634 omega_roll=-1.591 dir=(-0.54,-0.84)
[INFO] [1786613551.622357739] [landing_scout_1]: [scout_1] Landing controller state: RIGHTING
[INFO] [1786613552.725753196] [landing_scout_1]: [scout_1] 📐 RIGHTTRACE attempt=2 u_z=0.6053 w=142 omega=2.680 omega_roll=-0.281 dir=(0.40,0.92)
[INFO] [1786613554.728840418] [landing_scout_1]: [scout_1] 📐 RIGHTTRACE attempt=2 u_z=-0.2388 w=159 omega=2.538 omega_roll=-0.674 dir=(-0.99,-0.14)
[WARN] [1786613556.229743070] [landing_scout_1]: [scout_1] Still inverted (u_z=0.68), retrying with alternate roll axis/sign (attempt 3/5)
[INFO] [1786613556.239191714] [landing_scout_1]: [scout_1] 🔄 RW righting attempt 3/5: proportional roll, u_z=0.66
[INFO] [1786613556.621998597] [landing_scout_1]: [scout_1] Landing controller state: RIGHTING
[INFO] [1786613558.229025648] [landing_scout_1]: [scout_1] 📐 RIGHTTRACE attempt=3 u_z=0.4007 w=31 omega=2.938 omega_roll=0.156 dir=(0.61,-0.79)
[INFO] [1786613560.229389464] [landing_scout_1]: [scout_1] 📐 RIGHTTRACE attempt=3 u_z=-0.6121 w=48 omega=2.987 omega_roll=-2.299 dir=(-0.94,0.33)
[INFO] [1786613561.622541499] [landing_scout_1]: [scout_1] Landing controller state: RIGHTING
[INFO] [1786613562.230070349] [landing_scout_1]: [scout_1] 📐 RIGHTTRACE attempt=3 u_z=0.1393 w=85 omega=1.454 omega_roll=-0.923 dir=(0.62,-0.79)
[INFO] [1786613564.229884200] [landing_scout_1]: [scout_1] 📐 RIGHTTRACE attempt=3 u_z=0.6587 w=103 omega=3.032 omega_roll=-0.012 dir=(-0.13,-0.99)
[INFO] [1786613566.623018396] [landing_scout_1]: [scout_1] Landing controller state: RIGHTING
[INFO] [1786613568.231196888] [landing_scout_1]: [scout_1] 📐 RIGHTTRACE attempt=3 u_z=-0.1643 w=142 omega=3.815 omega_roll=-0.761 dir=(-0.22,0.98)
[INFO] [1786613570.234831995] [landing_scout_1]: [scout_1] 📐 RIGHTTRACE attempt=3 u_z=0.0807 w=160 omega=3.543 omega_roll=-3.285 dir=(1.00,0.02)
[INFO] [1786613571.622389446] [landing_scout_1]: [scout_1] Landing controller state: RIGHTING
[WARN] [1786613571.735820072] [landing_scout_1]: [scout_1] Still inverted (u_z=-0.86), retrying with alternate roll axis/sign (attempt 4/5)
[INFO] [1786613571.745816330] [landing_scout_1]: [scout_1] 🔄 RW righting attempt 4/5: proportional roll, u_z=-0.87
[INFO] [1786613573.735206686] [landing_scout_1]: [scout_1] 📐 RIGHTTRACE attempt=4 u_z=-0.8612 w=29 omega=3.246 omega_roll=-0.308 dir=(0.31,0.95)
[INFO] [1786613575.736485695] [landing_scout_1]: [scout_1] 📐 RIGHTTRACE attempt=4 u_z=-0.5893 w=60 omega=1.678 omega_roll=0.402 dir=(0.04,-1.00)
[INFO] [1786613576.622241410] [landing_scout_1]: [scout_1] Landing controller state: RIGHTING
[INFO] [1786613577.737036286] [landing_scout_1]: [scout_1] 📐 RIGHTTRACE attempt=4 u_z=-0.1774 w=103 omega=1.307 omega_roll=-0.762 dir=(-0.26,-0.96)
[INFO] [1786613579.739425006] [landing_scout_1]: [scout_1] 📐 RIGHTTRACE attempt=4 u_z=-0.2643 w=127 omega=2.336 omega_roll=-0.587 dir=(-0.83,0.56)
[INFO] [1786613581.621988323] [landing_scout_1]: [scout_1] Landing controller state: RIGHTING
[INFO] [1786613581.739832341] [landing_scout_1]: [scout_1] 📐 RIGHTTRACE attempt=4 u_z=0.5788 w=147 omega=2.018 omega_roll=-1.375 dir=(0.99,-0.15)
[INFO] [1786613583.742325378] [landing_scout_1]: [scout_1] 📐 RIGHTTRACE attempt=4 u_z=0.4337 w=160 omega=3.161 omega_roll=-0.711 dir=(-0.63,0.78)
[INFO] [1786613585.741742524] [landing_scout_1]: [scout_1] 📐 RIGHTTRACE attempt=4 u_z=0.0680 w=160 omega=2.517 omega_roll=-0.588 dir=(-0.55,-0.83)
[INFO] [1786613586.622142911] [landing_scout_1]: [scout_1] Landing controller state: RIGHTING
[WARN] [1786613587.242943962] [landing_scout_1]: [scout_1] Still inverted (u_z=0.41), retrying with alternate roll axis/sign (attempt 5/5)
[INFO] [1786613587.252546140] [landing_scout_1]: [scout_1] 🔄 RW righting attempt 5/5: proportional roll, u_z=0.38
[INFO] [1786613589.245014963] [landing_scout_1]: [scout_1] 📐 RIGHTTRACE attempt=5 u_z=0.5327 w=34 omega=3.048 omega_roll=1.285 dir=(0.79,0.61)
[INFO] [1786613591.244663263] [landing_scout_1]: [scout_1] 📐 RIGHTTRACE attempt=5 u_z=-0.8285 w=62 omega=3.673 omega_roll=0.982 dir=(0.51,-0.86)
[INFO] [1786613591.622840426] [landing_scout_1]: [scout_1] Landing controller state: RIGHTING
[INFO] [1786613593.245790505] [landing_scout_1]: [scout_1] 📐 RIGHTTRACE attempt=5 u_z=-0.1063 w=92 omega=1.684 omega_roll=-0.651 dir=(0.81,0.58)
[INFO] [1786613595.245624394] [landing_scout_1]: [scout_1] 📐 RIGHTTRACE attempt=5 u_z=0.1995 w=109 omega=1.254 omega_roll=-0.638 dir=(1.00,-0.00)
[INFO] [1786613596.622768724] [landing_scout_1]: [scout_1] Landing controller state: RIGHTING
[INFO] [1786613597.246089457] [landing_scout_1]: [scout_1] 📐 RIGHTTRACE attempt=5 u_z=-0.2311 w=129 omega=1.562 omega_roll=-1.055 dir=(-0.20,-0.98)
[INFO] [1786613599.250691221] [landing_scout_1]: [scout_1] 📐 RIGHTTRACE attempt=5 u_z=0.2476 w=154 omega=1.923 omega_roll=-1.438 dir=(0.04,1.00)
[INFO] [1786613601.253683400] [landing_scout_1]: [scout_1] 📐 RIGHTTRACE attempt=5 u_z=0.0166 w=160 omega=3.004 omega_roll=-0.043 dir=(-0.89,-0.45)
[INFO] [1786613601.622092321] [landing_scout_1]: [scout_1] Landing controller state: RIGHTING
[ERROR] [1786613602.755226215] [landing_scout_1]: [scout_1] ❌ Self-righting failed after 5 attempts — giving up, marking LANDED anyway so downstream logic (e.g. SAMPLER dispatch) does not hang forever. Robot may still be physically inverted.
[INFO] [1786613606.622018064] [landing_scout_1]: [scout_1] Landing controller state: LANDED
[INFO] [1786613611.621925558] [landing_scout_1]: [scout_1] Landing controller state: LANDED
[INFO] [1786613616.621902077] [landing_scout_1]: [scout_1] Landing controller state: LANDED
[INFO] [1786613621.622428505] [landing_scout_1]: [scout_1] Landing controller state: LANDED
[INFO] [1786613626.622492372] [landing_scout_1]: [scout_1] Landing controller state: LANDED
[INFO] [1786613631.622441660] [landing_scout_1]: [scout_1] Landing controller state: LANDED
[INFO] [1786613636.621782937] [landing_scout_1]: [scout_1] Landing controller state: LANDED
[INFO] [1786613641.622516213] [landing_scout_1]: [scout_1] Landing controller state: LANDED
[INFO] [1786613646.622263888] [landing_scout_1]: [scout_1] Landing controller state: LANDED
[INFO] [1786613651.621823563] [landing_scout_1]: [scout_1] Landing controller state: LANDED
[INFO] [1786613656.621919721] [landing_scout_1]: [scout_1] Landing controller state: LANDED
[INFO] [1786613661.621873512] [landing_scout_1]: [scout_1] Landing controller state: LANDED
[INFO] [1786613666.621867679] [landing_scout_1]: [scout_1] Landing controller state: LANDED
[INFO] [1786613671.622056337] [landing_scout_1]: [scout_1] Landing controller state: LANDED
[INFO] [1786613676.621978808] [landing_scout_1]: [scout_1] Landing controller state: LANDED
[INFO] [1786613681.622070936] [landing_scout_1]: [scout_1] Landing controller state: LANDED
[INFO] [1786613686.622141551] [landing_scout_1]: [scout_1] Landing controller state: LANDED
[INFO] [1786613691.622127009] [landing_scout_1]: [scout_1] Landing controller state: LANDED
[INFO] [1786613696.621946348] [landing_scout_1]: [scout_1] Landing controller state: LANDED
[INFO] [1786613701.622356739] [landing_scout_1]: [scout_1] Landing controller state: LANDED
[INFO] [1786613706.621898671] [landing_scout_1]: [scout_1] Landing controller state: LANDED
[INFO] [1786613711.622277798] [landing_scout_1]: [scout_1] Landing controller state: LANDED
[INFO] [1786613716.621930899] [landing_scout_1]: [scout_1] Landing controller state: LANDED
[INFO] [1786613721.621866636] [landing_scout_1]: [scout_1] Landing controller state: LANDED
