[INFO] [1786604099.788829631] [landing_scout_1]: [scout_1] Landing Controller: ONLINE
[INFO] [1786604104.831684574] [landing_scout_1]: [scout_1] Landing controller state: IDLE
[INFO] [1786604109.831308398] [landing_scout_1]: [scout_1] Landing controller state: IDLE
[INFO] [1786604114.830643622] [landing_scout_1]: [scout_1] Landing controller state: IDLE
[INFO] [1786604119.831205413] [landing_scout_1]: [scout_1] Landing controller state: IDLE
[INFO] [1786604124.832218523] [landing_scout_1]: [scout_1] Landing controller state: IDLE
[INFO] [1786604129.830635446] [landing_scout_1]: [scout_1] Landing controller state: IDLE
[INFO] [1786604134.831089676] [landing_scout_1]: [scout_1] Landing controller state: IDLE
[INFO] [1786604139.830698676] [landing_scout_1]: [scout_1] Landing controller state: IDLE
[INFO] [1786604144.831454985] [landing_scout_1]: [scout_1] Landing controller state: IDLE
[INFO] [1786604149.831360902] [landing_scout_1]: [scout_1] Landing controller state: IDLE
[INFO] [1786604154.831334159] [landing_scout_1]: [scout_1] Landing controller state: IDLE
[INFO] [1786604159.830880763] [landing_scout_1]: [scout_1] Landing controller state: IDLE
[INFO] [1786604164.831241956] [landing_scout_1]: [scout_1] Landing controller state: IDLE
[INFO] [1786604169.830787690] [landing_scout_1]: [scout_1] Landing controller state: IDLE
[INFO] [1786604174.831948761] [landing_scout_1]: [scout_1] Landing controller state: IDLE
[INFO] [1786604179.830716147] [landing_scout_1]: [scout_1] Landing controller state: IDLE
[INFO] [1786604184.831022399] [landing_scout_1]: [scout_1] Landing controller state: IDLE
[INFO] [1786604189.830794107] [landing_scout_1]: [scout_1] Landing controller state: IDLE
[INFO] [1786604194.831078699] [landing_scout_1]: [scout_1] Landing controller state: IDLE
[INFO] [1786604199.830592546] [landing_scout_1]: [scout_1] Landing controller state: IDLE
[INFO] [1786604204.831181862] [landing_scout_1]: [scout_1] Landing controller state: IDLE
[INFO] [1786604209.831350418] [landing_scout_1]: [scout_1] Landing controller state: IDLE
[INFO] [1786604214.830639978] [landing_scout_1]: [scout_1] Landing controller state: IDLE
[INFO] [1786604219.830474633] [landing_scout_1]: [scout_1] Landing controller state: IDLE
[INFO] [1786604224.830788802] [landing_scout_1]: [scout_1] Landing controller state: IDLE
[INFO] [1786604229.831064676] [landing_scout_1]: [scout_1] Landing controller state: IDLE
[INFO] [1786604234.831449485] [landing_scout_1]: [scout_1] Landing controller state: IDLE
[INFO] [1786604239.830598276] [landing_scout_1]: [scout_1] Landing controller state: IDLE
[INFO] [1786604244.831022235] [landing_scout_1]: [scout_1] Landing controller state: IDLE
[INFO] [1786604249.831161923] [landing_scout_1]: [scout_1] Landing controller state: IDLE
[INFO] [1786604254.830754875] [landing_scout_1]: [scout_1] Landing controller state: IDLE
[INFO] [1786604259.830573828] [landing_scout_1]: [scout_1] Landing controller state: IDLE
[INFO] [1786604264.831401928] [landing_scout_1]: [scout_1] Landing controller state: IDLE
[INFO] [1786604269.830935425] [landing_scout_1]: [scout_1] Landing controller state: IDLE
[INFO] [1786604274.831642412] [landing_scout_1]: [scout_1] Landing controller state: IDLE
[INFO] [1786604279.831147342] [landing_scout_1]: [scout_1] Landing controller state: IDLE
[INFO] [1786604284.830951410] [landing_scout_1]: [scout_1] Landing controller state: IDLE
[INFO] [1786604289.830584228] [landing_scout_1]: [scout_1] Landing controller state: IDLE
[INFO] [1786604294.831767901] [landing_scout_1]: [scout_1] Landing controller state: IDLE
[INFO] [1786604299.830634144] [landing_scout_1]: [scout_1] Landing controller state: IDLE
[INFO] [1786604304.830950115] [landing_scout_1]: [scout_1] Landing controller state: IDLE
[INFO] [1786604309.830588906] [landing_scout_1]: [scout_1] Landing controller state: IDLE
[INFO] [1786604314.831579510] [landing_scout_1]: [scout_1] Landing controller state: IDLE
[INFO] [1786604319.831224268] [landing_scout_1]: [scout_1] Landing controller state: IDLE
[INFO] [1786604324.831466195] [landing_scout_1]: [scout_1] Landing controller state: IDLE
[INFO] [1786604329.831190052] [landing_scout_1]: [scout_1] Landing controller state: IDLE
[INFO] [1786604334.830662708] [landing_scout_1]: [scout_1] Landing controller state: IDLE
[INFO] [1786604339.831440530] [landing_scout_1]: [scout_1] Landing controller state: IDLE
[INFO] [1786604344.831846258] [landing_scout_1]: [scout_1] Landing controller state: IDLE
[INFO] [1786604349.831522998] [landing_scout_1]: [scout_1] Landing controller state: IDLE
[INFO] [1786604354.830620844] [landing_scout_1]: [scout_1] Landing controller state: IDLE
[INFO] [1786604359.830435233] [landing_scout_1]: [scout_1] Landing controller state: IDLE
[INFO] [1786604364.830631971] [landing_scout_1]: [scout_1] Landing controller state: IDLE
[INFO] [1786604369.831062645] [landing_scout_1]: [scout_1] Landing controller state: IDLE
[INFO] [1786604374.830688212] [landing_scout_1]: [scout_1] Landing controller state: IDLE
[INFO] [1786604378.238034676] [landing_scout_1]: [scout_1] 🎯 Resting while IDLE (altitude static) — confirming ground contact
[INFO] [1786604379.831781483] [landing_scout_1]: [scout_1] Landing controller state: CONTACT
[WARN] [1786604380.240122836] [landing_scout_1]: [scout_1] ⚠️ Settled badly tilted/inverted — initiating RW righting roll
[INFO] [1786604380.250257515] [landing_scout_1]: [scout_1] 🔄 RW righting attempt 1/5: proportional roll, u_z=-1.00
[INFO] [1786604382.240903519] [landing_scout_1]: [scout_1] 📐 RIGHTTRACE attempt=1 u_z=-0.8529 w=57 omega=1.444 omega_roll=0.895 dir=(-0.93,0.37)
[INFO] [1786604384.242620412] [landing_scout_1]: [scout_1] 📐 RIGHTTRACE attempt=1 u_z=-0.2593 w=87 omega=0.856 omega_roll=-0.705 dir=(-0.81,-0.59)
[INFO] [1786604384.831116653] [landing_scout_1]: [scout_1] Landing controller state: RIGHTING
[INFO] [1786604388.244789481] [landing_scout_1]: [scout_1] 📐 RIGHTTRACE attempt=1 u_z=-0.7838 w=116 omega=2.271 omega_roll=0.779 dir=(0.97,-0.26)
[INFO] [1786604389.831834042] [landing_scout_1]: [scout_1] Landing controller state: RIGHTING
[INFO] [1786604390.246339440] [landing_scout_1]: [scout_1] 📐 RIGHTTRACE attempt=1 u_z=-0.5544 w=147 omega=3.905 omega_roll=0.786 dir=(0.51,-0.86)
[INFO] [1786604392.246883223] [landing_scout_1]: [scout_1] 📐 RIGHTTRACE attempt=1 u_z=0.8068 w=160 omega=2.147 omega_roll=-0.482 dir=(0.59,-0.80)
[INFO] [1786604394.248126032] [landing_scout_1]: [scout_1] 📐 RIGHTTRACE attempt=1 u_z=-0.0031 w=160 omega=1.440 omega_roll=-1.121 dir=(0.98,-0.20)
[INFO] [1786604394.830710780] [landing_scout_1]: [scout_1] Landing controller state: RIGHTING
[WARN] [1786604395.750715321] [landing_scout_1]: [scout_1] Still inverted (u_z=0.59), retrying with alternate roll axis/sign (attempt 2/5)
[INFO] [1786604395.759817730] [landing_scout_1]: [scout_1] 🔄 RW righting attempt 2/5: proportional roll, u_z=0.48
[INFO] [1786604397.750214400] [landing_scout_1]: [scout_1] 📐 RIGHTTRACE attempt=2 u_z=0.3099 w=27 omega=3.915 omega_roll=0.364 dir=(0.91,0.41)
[INFO] [1786604399.751800271] [landing_scout_1]: [scout_1] 📐 RIGHTTRACE attempt=2 u_z=-0.1664 w=46 omega=4.128 omega_roll=-0.293 dir=(0.91,0.42)
[INFO] [1786604399.831072758] [landing_scout_1]: [scout_1] Landing controller state: RIGHTING
[INFO] [1786604401.758868178] [landing_scout_1]: [scout_1] 📐 RIGHTTRACE attempt=2 u_z=-0.6268 w=67 omega=4.381 omega_roll=-3.477 dir=(-0.47,0.88)
[INFO] [1786604403.761872354] [landing_scout_1]: [scout_1] 📐 RIGHTTRACE attempt=2 u_z=0.2145 w=88 omega=3.878 omega_roll=-2.909 dir=(-0.86,0.51)
[INFO] [1786604404.831152340] [landing_scout_1]: [scout_1] Landing controller state: RIGHTING
[INFO] [1786604405.761558506] [landing_scout_1]: [scout_1] 📐 RIGHTTRACE attempt=2 u_z=-0.7736 w=123 omega=2.273 omega_roll=0.417 dir=(0.43,0.90)
[INFO] [1786604407.765026732] [landing_scout_1]: [scout_1] 📐 RIGHTTRACE attempt=2 u_z=-0.6685 w=143 omega=2.843 omega_roll=0.945 dir=(0.86,0.51)
[INFO] [1786604409.766744474] [landing_scout_1]: [scout_1] 📐 RIGHTTRACE attempt=2 u_z=0.7835 w=160 omega=5.374 omega_roll=4.881 dir=(0.95,0.30)
[INFO] [1786604409.830632582] [landing_scout_1]: [scout_1] Landing controller state: RIGHTING
[WARN] [1786604411.268557035] [landing_scout_1]: [scout_1] Still inverted (u_z=-0.76), retrying with alternate roll axis/sign (attempt 3/5)
[INFO] [1786604411.277089180] [landing_scout_1]: [scout_1] 🔄 RW righting attempt 3/5: proportional roll, u_z=-0.85
[INFO] [1786604413.267320473] [landing_scout_1]: [scout_1] 📐 RIGHTTRACE attempt=3 u_z=-0.8029 w=19 omega=3.054 omega_roll=-0.061 dir=(0.97,0.26)
[INFO] [1786604414.830995819] [landing_scout_1]: [scout_1] Landing controller state: RIGHTING
[INFO] [1786604415.268699898] [landing_scout_1]: [scout_1] 📐 RIGHTTRACE attempt=3 u_z=-0.9585 w=46 omega=3.676 omega_roll=-3.294 dir=(0.61,0.79)
[INFO] [1786604417.268779463] [landing_scout_1]: [scout_1] 📐 RIGHTTRACE attempt=3 u_z=-0.7194 w=81 omega=3.325 omega_roll=0.284 dir=(0.20,-0.98)
[INFO] [1786604419.287341440] [landing_scout_1]: [scout_1] 📐 RIGHTTRACE attempt=3 u_z=-0.9666 w=101 omega=3.149 omega_roll=2.045 dir=(0.79,-0.61)
[INFO] [1786604419.830524701] [landing_scout_1]: [scout_1] Landing controller state: RIGHTING
[INFO] [1786604421.291062951] [landing_scout_1]: [scout_1] 📐 RIGHTTRACE attempt=3 u_z=0.4105 w=137 omega=1.498 omega_roll=-0.314 dir=(0.90,-0.44)
[INFO] [1786604423.294204117] [landing_scout_1]: [scout_1] 📐 RIGHTTRACE attempt=3 u_z=-0.2713 w=153 omega=4.883 omega_roll=1.658 dir=(0.53,-0.85)
[INFO] [1786604424.831660775] [landing_scout_1]: [scout_1] Landing controller state: RIGHTING
[INFO] [1786604425.296125322] [landing_scout_1]: [scout_1] 📐 RIGHTTRACE attempt=3 u_z=0.0755 w=160 omega=5.005 omega_roll=-0.134 dir=(-0.92,-0.40)
[WARN] [1786604426.795272344] [landing_scout_1]: [scout_1] Still inverted (u_z=-0.40), retrying with alternate roll axis/sign (attempt 4/5)
[INFO] [1786604426.805671792] [landing_scout_1]: [scout_1] 🔄 RW righting attempt 4/5: proportional roll, u_z=-0.53
[INFO] [1786604428.797151181] [landing_scout_1]: [scout_1] 📐 RIGHTTRACE attempt=4 u_z=-0.6477 w=18 omega=2.972 omega_roll=2.466 dir=(0.99,0.17)
[INFO] [1786604429.830602458] [landing_scout_1]: [scout_1] Landing controller state: RIGHTING
[INFO] [1786604430.800011976] [landing_scout_1]: [scout_1] 📐 RIGHTTRACE attempt=4 u_z=-0.8265 w=36 omega=2.730 omega_roll=1.615 dir=(1.00,0.05)
[INFO] [1786604432.799942932] [landing_scout_1]: [scout_1] 📐 RIGHTTRACE attempt=4 u_z=-0.9078 w=56 omega=2.788 omega_roll=1.300 dir=(0.99,-0.11)
[INFO] [1786604434.801178726] [landing_scout_1]: [scout_1] 📐 RIGHTTRACE attempt=4 u_z=-0.8369 w=76 omega=2.404 omega_roll=1.403 dir=(0.95,-0.30)
[INFO] [1786604434.830833904] [landing_scout_1]: [scout_1] Landing controller state: RIGHTING
[INFO] [1786604436.801435168] [landing_scout_1]: [scout_1] 📐 RIGHTTRACE attempt=4 u_z=-0.1799 w=97 omega=1.294 omega_roll=0.862 dir=(0.97,-0.25)
[INFO] [1786604438.802783849] [landing_scout_1]: [scout_1] 📐 RIGHTTRACE attempt=4 u_z=-0.6576 w=145 omega=0.538 omega_roll=-0.537 dir=(1.00,-0.00)
[INFO] [1786604439.830956871] [landing_scout_1]: [scout_1] Landing controller state: RIGHTING
[INFO] [1786604440.802621886] [landing_scout_1]: [scout_1] 📐 RIGHTTRACE attempt=4 u_z=0.7867 w=160 omega=0.946 omega_roll=-0.910 dir=(0.98,-0.21)
[WARN] [1786604442.303186005] [landing_scout_1]: [scout_1] Still inverted (u_z=-0.41), retrying with alternate roll axis/sign (attempt 5/5)
[INFO] [1786604442.311931656] [landing_scout_1]: [scout_1] 🔄 RW righting attempt 5/5: proportional roll, u_z=-0.52
[INFO] [1786604444.301880891] [landing_scout_1]: [scout_1] 📐 RIGHTTRACE attempt=5 u_z=-0.7794 w=26 omega=3.830 omega_roll=-3.285 dir=(0.71,0.70)
[INFO] [1786604444.831161681] [landing_scout_1]: [scout_1] Landing controller state: RIGHTING
[INFO] [1786604446.302227873] [landing_scout_1]: [scout_1] 📐 RIGHTTRACE attempt=5 u_z=0.0682 w=46 omega=4.805 omega_roll=-1.778 dir=(-0.40,0.92)
[INFO] [1786604448.301759422] [landing_scout_1]: [scout_1] 📐 RIGHTTRACE attempt=5 u_z=-0.4282 w=65 omega=4.213 omega_roll=1.904 dir=(0.98,-0.19)
[INFO] [1786604449.830711290] [landing_scout_1]: [scout_1] Landing controller state: RIGHTING
[INFO] [1786604450.303969329] [landing_scout_1]: [scout_1] 📐 RIGHTTRACE attempt=5 u_z=0.5623 w=86 omega=3.076 omega_roll=0.868 dir=(0.84,0.54)
[INFO] [1786604452.306346415] [landing_scout_1]: [scout_1] 📐 RIGHTTRACE attempt=5 u_z=-0.1125 w=127 omega=4.780 omega_roll=1.096 dir=(-0.79,-0.61)
