[INFO] [1786638350.768324810] [landing_scout_1]: [scout_1] Landing Controller: ONLINE
[INFO] [1786638355.815018563] [landing_scout_1]: [scout_1] Landing controller state: IDLE
[INFO] [1786638360.814162819] [landing_scout_1]: [scout_1] Landing controller state: IDLE
[INFO] [1786638365.814178923] [landing_scout_1]: [scout_1] Landing controller state: IDLE
[INFO] [1786638370.814353203] [landing_scout_1]: [scout_1] Landing controller state: IDLE
[INFO] [1786638375.814319988] [landing_scout_1]: [scout_1] Landing controller state: IDLE
[INFO] [1786638380.814177349] [landing_scout_1]: [scout_1] Landing controller state: IDLE
[INFO] [1786638385.814208221] [landing_scout_1]: [scout_1] Landing controller state: IDLE
[INFO] [1786638390.814607755] [landing_scout_1]: [scout_1] Landing controller state: IDLE
[INFO] [1786638395.814227321] [landing_scout_1]: [scout_1] Landing controller state: IDLE
[INFO] [1786638400.815016024] [landing_scout_1]: [scout_1] Landing controller state: IDLE
[INFO] [1786638405.814292327] [landing_scout_1]: [scout_1] Landing controller state: IDLE
[INFO] [1786638410.814163321] [landing_scout_1]: [scout_1] Landing controller state: IDLE
[INFO] [1786638415.814209580] [landing_scout_1]: [scout_1] Landing controller state: IDLE
[INFO] [1786638420.814443637] [landing_scout_1]: [scout_1] Landing controller state: IDLE
[INFO] [1786638425.448594823] [landing_scout_1]: [scout_1] 🚀 Jump detected → FLIGHT mode (contact detection blanked 100 s for launch)
[INFO] [1786638425.483533859] [landing_scout_1]: [scout_1] 📏 CALIBSERIES t=0.0s v=0.00892 m/s (vx=0.00002 vy=-0.00000 vz=-0.00892)
[INFO] [1786638425.814384330] [landing_scout_1]: [scout_1] Landing controller state: FLIGHT
[INFO] [1786638427.531737698] [landing_scout_1]: [scout_1] 📏 CALIBSERIES t=2.1s v=0.00911 m/s (vx=0.00007 vy=0.00000 vz=-0.00911)
[INFO] [1786638429.532218758] [landing_scout_1]: [scout_1] 📏 CALIBSERIES t=4.1s v=0.00934 m/s (vx=0.00004 vy=-0.00000 vz=-0.00934)
[INFO] [1786638429.532779575] [landing_scout_1]: [scout_1] 📏 CALIBSTABLE t=4.1s v=0.00934 m/s (vx=0.00004 vy=-0.00000 vz=-0.00934) -- 3 consecutive samples steady
[INFO] [1786638430.814781915] [landing_scout_1]: [scout_1] Landing controller state: FLIGHT
