[INFO] [1786639405.773230468] [landing_scout_1]: [scout_1] Landing Controller: ONLINE
[INFO] [1786639410.816076407] [landing_scout_1]: [scout_1] Landing controller state: IDLE
[INFO] [1786639415.816012162] [landing_scout_1]: [scout_1] Landing controller state: IDLE
[INFO] [1786639420.815534409] [landing_scout_1]: [scout_1] Landing controller state: IDLE
[INFO] [1786639425.815712800] [landing_scout_1]: [scout_1] Landing controller state: IDLE
[INFO] [1786639430.815673124] [landing_scout_1]: [scout_1] Landing controller state: IDLE
[INFO] [1786639435.815498678] [landing_scout_1]: [scout_1] Landing controller state: IDLE
[INFO] [1786639440.816165532] [landing_scout_1]: [scout_1] Landing controller state: IDLE
[INFO] [1786639445.815661005] [landing_scout_1]: [scout_1] Landing controller state: IDLE
[INFO] [1786639450.815546918] [landing_scout_1]: [scout_1] Landing controller state: IDLE
[INFO] [1786639455.815591520] [landing_scout_1]: [scout_1] Landing controller state: IDLE
[INFO] [1786639460.815911984] [landing_scout_1]: [scout_1] Landing controller state: IDLE
[INFO] [1786639465.815643524] [landing_scout_1]: [scout_1] Landing controller state: IDLE
[INFO] [1786639470.815799787] [landing_scout_1]: [scout_1] Landing controller state: IDLE
[INFO] [1786639475.815840816] [landing_scout_1]: [scout_1] Landing controller state: IDLE
[INFO] [1786639480.583726275] [landing_scout_1]: [scout_1] 🚀 Jump detected → FLIGHT mode (contact detection blanked 100 s for launch)
[INFO] [1786639480.613430952] [landing_scout_1]: [scout_1] 📏 CALIBSERIES t=0.0s v=0.00892 m/s (vx=0.00011 vy=-0.00000 vz=-0.00892)
[INFO] [1786639480.815555325] [landing_scout_1]: [scout_1] Landing controller state: FLIGHT
[INFO] [1786639482.662977491] [landing_scout_1]: [scout_1] 📏 CALIBSERIES t=2.1s v=0.00914 m/s (vx=0.00017 vy=-0.00000 vz=-0.00913)
[INFO] [1786639484.679814213] [landing_scout_1]: [scout_1] 📏 CALIBSERIES t=4.1s v=0.00936 m/s (vx=0.00013 vy=-0.00000 vz=-0.00936)
[INFO] [1786639484.680254558] [landing_scout_1]: [scout_1] 📏 CALIBSTABLE t=4.1s v=0.00936 m/s (vx=0.00013 vy=-0.00000 vz=-0.00936) -- 3 consecutive samples steady
[INFO] [1786639485.815647428] [landing_scout_1]: [scout_1] Landing controller state: FLIGHT
