[INFO] [1786646795.541807213] [landing_scout_1]: [scout_1] Landing Controller: ONLINE
[INFO] [1786646800.590623362] [landing_scout_1]: [scout_1] Landing controller state: IDLE
[INFO] [1786646805.590737218] [landing_scout_1]: [scout_1] Landing controller state: IDLE
[INFO] [1786646810.591040278] [landing_scout_1]: [scout_1] Landing controller state: IDLE
[INFO] [1786646815.590634375] [landing_scout_1]: [scout_1] Landing controller state: IDLE
[INFO] [1786646820.590833654] [landing_scout_1]: [scout_1] Landing controller state: IDLE
[INFO] [1786646825.590599777] [landing_scout_1]: [scout_1] Landing controller state: IDLE
[INFO] [1786646830.591252405] [landing_scout_1]: [scout_1] Landing controller state: IDLE
[INFO] [1786646835.590715976] [landing_scout_1]: [scout_1] Landing controller state: IDLE
[INFO] [1786646840.590844585] [landing_scout_1]: [scout_1] Landing controller state: IDLE
[INFO] [1786646845.590640399] [landing_scout_1]: [scout_1] Landing controller state: IDLE
[INFO] [1786646850.591128698] [landing_scout_1]: [scout_1] Landing controller state: IDLE
[INFO] [1786646855.590784343] [landing_scout_1]: [scout_1] Landing controller state: IDLE
[INFO] [1786646860.590859462] [landing_scout_1]: [scout_1] Landing controller state: IDLE
[INFO] [1786646865.590725056] [landing_scout_1]: [scout_1] Landing controller state: IDLE
[INFO] [1786646870.118794232] [landing_scout_1]: [scout_1] 🚀 Jump detected → FLIGHT mode (contact detection blanked 100 s for launch)
[INFO] [1786646870.160464835] [landing_scout_1]: [scout_1] 📏 CALIBSERIES t=0.0s v=0.00875 m/s (vx=-0.00004 vy=-0.00000 vz=-0.00875)
[INFO] [1786646870.590760718] [landing_scout_1]: [scout_1] Landing controller state: FLIGHT
[INFO] [1786646872.164768643] [landing_scout_1]: [scout_1] 📏 CALIBSERIES t=2.0s v=0.00890 m/s (vx=0.00003 vy=0.00000 vz=-0.00890)
[INFO] [1786646874.165005271] [landing_scout_1]: [scout_1] 📏 CALIBSERIES t=4.0s v=0.00912 m/s (vx=-0.00001 vy=-0.00000 vz=-0.00912)
[INFO] [1786646874.165671424] [landing_scout_1]: [scout_1] 📏 CALIBSTABLE t=4.0s v=0.00912 m/s (vx=-0.00001 vy=-0.00000 vz=-0.00912) -- 3 consecutive samples steady
[INFO] [1786646875.590755525] [landing_scout_1]: [scout_1] Landing controller state: FLIGHT
