[INFO] [1786637909.526042384] [landing_scout_1]: [scout_1] Landing Controller: ONLINE
[INFO] [1786637914.579147467] [landing_scout_1]: [scout_1] Landing controller state: IDLE
[INFO] [1786637919.579130358] [landing_scout_1]: [scout_1] Landing controller state: IDLE
[INFO] [1786637924.578438011] [landing_scout_1]: [scout_1] Landing controller state: IDLE
[INFO] [1786637929.578476137] [landing_scout_1]: [scout_1] Landing controller state: IDLE
[INFO] [1786637934.578418088] [landing_scout_1]: [scout_1] Landing controller state: IDLE
[INFO] [1786637939.578355931] [landing_scout_1]: [scout_1] Landing controller state: IDLE
[INFO] [1786637944.578533261] [landing_scout_1]: [scout_1] Landing controller state: IDLE
[INFO] [1786637949.578331415] [landing_scout_1]: [scout_1] Landing controller state: IDLE
[INFO] [1786637954.578386983] [landing_scout_1]: [scout_1] Landing controller state: IDLE
[INFO] [1786637959.579192505] [landing_scout_1]: [scout_1] Landing controller state: IDLE
[INFO] [1786637964.578388863] [landing_scout_1]: [scout_1] Landing controller state: IDLE
[INFO] [1786637969.578900458] [landing_scout_1]: [scout_1] Landing controller state: IDLE
[INFO] [1786637974.578864983] [landing_scout_1]: [scout_1] Landing controller state: IDLE
[INFO] [1786637979.578588528] [landing_scout_1]: [scout_1] Landing controller state: IDLE
[INFO] [1786637984.215698710] [landing_scout_1]: [scout_1] 🚀 Jump detected → FLIGHT mode (contact detection blanked 100 s for launch)
[INFO] [1786637984.261524390] [landing_scout_1]: [scout_1] 📏 CALIBSERIES t=0.0s v=0.00894 m/s (vx=0.00010 vy=-0.00001 vz=-0.00894)
[INFO] [1786637984.578478368] [landing_scout_1]: [scout_1] Landing controller state: FLIGHT
[INFO] [1786637986.261490338] [landing_scout_1]: [scout_1] 📏 CALIBSERIES t=2.0s v=0.00910 m/s (vx=0.00016 vy=-0.00000 vz=-0.00910)
[INFO] [1786637988.262119156] [landing_scout_1]: [scout_1] 📏 CALIBSERIES t=4.0s v=0.00933 m/s (vx=0.00013 vy=-0.00000 vz=-0.00933)
[INFO] [1786637988.262769801] [landing_scout_1]: [scout_1] 📏 CALIBSTABLE t=4.0s v=0.00933 m/s (vx=0.00013 vy=-0.00000 vz=-0.00933) -- 3 consecutive samples steady
[INFO] [1786637989.578359202] [landing_scout_1]: [scout_1] Landing controller state: FLIGHT
