[INFO] [1786638705.637065642] [landing_scout_1]: [scout_1] Landing Controller: ONLINE
[INFO] [1786638710.680412044] [landing_scout_1]: [scout_1] Landing controller state: IDLE
[INFO] [1786638715.680566863] [landing_scout_1]: [scout_1] Landing controller state: IDLE
[INFO] [1786638720.680406770] [landing_scout_1]: [scout_1] Landing controller state: IDLE
[INFO] [1786638725.680277453] [landing_scout_1]: [scout_1] Landing controller state: IDLE
[INFO] [1786638730.680482904] [landing_scout_1]: [scout_1] Landing controller state: IDLE
[INFO] [1786638735.680257268] [landing_scout_1]: [scout_1] Landing controller state: IDLE
[INFO] [1786638740.681790921] [landing_scout_1]: [scout_1] Landing controller state: IDLE
[INFO] [1786638745.680558932] [landing_scout_1]: [scout_1] Landing controller state: IDLE
[INFO] [1786638750.680515348] [landing_scout_1]: [scout_1] Landing controller state: IDLE
[INFO] [1786638755.680908144] [landing_scout_1]: [scout_1] Landing controller state: IDLE
[INFO] [1786638760.680432906] [landing_scout_1]: [scout_1] Landing controller state: IDLE
[INFO] [1786638765.680604778] [landing_scout_1]: [scout_1] Landing controller state: IDLE
[INFO] [1786638770.680478688] [landing_scout_1]: [scout_1] Landing controller state: IDLE
[INFO] [1786638775.680574729] [landing_scout_1]: [scout_1] Landing controller state: IDLE
[INFO] [1786638780.366414514] [landing_scout_1]: [scout_1] 🚀 Jump detected → FLIGHT mode (contact detection blanked 100 s for launch)
[INFO] [1786638780.368389741] [landing_scout_1]: [scout_1] 📏 CALIBSERIES t=0.0s v=0.00889 m/s (vx=0.00012 vy=-0.00000 vz=-0.00889)
[INFO] [1786638780.680988629] [landing_scout_1]: [scout_1] Landing controller state: FLIGHT
[INFO] [1786638782.388789891] [landing_scout_1]: [scout_1] 📏 CALIBSERIES t=2.0s v=0.00911 m/s (vx=0.00017 vy=-0.00000 vz=-0.00911)
[INFO] [1786638784.417233222] [landing_scout_1]: [scout_1] 📏 CALIBSERIES t=4.1s v=0.00934 m/s (vx=0.00013 vy=-0.00000 vz=-0.00934)
[INFO] [1786638784.418133985] [landing_scout_1]: [scout_1] 📏 CALIBSTABLE t=4.1s v=0.00934 m/s (vx=0.00013 vy=-0.00000 vz=-0.00934) -- 3 consecutive samples steady
[INFO] [1786638785.680666085] [landing_scout_1]: [scout_1] Landing controller state: FLIGHT
