[INFO] [1786646709.361065716] [landing_scout_1]: [scout_1] Landing Controller: ONLINE
[INFO] [1786646714.418769215] [landing_scout_1]: [scout_1] Landing controller state: IDLE
[INFO] [1786646719.418717291] [landing_scout_1]: [scout_1] Landing controller state: IDLE
[INFO] [1786646724.418759588] [landing_scout_1]: [scout_1] Landing controller state: IDLE
[INFO] [1786646729.419165903] [landing_scout_1]: [scout_1] Landing controller state: IDLE
[INFO] [1786646734.418708625] [landing_scout_1]: [scout_1] Landing controller state: IDLE
[INFO] [1786646739.418694637] [landing_scout_1]: [scout_1] Landing controller state: IDLE
[INFO] [1786646744.418712010] [landing_scout_1]: [scout_1] Landing controller state: IDLE
[INFO] [1786646749.418795247] [landing_scout_1]: [scout_1] Landing controller state: IDLE
[INFO] [1786646754.418825547] [landing_scout_1]: [scout_1] Landing controller state: IDLE
[INFO] [1786646759.418777556] [landing_scout_1]: [scout_1] Landing controller state: IDLE
[INFO] [1786646764.418869322] [landing_scout_1]: [scout_1] Landing controller state: IDLE
[INFO] [1786646769.418943420] [landing_scout_1]: [scout_1] Landing controller state: IDLE
[INFO] [1786646774.419211681] [landing_scout_1]: [scout_1] Landing controller state: IDLE
[INFO] [1786646779.419202742] [landing_scout_1]: [scout_1] Landing controller state: IDLE
[INFO] [1786646783.982135544] [landing_scout_1]: [scout_1] 🚀 Jump detected → FLIGHT mode (contact detection blanked 100 s for launch)
[INFO] [1786646784.003945176] [landing_scout_1]: [scout_1] 📏 CALIBSERIES t=0.0s v=0.00857 m/s (vx=-0.00001 vy=-0.00000 vz=-0.00857)
[INFO] [1786646784.418873511] [landing_scout_1]: [scout_1] Landing controller state: FLIGHT
[INFO] [1786646786.048918106] [landing_scout_1]: [scout_1] 📏 CALIBSERIES t=2.1s v=0.00876 m/s (vx=0.00003 vy=0.00000 vz=-0.00876)
[INFO] [1786646788.097483220] [landing_scout_1]: [scout_1] 📏 CALIBSERIES t=4.1s v=0.00898 m/s (vx=-0.00000 vy=0.00000 vz=-0.00898)
[INFO] [1786646788.098127582] [landing_scout_1]: [scout_1] 📏 CALIBSTABLE t=4.1s v=0.00898 m/s (vx=-0.00000 vy=0.00000 vz=-0.00898) -- 3 consecutive samples steady
[INFO] [1786646789.418831192] [landing_scout_1]: [scout_1] Landing controller state: FLIGHT
