[INFO] [1786637995.722276457] [landing_scout_1]: [scout_1] Landing Controller: ONLINE
[INFO] [1786638000.769461376] [landing_scout_1]: [scout_1] Landing controller state: IDLE
[INFO] [1786638005.769262689] [landing_scout_1]: [scout_1] Landing controller state: IDLE
[INFO] [1786638010.769836111] [landing_scout_1]: [scout_1] Landing controller state: IDLE
[INFO] [1786638015.769470589] [landing_scout_1]: [scout_1] Landing controller state: IDLE
[INFO] [1786638020.769797528] [landing_scout_1]: [scout_1] Landing controller state: IDLE
[INFO] [1786638025.770729923] [landing_scout_1]: [scout_1] Landing controller state: IDLE
[INFO] [1786638030.769279204] [landing_scout_1]: [scout_1] Landing controller state: IDLE
[INFO] [1786638035.769216287] [landing_scout_1]: [scout_1] Landing controller state: IDLE
[INFO] [1786638040.769779078] [landing_scout_1]: [scout_1] Landing controller state: IDLE
[INFO] [1786638045.769451886] [landing_scout_1]: [scout_1] Landing controller state: IDLE
[INFO] [1786638050.769269449] [landing_scout_1]: [scout_1] Landing controller state: IDLE
[INFO] [1786638055.769395171] [landing_scout_1]: [scout_1] Landing controller state: IDLE
[INFO] [1786638060.770010153] [landing_scout_1]: [scout_1] Landing controller state: IDLE
[INFO] [1786638065.769248273] [landing_scout_1]: [scout_1] Landing controller state: IDLE
[INFO] [1786638070.402155941] [landing_scout_1]: [scout_1] 🚀 Jump detected → FLIGHT mode (contact detection blanked 100 s for launch)
[INFO] [1786638070.425616789] [landing_scout_1]: [scout_1] 📏 CALIBSERIES t=0.0s v=0.00890 m/s (vx=0.00011 vy=-0.00000 vz=-0.00889)
[INFO] [1786638070.769327463] [landing_scout_1]: [scout_1] Landing controller state: FLIGHT
[INFO] [1786638072.428246894] [landing_scout_1]: [scout_1] 📏 CALIBSERIES t=2.0s v=0.00909 m/s (vx=0.00016 vy=-0.00000 vz=-0.00909)
[INFO] [1786638074.430020959] [landing_scout_1]: [scout_1] 📏 CALIBSERIES t=4.0s v=0.00932 m/s (vx=0.00013 vy=-0.00000 vz=-0.00932)
[INFO] [1786638074.430607400] [landing_scout_1]: [scout_1] 📏 CALIBSTABLE t=4.0s v=0.00932 m/s (vx=0.00013 vy=-0.00000 vz=-0.00932) -- 3 consecutive samples steady
[INFO] [1786638075.769641889] [landing_scout_1]: [scout_1] Landing controller state: FLIGHT
