[INFO] [1786646623.156586469] [landing_scout_1]: [scout_1] Landing Controller: ONLINE
[INFO] [1786646628.219094973] [landing_scout_1]: [scout_1] Landing controller state: IDLE
[INFO] [1786646633.218627717] [landing_scout_1]: [scout_1] Landing controller state: IDLE
[INFO] [1786646638.218560728] [landing_scout_1]: [scout_1] Landing controller state: IDLE
[INFO] [1786646643.218497933] [landing_scout_1]: [scout_1] Landing controller state: IDLE
[INFO] [1786646648.218425014] [landing_scout_1]: [scout_1] Landing controller state: IDLE
[INFO] [1786646653.218645994] [landing_scout_1]: [scout_1] Landing controller state: IDLE
[INFO] [1786646658.219069448] [landing_scout_1]: [scout_1] Landing controller state: IDLE
[INFO] [1786646663.218474400] [landing_scout_1]: [scout_1] Landing controller state: IDLE
[INFO] [1786646668.218323480] [landing_scout_1]: [scout_1] Landing controller state: IDLE
[INFO] [1786646673.218579743] [landing_scout_1]: [scout_1] Landing controller state: IDLE
[INFO] [1786646678.218379032] [landing_scout_1]: [scout_1] Landing controller state: IDLE
[INFO] [1786646683.218490448] [landing_scout_1]: [scout_1] Landing controller state: IDLE
[INFO] [1786646688.218883050] [landing_scout_1]: [scout_1] Landing controller state: IDLE
[INFO] [1786646693.218723136] [landing_scout_1]: [scout_1] Landing controller state: IDLE
[INFO] [1786646697.731934676] [landing_scout_1]: [scout_1] 🚀 Jump detected → FLIGHT mode (contact detection blanked 100 s for launch)
[INFO] [1786646697.771645581] [landing_scout_1]: [scout_1] 📏 CALIBSERIES t=0.0s v=0.00854 m/s (vx=0.00032 vy=0.00001 vz=-0.00854)
[INFO] [1786646698.218447567] [landing_scout_1]: [scout_1] Landing controller state: FLIGHT
[INFO] [1786646699.782802112] [landing_scout_1]: [scout_1] 📏 CALIBSERIES t=2.1s v=0.00869 m/s (vx=0.00045 vy=-0.00000 vz=-0.00868)
[INFO] [1786646701.792101056] [landing_scout_1]: [scout_1] 📏 CALIBSERIES t=4.1s v=0.00889 m/s (vx=0.00017 vy=-0.00000 vz=-0.00889)
[INFO] [1786646701.792636744] [landing_scout_1]: [scout_1] 📏 CALIBSTABLE t=4.1s v=0.00889 m/s (vx=0.00017 vy=-0.00000 vz=-0.00889) -- 3 consecutive samples steady
[INFO] [1786646703.218574918] [landing_scout_1]: [scout_1] Landing controller state: FLIGHT
