[INFO] [1786639060.569902691] [landing_scout_1]: [scout_1] Landing Controller: ONLINE
[INFO] [1786639065.613095495] [landing_scout_1]: [scout_1] Landing controller state: IDLE
[INFO] [1786639070.613550157] [landing_scout_1]: [scout_1] Landing controller state: IDLE
[INFO] [1786639075.613660281] [landing_scout_1]: [scout_1] Landing controller state: IDLE
[INFO] [1786639080.612909716] [landing_scout_1]: [scout_1] Landing controller state: IDLE
[INFO] [1786639085.613008643] [landing_scout_1]: [scout_1] Landing controller state: IDLE
[INFO] [1786639090.612929934] [landing_scout_1]: [scout_1] Landing controller state: IDLE
[INFO] [1786639095.613731223] [landing_scout_1]: [scout_1] Landing controller state: IDLE
[INFO] [1786639100.613083849] [landing_scout_1]: [scout_1] Landing controller state: IDLE
[INFO] [1786639105.613229781] [landing_scout_1]: [scout_1] Landing controller state: IDLE
[INFO] [1786639110.613058292] [landing_scout_1]: [scout_1] Landing controller state: IDLE
[INFO] [1786639115.613127982] [landing_scout_1]: [scout_1] Landing controller state: IDLE
[INFO] [1786639120.613709489] [landing_scout_1]: [scout_1] Landing controller state: IDLE
[INFO] [1786639125.612991202] [landing_scout_1]: [scout_1] Landing controller state: IDLE
[INFO] [1786639125.811875194] [landing_scout_1]: [scout_1] 🛫 Airborne while IDLE (v=0.080 m/s, free-fall accel) → FLIGHT mode armed
[INFO] [1786639130.613073662] [landing_scout_1]: [scout_1] Landing controller state: FLIGHT
[INFO] [1786639135.370486232] [landing_scout_1]: [scout_1] 🚀 Jump detected → FLIGHT mode (contact detection blanked 100 s for launch)
[INFO] [1786639135.399529291] [landing_scout_1]: [scout_1] 📏 CALIBSERIES t=0.0s v=0.00891 m/s (vx=0.00001 vy=-0.00000 vz=-0.00891)
[INFO] [1786639135.613088495] [landing_scout_1]: [scout_1] Landing controller state: FLIGHT
[INFO] [1786639137.448929829] [landing_scout_1]: [scout_1] 📏 CALIBSERIES t=2.1s v=0.00912 m/s (vx=0.00006 vy=0.00000 vz=-0.00912)
[INFO] [1786639139.479561353] [landing_scout_1]: [scout_1] 📏 CALIBSERIES t=4.1s v=0.00935 m/s (vx=0.00002 vy=-0.00000 vz=-0.00935)
[INFO] [1786639139.479994942] [landing_scout_1]: [scout_1] 📏 CALIBSTABLE t=4.1s v=0.00935 m/s (vx=0.00002 vy=-0.00000 vz=-0.00935) -- 3 consecutive samples steady
[INFO] [1786639140.613128728] [landing_scout_1]: [scout_1] Landing controller state: FLIGHT
