[INFO] [1786638436.917761697] [landing_scout_1]: [scout_1] Landing Controller: ONLINE
[INFO] [1786638441.972850693] [landing_scout_1]: [scout_1] Landing controller state: IDLE
[INFO] [1786638446.972234443] [landing_scout_1]: [scout_1] Landing controller state: IDLE
[INFO] [1786638451.972192911] [landing_scout_1]: [scout_1] Landing controller state: IDLE
[INFO] [1786638456.972159389] [landing_scout_1]: [scout_1] Landing controller state: IDLE
[INFO] [1786638461.973103522] [landing_scout_1]: [scout_1] Landing controller state: IDLE
[INFO] [1786638466.972663910] [landing_scout_1]: [scout_1] Landing controller state: IDLE
[INFO] [1786638471.972224843] [landing_scout_1]: [scout_1] Landing controller state: IDLE
[INFO] [1786638476.972309063] [landing_scout_1]: [scout_1] Landing controller state: IDLE
[INFO] [1786638481.972207673] [landing_scout_1]: [scout_1] Landing controller state: IDLE
[INFO] [1786638486.972743524] [landing_scout_1]: [scout_1] Landing controller state: IDLE
[INFO] [1786638491.973201993] [landing_scout_1]: [scout_1] Landing controller state: IDLE
[INFO] [1786638496.973066527] [landing_scout_1]: [scout_1] Landing controller state: IDLE
[INFO] [1786638501.972221598] [landing_scout_1]: [scout_1] Landing controller state: IDLE
[INFO] [1786638506.972436204] [landing_scout_1]: [scout_1] Landing controller state: IDLE
[INFO] [1786638511.586506405] [landing_scout_1]: [scout_1] 🚀 Jump detected → FLIGHT mode (contact detection blanked 100 s for launch)
[INFO] [1786638511.624934960] [landing_scout_1]: [scout_1] 📏 CALIBSERIES t=0.0s v=0.00892 m/s (vx=-0.00005 vy=-0.00000 vz=-0.00892)
[INFO] [1786638511.972627872] [landing_scout_1]: [scout_1] Landing controller state: FLIGHT
[INFO] [1786638513.674346281] [landing_scout_1]: [scout_1] 📏 CALIBSERIES t=2.1s v=0.00911 m/s (vx=0.00000 vy=0.00000 vz=-0.00911)
[INFO] [1786638515.693101086] [landing_scout_1]: [scout_1] 📏 CALIBSERIES t=4.1s v=0.00933 m/s (vx=-0.00003 vy=0.00000 vz=-0.00933)
[INFO] [1786638515.693670013] [landing_scout_1]: [scout_1] 📏 CALIBSTABLE t=4.1s v=0.00933 m/s (vx=-0.00003 vy=0.00000 vz=-0.00933) -- 3 consecutive samples steady
[INFO] [1786638516.972427838] [landing_scout_1]: [scout_1] Landing controller state: FLIGHT
