[INFO] [1786639146.922191196] [landing_scout_1]: [scout_1] Landing Controller: ONLINE
[INFO] [1786639151.966871075] [landing_scout_1]: [scout_1] Landing controller state: IDLE
[INFO] [1786639156.966980007] [landing_scout_1]: [scout_1] Landing controller state: IDLE
[INFO] [1786639161.967108726] [landing_scout_1]: [scout_1] Landing controller state: IDLE
[INFO] [1786639166.967682921] [landing_scout_1]: [scout_1] Landing controller state: IDLE
[INFO] [1786639171.967531799] [landing_scout_1]: [scout_1] Landing controller state: IDLE
[INFO] [1786639176.967116042] [landing_scout_1]: [scout_1] Landing controller state: IDLE
[INFO] [1786639181.966955631] [landing_scout_1]: [scout_1] Landing controller state: IDLE
[INFO] [1786639186.967116074] [landing_scout_1]: [scout_1] Landing controller state: IDLE
[INFO] [1786639191.967167827] [landing_scout_1]: [scout_1] Landing controller state: IDLE
[INFO] [1786639196.966994246] [landing_scout_1]: [scout_1] Landing controller state: IDLE
[INFO] [1786639201.967072568] [landing_scout_1]: [scout_1] Landing controller state: IDLE
[INFO] [1786639206.967522429] [landing_scout_1]: [scout_1] Landing controller state: IDLE
[INFO] [1786639211.967693302] [landing_scout_1]: [scout_1] Landing controller state: IDLE
[INFO] [1786639216.967528818] [landing_scout_1]: [scout_1] Landing controller state: IDLE
[INFO] [1786639221.603021233] [landing_scout_1]: [scout_1] 🚀 Jump detected → FLIGHT mode (contact detection blanked 100 s for launch)
[INFO] [1786639221.618966679] [landing_scout_1]: [scout_1] 📏 CALIBSERIES t=0.0s v=0.00890 m/s (vx=0.00012 vy=0.00000 vz=-0.00890)
[INFO] [1786639221.966994608] [landing_scout_1]: [scout_1] Landing controller state: FLIGHT
[INFO] [1786639223.664820058] [landing_scout_1]: [scout_1] 📏 CALIBSERIES t=2.1s v=0.00912 m/s (vx=0.00017 vy=0.00000 vz=-0.00912)
[INFO] [1786639225.682504899] [landing_scout_1]: [scout_1] 📏 CALIBSERIES t=4.1s v=0.00935 m/s (vx=0.00013 vy=0.00000 vz=-0.00934)
[INFO] [1786639225.683406721] [landing_scout_1]: [scout_1] 📏 CALIBSTABLE t=4.1s v=0.00935 m/s (vx=0.00013 vy=0.00000 vz=-0.00934) -- 3 consecutive samples steady
[INFO] [1786639226.966969162] [landing_scout_1]: [scout_1] Landing controller state: FLIGHT
