[INFO] [1786646536.934691515] [landing_scout_1]: [scout_1] Landing Controller: ONLINE
[INFO] [1786646541.996135843] [landing_scout_1]: [scout_1] Landing controller state: IDLE
[INFO] [1786646546.995556917] [landing_scout_1]: [scout_1] Landing controller state: IDLE
[INFO] [1786646551.995433154] [landing_scout_1]: [scout_1] Landing controller state: IDLE
[INFO] [1786646556.995938882] [landing_scout_1]: [scout_1] Landing controller state: IDLE
[INFO] [1786646561.995288589] [landing_scout_1]: [scout_1] Landing controller state: IDLE
[INFO] [1786646566.995171333] [landing_scout_1]: [scout_1] Landing controller state: IDLE
[INFO] [1786646571.995399800] [landing_scout_1]: [scout_1] Landing controller state: IDLE
[INFO] [1786646576.995176113] [landing_scout_1]: [scout_1] Landing controller state: IDLE
[INFO] [1786646581.995298636] [landing_scout_1]: [scout_1] Landing controller state: IDLE
[INFO] [1786646586.995441696] [landing_scout_1]: [scout_1] Landing controller state: IDLE
[INFO] [1786646591.995302250] [landing_scout_1]: [scout_1] Landing controller state: IDLE
[INFO] [1786646596.995926948] [landing_scout_1]: [scout_1] Landing controller state: IDLE
[INFO] [1786646601.995458133] [landing_scout_1]: [scout_1] Landing controller state: IDLE
[INFO] [1786646606.995394685] [landing_scout_1]: [scout_1] Landing controller state: IDLE
[INFO] [1786646611.467852600] [landing_scout_1]: [scout_1] 🚀 Jump detected → FLIGHT mode (contact detection blanked 100 s for launch)
[INFO] [1786646611.508800197] [landing_scout_1]: [scout_1] 📏 CALIBSERIES t=0.0s v=0.00854 m/s (vx=0.00003 vy=0.00000 vz=-0.00854)
[INFO] [1786646611.995331520] [landing_scout_1]: [scout_1] Landing controller state: FLIGHT
[INFO] [1786646613.517164283] [landing_scout_1]: [scout_1] 📏 CALIBSERIES t=2.0s v=0.00873 m/s (vx=0.00009 vy=0.00000 vz=-0.00873)
[INFO] [1786646615.529156801] [landing_scout_1]: [scout_1] 📏 CALIBSERIES t=4.1s v=0.00893 m/s (vx=0.00005 vy=-0.00000 vz=-0.00893)
[INFO] [1786646615.529867444] [landing_scout_1]: [scout_1] 📏 CALIBSTABLE t=4.1s v=0.00893 m/s (vx=0.00005 vy=-0.00000 vz=-0.00893) -- 3 consecutive samples steady
[INFO] [1786646616.995878778] [landing_scout_1]: [scout_1] Landing controller state: FLIGHT
