[INFO] [1786638523.069331803] [landing_scout_1]: [scout_1] Landing Controller: ONLINE
[INFO] [1786638528.116395910] [landing_scout_1]: [scout_1] Landing controller state: IDLE
[INFO] [1786638533.116392116] [landing_scout_1]: [scout_1] Landing controller state: IDLE
[INFO] [1786638538.115807679] [landing_scout_1]: [scout_1] Landing controller state: IDLE
[INFO] [1786638543.115844921] [landing_scout_1]: [scout_1] Landing controller state: IDLE
[INFO] [1786638548.116313671] [landing_scout_1]: [scout_1] Landing controller state: IDLE
[INFO] [1786638553.116458669] [landing_scout_1]: [scout_1] Landing controller state: IDLE
[INFO] [1786638558.116069766] [landing_scout_1]: [scout_1] Landing controller state: IDLE
[INFO] [1786638563.115884359] [landing_scout_1]: [scout_1] Landing controller state: IDLE
[INFO] [1786638568.116226871] [landing_scout_1]: [scout_1] Landing controller state: IDLE
[INFO] [1786638573.115901485] [landing_scout_1]: [scout_1] Landing controller state: IDLE
[INFO] [1786638578.116283744] [landing_scout_1]: [scout_1] Landing controller state: IDLE
[INFO] [1786638583.116503223] [landing_scout_1]: [scout_1] Landing controller state: IDLE
[INFO] [1786638588.116485207] [landing_scout_1]: [scout_1] Landing controller state: IDLE
[INFO] [1786638593.115996716] [landing_scout_1]: [scout_1] Landing controller state: IDLE
[INFO] [1786638597.776532306] [landing_scout_1]: [scout_1] 🚀 Jump detected → FLIGHT mode (contact detection blanked 100 s for launch)
[INFO] [1786638597.810569412] [landing_scout_1]: [scout_1] 📏 CALIBSERIES t=0.0s v=0.00892 m/s (vx=-0.00005 vy=0.00000 vz=-0.00892)
[INFO] [1786638598.115824885] [landing_scout_1]: [scout_1] Landing controller state: FLIGHT
[INFO] [1786638599.857940725] [landing_scout_1]: [scout_1] 📏 CALIBSERIES t=2.1s v=0.00911 m/s (vx=0.00000 vy=0.00000 vz=-0.00911)
[INFO] [1786638601.858263668] [landing_scout_1]: [scout_1] 📏 CALIBSERIES t=4.1s v=0.00934 m/s (vx=-0.00003 vy=0.00000 vz=-0.00934)
[INFO] [1786638601.858881630] [landing_scout_1]: [scout_1] 📏 CALIBSTABLE t=4.1s v=0.00934 m/s (vx=-0.00003 vy=0.00000 vz=-0.00934) -- 3 consecutive samples steady
[INFO] [1786638603.116094958] [landing_scout_1]: [scout_1] Landing controller state: FLIGHT
