[INFO] [1786639319.413272933] [landing_scout_1]: [scout_1] Landing Controller: ONLINE
[INFO] [1786639324.461725374] [landing_scout_1]: [scout_1] Landing controller state: IDLE
[INFO] [1786639329.462122526] [landing_scout_1]: [scout_1] Landing controller state: IDLE
[INFO] [1786639334.462252959] [landing_scout_1]: [scout_1] Landing controller state: IDLE
[INFO] [1786639339.461856564] [landing_scout_1]: [scout_1] Landing controller state: IDLE
[INFO] [1786639344.461710284] [landing_scout_1]: [scout_1] Landing controller state: IDLE
[INFO] [1786639349.462468073] [landing_scout_1]: [scout_1] Landing controller state: IDLE
[INFO] [1786639354.461968017] [landing_scout_1]: [scout_1] Landing controller state: IDLE
[INFO] [1786639359.462259749] [landing_scout_1]: [scout_1] Landing controller state: IDLE
[INFO] [1786639364.461911878] [landing_scout_1]: [scout_1] Landing controller state: IDLE
[INFO] [1786639369.461655465] [landing_scout_1]: [scout_1] Landing controller state: IDLE
[INFO] [1786639374.461865386] [landing_scout_1]: [scout_1] Landing controller state: IDLE
[INFO] [1786639379.462336361] [landing_scout_1]: [scout_1] Landing controller state: IDLE
[INFO] [1786639384.461893167] [landing_scout_1]: [scout_1] Landing controller state: IDLE
[INFO] [1786639389.462405329] [landing_scout_1]: [scout_1] Landing controller state: IDLE
[INFO] [1786639394.280762340] [landing_scout_1]: [scout_1] 🚀 Jump detected → FLIGHT mode (contact detection blanked 100 s for launch)
[INFO] [1786639394.315532375] [landing_scout_1]: [scout_1] 📏 CALIBSERIES t=0.0s v=0.00893 m/s (vx=0.00011 vy=-0.00000 vz=-0.00893)
[INFO] [1786639394.461921843] [landing_scout_1]: [scout_1] Landing controller state: FLIGHT
[INFO] [1786639396.363211905] [landing_scout_1]: [scout_1] 📏 CALIBSERIES t=2.1s v=0.00914 m/s (vx=0.00016 vy=-0.00000 vz=-0.00914)
[INFO] [1786639398.379540790] [landing_scout_1]: [scout_1] 📏 CALIBSERIES t=4.1s v=0.00937 m/s (vx=0.00013 vy=-0.00000 vz=-0.00937)
[INFO] [1786639398.379988814] [landing_scout_1]: [scout_1] 📏 CALIBSTABLE t=4.1s v=0.00937 m/s (vx=0.00013 vy=-0.00000 vz=-0.00937) -- 3 consecutive samples steady
[INFO] [1786639399.461681159] [landing_scout_1]: [scout_1] Landing controller state: FLIGHT
