[INFO] [1786637468.395350974] [landing_scout_1]: [scout_1] Landing Controller: ONLINE
[INFO] [1786637473.448944458] [landing_scout_1]: [scout_1] Landing controller state: IDLE
[INFO] [1786637478.448324777] [landing_scout_1]: [scout_1] Landing controller state: IDLE
[INFO] [1786637483.448235970] [landing_scout_1]: [scout_1] Landing controller state: IDLE
[INFO] [1786637488.448425193] [landing_scout_1]: [scout_1] Landing controller state: IDLE
[INFO] [1786637493.448151784] [landing_scout_1]: [scout_1] Landing controller state: IDLE
[INFO] [1786637498.448478657] [landing_scout_1]: [scout_1] Landing controller state: IDLE
[INFO] [1786637503.448329881] [landing_scout_1]: [scout_1] Landing controller state: IDLE
[INFO] [1786637508.448763998] [landing_scout_1]: [scout_1] Landing controller state: IDLE
[INFO] [1786637513.448446444] [landing_scout_1]: [scout_1] Landing controller state: IDLE
[INFO] [1786637518.448516127] [landing_scout_1]: [scout_1] Landing controller state: IDLE
[INFO] [1786637523.448505209] [landing_scout_1]: [scout_1] Landing controller state: IDLE
[INFO] [1786637528.448300003] [landing_scout_1]: [scout_1] Landing controller state: IDLE
[INFO] [1786637533.448261956] [landing_scout_1]: [scout_1] Landing controller state: IDLE
[INFO] [1786637538.448618236] [landing_scout_1]: [scout_1] Landing controller state: IDLE
[INFO] [1786637543.056775341] [landing_scout_1]: [scout_1] 🚀 Jump detected → FLIGHT mode (contact detection blanked 100 s for launch)
[INFO] [1786637543.065803112] [landing_scout_1]: [scout_1] 📏 CALIBSERIES t=0.0s v=0.00859 m/s (vx=0.00003 vy=-0.00000 vz=-0.00859)
[INFO] [1786637543.448476799] [landing_scout_1]: [scout_1] Landing controller state: FLIGHT
[INFO] [1786637545.105979493] [landing_scout_1]: [scout_1] 📏 CALIBSERIES t=2.0s v=0.00880 m/s (vx=0.00007 vy=0.00000 vz=-0.00880)
[INFO] [1786637547.107898630] [landing_scout_1]: [scout_1] 📏 CALIBSERIES t=4.1s v=0.00901 m/s (vx=0.00003 vy=-0.00000 vz=-0.00901)
[INFO] [1786637547.108554207] [landing_scout_1]: [scout_1] 📏 CALIBSTABLE t=4.1s v=0.00901 m/s (vx=0.00003 vy=-0.00000 vz=-0.00901) -- 3 consecutive samples steady
[INFO] [1786637548.448528551] [landing_scout_1]: [scout_1] Landing controller state: FLIGHT
