[INFO] [1786637640.932258309] [landing_scout_1]: [scout_1] Landing Controller: ONLINE
[INFO] [1786637645.975393251] [landing_scout_1]: [scout_1] Landing controller state: IDLE
[INFO] [1786637650.974767723] [landing_scout_1]: [scout_1] Landing controller state: IDLE
[INFO] [1786637655.975166401] [landing_scout_1]: [scout_1] Landing controller state: IDLE
[INFO] [1786637660.975597240] [landing_scout_1]: [scout_1] Landing controller state: IDLE
[INFO] [1786637665.974920735] [landing_scout_1]: [scout_1] Landing controller state: IDLE
[INFO] [1786637670.974920405] [landing_scout_1]: [scout_1] Landing controller state: IDLE
[INFO] [1786637675.974799637] [landing_scout_1]: [scout_1] Landing controller state: IDLE
[INFO] [1786637680.975027604] [landing_scout_1]: [scout_1] Landing controller state: IDLE
[INFO] [1786637685.974918960] [landing_scout_1]: [scout_1] Landing controller state: IDLE
[INFO] [1786637690.975335784] [landing_scout_1]: [scout_1] Landing controller state: IDLE
[INFO] [1786637695.974782652] [landing_scout_1]: [scout_1] Landing controller state: IDLE
[INFO] [1786637700.974946444] [landing_scout_1]: [scout_1] Landing controller state: IDLE
[INFO] [1786637705.974789188] [landing_scout_1]: [scout_1] Landing controller state: IDLE
[INFO] [1786637710.974777657] [landing_scout_1]: [scout_1] Landing controller state: IDLE
[INFO] [1786637715.508330841] [landing_scout_1]: [scout_1] 🚀 Jump detected → FLIGHT mode (contact detection blanked 100 s for launch)
[INFO] [1786637715.530897196] [landing_scout_1]: [scout_1] 📏 CALIBSERIES t=0.0s v=0.00861 m/s (vx=0.00018 vy=-0.00000 vz=-0.00861)
[INFO] [1786637715.974790185] [landing_scout_1]: [scout_1] Landing controller state: FLIGHT
[INFO] [1786637717.546631358] [landing_scout_1]: [scout_1] 📏 CALIBSERIES t=2.0s v=0.00880 m/s (vx=0.00021 vy=-0.00000 vz=-0.00880)
[INFO] [1786637719.579310355] [landing_scout_1]: [scout_1] 📏 CALIBSERIES t=4.1s v=0.00902 m/s (vx=0.00013 vy=-0.00000 vz=-0.00902)
[INFO] [1786637719.579959626] [landing_scout_1]: [scout_1] 📏 CALIBSTABLE t=4.1s v=0.00902 m/s (vx=0.00013 vy=-0.00000 vz=-0.00902) -- 3 consecutive samples steady
[INFO] [1786637720.975064424] [landing_scout_1]: [scout_1] Landing controller state: FLIGHT
