[INFO] [1786637737.145502217] [landing_scout_1]: [scout_1] Landing Controller: ONLINE
[INFO] [1786637742.189676607] [landing_scout_1]: [scout_1] Landing controller state: IDLE
[INFO] [1786637747.189628063] [landing_scout_1]: [scout_1] Landing controller state: IDLE
[INFO] [1786637752.190559832] [landing_scout_1]: [scout_1] Landing controller state: IDLE
[INFO] [1786637757.189668977] [landing_scout_1]: [scout_1] Landing controller state: IDLE
[INFO] [1786637762.190233620] [landing_scout_1]: [scout_1] Landing controller state: IDLE
[INFO] [1786637767.189750832] [landing_scout_1]: [scout_1] Landing controller state: IDLE
[INFO] [1786637772.190108267] [landing_scout_1]: [scout_1] Landing controller state: IDLE
[INFO] [1786637777.189677950] [landing_scout_1]: [scout_1] Landing controller state: IDLE
[INFO] [1786637782.189626593] [landing_scout_1]: [scout_1] Landing controller state: IDLE
[INFO] [1786637787.189609697] [landing_scout_1]: [scout_1] Landing controller state: IDLE
[INFO] [1786637792.190177593] [landing_scout_1]: [scout_1] Landing controller state: IDLE
[INFO] [1786637797.189570070] [landing_scout_1]: [scout_1] Landing controller state: IDLE
[INFO] [1786637802.190177126] [landing_scout_1]: [scout_1] Landing controller state: IDLE
[INFO] [1786637807.189597166] [landing_scout_1]: [scout_1] Landing controller state: IDLE
[INFO] [1786637811.838774772] [landing_scout_1]: [scout_1] 🚀 Jump detected → FLIGHT mode (contact detection blanked 100 s for launch)
[INFO] [1786637811.859341297] [landing_scout_1]: [scout_1] 📏 CALIBSERIES t=0.0s v=0.00889 m/s (vx=0.00002 vy=-0.00000 vz=-0.00889)
[INFO] [1786637812.189658990] [landing_scout_1]: [scout_1] Landing controller state: FLIGHT
[INFO] [1786637813.860186683] [landing_scout_1]: [scout_1] 📏 CALIBSERIES t=2.0s v=0.00909 m/s (vx=0.00008 vy=0.00000 vz=-0.00909)
[INFO] [1786637815.863007987] [landing_scout_1]: [scout_1] 📏 CALIBSERIES t=4.0s v=0.00932 m/s (vx=0.00004 vy=-0.00000 vz=-0.00932)
[INFO] [1786637815.863542198] [landing_scout_1]: [scout_1] 📏 CALIBSTABLE t=4.0s v=0.00932 m/s (vx=0.00004 vy=-0.00000 vz=-0.00932) -- 3 consecutive samples steady
[INFO] [1786637817.189598426] [landing_scout_1]: [scout_1] Landing controller state: FLIGHT
