[INFO] [1786638178.295048924] [landing_scout_1]: [scout_1] Landing Controller: ONLINE
[INFO] [1786638183.333817001] [landing_scout_1]: [scout_1] Landing controller state: IDLE
[INFO] [1786638188.334298024] [landing_scout_1]: [scout_1] Landing controller state: IDLE
[INFO] [1786638193.334451220] [landing_scout_1]: [scout_1] Landing controller state: IDLE
[INFO] [1786638198.334277821] [landing_scout_1]: [scout_1] Landing controller state: IDLE
[INFO] [1786638203.333839968] [landing_scout_1]: [scout_1] Landing controller state: IDLE
[INFO] [1786638208.333910534] [landing_scout_1]: [scout_1] Landing controller state: IDLE
[INFO] [1786638213.334506144] [landing_scout_1]: [scout_1] Landing controller state: IDLE
[INFO] [1786638218.333909165] [landing_scout_1]: [scout_1] Landing controller state: IDLE
[INFO] [1786638223.333874204] [landing_scout_1]: [scout_1] Landing controller state: IDLE
[INFO] [1786638228.333866149] [landing_scout_1]: [scout_1] Landing controller state: IDLE
[INFO] [1786638233.334847540] [landing_scout_1]: [scout_1] Landing controller state: IDLE
[INFO] [1786638238.334778231] [landing_scout_1]: [scout_1] Landing controller state: IDLE
[INFO] [1786638243.333984570] [landing_scout_1]: [scout_1] Landing controller state: IDLE
[INFO] [1786638248.334115048] [landing_scout_1]: [scout_1] Landing controller state: IDLE
[INFO] [1786638253.053239465] [landing_scout_1]: [scout_1] 🚀 Jump detected → FLIGHT mode (contact detection blanked 100 s for launch)
[INFO] [1786638253.087849189] [landing_scout_1]: [scout_1] 📏 CALIBSERIES t=0.0s v=0.00893 m/s (vx=0.00002 vy=-0.00000 vz=-0.00893)
[INFO] [1786638253.334529331] [landing_scout_1]: [scout_1] Landing controller state: FLIGHT
[INFO] [1786638255.137106309] [landing_scout_1]: [scout_1] 📏 CALIBSERIES t=2.1s v=0.00912 m/s (vx=0.00007 vy=0.00000 vz=-0.00912)
[INFO] [1786638257.137617999] [landing_scout_1]: [scout_1] 📏 CALIBSERIES t=4.1s v=0.00935 m/s (vx=0.00004 vy=0.00000 vz=-0.00935)
[INFO] [1786638257.138546706] [landing_scout_1]: [scout_1] 📏 CALIBSTABLE t=4.1s v=0.00935 m/s (vx=0.00004 vy=0.00000 vz=-0.00935) -- 3 consecutive samples steady
[INFO] [1786638258.333999708] [landing_scout_1]: [scout_1] Landing controller state: FLIGHT
