[INFO] [1786639233.080897970] [landing_scout_1]: [scout_1] Landing Controller: ONLINE
[INFO] [1786639238.126857396] [landing_scout_1]: [scout_1] Landing controller state: IDLE
[INFO] [1786639243.126829946] [landing_scout_1]: [scout_1] Landing controller state: IDLE
[INFO] [1786639248.126778195] [landing_scout_1]: [scout_1] Landing controller state: IDLE
[INFO] [1786639253.126964820] [landing_scout_1]: [scout_1] Landing controller state: IDLE
[INFO] [1786639258.126478917] [landing_scout_1]: [scout_1] Landing controller state: IDLE
[INFO] [1786639263.126228448] [landing_scout_1]: [scout_1] Landing controller state: IDLE
[INFO] [1786639268.126835439] [landing_scout_1]: [scout_1] Landing controller state: IDLE
[INFO] [1786639273.126245432] [landing_scout_1]: [scout_1] Landing controller state: IDLE
[INFO] [1786639278.126222956] [landing_scout_1]: [scout_1] Landing controller state: IDLE
[INFO] [1786639283.126263945] [landing_scout_1]: [scout_1] Landing controller state: IDLE
[INFO] [1786639288.126272918] [landing_scout_1]: [scout_1] Landing controller state: IDLE
[INFO] [1786639293.126733261] [landing_scout_1]: [scout_1] Landing controller state: IDLE
[INFO] [1786639298.126577409] [landing_scout_1]: [scout_1] Landing controller state: IDLE
[INFO] [1786639303.127276058] [landing_scout_1]: [scout_1] Landing controller state: IDLE
[INFO] [1786639307.835483557] [landing_scout_1]: [scout_1] 🚀 Jump detected → FLIGHT mode (contact detection blanked 100 s for launch)
[INFO] [1786639307.842397804] [landing_scout_1]: [scout_1] 📏 CALIBSERIES t=0.0s v=0.00891 m/s (vx=0.00012 vy=-0.00000 vz=-0.00891)
[INFO] [1786639308.127027725] [landing_scout_1]: [scout_1] Landing controller state: FLIGHT
[INFO] [1786639309.896563830] [landing_scout_1]: [scout_1] 📏 CALIBSERIES t=2.1s v=0.00913 m/s (vx=0.00029 vy=0.00002 vz=-0.00913)
[INFO] [1786639311.912837370] [landing_scout_1]: [scout_1] 📏 CALIBSERIES t=4.1s v=0.00936 m/s (vx=0.00015 vy=0.00002 vz=-0.00936)
[INFO] [1786639311.913498301] [landing_scout_1]: [scout_1] 📏 CALIBSTABLE t=4.1s v=0.00936 m/s (vx=0.00015 vy=0.00002 vz=-0.00936) -- 3 consecutive samples steady
[INFO] [1786639313.126361263] [landing_scout_1]: [scout_1] Landing controller state: FLIGHT
