[INFO] [1786646354.162781407] [landing_scout_1]: [scout_1] Landing Controller: ONLINE
[INFO] [1786646359.218835782] [landing_scout_1]: [scout_1] Landing controller state: IDLE
[INFO] [1786646364.218810321] [landing_scout_1]: [scout_1] Landing controller state: IDLE
[INFO] [1786646369.218798484] [landing_scout_1]: [scout_1] Landing controller state: IDLE
[INFO] [1786646374.218319270] [landing_scout_1]: [scout_1] Landing controller state: IDLE
[INFO] [1786646379.218240257] [landing_scout_1]: [scout_1] Landing controller state: IDLE
[INFO] [1786646384.218041260] [landing_scout_1]: [scout_1] Landing controller state: IDLE
[INFO] [1786646389.220179252] [landing_scout_1]: [scout_1] Landing controller state: IDLE
[INFO] [1786646394.218440250] [landing_scout_1]: [scout_1] Landing controller state: IDLE
[INFO] [1786646399.218178132] [landing_scout_1]: [scout_1] Landing controller state: IDLE
[INFO] [1786646404.218467212] [landing_scout_1]: [scout_1] Landing controller state: IDLE
[INFO] [1786646409.218510245] [landing_scout_1]: [scout_1] Landing controller state: IDLE
[INFO] [1786646414.218228237] [landing_scout_1]: [scout_1] Landing controller state: IDLE
[INFO] [1786646419.218130199] [landing_scout_1]: [scout_1] Landing controller state: IDLE
[INFO] [1786646424.218292467] [landing_scout_1]: [scout_1] Landing controller state: IDLE
[INFO] [1786646428.949133095] [landing_scout_1]: [scout_1] 🚀 Jump detected → FLIGHT mode (contact detection blanked 100 s for launch)
[INFO] [1786646428.959607789] [landing_scout_1]: [scout_1] 📏 CALIBSERIES t=0.0s v=0.00889 m/s (vx=0.00012 vy=-0.00000 vz=-0.00889)
[INFO] [1786646429.218225727] [landing_scout_1]: [scout_1] Landing controller state: FLIGHT
[INFO] [1786646430.968234211] [landing_scout_1]: [scout_1] 📏 CALIBSERIES t=2.0s v=0.00910 m/s (vx=0.00017 vy=-0.00000 vz=-0.00910)
[INFO] [1786646432.969142534] [landing_scout_1]: [scout_1] 📏 CALIBSERIES t=4.0s v=0.00933 m/s (vx=0.00012 vy=-0.00000 vz=-0.00933)
[INFO] [1786646432.969861767] [landing_scout_1]: [scout_1] 📏 CALIBSTABLE t=4.0s v=0.00933 m/s (vx=0.00012 vy=-0.00000 vz=-0.00933) -- 3 consecutive samples steady
[INFO] [1786646434.218392265] [landing_scout_1]: [scout_1] Landing controller state: FLIGHT
