[20:07:59] === starting 0p5ms world, 5 repeats ===
[20:08:09] --- 0p5ms repeat 1/5 ---
[20:09:20]   [0p5ms rep1] ready check done: landed=False, speed=0.007495414499913977
[20:09:36]   [0p5ms rep1] STABILIZED: delivered=0.00902 ratio=0.211 t=4.0s
[20:09:36] --- 0p5ms repeat 2/5 ---
[20:10:46]   [0p5ms rep2] ready check done: landed=False, speed=0.007511633684093979
[20:11:02]   [0p5ms rep2] STABILIZED: delivered=0.00911 ratio=0.213 t=4.0s
[20:11:02] --- 0p5ms repeat 3/5 ---
[20:12:12]   [0p5ms rep3] ready check done: landed=False, speed=0.007511671021082237
[20:12:28]   [0p5ms rep3] STABILIZED: delivered=0.00905 ratio=0.212 t=4.0s
[20:12:28] --- 0p5ms repeat 4/5 ---
[20:13:39]   [0p5ms rep4] ready check done: landed=False, speed=0.007517324265764916
[20:13:55]   [0p5ms rep4] STABILIZED: delivered=0.00907 ratio=0.212 t=4.0s
[20:13:55] --- 0p5ms repeat 5/5 ---
[20:15:05]   [0p5ms rep5] ready check done: landed=False, speed=0.007488824219964451
[20:15:21]   [0p5ms rep5] STABILIZED: delivered=0.00907 ratio=0.212 t=4.0s
[20:15:21] === starting 1ms world, 5 repeats ===
[20:15:31] --- 1ms repeat 1/5 ---
[20:16:41]   [1ms rep1] ready check done: landed=False, speed=0.007723328999986734
[20:16:57]   [1ms rep1] STABILIZED: delivered=0.00936 ratio=0.219 t=4.0s
[20:16:57] --- 1ms repeat 2/5 ---
[20:18:07]   [1ms rep2] ready check done: landed=False, speed=0.0077159519538683025
[20:18:23]   [1ms rep2] STABILIZED: delivered=0.00936 ratio=0.219 t=4.0s
[20:18:23] --- 1ms repeat 3/5 ---
[20:19:34]   [1ms rep3] ready check done: landed=False, speed=0.007721557306420748
[20:19:49]   [1ms rep3] STABILIZED: delivered=0.00936 ratio=0.219 t=4.0s
[20:19:49] --- 1ms repeat 4/5 ---
[20:21:00]   [1ms rep4] ready check done: landed=False, speed=0.007715929783057042
[20:21:16]   [1ms rep4] STABILIZED: delivered=0.00929 ratio=0.217 t=4.0s
[20:21:16] --- 1ms repeat 5/5 ---
[20:22:26]   [1ms rep5] ready check done: landed=False, speed=0.0077215476231547245
[20:22:42]   [1ms rep5] STABILIZED: delivered=0.00937 ratio=0.219 t=4.0s
[20:22:42] === starting 2ms world, 5 repeats ===
[20:22:52] --- 2ms repeat 1/5 ---
[20:24:02]   [2ms rep1] ready check done: landed=False, speed=0.007734558000027647
[20:24:18]   [2ms rep1] STABILIZED: delivered=0.00938 ratio=0.219 t=4.0s
[20:24:18] --- 2ms repeat 2/5 ---
[20:25:29]   [2ms rep2] ready check done: landed=False, speed=0.007725525001746971
[20:25:45]   [2ms rep2] STABILIZED: delivered=0.00935 ratio=0.219 t=4.0s
[20:25:45] --- 2ms repeat 3/5 ---
[20:26:55]   [2ms rep3] ready check done: landed=False, speed=0.007725505105926047
[20:27:11]   [2ms rep3] STABILIZED: delivered=0.00936 ratio=0.219 t=4.0s
[20:27:11] --- 2ms repeat 4/5 ---
[20:28:21]   [2ms rep4] ready check done: landed=False, speed=0.007725524392018848
[20:28:37]   [2ms rep4] STABILIZED: delivered=0.00936 ratio=0.219 t=4.0s
[20:28:37] --- 2ms repeat 5/5 ---
[20:29:47]   [2ms rep5] ready check done: landed=False, speed=0.0077255240654693705
[20:30:03]   [2ms rep5] STABILIZED: delivered=0.00931 ratio=0.217 t=4.0s
[20:30:03] === starting 4ms world, 5 repeats ===
[20:30:13] --- 4ms repeat 1/5 ---
[20:31:23]   [4ms rep1] ready check done: landed=False, speed=0.007735356000004856
[20:31:39]   [4ms rep1] STABILIZED: delivered=0.00936 ratio=0.219 t=4.0s
[20:31:39] --- 4ms repeat 2/5 ---
[20:32:50]   [4ms rep2] ready check done: landed=False, speed=0.0077223963263573035
[20:33:06]   [4ms rep2] STABILIZED: delivered=0.00938 ratio=0.219 t=4.0s
[20:33:06] --- 4ms repeat 3/5 ---
[20:34:16]   [4ms rep3] ready check done: landed=False, speed=0.007722709473681931
[20:34:32]   [4ms rep3] STABILIZED: delivered=0.00938 ratio=0.219 t=4.0s
[20:34:32] --- 4ms repeat 4/5 ---
[20:35:42]   [4ms rep4] ready check done: landed=False, speed=0.007728692370395674
[20:35:58]   [4ms rep4] STABILIZED: delivered=0.00934 ratio=0.218 t=4.0s
[20:35:58] --- 4ms repeat 5/5 ---
[20:37:08]   [4ms rep5] ready check done: landed=False, speed=0.007722452771878004
[20:37:24]   [4ms rep5] STABILIZED: delivered=0.00936 ratio=0.219 t=4.0s
[20:37:24] === starting 8ms world, 5 repeats ===
[20:37:34] --- 8ms repeat 1/5 ---
[20:38:45]   [8ms rep1] ready check done: landed=False, speed=0.00772965599999953
[20:39:01]   [8ms rep1] STABILIZED: delivered=0.00935 ratio=0.218 t=4.0s
[20:39:01] --- 8ms repeat 2/5 ---
[20:40:11]   [8ms rep2] ready check done: landed=False, speed=0.0077098505723627725
[20:40:27]   [8ms rep2] STABILIZED: delivered=0.00936 ratio=0.219 t=4.0s
[20:40:27] --- 8ms repeat 3/5 ---
[20:41:37]   [8ms rep3] ready check done: landed=False, speed=0.007716264037107832
[20:41:53]   [8ms rep3] STABILIZED: delivered=0.00938 ratio=0.219 t=4.0s
[20:41:53] --- 8ms repeat 4/5 ---
[20:43:03]   [8ms rep4] ready check done: landed=False, speed=0.007716249621024455
[20:43:20]   [8ms rep4] STABILIZED: delivered=0.00939 ratio=0.219 t=4.0s
[20:43:20] --- 8ms repeat 5/5 ---
[20:44:30]   [8ms rep5] ready check done: landed=False, speed=0.007716228840154568
[20:44:46]   [8ms rep5] STABILIZED: delivered=0.00939 ratio=0.219 t=4.0s
[20:44:46] === all repeats complete ===
[20:44:46] 0p5ms: n=5 stabilized (of 5, 0 no_separation) ratios=[0.211, 0.213, 0.212, 0.212, 0.212] mean=0.2118 range=0.0021
[20:44:46] 1ms: n=5 stabilized (of 5, 0 no_separation) ratios=[0.219, 0.219, 0.219, 0.217, 0.219] mean=0.2184 range=0.0017
[20:44:46] 2ms: n=5 stabilized (of 5, 0 no_separation) ratios=[0.219, 0.219, 0.219, 0.219, 0.217] mean=0.2185 range=0.0017
[20:44:46] 4ms: n=5 stabilized (of 5, 0 no_separation) ratios=[0.219, 0.219, 0.219, 0.218, 0.219] mean=0.2188 range=0.0009
[20:44:46] 8ms: n=5 stabilized (of 5, 0 no_separation) ratios=[0.218, 0.219, 0.219, 0.219, 0.219] mean=0.2190 range=0.0010
