[INFO] [1786528213.640732508] [landing_scout_1]: [scout_1] Landing Controller: ONLINE
[INFO] [1786528218.679846760] [landing_scout_1]: [scout_1] Landing controller state: IDLE
[INFO] [1786528223.680538509] [landing_scout_1]: [scout_1] Landing controller state: IDLE
[INFO] [1786528228.680359113] [landing_scout_1]: [scout_1] Landing controller state: IDLE
[INFO] [1786528233.680570471] [landing_scout_1]: [scout_1] Landing controller state: IDLE
[INFO] [1786528238.679907053] [landing_scout_1]: [scout_1] Landing controller state: IDLE
[INFO] [1786528243.680691374] [landing_scout_1]: [scout_1] Landing controller state: IDLE
[INFO] [1786528248.680475623] [landing_scout_1]: [scout_1] Landing controller state: IDLE
[INFO] [1786528253.679964224] [landing_scout_1]: [scout_1] Landing controller state: IDLE
[INFO] [1786528258.680829814] [landing_scout_1]: [scout_1] Landing controller state: IDLE
[INFO] [1786528263.679801639] [landing_scout_1]: [scout_1] Landing controller state: IDLE
[INFO] [1786528268.680479618] [landing_scout_1]: [scout_1] Landing controller state: IDLE
[INFO] [1786528273.680319768] [landing_scout_1]: [scout_1] Landing controller state: IDLE
[INFO] [1786528278.680121148] [landing_scout_1]: [scout_1] Landing controller state: IDLE
[INFO] [1786528283.680535450] [landing_scout_1]: [scout_1] Landing controller state: IDLE
[INFO] [1786528288.679764252] [landing_scout_1]: [scout_1] Landing controller state: IDLE
[INFO] [1786528293.680424592] [landing_scout_1]: [scout_1] Landing controller state: IDLE
[INFO] [1786528298.680263027] [landing_scout_1]: [scout_1] Landing controller state: IDLE
[INFO] [1786528303.679958699] [landing_scout_1]: [scout_1] Landing controller state: IDLE
[INFO] [1786528308.679962086] [landing_scout_1]: [scout_1] Landing controller state: IDLE
[INFO] [1786528313.679946609] [landing_scout_1]: [scout_1] Landing controller state: IDLE
[INFO] [1786528318.680395502] [landing_scout_1]: [scout_1] Landing controller state: IDLE
[INFO] [1786528323.680041978] [landing_scout_1]: [scout_1] Landing controller state: IDLE
[INFO] [1786528328.680030182] [landing_scout_1]: [scout_1] Landing controller state: IDLE
[INFO] [1786528333.680050367] [landing_scout_1]: [scout_1] Landing controller state: IDLE
[INFO] [1786528338.679913123] [landing_scout_1]: [scout_1] Landing controller state: IDLE
[INFO] [1786528343.679937067] [landing_scout_1]: [scout_1] Landing controller state: IDLE
[INFO] [1786528348.680866643] [landing_scout_1]: [scout_1] Landing controller state: IDLE
[INFO] [1786528353.680297130] [landing_scout_1]: [scout_1] Landing controller state: IDLE
[INFO] [1786528358.680448797] [landing_scout_1]: [scout_1] Landing controller state: IDLE
[INFO] [1786528363.680036627] [landing_scout_1]: [scout_1] Landing controller state: IDLE
[INFO] [1786528368.680220339] [landing_scout_1]: [scout_1] Landing controller state: IDLE
[INFO] [1786528373.679979200] [landing_scout_1]: [scout_1] Landing controller state: IDLE
[INFO] [1786528378.680440523] [landing_scout_1]: [scout_1] Landing controller state: IDLE
[INFO] [1786528383.681740150] [landing_scout_1]: [scout_1] Landing controller state: IDLE
[INFO] [1786528388.680230320] [landing_scout_1]: [scout_1] Landing controller state: IDLE
[INFO] [1786528393.680213281] [landing_scout_1]: [scout_1] Landing controller state: IDLE
[INFO] [1786528398.680388233] [landing_scout_1]: [scout_1] Landing controller state: IDLE
[INFO] [1786528403.679896610] [landing_scout_1]: [scout_1] Landing controller state: IDLE
[INFO] [1786528408.680473281] [landing_scout_1]: [scout_1] Landing controller state: IDLE
[INFO] [1786528413.680105548] [landing_scout_1]: [scout_1] Landing controller state: IDLE
[INFO] [1786528418.680010821] [landing_scout_1]: [scout_1] Landing controller state: IDLE
[INFO] [1786528423.679924471] [landing_scout_1]: [scout_1] Landing controller state: IDLE
[INFO] [1786528428.680789500] [landing_scout_1]: [scout_1] Landing controller state: IDLE
[INFO] [1786528433.679876495] [landing_scout_1]: [scout_1] Landing controller state: IDLE
[INFO] [1786528438.679878342] [landing_scout_1]: [scout_1] Landing controller state: IDLE
[INFO] [1786528443.679790089] [landing_scout_1]: [scout_1] Landing controller state: IDLE
[INFO] [1786528448.679862468] [landing_scout_1]: [scout_1] Landing controller state: IDLE
[INFO] [1786528453.679874499] [landing_scout_1]: [scout_1] Landing controller state: IDLE
[INFO] [1786528458.680412434] [landing_scout_1]: [scout_1] Landing controller state: IDLE
[INFO] [1786528463.679904277] [landing_scout_1]: [scout_1] Landing controller state: IDLE
[INFO] [1786528468.679893738] [landing_scout_1]: [scout_1] Landing controller state: IDLE
[INFO] [1786528473.680561777] [landing_scout_1]: [scout_1] Landing controller state: IDLE
[INFO] [1786528478.680427122] [landing_scout_1]: [scout_1] Landing controller state: IDLE
[INFO] [1786528483.680465182] [landing_scout_1]: [scout_1] Landing controller state: IDLE
[INFO] [1786528488.679894987] [landing_scout_1]: [scout_1] Landing controller state: IDLE
[INFO] [1786528493.680094584] [landing_scout_1]: [scout_1] Landing controller state: IDLE
[INFO] [1786528498.680277136] [landing_scout_1]: [scout_1] Landing controller state: IDLE
[INFO] [1786528503.029087007] [landing_scout_1]: [scout_1] 🎯 Resting while IDLE (altitude static) — confirming ground contact
[INFO] [1786528503.679953752] [landing_scout_1]: [scout_1] Landing controller state: CONTACT
[WARN] [1786528505.030253956] [landing_scout_1]: [scout_1] ⚠️ Settled badly tilted/inverted — initiating RW righting roll
[INFO] [1786528505.041289220] [landing_scout_1]: [scout_1] 🔄 RW righting attempt 1/5: proportional roll, u_z=-1.00
[INFO] [1786528507.032678404] [landing_scout_1]: [scout_1] 📐 RIGHTTRACE attempt=1 u_z=-0.8532 w=64 omega=0.886 omega_roll=-0.498 dir=(-0.72,-0.70)
[INFO] [1786528508.679950169] [landing_scout_1]: [scout_1] Landing controller state: RIGHTING
[INFO] [1786528509.033597623] [landing_scout_1]: [scout_1] 📐 RIGHTTRACE attempt=1 u_z=0.4236 w=88 omega=1.115 omega_roll=-1.074 dir=(0.11,-0.99)
[INFO] [1786528511.035235583] [landing_scout_1]: [scout_1] 📐 RIGHTTRACE attempt=1 u_z=0.3691 w=90 omega=3.343 omega_roll=2.681 dir=(-0.70,-0.72)
[INFO] [1786528513.039034723] [landing_scout_1]: [scout_1] 📐 RIGHTTRACE attempt=1 u_z=0.5558 w=114 omega=1.168 omega_roll=-0.749 dir=(0.07,-1.00)
[INFO] [1786528513.679774284] [landing_scout_1]: [scout_1] Landing controller state: RIGHTING
[INFO] [1786528515.058611027] [landing_scout_1]: [scout_1] 📐 RIGHTTRACE attempt=1 u_z=0.5756 w=117 omega=3.465 omega_roll=2.636 dir=(-0.52,-0.85)
[INFO] [1786528517.058271069] [landing_scout_1]: [scout_1] 📐 RIGHTTRACE attempt=1 u_z=-0.1714 w=123 omega=4.008 omega_roll=3.674 dir=(0.36,-0.93)
[INFO] [1786528518.680027363] [landing_scout_1]: [scout_1] Landing controller state: RIGHTING
[INFO] [1786528519.061676510] [landing_scout_1]: [scout_1] 📐 RIGHTTRACE attempt=1 u_z=0.7675 w=134 omega=2.881 omega_roll=1.949 dir=(-1.00,-0.01)
[WARN] [1786528520.562058933] [landing_scout_1]: [scout_1] Still inverted (u_z=0.63), retrying with alternate roll axis/sign (attempt 2/5)
[INFO] [1786528520.570962211] [landing_scout_1]: [scout_1] 🔄 RW righting attempt 2/5: proportional roll, u_z=0.56
[INFO] [1786528522.560969363] [landing_scout_1]: [scout_1] 📐 RIGHTTRACE attempt=2 u_z=-0.1448 w=24 omega=2.355 omega_roll=-2.230 dir=(-0.02,1.00)
[INFO] [1786528523.679891002] [landing_scout_1]: [scout_1] Landing controller state: RIGHTING
[INFO] [1786528524.561877753] [landing_scout_1]: [scout_1] 📐 RIGHTTRACE attempt=2 u_z=-0.3247 w=38 omega=1.095 omega_roll=0.880 dir=(0.03,-1.00)
[INFO] [1786528526.561353760] [landing_scout_1]: [scout_1] 📐 RIGHTTRACE attempt=2 u_z=-0.9780 w=81 omega=1.026 omega_roll=0.472 dir=(0.98,0.21)
[INFO] [1786528528.561342404] [landing_scout_1]: [scout_1] 📐 RIGHTTRACE attempt=2 u_z=0.1397 w=101 omega=1.001 omega_roll=-0.630 dir=(-0.23,-0.97)
[INFO] [1786528528.680943343] [landing_scout_1]: [scout_1] Landing controller state: RIGHTING
[INFO] [1786528532.562642981] [landing_scout_1]: [scout_1] 📐 RIGHTTRACE attempt=2 u_z=0.5099 w=125 omega=1.914 omega_roll=-0.505 dir=(-0.29,-0.96)
[INFO] [1786528533.680415374] [landing_scout_1]: [scout_1] Landing controller state: RIGHTING
[INFO] [1786528534.565627553] [landing_scout_1]: [scout_1] 📐 RIGHTTRACE attempt=2 u_z=0.4753 w=130 omega=3.740 omega_roll=2.499 dir=(-0.41,-0.91)
[WARN] [1786528536.065411081] [landing_scout_1]: [scout_1] Still inverted (u_z=0.97), retrying with alternate roll axis/sign (attempt 3/5)
[INFO] [1786528536.075075632] [landing_scout_1]: [scout_1] 🔄 RW righting attempt 3/5: proportional roll, u_z=0.95
[INFO] [1786528538.065682093] [landing_scout_1]: [scout_1] 📐 RIGHTTRACE attempt=3 u_z=-0.8172 w=28 omega=1.949 omega_roll=-1.170 dir=(-0.06,1.00)
[INFO] [1786528538.680299537] [landing_scout_1]: [scout_1] Landing controller state: RIGHTING
[INFO] [1786528540.068768352] [landing_scout_1]: [scout_1] 📐 RIGHTTRACE attempt=3 u_z=-0.2603 w=47 omega=1.281 omega_roll=0.614 dir=(0.15,-0.99)
[INFO] [1786528542.069285206] [landing_scout_1]: [scout_1] 📐 RIGHTTRACE attempt=3 u_z=-0.5355 w=103 omega=0.676 omega_roll=-0.525 dir=(-0.03,-1.00)
[INFO] [1786528543.680240200] [landing_scout_1]: [scout_1] Landing controller state: RIGHTING
[INFO] [1786528544.069564528] [landing_scout_1]: [scout_1] 📐 RIGHTTRACE attempt=3 u_z=0.8845 w=123 omega=1.012 omega_roll=-0.996 dir=(0.10,-0.99)
[INFO] [1786528546.069073146] [landing_scout_1]: [scout_1] 📐 RIGHTTRACE attempt=3 u_z=-0.1588 w=135 omega=2.257 omega_roll=-1.040 dir=(0.55,-0.83)
[INFO] [1786528548.072676861] [landing_scout_1]: [scout_1] 📐 RIGHTTRACE attempt=3 u_z=0.8804 w=151 omega=2.167 omega_roll=1.420 dir=(0.98,0.21)
[INFO] [1786528548.679899608] [landing_scout_1]: [scout_1] Landing controller state: RIGHTING
[WARN] [1786528551.593284683] [landing_scout_1]: [scout_1] Still inverted (u_z=0.23), retrying with alternate roll axis/sign (attempt 4/5)
[INFO] [1786528551.603114760] [landing_scout_1]: [scout_1] 🔄 RW righting attempt 4/5: proportional roll, u_z=0.15
[INFO] [1786528553.593645788] [landing_scout_1]: [scout_1] 📐 RIGHTTRACE attempt=4 u_z=0.5427 w=26 omega=2.494 omega_roll=-2.438 dir=(0.14,0.99)
[INFO] [1786528553.680437341] [landing_scout_1]: [scout_1] Landing controller state: RIGHTING
[INFO] [1786528555.592891171] [landing_scout_1]: [scout_1] 📐 RIGHTTRACE attempt=4 u_z=-0.5074 w=39 omega=1.079 omega_roll=0.946 dir=(-0.04,-1.00)
[INFO] [1786528557.595451309] [landing_scout_1]: [scout_1] 📐 RIGHTTRACE attempt=4 u_z=-0.0548 w=65 omega=3.159 omega_roll=-2.382 dir=(0.42,0.91)
[INFO] [1786528558.680091854] [landing_scout_1]: [scout_1] Landing controller state: RIGHTING
[INFO] [1786528559.598289556] [landing_scout_1]: [scout_1] 📐 RIGHTTRACE attempt=4 u_z=0.1211 w=92 omega=1.030 omega_roll=-0.288 dir=(0.36,-0.93)
[INFO] [1786528563.601022154] [landing_scout_1]: [scout_1] 📐 RIGHTTRACE attempt=4 u_z=0.2688 w=117 omega=1.537 omega_roll=-1.184 dir=(0.46,-0.89)
[INFO] [1786528563.679990112] [landing_scout_1]: [scout_1] Landing controller state: RIGHTING
[INFO] [1786528565.601440316] [landing_scout_1]: [scout_1] 📐 RIGHTTRACE attempt=4 u_z=0.8617 w=125 omega=1.836 omega_roll=1.018 dir=(1.00,-0.04)
[WARN] [1786528567.103947385] [landing_scout_1]: [scout_1] Still inverted (u_z=0.09), retrying with alternate roll axis/sign (attempt 5/5)
[INFO] [1786528567.113666972] [landing_scout_1]: [scout_1] 🔄 RW righting attempt 5/5: proportional roll, u_z=0.01
