[INFO] [1786543324.479706838] [landing_scout_1]: [scout_1] Landing Controller: ONLINE
[INFO] [1786543329.518200638] [landing_scout_1]: [scout_1] Landing controller state: IDLE
[INFO] [1786543334.518190177] [landing_scout_1]: [scout_1] Landing controller state: IDLE
[INFO] [1786543339.518471118] [landing_scout_1]: [scout_1] Landing controller state: IDLE
[INFO] [1786543344.518419213] [landing_scout_1]: [scout_1] Landing controller state: IDLE
[INFO] [1786543349.518193286] [landing_scout_1]: [scout_1] Landing controller state: IDLE
[INFO] [1786543354.517950413] [landing_scout_1]: [scout_1] Landing controller state: IDLE
[INFO] [1786543359.517824134] [landing_scout_1]: [scout_1] Landing controller state: IDLE
[INFO] [1786543364.518317733] [landing_scout_1]: [scout_1] Landing controller state: IDLE
[INFO] [1786543369.518410610] [landing_scout_1]: [scout_1] Landing controller state: IDLE
[INFO] [1786543374.517654099] [landing_scout_1]: [scout_1] Landing controller state: IDLE
[INFO] [1786543379.518456499] [landing_scout_1]: [scout_1] Landing controller state: IDLE
[INFO] [1786543384.518158503] [landing_scout_1]: [scout_1] Landing controller state: IDLE
[INFO] [1786543389.518125107] [landing_scout_1]: [scout_1] Landing controller state: IDLE
[INFO] [1786543394.518664945] [landing_scout_1]: [scout_1] Landing controller state: IDLE
[INFO] [1786543399.518617941] [landing_scout_1]: [scout_1] Landing controller state: IDLE
[INFO] [1786543404.518312773] [landing_scout_1]: [scout_1] Landing controller state: IDLE
[INFO] [1786543409.518310695] [landing_scout_1]: [scout_1] Landing controller state: IDLE
[INFO] [1786543414.518016304] [landing_scout_1]: [scout_1] Landing controller state: IDLE
[INFO] [1786543419.518195630] [landing_scout_1]: [scout_1] Landing controller state: IDLE
[INFO] [1786543424.518154863] [landing_scout_1]: [scout_1] Landing controller state: IDLE
[INFO] [1786543429.518291546] [landing_scout_1]: [scout_1] Landing controller state: IDLE
[INFO] [1786543434.518325404] [landing_scout_1]: [scout_1] Landing controller state: IDLE
[INFO] [1786543439.518333614] [landing_scout_1]: [scout_1] Landing controller state: IDLE
[INFO] [1786543444.518356406] [landing_scout_1]: [scout_1] Landing controller state: IDLE
[INFO] [1786543445.562413621] [landing_scout_1]: [scout_1] 🎯 Resting while IDLE (altitude static) — confirming ground contact
[WARN] [1786543447.562588474] [landing_scout_1]: [scout_1] ⚠️ Settled badly tilted/inverted — initiating RW righting roll
[INFO] [1786543447.572619411] [landing_scout_1]: [scout_1] 🔄 RW righting attempt 1/5: proportional roll, u_z=-1.00
[INFO] [1786543449.517839446] [landing_scout_1]: [scout_1] Landing controller state: RIGHTING
[INFO] [1786543449.563962981] [landing_scout_1]: [scout_1] 📐 RIGHTTRACE attempt=1 u_z=-0.8922 w=71 omega=0.297 omega_roll=-0.296 dir=(-0.93,-0.36)
[INFO] [1786543451.566207417] [landing_scout_1]: [scout_1] 📐 RIGHTTRACE attempt=1 u_z=0.1204 w=105 omega=1.084 omega_roll=-0.963 dir=(-0.97,-0.24)
[INFO] [1786543453.566287072] [landing_scout_1]: [scout_1] 📐 RIGHTTRACE attempt=1 u_z=-0.2959 w=113 omega=4.141 omega_roll=3.303 dir=(-0.99,-0.13)
[INFO] [1786543454.517963555] [landing_scout_1]: [scout_1] Landing controller state: RIGHTING
[INFO] [1786543455.565757680] [landing_scout_1]: [scout_1] 📐 RIGHTTRACE attempt=1 u_z=0.4194 w=128 omega=4.234 omega_roll=2.540 dir=(-0.40,-0.92)
[INFO] [1786543457.567556521] [landing_scout_1]: [scout_1] 📐 RIGHTTRACE attempt=1 u_z=0.3985 w=139 omega=4.535 omega_roll=3.140 dir=(-0.18,-0.98)
[INFO] [1786543459.517768616] [landing_scout_1]: [scout_1] Landing controller state: RIGHTING
[INFO] [1786543459.567923785] [landing_scout_1]: [scout_1] 📐 RIGHTTRACE attempt=1 u_z=0.2808 w=153 omega=4.795 omega_roll=3.598 dir=(-0.02,-1.00)
[INFO] [1786543461.572340820] [landing_scout_1]: [scout_1] 📐 RIGHTTRACE attempt=1 u_z=0.1079 w=160 omega=5.108 omega_roll=3.803 dir=(-0.19,-0.98)
[WARN] [1786543463.072908070] [landing_scout_1]: [scout_1] Still inverted (u_z=0.25), retrying with alternate roll axis/sign (attempt 2/5)
[INFO] [1786543463.082231714] [landing_scout_1]: [scout_1] 🔄 RW righting attempt 2/5: proportional roll, u_z=0.14
[INFO] [1786543464.518530645] [landing_scout_1]: [scout_1] Landing controller state: RIGHTING
[INFO] [1786543467.073761873] [landing_scout_1]: [scout_1] 📐 RIGHTTRACE attempt=2 u_z=-0.9781 w=40 omega=1.378 omega_roll=-1.036 dir=(0.83,0.56)
[INFO] [1786543469.076676865] [landing_scout_1]: [scout_1] 📐 RIGHTTRACE attempt=2 u_z=0.0713 w=56 omega=0.912 omega_roll=0.672 dir=(-0.96,-0.27)
[INFO] [1786543469.518172958] [landing_scout_1]: [scout_1] Landing controller state: RIGHTING
[INFO] [1786543471.079772306] [landing_scout_1]: [scout_1] 📐 RIGHTTRACE attempt=2 u_z=0.1647 w=101 omega=0.781 omega_roll=-0.769 dir=(-0.97,-0.26)
[INFO] [1786543473.080041981] [landing_scout_1]: [scout_1] 📐 RIGHTTRACE attempt=2 u_z=0.6077 w=108 omega=2.620 omega_roll=1.109 dir=(-0.00,1.00)
[INFO] [1786543474.518018226] [landing_scout_1]: [scout_1] Landing controller state: RIGHTING
[INFO] [1786543477.082045852] [landing_scout_1]: [scout_1] 📐 RIGHTTRACE attempt=2 u_z=0.7377 w=141 omega=2.872 omega_roll=-1.151 dir=(-0.59,-0.81)
[WARN] [1786543478.583692725] [landing_scout_1]: [scout_1] Still inverted (u_z=-0.26), retrying with alternate roll axis/sign (attempt 3/5)
[INFO] [1786543478.592762492] [landing_scout_1]: [scout_1] 🔄 RW righting attempt 3/5: proportional roll, u_z=-0.26
[INFO] [1786543479.517904627] [landing_scout_1]: [scout_1] Landing controller state: RIGHTING
[INFO] [1786543480.591129861] [landing_scout_1]: [scout_1] 📐 RIGHTTRACE attempt=3 u_z=0.6366 w=27 omega=3.117 omega_roll=2.564 dir=(-0.86,-0.51)
[INFO] [1786543482.591676282] [landing_scout_1]: [scout_1] 📐 RIGHTTRACE attempt=3 u_z=-0.0769 w=52 omega=3.221 omega_roll=-2.003 dir=(1.00,-0.08)
[INFO] [1786543484.517837471] [landing_scout_1]: [scout_1] Landing controller state: RIGHTING
[INFO] [1786543484.614240337] [landing_scout_1]: [scout_1] 📐 RIGHTTRACE attempt=3 u_z=0.1582 w=71 omega=0.651 omega_roll=0.298 dir=(-0.97,-0.24)
[INFO] [1786543488.621412192] [landing_scout_1]: [scout_1] 📐 RIGHTTRACE attempt=3 u_z=-0.3668 w=112 omega=3.220 omega_roll=-0.729 dir=(-0.82,0.57)
[INFO] [1786543489.518258789] [landing_scout_1]: [scout_1] Landing controller state: RIGHTING
[INFO] [1786543490.622617482] [landing_scout_1]: [scout_1] 📐 RIGHTTRACE attempt=3 u_z=-0.5010 w=137 omega=4.483 omega_roll=2.006 dir=(0.46,0.89)
[INFO] [1786543492.623885189] [landing_scout_1]: [scout_1] 📐 RIGHTTRACE attempt=3 u_z=0.3474 w=155 omega=4.063 omega_roll=1.416 dir=(-0.58,0.82)
[WARN] [1786543494.125233985] [landing_scout_1]: [scout_1] Still inverted (u_z=-0.29), retrying with alternate roll axis/sign (attempt 4/5)
[INFO] [1786543494.135228741] [landing_scout_1]: [scout_1] 🔄 RW righting attempt 4/5: proportional roll, u_z=-0.39
[INFO] [1786543494.517805893] [landing_scout_1]: [scout_1] Landing controller state: RIGHTING
[INFO] [1786543496.128276760] [landing_scout_1]: [scout_1] 📐 RIGHTTRACE attempt=4 u_z=0.5460 w=18 omega=2.992 omega_roll=2.624 dir=(-0.98,-0.18)
[INFO] [1786543498.132191282] [landing_scout_1]: [scout_1] 📐 RIGHTTRACE attempt=4 u_z=0.6585 w=42 omega=3.565 omega_roll=-3.143 dir=(0.66,0.75)
[INFO] [1786543499.517757594] [landing_scout_1]: [scout_1] Landing controller state: RIGHTING
[INFO] [1786543500.132514152] [landing_scout_1]: [scout_1] 📐 RIGHTTRACE attempt=4 u_z=-0.8860 w=62 omega=0.893 omega_roll=0.660 dir=(-0.95,-0.32)
[INFO] [1786543502.134474238] [landing_scout_1]: [scout_1] 📐 RIGHTTRACE attempt=4 u_z=-0.3648 w=105 omega=4.020 omega_roll=0.624 dir=(0.58,0.82)
[INFO] [1786543504.135575943] [landing_scout_1]: [scout_1] 📐 RIGHTTRACE attempt=4 u_z=0.1501 w=121 omega=2.710 omega_roll=-0.354 dir=(-1.00,-0.06)
[INFO] [1786543504.518140154] [landing_scout_1]: [scout_1] Landing controller state: RIGHTING
[INFO] [1786543506.137310675] [landing_scout_1]: [scout_1] 📐 RIGHTTRACE attempt=4 u_z=-0.4544 w=128 omega=4.743 omega_roll=1.762 dir=(-0.74,-0.67)
[INFO] [1786543508.137164817] [landing_scout_1]: [scout_1] 📐 RIGHTTRACE attempt=4 u_z=0.0127 w=153 omega=4.780 omega_roll=2.290 dir=(0.78,-0.63)
[INFO] [1786543509.518313121] [landing_scout_1]: [scout_1] Landing controller state: RIGHTING
[WARN] [1786543509.639434703] [landing_scout_1]: [scout_1] Still inverted (u_z=-0.45), retrying with alternate roll axis/sign (attempt 5/5)
[INFO] [1786543509.649234528] [landing_scout_1]: [scout_1] 🔄 RW righting attempt 5/5: proportional roll, u_z=-0.56
[INFO] [1786543511.641822399] [landing_scout_1]: [scout_1] 📐 RIGHTTRACE attempt=5 u_z=0.1082 w=17 omega=2.864 omega_roll=0.608 dir=(-0.89,-0.45)
[INFO] [1786543513.642211821] [landing_scout_1]: [scout_1] 📐 RIGHTTRACE attempt=5 u_z=0.8505 w=66 omega=3.961 omega_roll=2.394 dir=(-0.61,-0.80)
[INFO] [1786543514.517839565] [landing_scout_1]: [scout_1] Landing controller state: RIGHTING
[INFO] [1786543515.663319953] [landing_scout_1]: [scout_1] 📐 RIGHTTRACE attempt=5 u_z=0.5394 w=106 omega=0.958 omega_roll=-0.605 dir=(-1.00,-0.01)
[INFO] [1786543517.663331976] [landing_scout_1]: [scout_1] 📐 RIGHTTRACE attempt=5 u_z=-0.0778 w=114 omega=4.247 omega_roll=1.813 dir=(-0.95,0.30)
[INFO] [1786543519.518352816] [landing_scout_1]: [scout_1] Landing controller state: RIGHTING
[INFO] [1786543521.685119247] [landing_scout_1]: [scout_1] 📐 RIGHTTRACE attempt=5 u_z=-0.9030 w=148 omega=4.855 omega_roll=4.015 dir=(-0.51,0.86)
[INFO] [1786543523.686786324] [landing_scout_1]: [scout_1] 📐 RIGHTTRACE attempt=5 u_z=-0.1868 w=160 omega=5.037 omega_roll=0.880 dir=(-0.84,0.54)
[INFO] [1786543524.517812017] [landing_scout_1]: [scout_1] Landing controller state: RIGHTING
[ERROR] [1786543525.189149116] [landing_scout_1]: [scout_1] ❌ Self-righting failed after 5 attempts — giving up, marking LANDED anyway so downstream logic (e.g. SAMPLER dispatch) does not hang forever. Robot may still be physically inverted.
