[INFO] [1786530106.315262887] [landing_scout_1]: [scout_1] Landing Controller: ONLINE
[INFO] [1786530111.351096770] [landing_scout_1]: [scout_1] Landing controller state: IDLE
[INFO] [1786530116.351074600] [landing_scout_1]: [scout_1] Landing controller state: IDLE
[INFO] [1786530121.350940233] [landing_scout_1]: [scout_1] Landing controller state: IDLE
[INFO] [1786530126.351322526] [landing_scout_1]: [scout_1] Landing controller state: IDLE
[INFO] [1786530131.350555403] [landing_scout_1]: [scout_1] Landing controller state: IDLE
[INFO] [1786530136.350871218] [landing_scout_1]: [scout_1] Landing controller state: IDLE
[INFO] [1786530141.350896882] [landing_scout_1]: [scout_1] Landing controller state: IDLE
[INFO] [1786530146.350448290] [landing_scout_1]: [scout_1] Landing controller state: IDLE
[INFO] [1786530151.350621821] [landing_scout_1]: [scout_1] Landing controller state: IDLE
[INFO] [1786530156.351075879] [landing_scout_1]: [scout_1] Landing controller state: IDLE
[INFO] [1786530161.350581317] [landing_scout_1]: [scout_1] Landing controller state: IDLE
[INFO] [1786530166.350565075] [landing_scout_1]: [scout_1] Landing controller state: IDLE
[INFO] [1786530171.350618437] [landing_scout_1]: [scout_1] Landing controller state: IDLE
[INFO] [1786530176.351015185] [landing_scout_1]: [scout_1] Landing controller state: IDLE
[INFO] [1786530181.350834175] [landing_scout_1]: [scout_1] Landing controller state: IDLE
[INFO] [1786530186.350594680] [landing_scout_1]: [scout_1] Landing controller state: IDLE
[INFO] [1786530191.351042053] [landing_scout_1]: [scout_1] Landing controller state: IDLE
[INFO] [1786530196.350673020] [landing_scout_1]: [scout_1] Landing controller state: IDLE
[INFO] [1786530201.350951743] [landing_scout_1]: [scout_1] Landing controller state: IDLE
[INFO] [1786530206.350905188] [landing_scout_1]: [scout_1] Landing controller state: IDLE
[INFO] [1786530211.350910919] [landing_scout_1]: [scout_1] Landing controller state: IDLE
[INFO] [1786530216.350638655] [landing_scout_1]: [scout_1] Landing controller state: IDLE
[INFO] [1786530221.351176671] [landing_scout_1]: [scout_1] Landing controller state: IDLE
[INFO] [1786530226.350535034] [landing_scout_1]: [scout_1] Landing controller state: IDLE
[INFO] [1786530227.199593715] [landing_scout_1]: [scout_1] 🎯 Resting while IDLE (altitude static) — confirming ground contact
[WARN] [1786530229.201633241] [landing_scout_1]: [scout_1] ⚠️ Settled badly tilted/inverted — initiating RW righting roll
[INFO] [1786530229.212101830] [landing_scout_1]: [scout_1] 🔄 RW righting attempt 1/5: proportional roll, u_z=-0.27
[INFO] [1786530231.221013438] [landing_scout_1]: [scout_1] 📐 RIGHTTRACE attempt=1 u_z=-0.5868 w=63 omega=0.663 omega_roll=-0.562 dir=(-0.27,0.96)
[INFO] [1786530231.351306063] [landing_scout_1]: [scout_1] Landing controller state: RIGHTING
[INFO] [1786530233.221686850] [landing_scout_1]: [scout_1] 📐 RIGHTTRACE attempt=1 u_z=0.8598 w=84 omega=1.118 omega_roll=-1.104 dir=(-0.87,0.50)
[INFO] [1786530235.222201369] [landing_scout_1]: [scout_1] 📐 RIGHTTRACE attempt=1 u_z=0.7915 w=85 omega=1.169 omega_roll=1.101 dir=(-0.81,0.58)
[INFO] [1786530236.350653622] [landing_scout_1]: [scout_1] Landing controller state: RIGHTING
[INFO] [1786530237.222639616] [landing_scout_1]: [scout_1] 📐 RIGHTTRACE attempt=1 u_z=0.1251 w=105 omega=3.902 omega_roll=-1.357 dir=(-0.53,0.85)
[INFO] [1786530239.225391998] [landing_scout_1]: [scout_1] 📐 RIGHTTRACE attempt=1 u_z=0.1967 w=115 omega=3.954 omega_roll=2.358 dir=(0.98,-0.22)
[INFO] [1786530241.227413692] [landing_scout_1]: [scout_1] 📐 RIGHTTRACE attempt=1 u_z=0.2560 w=130 omega=4.109 omega_roll=2.312 dir=(1.00,-0.08)
[INFO] [1786530241.351048785] [landing_scout_1]: [scout_1] Landing controller state: RIGHTING
[INFO] [1786530243.227300247] [landing_scout_1]: [scout_1] 📐 RIGHTTRACE attempt=1 u_z=0.4440 w=149 omega=3.997 omega_roll=0.855 dir=(1.00,-0.06)
[WARN] [1786530244.729337951] [landing_scout_1]: [scout_1] Still inverted (u_z=-0.36), retrying with alternate roll axis/sign (attempt 2/5)
[INFO] [1786530244.738546664] [landing_scout_1]: [scout_1] 🔄 RW righting attempt 2/5: proportional roll, u_z=-0.36
[INFO] [1786530246.350538844] [landing_scout_1]: [scout_1] Landing controller state: RIGHTING
[INFO] [1786530246.728445694] [landing_scout_1]: [scout_1] 📐 RIGHTTRACE attempt=2 u_z=0.8676 w=30 omega=2.862 omega_roll=2.767 dir=(0.77,-0.64)
[INFO] [1786530248.728844808] [landing_scout_1]: [scout_1] 📐 RIGHTTRACE attempt=2 u_z=-0.7543 w=52 omega=0.746 omega_roll=0.537 dir=(0.76,-0.65)
[INFO] [1786530250.730783512] [landing_scout_1]: [scout_1] 📐 RIGHTTRACE attempt=2 u_z=-0.2280 w=97 omega=1.001 omega_roll=-0.786 dir=(0.72,-0.69)
[INFO] [1786530251.351541793] [landing_scout_1]: [scout_1] Landing controller state: RIGHTING
[INFO] [1786530252.732771869] [landing_scout_1]: [scout_1] 📐 RIGHTTRACE attempt=2 u_z=0.5213 w=109 omega=2.951 omega_roll=1.482 dir=(-0.69,-0.73)
[INFO] [1786530254.735688490] [landing_scout_1]: [scout_1] 📐 RIGHTTRACE attempt=2 u_z=0.4118 w=122 omega=3.519 omega_roll=1.695 dir=(-0.45,-0.89)
[INFO] [1786530256.350659130] [landing_scout_1]: [scout_1] Landing controller state: RIGHTING
[INFO] [1786530256.735013213] [landing_scout_1]: [scout_1] 📐 RIGHTTRACE attempt=2 u_z=-0.0096 w=141 omega=4.428 omega_roll=2.285 dir=(-0.16,-0.99)
[INFO] [1786530258.737241396] [landing_scout_1]: [scout_1] 📐 RIGHTTRACE attempt=2 u_z=-0.2022 w=160 omega=4.763 omega_roll=2.462 dir=(-0.11,-0.99)
[WARN] [1786530260.237183894] [landing_scout_1]: [scout_1] Still inverted (u_z=-0.80), retrying with alternate roll axis/sign (attempt 3/5)
[INFO] [1786530260.247115679] [landing_scout_1]: [scout_1] 🔄 RW righting attempt 3/5: proportional roll, u_z=-0.80
[INFO] [1786530261.351332240] [landing_scout_1]: [scout_1] Landing controller state: RIGHTING
[INFO] [1786530262.238071318] [landing_scout_1]: [scout_1] 📐 RIGHTTRACE attempt=3 u_z=0.4571 w=16 omega=2.521 omega_roll=2.230 dir=(0.74,-0.67)
[INFO] [1786530264.236582160] [landing_scout_1]: [scout_1] 📐 RIGHTTRACE attempt=3 u_z=0.2617 w=41 omega=3.250 omega_roll=-2.872 dir=(-0.93,0.37)
[INFO] [1786530266.237576714] [landing_scout_1]: [scout_1] 📐 RIGHTTRACE attempt=3 u_z=-0.1460 w=57 omega=0.697 omega_roll=0.445 dir=(0.64,-0.77)
[INFO] [1786530266.351015738] [landing_scout_1]: [scout_1] Landing controller state: RIGHTING
[INFO] [1786530268.238548845] [landing_scout_1]: [scout_1] 📐 RIGHTTRACE attempt=3 u_z=0.6294 w=101 omega=0.897 omega_roll=-0.881 dir=(0.69,-0.73)
[INFO] [1786530270.258233409] [landing_scout_1]: [scout_1] 📐 RIGHTTRACE attempt=3 u_z=-0.7106 w=108 omega=4.394 omega_roll=-2.516 dir=(0.75,0.66)
[INFO] [1786530271.350553944] [landing_scout_1]: [scout_1] Landing controller state: RIGHTING
[INFO] [1786530272.259100141] [landing_scout_1]: [scout_1] 📐 RIGHTTRACE attempt=3 u_z=0.5965 w=126 omega=2.286 omega_roll=-1.141 dir=(0.92,-0.40)
[INFO] [1786530274.259275995] [landing_scout_1]: [scout_1] 📐 RIGHTTRACE attempt=3 u_z=0.2661 w=141 omega=2.808 omega_roll=-1.234 dir=(0.88,-0.47)
[WARN] [1786530275.759383229] [landing_scout_1]: [scout_1] Still inverted (u_z=-0.24), retrying with alternate roll axis/sign (attempt 4/5)
[INFO] [1786530275.769815849] [landing_scout_1]: [scout_1] 🔄 RW righting attempt 4/5: proportional roll, u_z=-0.24
[INFO] [1786530276.350948457] [landing_scout_1]: [scout_1] Landing controller state: RIGHTING
[INFO] [1786530277.762781926] [landing_scout_1]: [scout_1] 📐 RIGHTTRACE attempt=4 u_z=0.3044 w=28 omega=3.098 omega_roll=0.621 dir=(0.94,-0.33)
[INFO] [1786530279.764426125] [landing_scout_1]: [scout_1] 📐 RIGHTTRACE attempt=4 u_z=0.8430 w=65 omega=3.607 omega_roll=-3.131 dir=(-0.82,0.57)
[INFO] [1786530281.350593826] [landing_scout_1]: [scout_1] Landing controller state: RIGHTING
[INFO] [1786530281.766235286] [landing_scout_1]: [scout_1] 📐 RIGHTTRACE attempt=4 u_z=0.1666 w=94 omega=0.984 omega_roll=-0.519 dir=(0.84,-0.54)
[INFO] [1786530283.766142511] [landing_scout_1]: [scout_1] 📐 RIGHTTRACE attempt=4 u_z=0.8535 w=104 omega=2.627 omega_roll=1.236 dir=(0.81,0.58)
[INFO] [1786530286.350563308] [landing_scout_1]: [scout_1] Landing controller state: RIGHTING
[INFO] [1786530287.768018612] [landing_scout_1]: [scout_1] 📐 RIGHTTRACE attempt=4 u_z=-0.1899 w=134 omega=4.415 omega_roll=2.968 dir=(0.38,0.92)
[INFO] [1786530289.770584844] [landing_scout_1]: [scout_1] 📐 RIGHTTRACE attempt=4 u_z=0.2407 w=153 omega=4.323 omega_roll=1.882 dir=(0.96,0.26)
[WARN] [1786530291.270552234] [landing_scout_1]: [scout_1] Still inverted (u_z=-0.89), retrying with alternate roll axis/sign (attempt 5/5)
[INFO] [1786530291.280171826] [landing_scout_1]: [scout_1] 🔄 RW righting attempt 5/5: proportional roll, u_z=-0.89
[INFO] [1786530291.352040444] [landing_scout_1]: [scout_1] Landing controller state: RIGHTING
[INFO] [1786530293.271310466] [landing_scout_1]: [scout_1] 📐 RIGHTTRACE attempt=5 u_z=0.4103 w=15 omega=1.981 omega_roll=1.902 dir=(0.75,-0.66)
[INFO] [1786530295.271004933] [landing_scout_1]: [scout_1] 📐 RIGHTTRACE attempt=5 u_z=0.5846 w=40 omega=3.291 omega_roll=-3.189 dir=(-0.89,0.45)
[INFO] [1786530296.351597119] [landing_scout_1]: [scout_1] Landing controller state: RIGHTING
[INFO] [1786530297.271090092] [landing_scout_1]: [scout_1] 📐 RIGHTTRACE attempt=5 u_z=-0.5437 w=56 omega=0.799 omega_roll=0.643 dir=(0.71,-0.71)
[INFO] [1786530299.270955386] [landing_scout_1]: [scout_1] 📐 RIGHTTRACE attempt=5 u_z=-0.3092 w=102 omega=0.802 omega_roll=-0.783 dir=(0.81,-0.59)
[INFO] [1786530301.351259512] [landing_scout_1]: [scout_1] Landing controller state: RIGHTING
[INFO] [1786530303.274803208] [landing_scout_1]: [scout_1] 📐 RIGHTTRACE attempt=5 u_z=-0.0516 w=136 omega=4.800 omega_roll=1.241 dir=(-0.99,-0.12)
[INFO] [1786530305.275684340] [landing_scout_1]: [scout_1] 📐 RIGHTTRACE attempt=5 u_z=-0.3057 w=150 omega=4.934 omega_roll=2.499 dir=(-0.01,-1.00)
[INFO] [1786530306.350601451] [landing_scout_1]: [scout_1] Landing controller state: RIGHTING
[ERROR] [1786530306.776213169] [landing_scout_1]: [scout_1] ❌ Self-righting failed after 5 attempts — giving up, marking LANDED anyway so downstream logic (e.g. SAMPLER dispatch) does not hang forever. Robot may still be physically inverted.
