[INFO] [1786526178.130182334] [landing_scout_1]: [scout_1] Landing Controller: ONLINE
[INFO] [1786526183.167248357] [landing_scout_1]: [scout_1] Landing controller state: IDLE
[INFO] [1786526188.166875636] [landing_scout_1]: [scout_1] Landing controller state: IDLE
[INFO] [1786526193.166858600] [landing_scout_1]: [scout_1] Landing controller state: IDLE
[INFO] [1786526198.166832548] [landing_scout_1]: [scout_1] Landing controller state: IDLE
[INFO] [1786526203.166845341] [landing_scout_1]: [scout_1] Landing controller state: IDLE
[INFO] [1786526208.167018269] [landing_scout_1]: [scout_1] Landing controller state: IDLE
[INFO] [1786526213.166875871] [landing_scout_1]: [scout_1] Landing controller state: IDLE
[INFO] [1786526218.167452226] [landing_scout_1]: [scout_1] Landing controller state: IDLE
[INFO] [1786526223.167571331] [landing_scout_1]: [scout_1] Landing controller state: IDLE
[INFO] [1786526228.167459564] [landing_scout_1]: [scout_1] Landing controller state: IDLE
[INFO] [1786526233.167458290] [landing_scout_1]: [scout_1] Landing controller state: IDLE
[INFO] [1786526238.166879519] [landing_scout_1]: [scout_1] Landing controller state: IDLE
[INFO] [1786526243.167399947] [landing_scout_1]: [scout_1] Landing controller state: IDLE
[INFO] [1786526248.167990918] [landing_scout_1]: [scout_1] Landing controller state: IDLE
[INFO] [1786526253.166878517] [landing_scout_1]: [scout_1] Landing controller state: IDLE
[INFO] [1786526258.166797663] [landing_scout_1]: [scout_1] Landing controller state: IDLE
[INFO] [1786526263.167190737] [landing_scout_1]: [scout_1] Landing controller state: IDLE
[INFO] [1786526268.166894981] [landing_scout_1]: [scout_1] Landing controller state: IDLE
[INFO] [1786526270.428919296] [landing_scout_1]: [scout_1] 🎯 Resting while IDLE (altitude static) — confirming ground contact
[WARN] [1786526272.430942449] [landing_scout_1]: [scout_1] ⚠️ Settled badly tilted/inverted — initiating RW righting roll
[INFO] [1786526272.440760011] [landing_scout_1]: [scout_1] 🔄 RW righting attempt 1/5: proportional roll, u_z=-0.26
[INFO] [1786526273.166900248] [landing_scout_1]: [scout_1] Landing controller state: RIGHTING
[INFO] [1786526274.431462780] [landing_scout_1]: [scout_1] 📐 RIGHTTRACE attempt=1 u_z=-0.6237 w=61 omega=0.396 omega_roll=-0.394 dir=(-0.90,0.43)
[INFO] [1786526276.432040047] [landing_scout_1]: [scout_1] 📐 RIGHTTRACE attempt=1 u_z=0.7288 w=86 omega=0.975 omega_roll=-0.969 dir=(-0.82,0.57)
[INFO] [1786526278.166840536] [landing_scout_1]: [scout_1] Landing controller state: RIGHTING
[INFO] [1786526280.434503080] [landing_scout_1]: [scout_1] 📐 RIGHTTRACE attempt=1 u_z=-0.1053 w=93 omega=2.308 omega_roll=-1.002 dir=(0.78,0.63)
[INFO] [1786526282.437287509] [landing_scout_1]: [scout_1] 📐 RIGHTTRACE attempt=1 u_z=0.8234 w=108 omega=1.869 omega_roll=1.018 dir=(-0.91,-0.42)
[INFO] [1786526283.167282252] [landing_scout_1]: [scout_1] Landing controller state: RIGHTING
[INFO] [1786526284.437863933] [landing_scout_1]: [scout_1] 📐 RIGHTTRACE attempt=1 u_z=0.5387 w=123 omega=1.931 omega_roll=-1.752 dir=(-0.44,0.90)
[INFO] [1786526286.437524431] [landing_scout_1]: [scout_1] 📐 RIGHTTRACE attempt=1 u_z=0.4271 w=137 omega=2.272 omega_roll=-1.027 dir=(-0.34,0.94)
[WARN] [1786526287.937447883] [landing_scout_1]: [scout_1] Still inverted (u_z=0.17), retrying with alternate roll axis/sign (attempt 2/5)
[INFO] [1786526287.946962073] [landing_scout_1]: [scout_1] 🔄 RW righting attempt 2/5: proportional roll, u_z=0.17
[INFO] [1786526288.166825148] [landing_scout_1]: [scout_1] Landing controller state: RIGHTING
[INFO] [1786526289.939605612] [landing_scout_1]: [scout_1] 📐 RIGHTTRACE attempt=2 u_z=-0.2658 w=42 omega=1.555 omega_roll=-1.546 dir=(-0.02,-1.00)
[INFO] [1786526293.167479020] [landing_scout_1]: [scout_1] Landing controller state: RIGHTING
[INFO] [1786526293.939676452] [landing_scout_1]: [scout_1] 📐 RIGHTTRACE attempt=2 u_z=0.8542 w=58 omega=0.664 omega_roll=-0.311 dir=(-0.94,-0.35)
[INFO] [1786526295.940904041] [landing_scout_1]: [scout_1] 📐 RIGHTTRACE attempt=2 u_z=0.3057 w=70 omega=0.767 omega_roll=-0.628 dir=(-0.30,-0.95)
[INFO] [1786526297.941348170] [landing_scout_1]: [scout_1] 📐 RIGHTTRACE attempt=2 u_z=0.0887 w=95 omega=1.825 omega_roll=-1.349 dir=(0.95,-0.31)
[INFO] [1786526298.167342673] [landing_scout_1]: [scout_1] Landing controller state: RIGHTING
[INFO] [1786526301.940883461] [landing_scout_1]: [scout_1] 📐 RIGHTTRACE attempt=2 u_z=0.6146 w=125 omega=2.015 omega_roll=-1.912 dir=(-0.31,0.95)
[INFO] [1786526303.166835939] [landing_scout_1]: [scout_1] Landing controller state: RIGHTING
[WARN] [1786526303.442998855] [landing_scout_1]: [scout_1] Still inverted (u_z=0.34), retrying with alternate roll axis/sign (attempt 3/5)
[INFO] [1786526303.452592496] [landing_scout_1]: [scout_1] 🔄 RW righting attempt 3/5: proportional roll, u_z=0.34
[INFO] [1786526305.442082085] [landing_scout_1]: [scout_1] 📐 RIGHTTRACE attempt=3 u_z=-0.2451 w=43 omega=1.724 omega_roll=-1.667 dir=(-0.04,-1.00)
[INFO] [1786526308.166865528] [landing_scout_1]: [scout_1] Landing controller state: RIGHTING
[INFO] [1786526309.442585353] [landing_scout_1]: [scout_1] 📐 RIGHTTRACE attempt=3 u_z=0.7909 w=55 omega=0.534 omega_roll=-0.247 dir=(-0.97,-0.24)
[INFO] [1786526311.443565991] [landing_scout_1]: [scout_1] 📐 RIGHTTRACE attempt=3 u_z=0.3855 w=75 omega=0.818 omega_roll=-0.776 dir=(-0.38,-0.93)
[INFO] [1786526313.166962549] [landing_scout_1]: [scout_1] Landing controller state: RIGHTING
[INFO] [1786526313.444927969] [landing_scout_1]: [scout_1] 📐 RIGHTTRACE attempt=3 u_z=-0.5151 w=98 omega=1.623 omega_roll=-0.820 dir=(0.90,0.44)
[INFO] [1786526315.446616695] [landing_scout_1]: [scout_1] 📐 RIGHTTRACE attempt=3 u_z=0.8836 w=111 omega=1.877 omega_roll=0.540 dir=(-0.58,-0.81)
[INFO] [1786526317.446707911] [landing_scout_1]: [scout_1] 📐 RIGHTTRACE attempt=3 u_z=0.7680 w=127 omega=2.170 omega_roll=-2.079 dir=(-0.22,0.97)
[INFO] [1786526318.166963058] [landing_scout_1]: [scout_1] Landing controller state: RIGHTING
[WARN] [1786526318.947834745] [landing_scout_1]: [scout_1] Still inverted (u_z=0.46), retrying with alternate roll axis/sign (attempt 4/5)
[INFO] [1786526318.957832259] [landing_scout_1]: [scout_1] 🔄 RW righting attempt 4/5: proportional roll, u_z=0.46
[INFO] [1786526320.948259353] [landing_scout_1]: [scout_1] 📐 RIGHTTRACE attempt=4 u_z=-0.2370 w=42 omega=1.761 omega_roll=-1.688 dir=(0.09,-1.00)
[INFO] [1786526323.167012023] [landing_scout_1]: [scout_1] Landing controller state: RIGHTING
[INFO] [1786526324.950611362] [landing_scout_1]: [scout_1] 📐 RIGHTTRACE attempt=4 u_z=0.6417 w=59 omega=0.441 omega_roll=-0.301 dir=(-1.00,0.09)
[INFO] [1786526326.950286525] [landing_scout_1]: [scout_1] 📐 RIGHTTRACE attempt=4 u_z=0.7421 w=73 omega=1.402 omega_roll=-0.756 dir=(0.16,-0.99)
[INFO] [1786526328.166843680] [landing_scout_1]: [scout_1] Landing controller state: RIGHTING
[INFO] [1786526328.950854807] [landing_scout_1]: [scout_1] 📐 RIGHTTRACE attempt=4 u_z=-0.9965 w=94 omega=1.946 omega_roll=1.332 dir=(-0.26,0.97)
[INFO] [1786526330.953140815] [landing_scout_1]: [scout_1] 📐 RIGHTTRACE attempt=4 u_z=0.0302 w=119 omega=2.761 omega_roll=-2.282 dir=(-0.98,0.20)
[INFO] [1786526332.952834953] [landing_scout_1]: [scout_1] 📐 RIGHTTRACE attempt=4 u_z=0.3538 w=125 omega=3.190 omega_roll=0.773 dir=(1.00,0.07)
[INFO] [1786526333.167534916] [landing_scout_1]: [scout_1] Landing controller state: RIGHTING
[WARN] [1786526334.472496245] [landing_scout_1]: [scout_1] Still inverted (u_z=0.82), retrying with alternate roll axis/sign (attempt 5/5)
[INFO] [1786526334.481990027] [landing_scout_1]: [scout_1] 🔄 RW righting attempt 5/5: proportional roll, u_z=0.82
[INFO] [1786526336.474399086] [landing_scout_1]: [scout_1] 📐 RIGHTTRACE attempt=5 u_z=-0.4730 w=35 omega=1.194 omega_roll=-0.757 dir=(0.91,0.42)
[INFO] [1786526338.167226942] [landing_scout_1]: [scout_1] Landing controller state: RIGHTING
[INFO] [1786526338.474833858] [landing_scout_1]: [scout_1] 📐 RIGHTTRACE attempt=5 u_z=0.7707 w=59 omega=2.035 omega_roll=-1.270 dir=(-0.83,-0.56)
[INFO] [1786526340.476320735] [landing_scout_1]: [scout_1] 📐 RIGHTTRACE attempt=5 u_z=0.0868 w=71 omega=0.884 omega_roll=-0.546 dir=(-0.52,0.85)
[INFO] [1786526342.477634019] [landing_scout_1]: [scout_1] 📐 RIGHTTRACE attempt=5 u_z=0.8907 w=79 omega=1.648 omega_roll=0.200 dir=(0.19,-0.98)
[INFO] [1786526343.167538188] [landing_scout_1]: [scout_1] Landing controller state: RIGHTING
[INFO] [1786526344.477599499] [landing_scout_1]: [scout_1] 📐 RIGHTTRACE attempt=5 u_z=-0.8364 w=98 omega=2.049 omega_roll=0.169 dir=(-0.32,0.95)
[INFO] [1786526346.478011168] [landing_scout_1]: [scout_1] 📐 RIGHTTRACE attempt=5 u_z=0.7577 w=120 omega=2.084 omega_roll=-0.686 dir=(-0.34,0.94)
[INFO] [1786526348.167460123] [landing_scout_1]: [scout_1] Landing controller state: RIGHTING
[INFO] [1786526348.477079913] [landing_scout_1]: [scout_1] 📐 RIGHTTRACE attempt=5 u_z=-0.2155 w=130 omega=2.404 omega_roll=-0.449 dir=(0.03,1.00)
[ERROR] [1786526349.996317717] [landing_scout_1]: [scout_1] ❌ Self-righting failed after 5 attempts — giving up, marking LANDED anyway so downstream logic (e.g. SAMPLER dispatch) does not hang forever. Robot may still be physically inverted.
