data: Scanning regolith for anomalies...
---
data: Scanning regolith for anomalies...
---
data: Scanning regolith for anomalies...
---
data: Scanning regolith for anomalies...
---
data: Scanning regolith for anomalies...
---
data: Scanning regolith for anomalies...
---
data: Scanning regolith for anomalies...
---
data: Scanning regolith for anomalies...
---
data: Scanning regolith for anomalies...
---
data: Scanning regolith for anomalies...
---
data: Scanning regolith for anomalies...
---
data: Scanning regolith for anomalies...
---
data: Scanning regolith for anomalies...
---
data: Scanning regolith for anomalies...
---
data: Scanning regolith for anomalies...
---
data: Scanning regolith for anomalies...
---
data: Scanning regolith for anomalies...
---
data: Scanning regolith for anomalies...
---
data: Scanning regolith for anomalies...
---
data: Scanning regolith for anomalies...
---
data: Scanning regolith for anomalies...
---
data: Scanning regolith for anomalies...
---
data: Scanning regolith for anomalies...
---
data: Scanning regolith for anomalies...
---
data: Scanning regolith for anomalies...
---
data: Scanning regolith for anomalies...
---
data: Scanning regolith for anomalies...
---
data: Scanning regolith for anomalies...
---
data: Scanning regolith for anomalies...
---
data: Scanning regolith for anomalies...
---
data: Scanning regolith for anomalies...
---
data: Scanning regolith for anomalies...
---
data: Scanning regolith for anomalies...
---
data: Scanning regolith for anomalies...
---
data: Scanning regolith for anomalies...
---
data: Scanning regolith for anomalies...
---
data: Scanning regolith for anomalies...
---
data: Scanning regolith for anomalies...
---
data: Scanning regolith for anomalies...
---
data: Scanning regolith for anomalies...
---
data: Scanning regolith for anomalies...
---
data: Scanning regolith for anomalies...
---
data: Scanning regolith for anomalies...
---
data: Scanning regolith for anomalies...
---
data: Scanning regolith for anomalies...
---
data: Scanning regolith for anomalies...
---
data: Scanning regolith for anomalies...
---
data: Scanning regolith for anomalies...
---
data: Scanning regolith for anomalies...
---
data: Scanning regolith for anomalies...
---
data: Scanning regolith for anomalies...
---
data: Scanning regolith for anomalies...
---
data: Scanning regolith for anomalies...
---
data: Scanning regolith for anomalies...
---
data: Scanning regolith for anomalies...
---
data: Scanning regolith for anomalies...
---
data: Scanning regolith for anomalies...
---
data: Scanning regolith for anomalies...
---
data: Scanning regolith for anomalies...
---
data: Scanning regolith for anomalies...
---
data: Scanning regolith for anomalies...
---
data: Scanning regolith for anomalies...
---
data: Scanning regolith for anomalies...
---
data: Scanning regolith for anomalies...
---
data: Scanning regolith for anomalies...
---
data: Scanning regolith for anomalies...
---
data: Scanning regolith for anomalies...
---
data: Scanning regolith for anomalies...
---
data: Scanning regolith for anomalies...
---
data: Scanning regolith for anomalies...
---
data: Scanning regolith for anomalies...
---
data: Scanning regolith for anomalies...
---
data: Scanning regolith for anomalies...
---
data: Scanning regolith for anomalies...
---
data: Scanning regolith for anomalies...
---
data: Scanning regolith for anomalies...
---
data: Scanning regolith for anomalies...
---
data: Scanning regolith for anomalies...
---
data: Scanning regolith for anomalies...
---
data: Scanning regolith for anomalies...
---
data: Scanning regolith for anomalies...
---
data: Scanning regolith for anomalies...
---
data: Scanning regolith for anomalies...
---
data: Scanning regolith for anomalies...
---
data: Scanning regolith for anomalies...
---
data: Scanning regolith for anomalies...
---
data: Scanning regolith for anomalies...
---
data: Scanning regolith for anomalies...
---
data: Scanning regolith for anomalies...
---
data: Scanning regolith for anomalies...
---
data: Scanning regolith for anomalies...
---
data: Scanning regolith for anomalies...
---
data: Scanning regolith for anomalies...
---
data: Scanning regolith for anomalies...
---
data: Scanning regolith for anomalies...
---
data: Scanning regolith for anomalies...
---
data: Scanning regolith for anomalies...
---
data: Scanning regolith for anomalies...
---
data: Scanning regolith for anomalies...
---
data: Scanning regolith for anomalies...
---
data: Scanning regolith for anomalies...
---
data: Scanning regolith for anomalies...
---
data: Scanning regolith for anomalies...
---
data: Scanning regolith for anomalies...
---
data: Scanning regolith for anomalies...
---
data: Scanning regolith for anomalies...
---
data: Scanning regolith for anomalies...
---
data: Scanning regolith for anomalies...
---
data: Scanning regolith for anomalies...
---
data: Scanning regolith for anomalies...
---
data: Scanning regolith for anomalies...
---
data: Scanning regolith for anomalies...
---
data: Scanning regolith for anomalies...
---
data: Scanning regolith for anomalies...
---
data: Scanning regolith for anomalies...
---
data: Scanning regolith for anomalies...
---
data: Scanning regolith for anomalies...
---
data: Scanning regolith for anomalies...
---
data: Scanning regolith for anomalies...
---
data: Scanning regolith for anomalies...
---
data: Scanning regolith for anomalies...
---
data: Scanning regolith for anomalies...
---
data: Scanning regolith for anomalies...
---
data: Scanning regolith for anomalies...
---
data: Scanning regolith for anomalies...
---
data: Scanning regolith for anomalies...
---
data: Scanning regolith for anomalies...
---
data: Scanning regolith for anomalies...
---
data: Scanning regolith for anomalies...
---
data: Scanning regolith for anomalies...
---
data: Scanning regolith for anomalies...
---
data: Scanning regolith for anomalies...
---
data: Scanning regolith for anomalies...
---
data: Scanning regolith for anomalies...
---
data: Scanning regolith for anomalies...
---
data: Scanning regolith for anomalies...
---
data: Scanning regolith for anomalies...
---
data: Scanning regolith for anomalies...
---
data: Scanning regolith for anomalies...
---
data: Scanning regolith for anomalies...
---
data: Scanning regolith for anomalies...
---
data: Scanning regolith for anomalies...
---
data: Scanning regolith for anomalies...
---
data: Scanning regolith for anomalies...
---
data: Scanning regolith for anomalies...
---
data: Scanning regolith for anomalies...
---
data: Scanning regolith for anomalies...
---
data: Scanning regolith for anomalies...
---
data: Scanning regolith for anomalies...
---
data: Scanning regolith for anomalies...
---
data: Scanning regolith for anomalies...
---
data: Scanning regolith for anomalies...
---
data: Scanning regolith for anomalies...
---
data: Scanning regolith for anomalies...
---
data: Scanning regolith for anomalies...
---
data: Scanning regolith for anomalies...
---
data: Scanning regolith for anomalies...
---
data: Scanning regolith for anomalies...
---
data: Scanning regolith for anomalies...
---
data: Scanning regolith for anomalies...
---
data: Scanning regolith for anomalies...
---
data: Scanning regolith for anomalies...
---
data: Scanning regolith for anomalies...
---
data: Scanning regolith for anomalies...
---
data: Scanning regolith for anomalies...
---
data: Scanning regolith for anomalies...
---
data: Scanning regolith for anomalies...
---
data: Scanning regolith for anomalies...
---
data: Scanning regolith for anomalies...
---
data: Scanning regolith for anomalies...
---
data: Scanning regolith for anomalies...
---
data: Scanning regolith for anomalies...
---
data: Scanning regolith for anomalies...
---
data: Scanning regolith for anomalies...
---
data: Scanning regolith for anomalies...
---
data: Scanning regolith for anomalies...
---
data: Scanning regolith for anomalies...
---
data: Scanning regolith for anomalies...
---
data: Scanning regolith for anomalies...
---
data: Scanning regolith for anomalies...
---
data: Scanning regolith for anomalies...
---
data: Scanning regolith for anomalies...
---
data: Scanning regolith for anomalies...
---
data: Scanning regolith for anomalies...
---
data: Scanning regolith for anomalies...
---
data: En route to anomaly (11m remaining)
---
data: En route to anomaly (11m remaining)
---
data: En route to anomaly (11m remaining)
---
data: En route to anomaly (11m remaining)
---
data: En route to anomaly (11m remaining)
---
data: En route to anomaly (11m remaining)
---
data: En route to anomaly (11m remaining)
---
data: En route to anomaly (11m remaining)
---
data: En route to anomaly (11m remaining)
---
data: En route to anomaly (11m remaining)
---
data: En route to anomaly (11m remaining)
---
data: En route to anomaly (11m remaining)
---
data: En route to anomaly (11m remaining)
---
data: En route to anomaly (11m remaining)
---
data: En route to anomaly (11m remaining)
---
data: En route to anomaly (11m remaining)
---
data: En route to anomaly (11m remaining)
---
data: En route to anomaly (11m remaining)
---
data: En route to anomaly (11m remaining)
---
data: En route to anomaly (11m remaining)
---
data: En route to anomaly (11m remaining)
---
data: En route to anomaly (11m remaining)
---
data: En route to anomaly (11m remaining)
---
data: En route to anomaly (11m remaining)
---
data: En route to anomaly (11m remaining)
---
data: En route to anomaly (11m remaining)
---
data: En route to anomaly (11m remaining)
---
data: En route to anomaly (11m remaining)
---
data: En route to anomaly (11m remaining)
---
data: En route to anomaly (11m remaining)
---
data: En route to anomaly (11m remaining)
---
data: En route to anomaly (11m remaining)
---
data: En route to anomaly (11m remaining)
---
data: En route to anomaly (11m remaining)
---
data: En route to anomaly (11m remaining)
---
data: En route to anomaly (11m remaining)
---
data: En route to anomaly (11m remaining)
---
data: En route to anomaly (11m remaining)
---
data: En route to anomaly (11m remaining)
---
data: En route to anomaly (11m remaining)
---
data: En route to anomaly (11m remaining)
---
data: En route to anomaly (11m remaining)
---
data: En route to anomaly (11m remaining)
---
data: En route to anomaly (11m remaining)
---
data: En route to anomaly (11m remaining)
---
data: En route to anomaly (11m remaining)
---
data: En route to anomaly (10m remaining)
---
data: En route to anomaly (11m remaining)
---
data: En route to anomaly (11m remaining)
---
data: En route to anomaly (11m remaining)
---
data: En route to anomaly (11m remaining)
---
data: En route to anomaly (11m remaining)
---
data: En route to anomaly (11m remaining)
---
data: En route to anomaly (10m remaining)
---
data: En route to anomaly (10m remaining)
---
data: En route to anomaly (10m remaining)
---
data: En route to anomaly (10m remaining)
---
data: En route to anomaly (11m remaining)
---
data: En route to anomaly (11m remaining)
---
data: En route to anomaly (10m remaining)
---
data: En route to anomaly (10m remaining)
---
data: En route to anomaly (10m remaining)
---
data: En route to anomaly (10m remaining)
---
data: En route to anomaly (10m remaining)
---
data: En route to anomaly (10m remaining)
---
data: En route to anomaly (10m remaining)
---
data: En route to anomaly (10m remaining)
---
data: En route to anomaly (10m remaining)
---
data: En route to anomaly (10m remaining)
---
data: En route to anomaly (10m remaining)
---
data: En route to anomaly (10m remaining)
---
data: En route to anomaly (10m remaining)
---
data: En route to anomaly (10m remaining)
---
data: En route to anomaly (10m remaining)
---
data: En route to anomaly (10m remaining)
---
data: En route to anomaly (10m remaining)
---
data: En route to anomaly (10m remaining)
---
data: En route to anomaly (10m remaining)
---
data: En route to anomaly (10m remaining)
---
data: En route to anomaly (10m remaining)
---
data: En route to anomaly (10m remaining)
---
data: En route to anomaly (10m remaining)
---
data: En route to anomaly (10m remaining)
---
data: En route to anomaly (10m remaining)
---
data: En route to anomaly (10m remaining)
---
data: En route to anomaly (10m remaining)
---
data: En route to anomaly (10m remaining)
---
data: En route to anomaly (10m remaining)
---
data: En route to anomaly (10m remaining)
---
data: En route to anomaly (10m remaining)
---
data: En route to anomaly (10m remaining)
---
data: En route to anomaly (10m remaining)
---
data: En route to anomaly (10m remaining)
---
data: En route to anomaly (10m remaining)
---
data: En route to anomaly (10m remaining)
---
data: En route to anomaly (10m remaining)
---
data: En route to anomaly (10m remaining)
---
data: En route to anomaly (10m remaining)
---
data: En route to anomaly (10m remaining)
---
data: En route to anomaly (10m remaining)
---
data: En route to anomaly (10m remaining)
---
data: En route to anomaly (10m remaining)
---
data: En route to anomaly (10m remaining)
---
data: En route to anomaly (10m remaining)
---
data: En route to anomaly (10m remaining)
---
data: En route to anomaly (10m remaining)
---
data: En route to anomaly (10m remaining)
---
data: En route to anomaly (10m remaining)
---
data: En route to anomaly (10m remaining)
---
data: En route to anomaly (10m remaining)
---
data: En route to anomaly (10m remaining)
---
data: En route to anomaly (10m remaining)
---
data: En route to anomaly (10m remaining)
---
data: En route to anomaly (10m remaining)
---
data: En route to anomaly (10m remaining)
---
data: En route to anomaly (10m remaining)
---
data: En route to anomaly (10m remaining)
---
data: En route to anomaly (10m remaining)
---
data: En route to anomaly (10m remaining)
---
data: En route to anomaly (10m remaining)
---
data: En route to anomaly (10m remaining)
---
data: En route to anomaly (10m remaining)
---
data: En route to anomaly (10m remaining)
---
data: En route to anomaly (10m remaining)
---
data: En route to anomaly (10m remaining)
---
data: En route to anomaly (10m remaining)
---
data: En route to anomaly (10m remaining)
---
data: En route to anomaly (10m remaining)
---
data: En route to anomaly (10m remaining)
---
data: En route to anomaly (10m remaining)
---
data: En route to anomaly (10m remaining)
---
data: En route to anomaly (10m remaining)
---
data: En route to anomaly (10m remaining)
---
data: En route to anomaly (9m remaining)
---
data: En route to anomaly (9m remaining)
---
data: En route to anomaly (9m remaining)
---
data: En route to anomaly (9m remaining)
---
data: En route to anomaly (9m remaining)
---
data: En route to anomaly (9m remaining)
---
data: En route to anomaly (9m remaining)
---
data: En route to anomaly (9m remaining)
---
data: En route to anomaly (9m remaining)
---
data: En route to anomaly (9m remaining)
---
data: En route to anomaly (9m remaining)
---
data: En route to anomaly (9m remaining)
---
data: En route to anomaly (9m remaining)
---
data: En route to anomaly (9m remaining)
---
data: En route to anomaly (9m remaining)
---
data: En route to anomaly (9m remaining)
---
data: En route to anomaly (9m remaining)
---
data: En route to anomaly (9m remaining)
---
data: En route to anomaly (9m remaining)
---
data: En route to anomaly (9m remaining)
---
data: En route to anomaly (9m remaining)
---
data: En route to anomaly (9m remaining)
---
data: En route to anomaly (9m remaining)
---
data: En route to anomaly (9m remaining)
---
data: En route to anomaly (9m remaining)
---
data: En route to anomaly (9m remaining)
---
data: En route to anomaly (9m remaining)
---
data: En route to anomaly (9m remaining)
---
data: En route to anomaly (9m remaining)
---
data: En route to anomaly (9m remaining)
---
data: En route to anomaly (9m remaining)
---
data: En route to anomaly (9m remaining)
---
data: En route to anomaly (9m remaining)
---
data: En route to anomaly (9m remaining)
---
data: En route to anomaly (9m remaining)
---
data: En route to anomaly (9m remaining)
---
data: En route to anomaly (9m remaining)
---
data: En route to anomaly (9m remaining)
---
data: En route to anomaly (9m remaining)
---
data: En route to anomaly (9m remaining)
---
data: En route to anomaly (9m remaining)
---
data: En route to anomaly (9m remaining)
---
data: En route to anomaly (9m remaining)
---
data: En route to anomaly (9m remaining)
---
data: En route to anomaly (9m remaining)
---
data: En route to anomaly (9m remaining)
---
data: En route to anomaly (9m remaining)
---
data: En route to anomaly (9m remaining)
---
data: En route to anomaly (9m remaining)
---
data: En route to anomaly (9m remaining)
---
data: En route to anomaly (9m remaining)
---
data: En route to anomaly (9m remaining)
---
data: En route to anomaly (9m remaining)
---
data: En route to anomaly (9m remaining)
---
data: En route to anomaly (9m remaining)
---
data: En route to anomaly (9m remaining)
---
data: En route to anomaly (9m remaining)
---
data: En route to anomaly (9m remaining)
---
data: En route to anomaly (9m remaining)
---
data: En route to anomaly (9m remaining)
---
data: En route to anomaly (9m remaining)
---
data: En route to anomaly (9m remaining)
---
data: En route to anomaly (9m remaining)
---
data: En route to anomaly (9m remaining)
---
data: En route to anomaly (9m remaining)
---
data: En route to anomaly (9m remaining)
---
data: En route to anomaly (9m remaining)
---
data: En route to anomaly (9m remaining)
---
data: En route to anomaly (9m remaining)
---
data: En route to anomaly (9m remaining)
---
data: En route to anomaly (9m remaining)
---
data: En route to anomaly (9m remaining)
---
data: En route to anomaly (9m remaining)
---
data: En route to anomaly (9m remaining)
---
data: En route to anomaly (9m remaining)
---
data: En route to anomaly (9m remaining)
---
data: En route to anomaly (9m remaining)
---
data: En route to anomaly (9m remaining)
---
data: En route to anomaly (9m remaining)
---
data: En route to anomaly (9m remaining)
---
data: En route to anomaly (9m remaining)
---
data: En route to anomaly (9m remaining)
---
data: En route to anomaly (9m remaining)
---
data: En route to anomaly (9m remaining)
---
data: En route to anomaly (9m remaining)
---
data: En route to anomaly (9m remaining)
---
data: En route to anomaly (9m remaining)
---
data: En route to anomaly (9m remaining)
---
data: En route to anomaly (9m remaining)
---
data: En route to anomaly (9m remaining)
---
data: En route to anomaly (9m remaining)
---
data: En route to anomaly (9m remaining)
---
data: En route to anomaly (9m remaining)
---
data: En route to anomaly (9m remaining)
---
data: En route to anomaly (9m remaining)
---
data: En route to anomaly (9m remaining)
---
data: En route to anomaly (9m remaining)
---
data: En route to anomaly (9m remaining)
---
data: En route to anomaly (9m remaining)
---
data: En route to anomaly (9m remaining)
---
data: En route to anomaly (9m remaining)
---
data: En route to anomaly (9m remaining)
---
data: En route to anomaly (9m remaining)
---
data: En route to anomaly (9m remaining)
---
data: En route to anomaly (9m remaining)
---
data: En route to anomaly (9m remaining)
---
data: En route to anomaly (9m remaining)
---
data: En route to anomaly (9m remaining)
---
data: En route to anomaly (9m remaining)
---
data: En route to anomaly (9m remaining)
---
data: En route to anomaly (9m remaining)
---
data: En route to anomaly (9m remaining)
---
data: En route to anomaly (9m remaining)
---
data: En route to anomaly (9m remaining)
---
data: En route to anomaly (9m remaining)
---
data: En route to anomaly (9m remaining)
---
data: En route to anomaly (9m remaining)
---
data: En route to anomaly (9m remaining)
---
data: En route to anomaly (9m remaining)
---
data: En route to anomaly (9m remaining)
---
data: En route to anomaly (9m remaining)
---
data: En route to anomaly (9m remaining)
---
data: En route to anomaly (9m remaining)
---
data: En route to anomaly (9m remaining)
---
data: En route to anomaly (9m remaining)
---
data: En route to anomaly (9m remaining)
---
data: En route to anomaly (9m remaining)
---
data: En route to anomaly (9m remaining)
---
data: En route to anomaly (9m remaining)
---
data: En route to anomaly (9m remaining)
---
data: En route to anomaly (9m remaining)
---
data: En route to anomaly (9m remaining)
---
data: En route to anomaly (9m remaining)
---
data: En route to anomaly (9m remaining)
---
data: En route to anomaly (9m remaining)
---
data: En route to anomaly (9m remaining)
---
data: En route to anomaly (9m remaining)
---
data: En route to anomaly (9m remaining)
---
data: En route to anomaly (9m remaining)
---
data: En route to anomaly (9m remaining)
---
data: En route to anomaly (9m remaining)
---
data: En route to anomaly (10m remaining)
---
data: En route to anomaly (10m remaining)
---
data: En route to anomaly (10m remaining)
---
data: En route to anomaly (10m remaining)
---
data: En route to anomaly (10m remaining)
---
data: En route to anomaly (10m remaining)
---
data: En route to anomaly (10m remaining)
---
data: En route to anomaly (10m remaining)
---
data: En route to anomaly (10m remaining)
---
data: En route to anomaly (10m remaining)
---
data: En route to anomaly (10m remaining)
---
data: En route to anomaly (10m remaining)
---
data: En route to anomaly (10m remaining)
---
data: En route to anomaly (10m remaining)
---
data: En route to anomaly (10m remaining)
---
data: En route to anomaly (10m remaining)
---
data: En route to anomaly (10m remaining)
---
data: En route to anomaly (10m remaining)
---
data: En route to anomaly (10m remaining)
---
data: En route to anomaly (10m remaining)
---
data: En route to anomaly (10m remaining)
---
data: En route to anomaly (10m remaining)
---
data: En route to anomaly (10m remaining)
---
data: En route to anomaly (10m remaining)
---
data: En route to anomaly (10m remaining)
---
data: En route to anomaly (10m remaining)
---
data: En route to anomaly (10m remaining)
---
data: En route to anomaly (10m remaining)
---
data: En route to anomaly (10m remaining)
---
data: En route to anomaly (10m remaining)
---
data: En route to anomaly (10m remaining)
---
data: En route to anomaly (10m remaining)
---
data: En route to anomaly (10m remaining)
---
data: En route to anomaly (10m remaining)
---
data: En route to anomaly (10m remaining)
---
data: En route to anomaly (10m remaining)
---
data: En route to anomaly (10m remaining)
---
data: En route to anomaly (10m remaining)
---
data: En route to anomaly (10m remaining)
---
data: En route to anomaly (10m remaining)
---
data: En route to anomaly (10m remaining)
---
data: En route to anomaly (10m remaining)
---
data: En route to anomaly (10m remaining)
---
data: En route to anomaly (10m remaining)
---
data: En route to anomaly (10m remaining)
---
data: En route to anomaly (10m remaining)
---
data: En route to anomaly (10m remaining)
---
data: En route to anomaly (10m remaining)
---
data: En route to anomaly (10m remaining)
---
data: En route to anomaly (10m remaining)
---
data: En route to anomaly (10m remaining)
---
data: En route to anomaly (10m remaining)
---
data: En route to anomaly (10m remaining)
---
data: En route to anomaly (10m remaining)
---
data: En route to anomaly (10m remaining)
---
data: En route to anomaly (10m remaining)
---
data: En route to anomaly (10m remaining)
---
data: En route to anomaly (10m remaining)
---
data: En route to anomaly (10m remaining)
---
data: En route to anomaly (10m remaining)
---
data: En route to anomaly (10m remaining)
---
data: En route to anomaly (10m remaining)
---
data: En route to anomaly (10m remaining)
---
data: En route to anomaly (10m remaining)
---
data: En route to anomaly (10m remaining)
---
data: En route to anomaly (10m remaining)
---
data: En route to anomaly (10m remaining)
---
data: En route to anomaly (10m remaining)
---
data: En route to anomaly (10m remaining)
---
data: En route to anomaly (10m remaining)
---
data: En route to anomaly (10m remaining)
---
data: En route to anomaly (10m remaining)
---
data: En route to anomaly (10m remaining)
---
data: En route to anomaly (10m remaining)
---
data: En route to anomaly (10m remaining)
---
data: En route to anomaly (10m remaining)
---
data: En route to anomaly (10m remaining)
---
data: En route to anomaly (11m remaining)
---
data: En route to anomaly (11m remaining)
---
data: En route to anomaly (11m remaining)
---
data: En route to anomaly (11m remaining)
---
data: En route to anomaly (11m remaining)
---
data: En route to anomaly (11m remaining)
---
data: En route to anomaly (11m remaining)
---
data: En route to anomaly (11m remaining)
---
data: En route to anomaly (11m remaining)
---
data: En route to anomaly (11m remaining)
---
data: En route to anomaly (11m remaining)
---
data: En route to anomaly (11m remaining)
---
data: En route to anomaly (11m remaining)
---
data: En route to anomaly (11m remaining)
---
data: En route to anomaly (11m remaining)
---
data: En route to anomaly (11m remaining)
---
data: En route to anomaly (11m remaining)
---
data: En route to anomaly (11m remaining)
---
data: En route to anomaly (11m remaining)
---
data: En route to anomaly (11m remaining)
---
data: En route to anomaly (11m remaining)
---
data: En route to anomaly (11m remaining)
---
data: En route to anomaly (11m remaining)
---
data: En route to anomaly (11m remaining)
---
data: En route to anomaly (11m remaining)
---
data: En route to anomaly (11m remaining)
---
data: En route to anomaly (11m remaining)
---
data: En route to anomaly (11m remaining)
---
data: En route to anomaly (11m remaining)
---
data: En route to anomaly (11m remaining)
---
data: En route to anomaly (11m remaining)
---
data: En route to anomaly (11m remaining)
---
data: En route to anomaly (11m remaining)
---
data: En route to anomaly (11m remaining)
---
data: En route to anomaly (11m remaining)
---
data: En route to anomaly (11m remaining)
---
data: En route to anomaly (11m remaining)
---
data: En route to anomaly (11m remaining)
---
data: En route to anomaly (11m remaining)
---
data: En route to anomaly (11m remaining)
---
data: En route to anomaly (11m remaining)
---
data: En route to anomaly (11m remaining)
---
data: En route to anomaly (11m remaining)
---
data: En route to anomaly (11m remaining)
---
data: En route to anomaly (11m remaining)
---
data: En route to anomaly (11m remaining)
---
data: En route to anomaly (11m remaining)
---
data: En route to anomaly (11m remaining)
---
data: En route to anomaly (11m remaining)
---
data: En route to anomaly (11m remaining)
---
data: En route to anomaly (11m remaining)
---
data: En route to anomaly (11m remaining)
---
data: En route to anomaly (11m remaining)
---
data: En route to anomaly (11m remaining)
---
data: En route to anomaly (12m remaining)
---
data: En route to anomaly (12m remaining)
---
data: En route to anomaly (12m remaining)
---
data: En route to anomaly (12m remaining)
---
data: En route to anomaly (12m remaining)
---
data: En route to anomaly (12m remaining)
---
data: En route to anomaly (12m remaining)
---
data: En route to anomaly (12m remaining)
---
data: En route to anomaly (12m remaining)
---
data: En route to anomaly (12m remaining)
---
data: En route to anomaly (12m remaining)
---
data: En route to anomaly (12m remaining)
---
data: En route to anomaly (12m remaining)
---
data: Recharging (15%)...
---
data: Recharging (16%)...
---
data: Recharging (17%)...
---
data: Recharging (17%)...
---
data: Recharging (18%)...
---
data: Recharging (18%)...
---
data: Recharging (19%)...
---
data: Recharging (20%)...
---
data: Recharging (20%)...
---
data: Recharging (21%)...
---
data: Recharging (21%)...
---
data: Recharging (22%)...
---
data: Recharging (23%)...
---
data: Recharging (23%)...
---
data: Recharging (24%)...
---
data: Recharging (24%)...
---
data: Recharging (25%)...
---
data: Recharging (26%)...
---
data: Recharging (26%)...
---
data: Recharging (27%)...
---
data: Recharging (27%)...
---
data: Recharging (28%)...
---
data: Recharging (29%)...
---
data: Recharging (29%)...
---
data: Recharging (30%)...
---
data: Recharging (30%)...
---
data: Recharging (31%)...
---
data: Recharging (32%)...
---
data: Recharging (32%)...
---
data: Recharging (33%)...
---
data: Recharging (33%)...
---
data: Recharging (34%)...
---
data: Recharging (35%)...
---
data: Recharging (35%)...
---
data: Recharging (36%)...
---
data: Recharging (36%)...
---
data: Recharging (37%)...
---
data: Recharging (38%)...
---
data: Recharging (38%)...
---
data: Recharging (39%)...
---
data: Recharging (39%)...
---
data: Recharging (40%)...
---
data: Recharging (41%)...
---
data: Recharging (41%)...
---
data: Recharging (42%)...
---
data: Recharging (42%)...
---
data: Recharging (43%)...
---
data: Recharging (44%)...
---
data: Recharging (44%)...
---
data: Recharging (45%)...
---
data: Recharging (45%)...
---
data: Recharging (46%)...
---
data: Recharging (47%)...
---
data: Recharging (47%)...
---
data: Recharging (48%)...
---
data: Recharging (48%)...
---
data: Recharging (49%)...
---
data: Recharging (50%)...
---
data: Recharging (50%)...
---
data: Recharging (51%)...
---
data: Recharging (51%)...
---
data: Recharging (52%)...
---
data: Recharging (53%)...
---
data: Recharging (53%)...
---
data: Recharging (54%)...
---
data: Recharging (54%)...
---
data: Recharging (55%)...
---
data: Recharging (56%)...
---
data: Recharging (56%)...
---
data: Recharging (57%)...
---
data: Recharging (57%)...
---
data: Recharging (58%)...
---
data: Recharging (59%)...
---
data: Recharging (59%)...
---
data: Recharging (60%)...
---
data: Recharging (60%)...
---
data: Recharging (61%)...
---
data: Recharging (62%)...
---
data: Recharging (62%)...
---
data: Recharging (63%)...
---
data: Recharging (63%)...
---
data: Recharging (64%)...
---
data: Recharging (65%)...
---
data: Recharging (65%)...
---
data: Recharging (66%)...
---
data: Recharging (66%)...
---
data: Recharging (67%)...
---
data: Recharging (68%)...
---
data: Recharging (68%)...
---
data: Recharging (69%)...
---
data: Recharging (69%)...
---
data: Recharging (70%)...
---
data: Recharging (71%)...
---
data: Recharging (71%)...
---
data: Recharging (72%)...
---
data: Recharging (72%)...
---
data: Recharging (73%)...
---
data: Recharging (74%)...
---
data: Recharging (74%)...
---
data: Recharging (75%)...
---
data: Recharging (75%)...
---
data: Recharging (76%)...
---
data: Recharging (77%)...
---
data: Recharging (77%)...
---
data: Recharging (78%)...
---
data: Recharging (78%)...
---
data: Recharging (79%)...
---
data: Recharging (80%)...
---
data: Scanning regolith for anomalies...
---
data: Scanning regolith for anomalies...
---
data: Scanning regolith for anomalies...
---
data: Scanning regolith for anomalies...
---
data: Scanning regolith for anomalies...
---
data: Scanning regolith for anomalies...
---
data: Scanning regolith for anomalies...
---
data: Scanning regolith for anomalies...
---
data: Scanning regolith for anomalies...
---
data: Scanning regolith for anomalies...
---
data: Scanning regolith for anomalies...
---
data: Scanning regolith for anomalies...
---
data: Scanning regolith for anomalies...
---
data: Scanning regolith for anomalies...
---
data: Scanning regolith for anomalies...
---
data: Scanning regolith for anomalies...
---
data: Scanning regolith for anomalies...
---
data: Scanning regolith for anomalies...
---
data: Scanning regolith for anomalies...
---
data: Scanning regolith for anomalies...
---
data: Scanning regolith for anomalies...
---
data: Scanning regolith for anomalies...
---
data: Scanning regolith for anomalies...
---
data: Scanning regolith for anomalies...
---
data: Scanning regolith for anomalies...
---
data: Scanning regolith for anomalies...
---
data: Scanning regolith for anomalies...
---
data: Scanning regolith for anomalies...
---
data: Scanning regolith for anomalies...
---
data: Scanning regolith for anomalies...
---
data: Scanning regolith for anomalies...
---
data: Scanning regolith for anomalies...
---
data: Scanning regolith for anomalies...
---
data: Scanning regolith for anomalies...
---
data: Scanning regolith for anomalies...
---
data: Scanning regolith for anomalies...
---
data: Scanning regolith for anomalies...
---
data: Scanning regolith for anomalies...
---
data: Scanning regolith for anomalies...
---
data: Scanning regolith for anomalies...
---
data: Scanning regolith for anomalies...
---
data: Scanning regolith for anomalies...
---
data: Scanning regolith for anomalies...
---
data: Scanning regolith for anomalies...
---
data: Scanning regolith for anomalies...
---
data: Scanning regolith for anomalies...
---
data: Scanning regolith for anomalies...
---
data: Scanning regolith for anomalies...
---
data: Scanning regolith for anomalies...
---
data: Scanning regolith for anomalies...
---
data: Scanning regolith for anomalies...
---
data: Scanning regolith for anomalies...
---
data: Scanning regolith for anomalies...
---
data: Scanning regolith for anomalies...
---
data: Scanning regolith for anomalies...
---
data: Scanning regolith for anomalies...
---
data: Scanning regolith for anomalies...
---
data: Scanning regolith for anomalies...
---
data: Scanning regolith for anomalies...
---
data: Scanning regolith for anomalies...
---
data: Scanning regolith for anomalies...
---
data: Scanning regolith for anomalies...
---
data: Scanning regolith for anomalies...
---
data: Scanning regolith for anomalies...
---
data: Scanning regolith for anomalies...
---
data: Scanning regolith for anomalies...
---
data: Scanning regolith for anomalies...
---
data: Scanning regolith for anomalies...
---
data: Scanning regolith for anomalies...
---
data: Scanning regolith for anomalies...
---
data: Scanning regolith for anomalies...
---
data: Scanning regolith for anomalies...
---
data: Scanning regolith for anomalies...
---
data: Scanning regolith for anomalies...
---
data: Scanning regolith for anomalies...
---
data: Scanning regolith for anomalies...
---
data: Scanning regolith for anomalies...
---
data: Scanning regolith for anomalies...
---
data: Scanning regolith for anomalies...
---
data: Scanning regolith for anomalies...
---
data: Scanning regolith for anomalies...
---
data: Scanning regolith for anomalies...
---
data: Scanning regolith for anomalies...
---
data: Scanning regolith for anomalies...
---
data: Scanning regolith for anomalies...
---
data: Scanning regolith for anomalies...
---
data: Scanning regolith for anomalies...
---
data: Scanning regolith for anomalies...
---
data: Scanning regolith for anomalies...
---
data: Scanning regolith for anomalies...
---
data: Scanning regolith for anomalies...
---
data: Scanning regolith for anomalies...
---
data: Scanning regolith for anomalies...
---
data: Scanning regolith for anomalies...
---
data: Scanning regolith for anomalies...
---
data: Scanning regolith for anomalies...
---
data: Scanning regolith for anomalies...
---
data: Scanning regolith for anomalies...
---
data: Scanning regolith for anomalies...
---
data: Scanning regolith for anomalies...
---
data: Scanning regolith for anomalies...
---
data: Scanning regolith for anomalies...
---
data: Scanning regolith for anomalies...
---
data: Scanning regolith for anomalies...
---
data: Scanning regolith for anomalies...
---
data: Scanning regolith for anomalies...
---
data: Scanning regolith for anomalies...
---
data: Scanning regolith for anomalies...
---
data: Scanning regolith for anomalies...
---
data: Scanning regolith for anomalies...
---
data: Scanning regolith for anomalies...
---
data: Scanning regolith for anomalies...
---
data: Scanning regolith for anomalies...
---
data: Scanning regolith for anomalies...
---
data: Scanning regolith for anomalies...
---
data: Scanning regolith for anomalies...
---
data: Scanning regolith for anomalies...
---
data: Scanning regolith for anomalies...
---
data: Scanning regolith for anomalies...
---
data: Scanning regolith for anomalies...
---
data: Scanning regolith for anomalies...
---
data: Scanning regolith for anomalies...
---
data: Scanning regolith for anomalies...
---
data: Scanning regolith for anomalies...
---
data: Scanning regolith for anomalies...
---
data: Scanning regolith for anomalies...
---
data: Scanning regolith for anomalies...
---
data: Scanning regolith for anomalies...
---
data: Scanning regolith for anomalies...
---
data: Scanning regolith for anomalies...
---
data: Scanning regolith for anomalies...
---
data: Scanning regolith for anomalies...
---
data: Scanning regolith for anomalies...
---
data: Scanning regolith for anomalies...
---
data: Scanning regolith for anomalies...
---
data: Scanning regolith for anomalies...
---
data: Scanning regolith for anomalies...
---
data: Scanning regolith for anomalies...
---
data: Scanning regolith for anomalies...
---
data: Scanning regolith for anomalies...
---
data: Scanning regolith for anomalies...
---
data: Scanning regolith for anomalies...
---
data: Scanning regolith for anomalies...
---
data: Scanning regolith for anomalies...
---
data: Scanning regolith for anomalies...
---
data: Scanning regolith for anomalies...
---
data: Scanning regolith for anomalies...
---
data: Scanning regolith for anomalies...
---
data: Scanning regolith for anomalies...
---
data: Scanning regolith for anomalies...
---
data: Scanning regolith for anomalies...
---
data: Scanning regolith for anomalies...
---
data: Scanning regolith for anomalies...
---
data: Scanning regolith for anomalies...
---
data: Scanning regolith for anomalies...
---
data: Scanning regolith for anomalies...
---
data: Scanning regolith for anomalies...
---
data: Scanning regolith for anomalies...
---
data: Scanning regolith for anomalies...
---
data: Scanning regolith for anomalies...
---
data: Scanning regolith for anomalies...
---
data: Scanning regolith for anomalies...
---
data: Scanning regolith for anomalies...
---
data: Scanning regolith for anomalies...
---
data: Scanning regolith for anomalies...
---
data: Scanning regolith for anomalies...
---
data: Scanning regolith for anomalies...
---
data: Scanning regolith for anomalies...
---
data: Scanning regolith for anomalies...
---
data: Scanning regolith for anomalies...
---
data: Scanning regolith for anomalies...
---
data: Scanning regolith for anomalies...
---
data: Scanning regolith for anomalies...
---
data: Scanning regolith for anomalies...
---
data: Scanning regolith for anomalies...
---
data: Scanning regolith for anomalies...
---
data: Scanning regolith for anomalies...
---
data: Scanning regolith for anomalies...
---
data: Scanning regolith for anomalies...
---
data: Scanning regolith for anomalies...
---
data: Scanning regolith for anomalies...
---
data: Scanning regolith for anomalies...
---
data: Scanning regolith for anomalies...
---
data: Scanning regolith for anomalies...
---
data: Scanning regolith for anomalies...
---
data: Scanning regolith for anomalies...
---
data: Scanning regolith for anomalies...
---
data: Scanning regolith for anomalies...
---
data: Scanning regolith for anomalies...
---
data: Scanning regolith for anomalies...
---
data: Scanning regolith for anomalies...
---
data: Scanning regolith for anomalies...
---
data: Scanning regolith for anomalies...
---
data: Scanning regolith for anomalies...
---
data: Scanning regolith for anomalies...
---
data: Scanning regolith for anomalies...
---
data: Scanning regolith for anomalies...
---
data: Scanning regolith for anomalies...
---
data: Scanning regolith for anomalies...
---
data: Scanning regolith for anomalies...
---
data: Scanning regolith for anomalies...
---
data: Scanning regolith for anomalies...
---
data: Scanning regolith for anomalies...
---
data: Scanning regolith for anomalies...
---
data: Scanning regolith for anomalies...
---
data: Scanning regolith for anomalies...
---
data: Scanning regolith for anomalies...
---
data: Scanning regolith for anomalies...
---
data: Scanning regolith for anomalies...
---
data: Scanning regolith for anomalies...
---
data: Scanning regolith for anomalies...
---
data: Scanning regolith for anomalies...
---
data: Scanning regolith for anomalies...
---
data: Scanning regolith for anomalies...
---
data: Scanning regolith for anomalies...
---
data: Scanning regolith for anomalies...
---
data: Scanning regolith for anomalies...
---
data: Scanning regolith for anomalies...
---
data: Scanning regolith for anomalies...
---
data: Scanning regolith for anomalies...
---
data: Scanning regolith for anomalies...
---
data: Scanning regolith for anomalies...
---
data: Scanning regolith for anomalies...
---
data: Scanning regolith for anomalies...
---
data: Scanning regolith for anomalies...
---
data: Scanning regolith for anomalies...
---
data: Scanning regolith for anomalies...
---
data: Scanning regolith for anomalies...
---
data: Scanning regolith for anomalies...
---
data: Scanning regolith for anomalies...
---
data: Scanning regolith for anomalies...
---
data: Scanning regolith for anomalies...
---
data: Scanning regolith for anomalies...
---
data: Scanning regolith for anomalies...
---
data: Scanning regolith for anomalies...
---
data: Scanning regolith for anomalies...
---
data: Scanning regolith for anomalies...
---
data: Scanning regolith for anomalies...
---
data: Scanning regolith for anomalies...
---
data: Scanning regolith for anomalies...
---
data: Scanning regolith for anomalies...
---
data: Scanning regolith for anomalies...
---
data: Scanning regolith for anomalies...
---
data: Scanning regolith for anomalies...
---
data: Scanning regolith for anomalies...
---
data: Scanning regolith for anomalies...
---
data: Scanning regolith for anomalies...
---
data: Scanning regolith for anomalies...
---
data: Scanning regolith for anomalies...
---
data: Scanning regolith for anomalies...
---
data: Scanning regolith for anomalies...
---
data: Scanning regolith for anomalies...
---
data: Scanning regolith for anomalies...
---
data: Scanning regolith for anomalies...
---
data: Scanning regolith for anomalies...
---
data: Scanning regolith for anomalies...
---
data: Scanning regolith for anomalies...
---
data: Scanning regolith for anomalies...
---
data: Scanning regolith for anomalies...
---
data: Scanning regolith for anomalies...
---
data: Scanning regolith for anomalies...
---
data: Scanning regolith for anomalies...
---
data: Scanning regolith for anomalies...
---
data: Scanning regolith for anomalies...
---
data: Scanning regolith for anomalies...
---
data: Scanning regolith for anomalies...
---
data: Scanning regolith for anomalies...
---
data: Scanning regolith for anomalies...
---
data: Scanning regolith for anomalies...
---
data: Scanning regolith for anomalies...
---
data: Scanning regolith for anomalies...
---
data: Scanning regolith for anomalies...
---
data: Scanning regolith for anomalies...
---
data: Scanning regolith for anomalies...
---
data: Scanning regolith for anomalies...
---
data: Scanning regolith for anomalies...
---
data: Scanning regolith for anomalies...
---
data: Scanning regolith for anomalies...
---
data: Scanning regolith for anomalies...
---
data: Scanning regolith for anomalies...
---
data: Scanning regolith for anomalies...
---
data: Scanning regolith for anomalies...
---
data: Scanning regolith for anomalies...
---
data: Scanning regolith for anomalies...
---
data: Scanning regolith for anomalies...
---
data: Scanning regolith for anomalies...
---
data: Scanning regolith for anomalies...
---
data: Scanning regolith for anomalies...
---
data: Scanning regolith for anomalies...
---
data: Scanning regolith for anomalies...
---
data: Scanning regolith for anomalies...
---
data: Scanning regolith for anomalies...
---
data: Scanning regolith for anomalies...
---
data: Scanning regolith for anomalies...
---
data: Scanning regolith for anomalies...
---
data: Scanning regolith for anomalies...
---
data: Scanning regolith for anomalies...
---
data: Scanning regolith for anomalies...
---
data: Scanning regolith for anomalies...
---
data: Scanning regolith for anomalies...
---
data: Scanning regolith for anomalies...
---
data: Scanning regolith for anomalies...
---
data: Scanning regolith for anomalies...
---
data: Scanning regolith for anomalies...
---
data: Scanning regolith for anomalies...
---
data: Scanning regolith for anomalies...
---
data: Scanning regolith for anomalies...
---
data: Scanning regolith for anomalies...
---
data: Scanning regolith for anomalies...
---
data: Scanning regolith for anomalies...
---
data: Scanning regolith for anomalies...
---
data: Scanning regolith for anomalies...
---
data: Scanning regolith for anomalies...
---
data: Scanning regolith for anomalies...
---
data: Scanning regolith for anomalies...
---
data: Scanning regolith for anomalies...
---
data: Scanning regolith for anomalies...
---
data: Scanning regolith for anomalies...
---
data: Scanning regolith for anomalies...
---
data: Scanning regolith for anomalies...
---
data: Scanning regolith for anomalies...
---
data: Scanning regolith for anomalies...
---
data: Scanning regolith for anomalies...
---
data: Scanning regolith for anomalies...
---
data: Scanning regolith for anomalies...
---
data: Scanning regolith for anomalies...
---
data: Scanning regolith for anomalies...
---
data: Scanning regolith for anomalies...
---
data: Scanning regolith for anomalies...
---
data: Scanning regolith for anomalies...
---
data: Scanning regolith for anomalies...
---
data: Scanning regolith for anomalies...
---
data: Scanning regolith for anomalies...
---
data: Scanning regolith for anomalies...
---
data: Scanning regolith for anomalies...
---
data: Scanning regolith for anomalies...
---
data: Scanning regolith for anomalies...
---
data: Scanning regolith for anomalies...
---
data: Scanning regolith for anomalies...
---
data: Scanning regolith for anomalies...
---
data: Scanning regolith for anomalies...
---
data: Scanning regolith for anomalies...
---
data: Scanning regolith for anomalies...
---
data: Scanning regolith for anomalies...
---
data: Scanning regolith for anomalies...
---
data: Scanning regolith for anomalies...
---
data: Scanning regolith for anomalies...
---
data: Scanning regolith for anomalies...
---
data: Scanning regolith for anomalies...
---
data: Scanning regolith for anomalies...
---
data: Scanning regolith for anomalies...
---
data: Scanning regolith for anomalies...
---
data: Scanning regolith for anomalies...
---
data: Scanning regolith for anomalies...
---
data: Scanning regolith for anomalies...
---
data: Scanning regolith for anomalies...
---
data: Scanning regolith for anomalies...
---
data: Scanning regolith for anomalies...
---
data: Scanning regolith for anomalies...
---
data: Scanning regolith for anomalies...
---
data: Scanning regolith for anomalies...
---
data: Scanning regolith for anomalies...
---
data: Scanning regolith for anomalies...
---
data: Scanning regolith for anomalies...
---
data: Scanning regolith for anomalies...
---
data: Scanning regolith for anomalies...
---
data: Scanning regolith for anomalies...
---
data: Scanning regolith for anomalies...
---
data: Scanning regolith for anomalies...
---
data: Scanning regolith for anomalies...
---
data: Scanning regolith for anomalies...
---
data: Scanning regolith for anomalies...
---
data: Scanning regolith for anomalies...
---
data: Scanning regolith for anomalies...
---
data: Scanning regolith for anomalies...
---
data: Scanning regolith for anomalies...
---
data: Scanning regolith for anomalies...
---
data: Scanning regolith for anomalies...
---
data: Scanning regolith for anomalies...
---
data: Scanning regolith for anomalies...
---
data: Scanning regolith for anomalies...
---
data: Scanning regolith for anomalies...
---
data: Scanning regolith for anomalies...
---
data: Scanning regolith for anomalies...
---
data: Scanning regolith for anomalies...
---
data: Scanning regolith for anomalies...
---
data: Scanning regolith for anomalies...
---
data: Scanning regolith for anomalies...
---
data: Scanning regolith for anomalies...
---
data: Scanning regolith for anomalies...
---
data: Scanning regolith for anomalies...
---
data: Scanning regolith for anomalies...
---
data: Scanning regolith for anomalies...
---
data: Scanning regolith for anomalies...
---
data: Scanning regolith for anomalies...
---
data: Scanning regolith for anomalies...
---
data: Scanning regolith for anomalies...
---
data: Scanning regolith for anomalies...
---
data: Scanning regolith for anomalies...
---
data: Scanning regolith for anomalies...
---
data: Scanning regolith for anomalies...
---
data: Scanning regolith for anomalies...
---
data: Scanning regolith for anomalies...
---
data: Scanning regolith for anomalies...
---
data: Scanning regolith for anomalies...
---
data: Scanning regolith for anomalies...
---
data: Scanning regolith for anomalies...
---
data: Scanning regolith for anomalies...
---
data: Scanning regolith for anomalies...
---
data: Scanning regolith for anomalies...
---
data: Scanning regolith for anomalies...
---
data: Scanning regolith for anomalies...
---
data: Scanning regolith for anomalies...
---
data: Scanning regolith for anomalies...
---
data: Scanning regolith for anomalies...
---
data: Scanning regolith for anomalies...
---
data: Scanning regolith for anomalies...
---
data: Scanning regolith for anomalies...
---
data: Scanning regolith for anomalies...
---
data: Scanning regolith for anomalies...
---
data: Scanning regolith for anomalies...
---
data: Scanning regolith for anomalies...
---
data: Scanning regolith for anomalies...
---
data: Scanning regolith for anomalies...
---
data: Scanning regolith for anomalies...
---
data: Scanning regolith for anomalies...
---
data: Scanning regolith for anomalies...
---
data: Scanning regolith for anomalies...
---
data: Scanning regolith for anomalies...
---
data: Scanning regolith for anomalies...
---
data: Scanning regolith for anomalies...
---
data: Scanning regolith for anomalies...
---
data: Scanning regolith for anomalies...
---
data: Scanning regolith for anomalies...
---
data: Scanning regolith for anomalies...
---
data: Scanning regolith for anomalies...
---
data: Scanning regolith for anomalies...
---
data: Scanning regolith for anomalies...
---
data: Scanning regolith for anomalies...
---
data: Scanning regolith for anomalies...
---
data: Scanning regolith for anomalies...
---
data: Scanning regolith for anomalies...
---
data: Scanning regolith for anomalies...
---
data: Scanning regolith for anomalies...
---
data: Scanning regolith for anomalies...
---
data: Scanning regolith for anomalies...
---
data: Scanning regolith for anomalies...
---
data: Scanning regolith for anomalies...
---
data: Scanning regolith for anomalies...
---
data: Scanning regolith for anomalies...
---
data: Scanning regolith for anomalies...
---
data: Scanning regolith for anomalies...
---
data: Scanning regolith for anomalies...
---
data: Scanning regolith for anomalies...
---
data: Scanning regolith for anomalies...
---
data: Scanning regolith for anomalies...
---
data: Scanning regolith for anomalies...
---
data: Scanning regolith for anomalies...
---
data: Scanning regolith for anomalies...
---
data: Scanning regolith for anomalies...
---
data: Scanning regolith for anomalies...
---
data: Scanning regolith for anomalies...
---
data: Scanning regolith for anomalies...
---
data: Scanning regolith for anomalies...
---
data: Scanning regolith for anomalies...
---
data: Scanning regolith for anomalies...
---
data: Scanning regolith for anomalies...
---
data: Scanning regolith for anomalies...
---
data: Scanning regolith for anomalies...
---
data: Scanning regolith for anomalies...
---
data: Scanning regolith for anomalies...
---
data: Scanning regolith for anomalies...
---
data: Scanning regolith for anomalies...
---
data: Scanning regolith for anomalies...
---
data: Scanning regolith for anomalies...
---
data: Scanning regolith for anomalies...
---
data: Scanning regolith for anomalies...
---
data: Scanning regolith for anomalies...
---
data: Scanning regolith for anomalies...
---
data: Scanning regolith for anomalies...
---
data: Scanning regolith for anomalies...
---
data: Scanning regolith for anomalies...
---
data: Scanning regolith for anomalies...
---
data: Scanning regolith for anomalies...
---
data: Scanning regolith for anomalies...
---
data: Scanning regolith for anomalies...
---
data: Scanning regolith for anomalies...
---
data: Scanning regolith for anomalies...
---
data: Scanning regolith for anomalies...
---
data: Scanning regolith for anomalies...
---
data: Scanning regolith for anomalies...
---
data: Scanning regolith for anomalies...
---
data: Scanning regolith for anomalies...
---
data: Scanning regolith for anomalies...
---
data: Scanning regolith for anomalies...
---
data: Scanning regolith for anomalies...
---
data: Scanning regolith for anomalies...
---
data: Scanning regolith for anomalies...
---
data: Scanning regolith for anomalies...
---
data: Scanning regolith for anomalies...
---
data: Scanning regolith for anomalies...
---
data: Scanning regolith for anomalies...
---
data: Scanning regolith for anomalies...
---
data: Scanning regolith for anomalies...
---
data: Scanning regolith for anomalies...
---
data: Scanning regolith for anomalies...
---
data: Scanning regolith for anomalies...
---
data: Scanning regolith for anomalies...
---
data: Scanning regolith for anomalies...
---
data: Scanning regolith for anomalies...
---
data: Scanning regolith for anomalies...
---
data: Scanning regolith for anomalies...
---
data: Scanning regolith for anomalies...
---
data: Scanning regolith for anomalies...
---
data: Scanning regolith for anomalies...
---
data: Scanning regolith for anomalies...
---
data: Scanning regolith for anomalies...
---
data: Scanning regolith for anomalies...
---
data: Scanning regolith for anomalies...
---
data: Scanning regolith for anomalies...
---
data: Scanning regolith for anomalies...
---
data: Scanning regolith for anomalies...
---
data: Scanning regolith for anomalies...
---
data: Scanning regolith for anomalies...
---
data: Scanning regolith for anomalies...
---
data: Scanning regolith for anomalies...
---
data: Scanning regolith for anomalies...
---
data: Scanning regolith for anomalies...
---
data: Scanning regolith for anomalies...
---
data: Scanning regolith for anomalies...
---
data: Scanning regolith for anomalies...
---
data: Scanning regolith for anomalies...
---
data: Scanning regolith for anomalies...
---
data: Scanning regolith for anomalies...
---
data: Scanning regolith for anomalies...
---
data: Scanning regolith for anomalies...
---
data: Scanning regolith for anomalies...
---
data: Scanning regolith for anomalies...
---
data: Scanning regolith for anomalies...
---
data: Scanning regolith for anomalies...
---
data: Scanning regolith for anomalies...
---
data: Scanning regolith for anomalies...
---
data: Scanning regolith for anomalies...
---
data: Scanning regolith for anomalies...
---
data: Scanning regolith for anomalies...
---
data: Scanning regolith for anomalies...
---
data: Scanning regolith for anomalies...
---
data: Scanning regolith for anomalies...
---
data: Scanning regolith for anomalies...
---
data: Scanning regolith for anomalies...
---
data: Scanning regolith for anomalies...
---
data: Scanning regolith for anomalies...
---
data: Scanning regolith for anomalies...
---
data: Scanning regolith for anomalies...
---
data: Scanning regolith for anomalies...
---
data: Scanning regolith for anomalies...
---
data: Scanning regolith for anomalies...
---
data: Scanning regolith for anomalies...
---
data: Scanning regolith for anomalies...
---
data: Scanning regolith for anomalies...
---
data: Scanning regolith for anomalies...
---
data: Scanning regolith for anomalies...
---
data: Scanning regolith for anomalies...
---
data: Scanning regolith for anomalies...
---
data: Scanning regolith for anomalies...
---
data: Scanning regolith for anomalies...
---
data: Scanning regolith for anomalies...
---
data: Scanning regolith for anomalies...
---
data: Scanning regolith for anomalies...
---
data: Scanning regolith for anomalies...
---
data: Scanning regolith for anomalies...
---
data: Scanning regolith for anomalies...
---
data: Scanning regolith for anomalies...
---
data: Scanning regolith for anomalies...
---
data: Scanning regolith for anomalies...
---
data: Scanning regolith for anomalies...
---
data: Scanning regolith for anomalies...
---
data: Scanning regolith for anomalies...
---
data: Scanning regolith for anomalies...
---
data: Scanning regolith for anomalies...
---
data: Scanning regolith for anomalies...
---
data: Scanning regolith for anomalies...
---
data: Scanning regolith for anomalies...
---
data: Scanning regolith for anomalies...
---
data: Scanning regolith for anomalies...
---
data: Scanning regolith for anomalies...
---
data: Scanning regolith for anomalies...
---
data: Scanning regolith for anomalies...
---
data: Scanning regolith for anomalies...
---
data: Scanning regolith for anomalies...
---
data: Scanning regolith for anomalies...
---
data: Scanning regolith for anomalies...
---
data: Scanning regolith for anomalies...
---
data: Scanning regolith for anomalies...
---
data: Scanning regolith for anomalies...
---
data: Scanning regolith for anomalies...
---
data: Scanning regolith for anomalies...
---
data: Scanning regolith for anomalies...
---
data: Scanning regolith for anomalies...
---
data: Scanning regolith for anomalies...
---
data: Scanning regolith for anomalies...
---
data: Scanning regolith for anomalies...
---
data: Scanning regolith for anomalies...
---
data: Scanning regolith for anomalies...
---
data: Scanning regolith for anomalies...
---
data: Scanning regolith for anomalies...
---
data: Scanning regolith for anomalies...
---
data: Scanning regolith for anomalies...
---
data: Scanning regolith for anomalies...
---
data: Scanning regolith for anomalies...
---
data: Scanning regolith for anomalies...
---
data: Scanning regolith for anomalies...
---
data: Scanning regolith for anomalies...
---
data: Scanning regolith for anomalies...
---
data: Scanning regolith for anomalies...
---
data: Scanning regolith for anomalies...
---
data: Scanning regolith for anomalies...
---
data: Scanning regolith for anomalies...
---
data: Scanning regolith for anomalies...
---
data: Scanning regolith for anomalies...
---
data: Scanning regolith for anomalies...
---
data: Scanning regolith for anomalies...
---
data: Scanning regolith for anomalies...
---
data: Scanning regolith for anomalies...
---
data: Scanning regolith for anomalies...
---
data: Scanning regolith for anomalies...
---
data: Scanning regolith for anomalies...
---
data: Scanning regolith for anomalies...
---
data: Scanning regolith for anomalies...
---
data: Scanning regolith for anomalies...
---
data: Scanning regolith for anomalies...
---
data: Scanning regolith for anomalies...
---
data: Scanning regolith for anomalies...
---
data: Scanning regolith for anomalies...
---
data: Scanning regolith for anomalies...
---
data: Scanning regolith for anomalies...
---
data: Scanning regolith for anomalies...
---
data: Scanning regolith for anomalies...
---
