[16:49:25] --- trial 1/21: commanded_tilt=113 deg az=245 ---
[16:49:32] start uz=-0.4075549038994015
[16:51:28] landed=True after 115.6s uz=-0.43015450523669574
[16:53:28] outcome=failed final_uz=-0.4346764009843731
[16:53:28] --- trial 2/21: commanded_tilt=122 deg az=54 ---
[16:53:36] start uz=-0.5247510443628571
[16:56:56] landed=False after 200.0s uz=-0.9992281273609245
[16:56:56] --- trial 3/21: commanded_tilt=43 deg az=58 ---
[16:57:04] start uz=0.7340936510172834
[17:00:24] landed=False after 200.0s uz=0.9479956269446351
[17:00:24] --- trial 4/21: commanded_tilt=143 deg az=225 ---
[17:00:31] start uz=-0.8020567536395693
[17:03:32] landed=True after 180.3s uz=-0.9746711307730713
[17:05:32] outcome=failed final_uz=-0.3496792515490219
[17:05:32] --- trial 5/21: commanded_tilt=47 deg az=208 ---
[17:05:39] start uz=0.6867619014826327
[17:08:59] landed=False after 200.0s uz=0.975060187972716
[17:09:00] --- trial 6/21: commanded_tilt=115 deg az=315 ---
[17:09:07] start uz=-0.4333532163950915
[17:10:42] landed=True after 94.6s uz=-0.6206018610544408
[17:12:42] outcome=failed final_uz=-0.468368934062823
[17:12:42] --- trial 7/21: commanded_tilt=169 deg az=7 ---
[17:12:50] start uz=-0.9801319800764818
[17:14:50] landed=True after 120.4s uz=-0.9996255772626603
[17:16:50] outcome=failed final_uz=-0.9994136113818906
[17:16:50] --- trial 8/21: commanded_tilt=143 deg az=20 ---
[17:16:58] start uz=-0.7953049210383523
[17:20:07] landed=True after 189.6s uz=-0.9874531438087848
[17:22:07] outcome=failed final_uz=-0.9622418412503113
[17:22:07] --- trial 9/21: commanded_tilt=101 deg az=16 ---
[17:22:15] start uz=-0.18588749680473415
[17:23:51] landed=True after 95.9s uz=-0.31453736796172427
[17:25:51] outcome=failed final_uz=-0.31453736796172427
[17:25:51] --- trial 10/21: commanded_tilt=41 deg az=228 ---
[17:25:59] start uz=0.7555485087056519
[17:29:19] landed=False after 200.0s uz=0.9701526179944548
[17:29:19] --- trial 11/21: commanded_tilt=32 deg az=295 ---
[17:29:27] start uz=0.8461580770520921
[17:31:51] landed=True after 143.9s uz=0.9992895642185712
[17:31:51] outcome=recovered final_uz=0.9992895642185712
[17:31:51] --- trial 12/21: commanded_tilt=159 deg az=159 ---
[17:31:58] start uz=-0.9338230387217763
[17:34:18] landed=True after 139.8s uz=-0.9993972194565335
[17:36:18] outcome=failed final_uz=-0.9994075728135288
[17:36:18] --- trial 13/21: commanded_tilt=161 deg az=76 ---
[17:36:26] start uz=-0.9437425175984426
[17:38:45] landed=True after 139.4s uz=-0.9994148395999194
[17:40:45] outcome=failed final_uz=-0.9994109409246166
[17:40:45] --- trial 14/21: commanded_tilt=120 deg az=272 ---
[17:40:53] start uz=-0.4988359953809467
[17:42:10] landed=True after 77.0s uz=-0.4528704888747468
[17:44:10] outcome=failed final_uz=-0.45346269771782355
[17:44:10] --- trial 15/21: commanded_tilt=57 deg az=139 ---
[17:44:18] start uz=0.5416528726033837
[17:47:38] landed=False after 200.0s uz=0.998039689114259
[17:47:38] --- trial 16/21: commanded_tilt=139 deg az=0 ---
[17:47:46] start uz=-0.7530843819051951
[17:49:23] landed=True after 97.8s uz=-0.8267982037223107
[17:51:23] outcome=failed final_uz=-0.6868137917662525
[17:51:23] --- trial 17/21: commanded_tilt=112 deg az=175 ---
[17:51:31] start uz=-0.3836739498218089
[17:54:51] landed=False after 200.0s uz=-0.9737210991465484
[17:54:51] --- trial 18/21: commanded_tilt=108 deg az=40 ---
[17:54:59] start uz=-0.31012662419177617
[17:56:40] landed=True after 100.9s uz=-0.30195414166533974
[17:58:40] outcome=failed final_uz=-0.30195414166533974
[17:58:40] --- trial 19/21: commanded_tilt=52 deg az=151 ---
[17:58:48] start uz=0.6140831891739731
[18:02:08] landed=False after 200.0s uz=0.9890896502381057
[18:02:08] --- trial 20/21: commanded_tilt=172 deg az=8 ---
[18:02:15] start uz=-0.9907810943653175
[18:04:15] landed=True after 119.5s uz=-0.9994085557999126
[18:06:15] outcome=failed final_uz=-0.9994096032140507
[18:06:15] --- trial 21/21: commanded_tilt=77 deg az=105 ---
[18:06:23] start uz=0.22119279030936412
[18:07:43] landed=True after 80.4s uz=0.12239777311666578
[18:09:43] outcome=failed final_uz=-0.6556406838279187
[18:09:43] === batch complete: 1/21 recovered ===
