[INFO] [1785877114.157089672] [landing_scout_1]: [scout_1] Landing Controller: ONLINE
[INFO] [1785877114.257416211] [landing_scout_1]: [scout_1] 🛫 Airborne while IDLE (v=0.100 m/s, free-fall accel) → FLIGHT mode armed
[INFO] [1785877119.201416640] [landing_scout_1]: [scout_1] Landing controller state: FLIGHT
[INFO] [1785877124.201473684] [landing_scout_1]: [scout_1] Landing controller state: FLIGHT
[INFO] [1785877129.200751321] [landing_scout_1]: [scout_1] Landing controller state: FLIGHT
[INFO] [1785877134.200991633] [landing_scout_1]: [scout_1] Landing controller state: FLIGHT
[INFO] [1785877139.201390186] [landing_scout_1]: [scout_1] Landing controller state: FLIGHT
[INFO] [1785877144.200751093] [landing_scout_1]: [scout_1] Landing controller state: FLIGHT
[INFO] [1785877149.201266838] [landing_scout_1]: [scout_1] Landing controller state: FLIGHT
[INFO] [1785877154.201756828] [landing_scout_1]: [scout_1] Landing controller state: FLIGHT
[INFO] [1785877159.200893105] [landing_scout_1]: [scout_1] Landing controller state: FLIGHT
[INFO] [1785877164.200685942] [landing_scout_1]: [scout_1] Landing controller state: FLIGHT
[INFO] [1785877169.201295123] [landing_scout_1]: [scout_1] Landing controller state: FLIGHT
[INFO] [1785877174.201267326] [landing_scout_1]: [scout_1] Landing controller state: FLIGHT
[INFO] [1785877179.201021232] [landing_scout_1]: [scout_1] Landing controller state: FLIGHT
[INFO] [1785877184.200772777] [landing_scout_1]: [scout_1] Landing controller state: FLIGHT
[INFO] [1785877189.201266448] [landing_scout_1]: [scout_1] Landing controller state: FLIGHT
[INFO] [1785877194.201168560] [landing_scout_1]: [scout_1] Landing controller state: FLIGHT
[INFO] [1785877199.201280521] [landing_scout_1]: [scout_1] Landing controller state: FLIGHT
[INFO] [1785877204.200949869] [landing_scout_1]: [scout_1] Landing controller state: FLIGHT
[INFO] [1785877209.200759762] [landing_scout_1]: [scout_1] Landing controller state: FLIGHT
[INFO] [1785877214.201320875] [landing_scout_1]: [scout_1] Landing controller state: FLIGHT
[INFO] [1785877219.201314885] [landing_scout_1]: [scout_1] Landing controller state: FLIGHT
[INFO] [1785877224.200828246] [landing_scout_1]: [scout_1] Landing controller state: FLIGHT
[INFO] [1785877229.201400720] [landing_scout_1]: [scout_1] Landing controller state: FLIGHT
[INFO] [1785877234.201404454] [landing_scout_1]: [scout_1] Landing controller state: FLIGHT
[INFO] [1785877239.201563543] [landing_scout_1]: [scout_1] Landing controller state: FLIGHT
[INFO] [1785877244.200875067] [landing_scout_1]: [scout_1] Landing controller state: FLIGHT
[INFO] [1785877245.244310686] [landing_scout_1]: [scout_1] 🎯 Contact detected! accel=1.1731 m/s² → hands-off settle (no posture commands at contact)
[INFO] [1785877245.754242837] [landing_scout_1]: [scout_1] ⚠️ Bounce detected (v=0.0552 m/s) → back to FLIGHT
[INFO] [1785877249.200875927] [landing_scout_1]: [scout_1] Landing controller state: FLIGHT
[INFO] [1785877254.200952353] [landing_scout_1]: [scout_1] Landing controller state: FLIGHT
[INFO] [1785877259.201788355] [landing_scout_1]: [scout_1] Landing controller state: FLIGHT
[INFO] [1785877264.200971767] [landing_scout_1]: [scout_1] Landing controller state: FLIGHT
[INFO] [1785877269.200869547] [landing_scout_1]: [scout_1] Landing controller state: FLIGHT
[INFO] [1785877274.200825813] [landing_scout_1]: [scout_1] Landing controller state: FLIGHT
[INFO] [1785877279.200960751] [landing_scout_1]: [scout_1] Landing controller state: FLIGHT
[INFO] [1785877284.200851465] [landing_scout_1]: [scout_1] Landing controller state: FLIGHT
[INFO] [1785877289.202001548] [landing_scout_1]: [scout_1] Landing controller state: FLIGHT
[INFO] [1785877294.201277304] [landing_scout_1]: [scout_1] Landing controller state: FLIGHT
[INFO] [1785877299.200873260] [landing_scout_1]: [scout_1] Landing controller state: FLIGHT
[INFO] [1785877304.201318662] [landing_scout_1]: [scout_1] Landing controller state: FLIGHT
[INFO] [1785877309.200971682] [landing_scout_1]: [scout_1] Landing controller state: FLIGHT
[INFO] [1785877314.201442351] [landing_scout_1]: [scout_1] Landing controller state: FLIGHT
