[00:39:11] Starting gz sim...
[00:39:19] Spawning scout_1 UPRIGHT (once for the whole batch)...
[00:39:25] Sanity check: monitor node created, odom_count after 10s = 1
[00:39:25] --- severe trial 1/8: commanded_tilt=121.6 deg az=54 ---
[00:39:26] Real current orientation before this trial's animation: (-4.913792855036333e-19, -5.616852767048504e-19, 6.387917717321281e-20, 1.0)
[00:39:26] Animating back to upright...
[00:39:37] Animating to target tilt 121.6 deg...
[00:39:50] start uz=-0.5242779147358809 (expected -0.5243), odom_count=13
[00:43:10] landed=False after 200.0s uz=0.6521900896676853
[00:43:10] --- severe trial 2/8: commanded_tilt=143.3 deg az=225 ---
[00:43:11] Real current orientation before this trial's animation: (-0.1505094972691143, 0.11255272984132934, 0.372241495609677, 0.9089087100382162)
[00:43:11] Animating back to upright...
[00:43:22] Animating to target tilt 143.3 deg...
[00:43:34] start uz=-0.47965759130073193 (expected -0.8019), odom_count=4036
[00:46:54] landed=False after 200.0s uz=-0.6506829521793136
[00:46:54] --- severe trial 3/8: commanded_tilt=168.6 deg az=7 ---
[00:46:55] Real current orientation before this trial's animation: (0.9039570613431006, -0.14625924348217734, 0.33679251229192664, -0.21918181632621667)
[00:46:55] Animating back to upright...
[00:47:06] Animating to target tilt 168.6 deg...
[00:47:20] start uz=-0.9789027077384751 (expected -0.9801), odom_count=8057
[00:50:40] landed=False after 200.0s uz=0.2229339823903529
[00:50:40] --- severe trial 4/8: commanded_tilt=142.6 deg az=20 ---
[00:50:41] Real current orientation before this trial's animation: (-0.2201607328802056, -0.30957478371018576, -0.7757092192120039, 0.5039522916089834)
[00:50:41] Animating back to upright...
[00:50:52] Animating to target tilt 142.6 deg...
[00:51:05] start uz=-0.2919178273729828 (expected -0.7940), odom_count=12082
[00:54:25] landed=False after 200.0s uz=0.353774266181747
[00:54:25] --- severe trial 5/8: commanded_tilt=159.0 deg az=159 ---
[00:54:26] Real current orientation before this trial's animation: (-0.1452895668340116, -0.624644259723728, 0.049983210416666896, 0.7656449367950032)
[00:54:26] Animating back to upright...
[00:54:37] Animating to target tilt 159.0 deg...
[00:54:51] start uz=-0.9340867044067518 (expected -0.9338), odom_count=16107
[00:58:11] landed=False after 200.0s uz=0.17460997100220554
[00:58:11] --- severe trial 6/8: commanded_tilt=160.7 deg az=76 ---
[00:58:12] Real current orientation before this trial's animation: (0.7004258063630642, 0.06497363362755863, 0.705586899952519, 0.08561100004834088)
[00:58:12] Animating back to upright...
[00:58:22] Animating to target tilt 160.7 deg...
[00:58:36] start uz=-0.8735135666514959 (expected -0.9438), odom_count=20132
[01:01:56] landed=False after 200.0s uz=0.8152725624738019
[01:01:56] --- severe trial 7/8: commanded_tilt=138.8 deg az=0 ---
[01:01:57] Real current orientation before this trial's animation: (-0.30678860958129456, -0.02442418236007134, -0.6199007362034369, 0.721808344092568)
[01:01:57] Animating back to upright...
[01:02:08] Animating to target tilt 138.8 deg...
[01:02:21] start uz=-0.7519870883762341 (expected -0.7529), odom_count=24154
[01:05:41] landed=False after 200.0s uz=0.012512687239530584
[01:05:41] --- severe trial 8/8: commanded_tilt=172.2 deg az=8 ---
[01:05:42] Real current orientation before this trial's animation: (-0.02651937603098703, 0.7016605531007452, -0.5720697183666322, 0.4239167704222204)
[01:05:42] Animating back to upright...
[01:05:54] Animating to target tilt 172.2 deg...
[01:06:07] start uz=-0.9901686510923109 (expected -0.9908), odom_count=28175
[01:09:27] landed=False after 200.0s uz=-0.5505234498272749
[01:09:27] === severe-tilt batch complete: 0/8 recovered, 2/8 triggered righting ===
