[INFO] [1786655873.512757670] [landing_scout_1]: [scout_1] Landing Controller: ONLINE
[INFO] [1786655878.556756178] [landing_scout_1]: [scout_1] Landing controller state: IDLE
[INFO] [1786655883.557121219] [landing_scout_1]: [scout_1] Landing controller state: IDLE
[INFO] [1786655888.557259886] [landing_scout_1]: [scout_1] Landing controller state: IDLE
[INFO] [1786655893.556736294] [landing_scout_1]: [scout_1] Landing controller state: IDLE
[INFO] [1786655898.556535435] [landing_scout_1]: [scout_1] Landing controller state: IDLE
[INFO] [1786655903.556691395] [landing_scout_1]: [scout_1] Landing controller state: IDLE
[INFO] [1786655908.556680640] [landing_scout_1]: [scout_1] Landing controller state: IDLE
[INFO] [1786655913.556817812] [landing_scout_1]: [scout_1] Landing controller state: IDLE
[INFO] [1786655918.556739596] [landing_scout_1]: [scout_1] Landing controller state: IDLE
[INFO] [1786655923.556739052] [landing_scout_1]: [scout_1] Landing controller state: IDLE
[INFO] [1786655928.557453427] [landing_scout_1]: [scout_1] Landing controller state: IDLE
[INFO] [1786655933.557337739] [landing_scout_1]: [scout_1] Landing controller state: IDLE
[INFO] [1786655938.556683794] [landing_scout_1]: [scout_1] Landing controller state: IDLE
[INFO] [1786655943.556770130] [landing_scout_1]: [scout_1] Landing controller state: IDLE
[INFO] [1786655948.141878536] [landing_scout_1]: [scout_1] 🚀 Jump detected → FLIGHT mode (contact detection blanked 100 s for launch)
[INFO] [1786655948.186066066] [landing_scout_1]: [scout_1] 📏 CALIBSERIES t=0.0s v=0.00891 m/s (vx=-0.00017 vy=0.00000 vz=-0.00890)
[INFO] [1786655948.557159188] [landing_scout_1]: [scout_1] Landing controller state: FLIGHT
[INFO] [1786655950.204812114] [landing_scout_1]: [scout_1] 📏 CALIBSERIES t=2.1s v=0.00911 m/s (vx=-0.00007 vy=0.00000 vz=-0.00911)
[INFO] [1786655952.227617698] [landing_scout_1]: [scout_1] 📏 CALIBSERIES t=4.1s v=0.00932 m/s (vx=-0.00016 vy=0.00000 vz=-0.00932)
[INFO] [1786655952.228154158] [landing_scout_1]: [scout_1] 📏 CALIBSTABLE t=4.1s v=0.00932 m/s (vx=-0.00016 vy=0.00000 vz=-0.00932) -- 3 consecutive samples steady
[INFO] [1786655953.556745015] [landing_scout_1]: [scout_1] Landing controller state: FLIGHT
