[INFO] [1786654884.779096964] [landing_scout_1]: [scout_1] Landing Controller: ONLINE
[INFO] [1786654889.830005113] [landing_scout_1]: [scout_1] Landing controller state: IDLE
[INFO] [1786654894.829982664] [landing_scout_1]: [scout_1] Landing controller state: IDLE
[INFO] [1786654899.829946120] [landing_scout_1]: [scout_1] Landing controller state: IDLE
[INFO] [1786654904.830550250] [landing_scout_1]: [scout_1] Landing controller state: IDLE
[INFO] [1786654909.829894446] [landing_scout_1]: [scout_1] Landing controller state: IDLE
[INFO] [1786654914.830636542] [landing_scout_1]: [scout_1] Landing controller state: IDLE
[INFO] [1786654919.830047607] [landing_scout_1]: [scout_1] Landing controller state: IDLE
[INFO] [1786654924.830062610] [landing_scout_1]: [scout_1] Landing controller state: IDLE
[INFO] [1786654929.830116531] [landing_scout_1]: [scout_1] Landing controller state: IDLE
[INFO] [1786654934.830036932] [landing_scout_1]: [scout_1] Landing controller state: IDLE
[INFO] [1786654939.830124691] [landing_scout_1]: [scout_1] Landing controller state: IDLE
[INFO] [1786654944.830020123] [landing_scout_1]: [scout_1] Landing controller state: IDLE
[INFO] [1786654949.830181252] [landing_scout_1]: [scout_1] Landing controller state: IDLE
[INFO] [1786654954.830333321] [landing_scout_1]: [scout_1] Landing controller state: IDLE
[INFO] [1786654959.421468030] [landing_scout_1]: [scout_1] 🚀 Jump detected → FLIGHT mode (contact detection blanked 100 s for launch)
[INFO] [1786654959.434084132] [landing_scout_1]: [scout_1] 📏 CALIBSERIES t=0.0s v=0.00889 m/s (vx=0.00010 vy=-0.00001 vz=-0.00889)
[INFO] [1786654959.830079628] [landing_scout_1]: [scout_1] Landing controller state: FLIGHT
[INFO] [1786654961.484135457] [landing_scout_1]: [scout_1] 📏 CALIBSERIES t=2.1s v=0.00911 m/s (vx=0.00013 vy=-0.00000 vz=-0.00911)
[INFO] [1786654963.503461714] [landing_scout_1]: [scout_1] 📏 CALIBSERIES t=4.1s v=0.00933 m/s (vx=0.00011 vy=-0.00000 vz=-0.00933)
[INFO] [1786654963.503947953] [landing_scout_1]: [scout_1] 📏 CALIBSTABLE t=4.1s v=0.00933 m/s (vx=0.00011 vy=-0.00000 vz=-0.00933) -- 3 consecutive samples steady
[INFO] [1786654964.830141500] [landing_scout_1]: [scout_1] Landing controller state: FLIGHT
