[INFO] [1786655153.378950353] [landing_scout_1]: [scout_1] Landing Controller: ONLINE
[INFO] [1786655158.427819202] [landing_scout_1]: [scout_1] Landing controller state: IDLE
[INFO] [1786655163.427213145] [landing_scout_1]: [scout_1] Landing controller state: IDLE
[INFO] [1786655168.428053270] [landing_scout_1]: [scout_1] Landing controller state: IDLE
[INFO] [1786655173.427899581] [landing_scout_1]: [scout_1] Landing controller state: IDLE
[INFO] [1786655178.427818426] [landing_scout_1]: [scout_1] Landing controller state: IDLE
[INFO] [1786655183.427707904] [landing_scout_1]: [scout_1] Landing controller state: IDLE
[INFO] [1786655188.427849061] [landing_scout_1]: [scout_1] Landing controller state: IDLE
[INFO] [1786655193.427410986] [landing_scout_1]: [scout_1] Landing controller state: IDLE
[INFO] [1786655198.427245333] [landing_scout_1]: [scout_1] Landing controller state: IDLE
[INFO] [1786655203.428004216] [landing_scout_1]: [scout_1] Landing controller state: IDLE
[INFO] [1786655208.427317061] [landing_scout_1]: [scout_1] Landing controller state: IDLE
[INFO] [1786655213.427284224] [landing_scout_1]: [scout_1] Landing controller state: IDLE
[INFO] [1786655218.427426589] [landing_scout_1]: [scout_1] Landing controller state: IDLE
[INFO] [1786655223.427566970] [landing_scout_1]: [scout_1] Landing controller state: IDLE
[INFO] [1786655228.077955203] [landing_scout_1]: [scout_1] 🚀 Jump detected → FLIGHT mode (contact detection blanked 100 s for launch)
[INFO] [1786655228.093777112] [landing_scout_1]: [scout_1] 📏 CALIBSERIES t=0.0s v=0.00888 m/s (vx=0.00011 vy=-0.00000 vz=-0.00888)
[INFO] [1786655228.427740285] [landing_scout_1]: [scout_1] Landing controller state: FLIGHT
[INFO] [1786655230.114245985] [landing_scout_1]: [scout_1] 📏 CALIBSERIES t=2.0s v=0.00909 m/s (vx=0.00016 vy=-0.00000 vz=-0.00909)
[INFO] [1786655232.116665548] [landing_scout_1]: [scout_1] 📏 CALIBSERIES t=4.0s v=0.00932 m/s (vx=0.00012 vy=-0.00000 vz=-0.00931)
[INFO] [1786655232.117358379] [landing_scout_1]: [scout_1] 📏 CALIBSTABLE t=4.0s v=0.00932 m/s (vx=0.00012 vy=-0.00000 vz=-0.00931) -- 3 consecutive samples steady
[INFO] [1786655233.427409662] [landing_scout_1]: [scout_1] Landing controller state: FLIGHT
