[INFO] [1786654443.402627300] [landing_scout_1]: [scout_1] Landing Controller: ONLINE
[INFO] [1786654448.454136914] [landing_scout_1]: [scout_1] Landing controller state: IDLE
[INFO] [1786654453.454298043] [landing_scout_1]: [scout_1] Landing controller state: IDLE
[INFO] [1786654458.454231493] [landing_scout_1]: [scout_1] Landing controller state: IDLE
[INFO] [1786654463.454144905] [landing_scout_1]: [scout_1] Landing controller state: IDLE
[INFO] [1786654468.454066705] [landing_scout_1]: [scout_1] Landing controller state: IDLE
[INFO] [1786654473.454678973] [landing_scout_1]: [scout_1] Landing controller state: IDLE
[INFO] [1786654478.454075162] [landing_scout_1]: [scout_1] Landing controller state: IDLE
[INFO] [1786654483.454215389] [landing_scout_1]: [scout_1] Landing controller state: IDLE
[INFO] [1786654488.454668731] [landing_scout_1]: [scout_1] Landing controller state: IDLE
[INFO] [1786654493.454468016] [landing_scout_1]: [scout_1] Landing controller state: IDLE
[INFO] [1786654498.454328079] [landing_scout_1]: [scout_1] Landing controller state: IDLE
[INFO] [1786654503.454182153] [landing_scout_1]: [scout_1] Landing controller state: IDLE
[INFO] [1786654508.454574376] [landing_scout_1]: [scout_1] Landing controller state: IDLE
[INFO] [1786654508.579790686] [landing_scout_1]: [scout_1] 🛫 Airborne while IDLE (v=0.633 m/s, free-fall accel) → FLIGHT mode armed
[INFO] [1786654513.454270364] [landing_scout_1]: [scout_1] Landing controller state: FLIGHT
[INFO] [1786654518.188466889] [landing_scout_1]: [scout_1] 🚀 Jump detected → FLIGHT mode (contact detection blanked 100 s for launch)
[INFO] [1786654518.192270554] [landing_scout_1]: [scout_1] 📏 CALIBSERIES t=0.0s v=0.00890 m/s (vx=0.00001 vy=-0.00000 vz=-0.00890)
[INFO] [1786654518.454437595] [landing_scout_1]: [scout_1] Landing controller state: FLIGHT
[INFO] [1786654520.194911876] [landing_scout_1]: [scout_1] 📏 CALIBSERIES t=2.0s v=0.00912 m/s (vx=0.00005 vy=0.00000 vz=-0.00912)
[INFO] [1786654522.196203482] [landing_scout_1]: [scout_1] 📏 CALIBSERIES t=4.0s v=0.00934 m/s (vx=0.00001 vy=-0.00000 vz=-0.00934)
[INFO] [1786654522.196949814] [landing_scout_1]: [scout_1] 📏 CALIBSTABLE t=4.0s v=0.00934 m/s (vx=0.00001 vy=-0.00000 vz=-0.00934) -- 3 consecutive samples steady
[INFO] [1786654523.454499037] [landing_scout_1]: [scout_1] Landing controller state: FLIGHT
