[INFO] [1786655422.030018443] [landing_scout_1]: [scout_1] Landing Controller: ONLINE
[INFO] [1786655427.090727122] [landing_scout_1]: [scout_1] Landing controller state: IDLE
[INFO] [1786655432.090568458] [landing_scout_1]: [scout_1] Landing controller state: IDLE
[INFO] [1786655437.090908795] [landing_scout_1]: [scout_1] Landing controller state: IDLE
[INFO] [1786655442.090530020] [landing_scout_1]: [scout_1] Landing controller state: IDLE
[INFO] [1786655447.090566436] [landing_scout_1]: [scout_1] Landing controller state: IDLE
[INFO] [1786655452.090475301] [landing_scout_1]: [scout_1] Landing controller state: IDLE
[INFO] [1786655457.090490516] [landing_scout_1]: [scout_1] Landing controller state: IDLE
[INFO] [1786655462.090398156] [landing_scout_1]: [scout_1] Landing controller state: IDLE
[INFO] [1786655467.090538839] [landing_scout_1]: [scout_1] Landing controller state: IDLE
[INFO] [1786655472.090845518] [landing_scout_1]: [scout_1] Landing controller state: IDLE
[INFO] [1786655477.091067739] [landing_scout_1]: [scout_1] Landing controller state: IDLE
[INFO] [1786655482.090295046] [landing_scout_1]: [scout_1] Landing controller state: IDLE
[INFO] [1786655487.090647626] [landing_scout_1]: [scout_1] Landing controller state: IDLE
[INFO] [1786655492.090792129] [landing_scout_1]: [scout_1] Landing controller state: IDLE
[INFO] [1786655496.692291792] [landing_scout_1]: [scout_1] 🚀 Jump detected → FLIGHT mode (contact detection blanked 100 s for launch)
[INFO] [1786655496.724288303] [landing_scout_1]: [scout_1] 📏 CALIBSERIES t=0.0s v=0.00890 m/s (vx=0.00012 vy=-0.00000 vz=-0.00890)
[INFO] [1786655497.090669959] [landing_scout_1]: [scout_1] Landing controller state: FLIGHT
[INFO] [1786655498.725640193] [landing_scout_1]: [scout_1] 📏 CALIBSERIES t=2.0s v=0.00909 m/s (vx=0.00018 vy=-0.00000 vz=-0.00909)
[INFO] [1786655500.725864483] [landing_scout_1]: [scout_1] 📏 CALIBSERIES t=4.0s v=0.00931 m/s (vx=0.00013 vy=-0.00000 vz=-0.00931)
[INFO] [1786655500.726459885] [landing_scout_1]: [scout_1] 📏 CALIBSTABLE t=4.0s v=0.00931 m/s (vx=0.00013 vy=-0.00000 vz=-0.00931) -- 3 consecutive samples steady
[INFO] [1786655502.090970384] [landing_scout_1]: [scout_1] Landing controller state: FLIGHT
