[INFO] [1786655067.212640023] [landing_scout_1]: [scout_1] Landing Controller: ONLINE
[INFO] [1786655072.258487738] [landing_scout_1]: [scout_1] Landing controller state: IDLE
[INFO] [1786655077.257935743] [landing_scout_1]: [scout_1] Landing controller state: IDLE
[INFO] [1786655082.257929244] [landing_scout_1]: [scout_1] Landing controller state: IDLE
[INFO] [1786655087.257940026] [landing_scout_1]: [scout_1] Landing controller state: IDLE
[INFO] [1786655092.258221895] [landing_scout_1]: [scout_1] Landing controller state: IDLE
[INFO] [1786655097.258796363] [landing_scout_1]: [scout_1] Landing controller state: IDLE
[INFO] [1786655102.257973187] [landing_scout_1]: [scout_1] Landing controller state: IDLE
[INFO] [1786655107.258642424] [landing_scout_1]: [scout_1] Landing controller state: IDLE
[INFO] [1786655112.258684793] [landing_scout_1]: [scout_1] Landing controller state: IDLE
[INFO] [1786655117.258044770] [landing_scout_1]: [scout_1] Landing controller state: IDLE
[INFO] [1786655122.258093141] [landing_scout_1]: [scout_1] Landing controller state: IDLE
[INFO] [1786655127.259058500] [landing_scout_1]: [scout_1] Landing controller state: IDLE
[INFO] [1786655132.258071952] [landing_scout_1]: [scout_1] Landing controller state: IDLE
[INFO] [1786655137.257954759] [landing_scout_1]: [scout_1] Landing controller state: IDLE
[INFO] [1786655141.872639573] [landing_scout_1]: [scout_1] 🚀 Jump detected → FLIGHT mode (contact detection blanked 100 s for launch)
[INFO] [1786655141.909326187] [landing_scout_1]: [scout_1] 📏 CALIBSERIES t=0.0s v=0.00892 m/s (vx=0.00010 vy=-0.00000 vz=-0.00892)
[INFO] [1786655142.257946625] [landing_scout_1]: [scout_1] Landing controller state: FLIGHT
[INFO] [1786655143.913391661] [landing_scout_1]: [scout_1] 📏 CALIBSERIES t=2.0s v=0.00910 m/s (vx=0.00017 vy=-0.00000 vz=-0.00910)
[INFO] [1786655145.914321578] [landing_scout_1]: [scout_1] 📏 CALIBSERIES t=4.0s v=0.00933 m/s (vx=0.00013 vy=-0.00000 vz=-0.00933)
[INFO] [1786655145.914973482] [landing_scout_1]: [scout_1] 📏 CALIBSTABLE t=4.0s v=0.00933 m/s (vx=0.00013 vy=-0.00000 vz=-0.00933) -- 3 consecutive samples steady
[INFO] [1786655147.257925744] [landing_scout_1]: [scout_1] Landing controller state: FLIGHT
