[INFO] [1786655690.772706845] [landing_scout_1]: [scout_1] Landing Controller: ONLINE
[INFO] [1786655695.815122252] [landing_scout_1]: [scout_1] Landing controller state: IDLE
[INFO] [1786655700.814274812] [landing_scout_1]: [scout_1] Landing controller state: IDLE
[INFO] [1786655705.814319450] [landing_scout_1]: [scout_1] Landing controller state: IDLE
[INFO] [1786655710.814311959] [landing_scout_1]: [scout_1] Landing controller state: IDLE
[INFO] [1786655715.815496508] [landing_scout_1]: [scout_1] Landing controller state: IDLE
[INFO] [1786655720.814459902] [landing_scout_1]: [scout_1] Landing controller state: IDLE
[INFO] [1786655725.814462682] [landing_scout_1]: [scout_1] Landing controller state: IDLE
[INFO] [1786655730.814332823] [landing_scout_1]: [scout_1] Landing controller state: IDLE
[INFO] [1786655735.814780000] [landing_scout_1]: [scout_1] Landing controller state: IDLE
[INFO] [1786655740.814844510] [landing_scout_1]: [scout_1] Landing controller state: IDLE
[INFO] [1786655745.814459799] [landing_scout_1]: [scout_1] Landing controller state: IDLE
[INFO] [1786655750.814991923] [landing_scout_1]: [scout_1] Landing controller state: IDLE
[INFO] [1786655755.814603607] [landing_scout_1]: [scout_1] Landing controller state: IDLE
[INFO] [1786655755.933265547] [landing_scout_1]: [scout_1] 🛫 Airborne while IDLE (v=0.628 m/s, free-fall accel) → FLIGHT mode armed
[INFO] [1786655760.814306246] [landing_scout_1]: [scout_1] Landing controller state: FLIGHT
[INFO] [1786655765.564564801] [landing_scout_1]: [scout_1] 🚀 Jump detected → FLIGHT mode (contact detection blanked 100 s for launch)
[INFO] [1786655765.603506371] [landing_scout_1]: [scout_1] 📏 CALIBSERIES t=0.0s v=0.00892 m/s (vx=-0.00008 vy=0.00000 vz=-0.00892)
[INFO] [1786655765.814420283] [landing_scout_1]: [scout_1] Landing controller state: FLIGHT
[INFO] [1786655767.653301879] [landing_scout_1]: [scout_1] 📏 CALIBSERIES t=2.1s v=0.00912 m/s (vx=-0.00000 vy=0.00000 vz=-0.00912)
[INFO] [1786655769.703065323] [landing_scout_1]: [scout_1] 📏 CALIBSERIES t=4.1s v=0.00935 m/s (vx=-0.00006 vy=0.00000 vz=-0.00935)
[INFO] [1786655769.703594171] [landing_scout_1]: [scout_1] 📏 CALIBSTABLE t=4.1s v=0.00935 m/s (vx=-0.00006 vy=0.00000 vz=-0.00935) -- 3 consecutive samples steady
[INFO] [1786655770.814497821] [landing_scout_1]: [scout_1] Landing controller state: FLIGHT
