[INFO] [1786654529.803890595] [landing_scout_1]: [scout_1] Landing Controller: ONLINE
[INFO] [1786654534.851836284] [landing_scout_1]: [scout_1] Landing controller state: IDLE
[INFO] [1786654539.851721413] [landing_scout_1]: [scout_1] Landing controller state: IDLE
[INFO] [1786654544.851707979] [landing_scout_1]: [scout_1] Landing controller state: IDLE
[INFO] [1786654549.851532330] [landing_scout_1]: [scout_1] Landing controller state: IDLE
[INFO] [1786654554.852196209] [landing_scout_1]: [scout_1] Landing controller state: IDLE
[INFO] [1786654559.852223019] [landing_scout_1]: [scout_1] Landing controller state: IDLE
[INFO] [1786654564.851515890] [landing_scout_1]: [scout_1] Landing controller state: IDLE
[INFO] [1786654569.851679722] [landing_scout_1]: [scout_1] Landing controller state: IDLE
[INFO] [1786654574.851426979] [landing_scout_1]: [scout_1] Landing controller state: IDLE
[INFO] [1786654579.851462787] [landing_scout_1]: [scout_1] Landing controller state: IDLE
[INFO] [1786654584.851577062] [landing_scout_1]: [scout_1] Landing controller state: IDLE
[INFO] [1786654589.851595130] [landing_scout_1]: [scout_1] Landing controller state: IDLE
[INFO] [1786654594.852557499] [landing_scout_1]: [scout_1] Landing controller state: IDLE
[INFO] [1786654599.851637454] [landing_scout_1]: [scout_1] Landing controller state: IDLE
[INFO] [1786654604.479706954] [landing_scout_1]: [scout_1] 🚀 Jump detected → FLIGHT mode (contact detection blanked 100 s for launch)
[INFO] [1786654604.508770855] [landing_scout_1]: [scout_1] 📏 CALIBSERIES t=0.0s v=0.00894 m/s (vx=0.00007 vy=-0.00000 vz=-0.00894)
[INFO] [1786654604.851484243] [landing_scout_1]: [scout_1] Landing controller state: FLIGHT
[INFO] [1786654606.513392212] [landing_scout_1]: [scout_1] 📏 CALIBSERIES t=2.0s v=0.00911 m/s (vx=0.00013 vy=-0.00000 vz=-0.00911)
[INFO] [1786654608.515269252] [landing_scout_1]: [scout_1] 📏 CALIBSERIES t=4.0s v=0.00934 m/s (vx=0.00011 vy=-0.00000 vz=-0.00934)
[INFO] [1786654608.516361441] [landing_scout_1]: [scout_1] 📏 CALIBSTABLE t=4.0s v=0.00934 m/s (vx=0.00011 vy=-0.00000 vz=-0.00934) -- 3 consecutive samples steady
[INFO] [1786654609.851768981] [landing_scout_1]: [scout_1] Landing controller state: FLIGHT
