[INFO] [1786655604.478266065] [landing_scout_1]: [scout_1] Landing Controller: ONLINE
[INFO] [1786655609.528776508] [landing_scout_1]: [scout_1] Landing controller state: IDLE
[INFO] [1786655614.528241832] [landing_scout_1]: [scout_1] Landing controller state: IDLE
[INFO] [1786655619.528071438] [landing_scout_1]: [scout_1] Landing controller state: IDLE
[INFO] [1786655624.527908432] [landing_scout_1]: [scout_1] Landing controller state: IDLE
[INFO] [1786655629.528355971] [landing_scout_1]: [scout_1] Landing controller state: IDLE
[INFO] [1786655634.528614783] [landing_scout_1]: [scout_1] Landing controller state: IDLE
[INFO] [1786655639.528092261] [landing_scout_1]: [scout_1] Landing controller state: IDLE
[INFO] [1786655644.528120639] [landing_scout_1]: [scout_1] Landing controller state: IDLE
[INFO] [1786655649.528004500] [landing_scout_1]: [scout_1] Landing controller state: IDLE
[INFO] [1786655654.528092916] [landing_scout_1]: [scout_1] Landing controller state: IDLE
[INFO] [1786655659.528149470] [landing_scout_1]: [scout_1] Landing controller state: IDLE
[INFO] [1786655664.528498091] [landing_scout_1]: [scout_1] Landing controller state: IDLE
[INFO] [1786655669.528199684] [landing_scout_1]: [scout_1] Landing controller state: IDLE
[INFO] [1786655674.528104923] [landing_scout_1]: [scout_1] Landing controller state: IDLE
[INFO] [1786655679.166427507] [landing_scout_1]: [scout_1] 🚀 Jump detected → FLIGHT mode (contact detection blanked 100 s for launch)
[INFO] [1786655679.168515778] [landing_scout_1]: [scout_1] 📏 CALIBSERIES t=0.0s v=0.00888 m/s (vx=-0.00015 vy=0.00000 vz=-0.00888)
[INFO] [1786655679.528312077] [landing_scout_1]: [scout_1] Landing controller state: FLIGHT
[INFO] [1786655681.168873534] [landing_scout_1]: [scout_1] 📏 CALIBSERIES t=2.0s v=0.00911 m/s (vx=-0.00007 vy=0.00000 vz=-0.00911)
[INFO] [1786655683.171275140] [landing_scout_1]: [scout_1] 📏 CALIBSERIES t=4.0s v=0.00933 m/s (vx=-0.00016 vy=0.00000 vz=-0.00932)
[INFO] [1786655683.171755372] [landing_scout_1]: [scout_1] 📏 CALIBSTABLE t=4.0s v=0.00933 m/s (vx=-0.00016 vy=0.00000 vz=-0.00932) -- 3 consecutive samples steady
[INFO] [1786655684.528083335] [landing_scout_1]: [scout_1] Landing controller state: FLIGHT
