[INFO] [1786654712.272162282] [landing_scout_1]: [scout_1] Landing Controller: ONLINE
[INFO] [1786654717.316088066] [landing_scout_1]: [scout_1] Landing controller state: IDLE
[INFO] [1786654722.316129559] [landing_scout_1]: [scout_1] Landing controller state: IDLE
[INFO] [1786654727.316609928] [landing_scout_1]: [scout_1] Landing controller state: IDLE
[INFO] [1786654732.316621161] [landing_scout_1]: [scout_1] Landing controller state: IDLE
[INFO] [1786654737.316755447] [landing_scout_1]: [scout_1] Landing controller state: IDLE
[INFO] [1786654742.316460616] [landing_scout_1]: [scout_1] Landing controller state: IDLE
[INFO] [1786654747.316099988] [landing_scout_1]: [scout_1] Landing controller state: IDLE
[INFO] [1786654752.316281048] [landing_scout_1]: [scout_1] Landing controller state: IDLE
[INFO] [1786654757.316278349] [landing_scout_1]: [scout_1] Landing controller state: IDLE
[INFO] [1786654762.316261328] [landing_scout_1]: [scout_1] Landing controller state: IDLE
[INFO] [1786654767.316466679] [landing_scout_1]: [scout_1] Landing controller state: IDLE
[INFO] [1786654772.316596669] [landing_scout_1]: [scout_1] Landing controller state: IDLE
[INFO] [1786654777.316595353] [landing_scout_1]: [scout_1] Landing controller state: IDLE
[INFO] [1786654777.357306007] [landing_scout_1]: [scout_1] 🛫 Airborne while IDLE (v=0.634 m/s, free-fall accel) → FLIGHT mode armed
[INFO] [1786654782.316149491] [landing_scout_1]: [scout_1] Landing controller state: FLIGHT
[INFO] [1786654787.048025132] [landing_scout_1]: [scout_1] 🚀 Jump detected → FLIGHT mode (contact detection blanked 100 s for launch)
[INFO] [1786654787.061588156] [landing_scout_1]: [scout_1] 📏 CALIBSERIES t=0.0s v=0.00889 m/s (vx=0.00003 vy=-0.00000 vz=-0.00889)
[INFO] [1786654787.316234428] [landing_scout_1]: [scout_1] Landing controller state: FLIGHT
[INFO] [1786654789.062765774] [landing_scout_1]: [scout_1] 📏 CALIBSERIES t=2.0s v=0.00910 m/s (vx=0.00007 vy=-0.00000 vz=-0.00910)
[INFO] [1786654791.063959165] [landing_scout_1]: [scout_1] 📏 CALIBSERIES t=4.0s v=0.00933 m/s (vx=0.00004 vy=-0.00000 vz=-0.00933)
[INFO] [1786654791.064436954] [landing_scout_1]: [scout_1] 📏 CALIBSTABLE t=4.0s v=0.00933 m/s (vx=0.00004 vy=-0.00000 vz=-0.00933) -- 3 consecutive samples steady
[INFO] [1786654792.316253852] [landing_scout_1]: [scout_1] Landing controller state: FLIGHT
