[INFO] [1786654616.002023984] [landing_scout_1]: [scout_1] Landing Controller: ONLINE
[INFO] [1786654621.051500018] [landing_scout_1]: [scout_1] Landing controller state: IDLE
[INFO] [1786654626.051577217] [landing_scout_1]: [scout_1] Landing controller state: IDLE
[INFO] [1786654631.051342616] [landing_scout_1]: [scout_1] Landing controller state: IDLE
[INFO] [1786654636.051330925] [landing_scout_1]: [scout_1] Landing controller state: IDLE
[INFO] [1786654641.051299094] [landing_scout_1]: [scout_1] Landing controller state: IDLE
[INFO] [1786654646.051310822] [landing_scout_1]: [scout_1] Landing controller state: IDLE
[INFO] [1786654651.051416465] [landing_scout_1]: [scout_1] Landing controller state: IDLE
[INFO] [1786654656.051297056] [landing_scout_1]: [scout_1] Landing controller state: IDLE
[INFO] [1786654661.051255778] [landing_scout_1]: [scout_1] Landing controller state: IDLE
[INFO] [1786654666.051620682] [landing_scout_1]: [scout_1] Landing controller state: IDLE
[INFO] [1786654671.052426200] [landing_scout_1]: [scout_1] Landing controller state: IDLE
[INFO] [1786654676.051509816] [landing_scout_1]: [scout_1] Landing controller state: IDLE
[INFO] [1786654681.051604587] [landing_scout_1]: [scout_1] Landing controller state: IDLE
[INFO] [1786654686.051490654] [landing_scout_1]: [scout_1] Landing controller state: IDLE
[INFO] [1786654690.723414046] [landing_scout_1]: [scout_1] 🚀 Jump detected → FLIGHT mode (contact detection blanked 100 s for launch)
[INFO] [1786654690.727563566] [landing_scout_1]: [scout_1] 📏 CALIBSERIES t=0.0s v=0.00891 m/s (vx=0.00009 vy=-0.00000 vz=-0.00890)
[INFO] [1786654691.051575405] [landing_scout_1]: [scout_1] Landing controller state: FLIGHT
[INFO] [1786654692.777948017] [landing_scout_1]: [scout_1] 📏 CALIBSERIES t=2.1s v=0.00913 m/s (vx=0.00013 vy=-0.00000 vz=-0.00913)
[INFO] [1786654694.778327223] [landing_scout_1]: [scout_1] 📏 CALIBSERIES t=4.1s v=0.00935 m/s (vx=0.00010 vy=-0.00000 vz=-0.00935)
[INFO] [1786654694.779000360] [landing_scout_1]: [scout_1] 📏 CALIBSTABLE t=4.1s v=0.00935 m/s (vx=0.00010 vy=-0.00000 vz=-0.00935) -- 3 consecutive samples steady
[INFO] [1786654696.051233268] [landing_scout_1]: [scout_1] Landing controller state: FLIGHT
