[INFO] [1786655787.119867177] [landing_scout_1]: [scout_1] Landing Controller: ONLINE
[INFO] [1786655792.163248678] [landing_scout_1]: [scout_1] Landing controller state: IDLE
[INFO] [1786655797.163937712] [landing_scout_1]: [scout_1] Landing controller state: IDLE
[INFO] [1786655802.163758102] [landing_scout_1]: [scout_1] Landing controller state: IDLE
[INFO] [1786655807.164041538] [landing_scout_1]: [scout_1] Landing controller state: IDLE
[INFO] [1786655812.163573185] [landing_scout_1]: [scout_1] Landing controller state: IDLE
[INFO] [1786655817.164119433] [landing_scout_1]: [scout_1] Landing controller state: IDLE
[INFO] [1786655822.164425496] [landing_scout_1]: [scout_1] Landing controller state: IDLE
[INFO] [1786655827.163559609] [landing_scout_1]: [scout_1] Landing controller state: IDLE
[INFO] [1786655832.164801650] [landing_scout_1]: [scout_1] Landing controller state: IDLE
[INFO] [1786655837.163513033] [landing_scout_1]: [scout_1] Landing controller state: IDLE
[INFO] [1786655842.163542853] [landing_scout_1]: [scout_1] Landing controller state: IDLE
[INFO] [1786655847.163253585] [landing_scout_1]: [scout_1] Landing controller state: IDLE
[INFO] [1786655852.163621003] [landing_scout_1]: [scout_1] Landing controller state: IDLE
[INFO] [1786655857.164216417] [landing_scout_1]: [scout_1] Landing controller state: IDLE
[INFO] [1786655861.949415877] [landing_scout_1]: [scout_1] 🚀 Jump detected → FLIGHT mode (contact detection blanked 100 s for launch)
[INFO] [1786655861.995951845] [landing_scout_1]: [scout_1] 📏 CALIBSERIES t=0.0s v=0.00893 m/s (vx=-0.00003 vy=-0.00000 vz=-0.00893)
[INFO] [1786655862.163439113] [landing_scout_1]: [scout_1] Landing controller state: FLIGHT
[INFO] [1786655864.046680843] [landing_scout_1]: [scout_1] 📏 CALIBSERIES t=2.1s v=0.00914 m/s (vx=0.00006 vy=0.00000 vz=-0.00914)
[INFO] [1786655866.048721200] [landing_scout_1]: [scout_1] 📏 CALIBSERIES t=4.1s v=0.00935 m/s (vx=-0.00001 vy=0.00000 vz=-0.00935)
[INFO] [1786655866.049495403] [landing_scout_1]: [scout_1] 📏 CALIBSTABLE t=4.1s v=0.00935 m/s (vx=-0.00001 vy=0.00000 vz=-0.00935) -- 3 consecutive samples steady
[INFO] [1786655867.163486476] [landing_scout_1]: [scout_1] Landing controller state: FLIGHT
