[INFO] [1786655249.638793270] [landing_scout_1]: [scout_1] Landing Controller: ONLINE
[INFO] [1786655254.685079880] [landing_scout_1]: [scout_1] Landing controller state: IDLE
[INFO] [1786655259.684872307] [landing_scout_1]: [scout_1] Landing controller state: IDLE
[INFO] [1786655264.684746352] [landing_scout_1]: [scout_1] Landing controller state: IDLE
[INFO] [1786655269.685388350] [landing_scout_1]: [scout_1] Landing controller state: IDLE
[INFO] [1786655274.684813117] [landing_scout_1]: [scout_1] Landing controller state: IDLE
[INFO] [1786655279.684984676] [landing_scout_1]: [scout_1] Landing controller state: IDLE
[INFO] [1786655284.685327740] [landing_scout_1]: [scout_1] Landing controller state: IDLE
[INFO] [1786655289.684814865] [landing_scout_1]: [scout_1] Landing controller state: IDLE
[INFO] [1786655294.686306635] [landing_scout_1]: [scout_1] Landing controller state: IDLE
[INFO] [1786655299.684821509] [landing_scout_1]: [scout_1] Landing controller state: IDLE
[INFO] [1786655304.684946422] [landing_scout_1]: [scout_1] Landing controller state: IDLE
[INFO] [1786655309.684681592] [landing_scout_1]: [scout_1] Landing controller state: IDLE
[INFO] [1786655314.684969186] [landing_scout_1]: [scout_1] Landing controller state: IDLE
[INFO] [1786655319.684956296] [landing_scout_1]: [scout_1] Landing controller state: IDLE
[INFO] [1786655324.311417337] [landing_scout_1]: [scout_1] 🚀 Jump detected → FLIGHT mode (contact detection blanked 100 s for launch)
[INFO] [1786655324.333623559] [landing_scout_1]: [scout_1] 📏 CALIBSERIES t=0.0s v=0.00889 m/s (vx=0.00003 vy=-0.00000 vz=-0.00889)
[INFO] [1786655324.684723727] [landing_scout_1]: [scout_1] Landing controller state: FLIGHT
[INFO] [1786655326.333607813] [landing_scout_1]: [scout_1] 📏 CALIBSERIES t=2.0s v=0.00909 m/s (vx=0.00010 vy=0.00000 vz=-0.00909)
[INFO] [1786655328.334580325] [landing_scout_1]: [scout_1] 📏 CALIBSERIES t=4.0s v=0.00932 m/s (vx=0.00004 vy=-0.00000 vz=-0.00932)
[INFO] [1786655328.335170628] [landing_scout_1]: [scout_1] 📏 CALIBSTABLE t=4.0s v=0.00932 m/s (vx=0.00004 vy=-0.00000 vz=-0.00932) -- 3 consecutive samples steady
[INFO] [1786655329.684896916] [landing_scout_1]: [scout_1] Landing controller state: FLIGHT
