[INFO] [1786654798.553187422] [landing_scout_1]: [scout_1] Landing Controller: ONLINE
[INFO] [1786654803.600522434] [landing_scout_1]: [scout_1] Landing controller state: IDLE
[INFO] [1786654808.600431914] [landing_scout_1]: [scout_1] Landing controller state: IDLE
[INFO] [1786654813.601119993] [landing_scout_1]: [scout_1] Landing controller state: IDLE
[INFO] [1786654818.600406558] [landing_scout_1]: [scout_1] Landing controller state: IDLE
[INFO] [1786654823.601241663] [landing_scout_1]: [scout_1] Landing controller state: IDLE
[INFO] [1786654828.600647387] [landing_scout_1]: [scout_1] Landing controller state: IDLE
[INFO] [1786654833.600498707] [landing_scout_1]: [scout_1] Landing controller state: IDLE
[INFO] [1786654838.601152168] [landing_scout_1]: [scout_1] Landing controller state: IDLE
[INFO] [1786654843.600532418] [landing_scout_1]: [scout_1] Landing controller state: IDLE
[INFO] [1786654848.600665221] [landing_scout_1]: [scout_1] Landing controller state: IDLE
[INFO] [1786654853.600481578] [landing_scout_1]: [scout_1] Landing controller state: IDLE
[INFO] [1786654858.600381823] [landing_scout_1]: [scout_1] Landing controller state: IDLE
[INFO] [1786654863.600581211] [landing_scout_1]: [scout_1] Landing controller state: IDLE
[INFO] [1786654868.600585050] [landing_scout_1]: [scout_1] Landing controller state: IDLE
[INFO] [1786654873.284505543] [landing_scout_1]: [scout_1] 🚀 Jump detected → FLIGHT mode (contact detection blanked 100 s for launch)
[INFO] [1786654873.316221596] [landing_scout_1]: [scout_1] 📏 CALIBSERIES t=0.0s v=0.00892 m/s (vx=0.00011 vy=-0.00000 vz=-0.00892)
[INFO] [1786654873.600663142] [landing_scout_1]: [scout_1] Landing controller state: FLIGHT
[INFO] [1786654875.315996833] [landing_scout_1]: [scout_1] 📏 CALIBSERIES t=2.0s v=0.00911 m/s (vx=0.00016 vy=-0.00000 vz=-0.00911)
[INFO] [1786654877.317455390] [landing_scout_1]: [scout_1] 📏 CALIBSERIES t=4.0s v=0.00934 m/s (vx=0.00013 vy=-0.00000 vz=-0.00934)
[INFO] [1786654877.318020900] [landing_scout_1]: [scout_1] 📏 CALIBSTABLE t=4.0s v=0.00934 m/s (vx=0.00013 vy=-0.00000 vz=-0.00934) -- 3 consecutive samples steady
[INFO] [1786654878.600624817] [landing_scout_1]: [scout_1] Landing controller state: FLIGHT
