[20:20:21] Starting gz sim...
[20:20:29] === bucket moderate (45.0-60.0 deg), n=20, FIXED recovery timer (keyed off /righting_active) ===
[20:20:37]   [trial1/20] commanded_tilt=46.9 az=63 start_uz=0.6830864053033607
[20:23:00]     landed=True after 143.2s uz=0.9994118940778555
[20:23:00]     outcome=recovered final_uz=0.9994118940778555 righting_started_at=None recover_time_s=None
[20:23:08]   [trial2/20] commanded_tilt=56.5 az=325 start_uz=0.5523898116519902
[20:25:36]     landed=True after 147.7s uz=0.9992824587447365
[20:25:36]     outcome=recovered final_uz=0.9992824587447365 righting_started_at=None recover_time_s=None
[20:25:43]   [trial3/20] commanded_tilt=47.4 az=63 start_uz=0.676584218136324
[20:28:07]     landed=True after 143.2s uz=0.999412257267623
[20:28:07]     outcome=recovered final_uz=0.999412257267623 righting_started_at=None recover_time_s=None
[20:28:14]   [trial4/20] commanded_tilt=55.7 az=180 start_uz=0.5635164143545981
[20:31:03]     landed=True after 169.0s uz=0.9994164772392753
[20:31:03]     outcome=recovered final_uz=0.9994164772392753 righting_started_at=None recover_time_s=None
[20:31:11]   [trial5/20] commanded_tilt=48.9 az=297 start_uz=0.6570664128884498
[20:33:40]     landed=True after 149.0s uz=0.9992753961953543
[20:33:40]     outcome=recovered final_uz=0.9992753961953543 righting_started_at=None recover_time_s=None
[20:33:48]   [trial6/20] commanded_tilt=51.8 az=173 start_uz=0.6178063724075431
[20:36:37]     landed=True after 168.9s uz=0.9990641595740756
[20:36:37]     outcome=recovered final_uz=0.9990641595740756 righting_started_at=None recover_time_s=None
[20:36:45]   [trial7/20] commanded_tilt=46.1 az=210 start_uz=0.6930908728123245
[20:39:12]     landed=True after 147.3s uz=0.9993918534382584
[20:39:12]     outcome=recovered final_uz=0.9993918534382584 righting_started_at=None recover_time_s=None
[20:39:20]   [trial8/20] commanded_tilt=51.4 az=262 start_uz=0.6245496721369244
[20:42:14]     landed=True after 174.1s uz=0.9992752268847971
[20:42:14]     outcome=recovered final_uz=0.9992752268847971 righting_started_at=None recover_time_s=None
[20:42:22]   [trial9/20] commanded_tilt=54.2 az=226 start_uz=0.5850703812306104
[20:44:51]     landed=True after 149.3s uz=0.9992434681038208
[20:44:51]     outcome=recovered final_uz=0.9992434681038208 righting_started_at=None recover_time_s=None
[20:44:59]   [trial10/20] commanded_tilt=48.0 az=320 start_uz=0.6687970297568635
[20:47:24]     landed=True after 145.1s uz=0.9992759260628001
[20:47:24]     outcome=recovered final_uz=0.9992759260628001 righting_started_at=None recover_time_s=None
[20:47:32]   [trial11/20] commanded_tilt=50.7 az=4 start_uz=0.6334256957932175
[20:50:00]     landed=True after 148.4s uz=0.9993595318048427
[20:50:00]     outcome=recovered final_uz=0.9993595318048427 righting_started_at=None recover_time_s=None
[20:50:08]   [trial12/20] commanded_tilt=55.3 az=133 start_uz=0.5692646422320278
[20:53:39]     landed=True after 211.7s uz=0.9994369326316949
[20:53:39]     outcome=recovered final_uz=0.9994369326316949 righting_started_at=None recover_time_s=None
[20:53:47]   [trial13/20] commanded_tilt=59.0 az=216 start_uz=0.5153573162800135
[20:56:45]     landed=True after 178.3s uz=0.9993071065079907
[20:56:45]     outcome=recovered final_uz=0.9993071065079907 righting_started_at=None recover_time_s=None
[20:56:53]   [trial14/20] commanded_tilt=59.2 az=311 start_uz=0.5117582244849219
[20:59:32]     landed=True after 158.6s uz=0.9992685745092321
[20:59:32]     outcome=recovered final_uz=0.9992685745092321 righting_started_at=None recover_time_s=None
[20:59:39]   [trial15/20] commanded_tilt=50.3 az=163 start_uz=0.6381075877482939
[21:02:31]     landed=True after 171.9s uz=0.9994031113853415
[21:02:31]     outcome=recovered final_uz=0.9994031113853415 righting_started_at=None recover_time_s=None
[21:02:39]   [trial16/20] commanded_tilt=56.8 az=66 start_uz=0.5478109710244107
[21:05:31]     landed=True after 172.2s uz=0.9994126418561085
[21:05:31]     outcome=recovered final_uz=0.9994126418561085 righting_started_at=None recover_time_s=None
[21:05:39]   [trial17/20] commanded_tilt=57.3 az=305 start_uz=0.5406429960009774
[21:08:14]     landed=True after 154.8s uz=0.9993227017705859
[21:08:14]     outcome=recovered final_uz=0.9993227017705859 righting_started_at=None recover_time_s=None
[21:08:22]   [trial18/20] commanded_tilt=47.0 az=32 start_uz=0.6820356109510525
[21:11:18]     landed=True after 176.8s uz=0.9993900016797838
[21:11:18]     outcome=recovered final_uz=0.9993900016797838 righting_started_at=None recover_time_s=None
[21:11:26]   [trial19/20] commanded_tilt=54.8 az=158 start_uz=0.5768047968059888
[21:14:20]     landed=True after 173.9s uz=0.9994174407924201
[21:14:20]     outcome=recovered final_uz=0.9994174407924201 righting_started_at=None recover_time_s=None
[21:14:28]   [trial20/20] commanded_tilt=57.2 az=4 start_uz=0.5411717776311333
[21:17:19]     landed=True after 171.7s uz=0.9993126304524033
[21:17:19]     outcome=recovered final_uz=0.9993126304524033 righting_started_at=None recover_time_s=None
[21:17:19] === batch complete ===
[21:17:19] moderate: 20/20 recovered, 0 failed, 0 no_landing
[21:17:19]   WARNING: 20 recovered trial(s) never saw righting_active=True -- recover_time_s left as None for those, flagged not silently dropped
