[INFO] [1786754974.574680127] [landing_scout_1]: [scout_1] Landing Controller: ONLINE
[INFO] [1786754979.616227872] [landing_scout_1]: [scout_1] Landing controller state: IDLE
[INFO] [1786754984.616176722] [landing_scout_1]: [scout_1] Landing controller state: IDLE
[INFO] [1786754989.616677086] [landing_scout_1]: [scout_1] Landing controller state: IDLE
[INFO] [1786754994.616166257] [landing_scout_1]: [scout_1] Landing controller state: IDLE
[INFO] [1786754999.616525002] [landing_scout_1]: [scout_1] Landing controller state: IDLE
[INFO] [1786755004.616727626] [landing_scout_1]: [scout_1] Landing controller state: IDLE
[INFO] [1786755009.616857661] [landing_scout_1]: [scout_1] Landing controller state: IDLE
[INFO] [1786755014.617053531] [landing_scout_1]: [scout_1] Landing controller state: IDLE
[INFO] [1786755019.616925452] [landing_scout_1]: [scout_1] Landing controller state: IDLE
[INFO] [1786755024.616440667] [landing_scout_1]: [scout_1] Landing controller state: IDLE
[INFO] [1786755029.616691432] [landing_scout_1]: [scout_1] Landing controller state: IDLE
[INFO] [1786755034.616250950] [landing_scout_1]: [scout_1] Landing controller state: IDLE
[INFO] [1786755039.616103640] [landing_scout_1]: [scout_1] Landing controller state: IDLE
[INFO] [1786755044.616441568] [landing_scout_1]: [scout_1] Landing controller state: IDLE
[INFO] [1786755049.616197971] [landing_scout_1]: [scout_1] Landing controller state: IDLE
[INFO] [1786755054.616241261] [landing_scout_1]: [scout_1] Landing controller state: IDLE
[INFO] [1786755059.616094630] [landing_scout_1]: [scout_1] Landing controller state: IDLE
[INFO] [1786755064.616259261] [landing_scout_1]: [scout_1] Landing controller state: IDLE
[INFO] [1786755069.616441051] [landing_scout_1]: [scout_1] Landing controller state: IDLE
[INFO] [1786755074.617061426] [landing_scout_1]: [scout_1] Landing controller state: IDLE
[INFO] [1786755077.503042656] [landing_scout_1]: [scout_1] 🎯 Resting while IDLE (altitude static) — confirming ground contact
[WARN] [1786755079.505819178] [landing_scout_1]: [scout_1] ⚠️ Settled badly tilted/inverted — initiating RW righting roll
[INFO] [1786755079.515713310] [landing_scout_1]: [scout_1] 🔄 RW righting attempt 1/5: proportional roll, u_z=-0.32
[INFO] [1786755079.616325453] [landing_scout_1]: [scout_1] Landing controller state: RIGHTING
[INFO] [1786755081.506923895] [landing_scout_1]: [scout_1] 📐 RIGHTTRACE attempt=1 u_z=-0.6631 w=59 omega=0.536 omega_roll=-0.491 dir=(1.00,0.04)
[INFO] [1786755083.509356649] [landing_scout_1]: [scout_1] 📐 RIGHTTRACE attempt=1 u_z=0.7895 w=82 omega=1.087 omega_roll=-0.993 dir=(0.90,0.44)
[INFO] [1786755084.616269648] [landing_scout_1]: [scout_1] Landing controller state: RIGHTING
[INFO] [1786755085.528883449] [landing_scout_1]: [scout_1] 📐 RIGHTTRACE attempt=1 u_z=0.1416 w=82 omega=4.124 omega_roll=3.400 dir=(-0.20,0.98)
[INFO] [1786755087.527689454] [landing_scout_1]: [scout_1] 📐 RIGHTTRACE attempt=1 u_z=0.2278 w=121 omega=0.805 omega_roll=-0.722 dir=(-0.64,0.77)
[INFO] [1786755089.531119399] [landing_scout_1]: [scout_1] 📐 RIGHTTRACE attempt=1 u_z=-0.0533 w=131 omega=4.398 omega_roll=2.813 dir=(-0.99,-0.17)
[INFO] [1786755089.616183510] [landing_scout_1]: [scout_1] Landing controller state: RIGHTING
[INFO] [1786755091.532831443] [landing_scout_1]: [scout_1] 📐 RIGHTTRACE attempt=1 u_z=0.3668 w=154 omega=3.642 omega_roll=0.655 dir=(-0.99,-0.10)
[INFO] [1786755093.534313215] [landing_scout_1]: [scout_1] 📐 RIGHTTRACE attempt=1 u_z=-0.3115 w=160 omega=4.261 omega_roll=1.607 dir=(-1.00,-0.02)
[INFO] [1786755094.616166076] [landing_scout_1]: [scout_1] Landing controller state: RIGHTING
[WARN] [1786755095.034873456] [landing_scout_1]: [scout_1] Still inverted (u_z=-0.69), retrying with alternate roll axis/sign (attempt 2/5)
[INFO] [1786755095.044494716] [landing_scout_1]: [scout_1] 🔄 RW righting attempt 2/5: proportional roll, u_z=-0.69
[INFO] [1786755097.035304244] [landing_scout_1]: [scout_1] 📐 RIGHTTRACE attempt=2 u_z=-0.8355 w=16 omega=2.178 omega_roll=2.101 dir=(-0.21,0.98)
[INFO] [1786755099.037201636] [landing_scout_1]: [scout_1] 📐 RIGHTTRACE attempt=2 u_z=0.1346 w=32 omega=1.897 omega_roll=1.821 dir=(-0.49,0.87)
[INFO] [1786755099.616795706] [landing_scout_1]: [scout_1] Landing controller state: RIGHTING
[INFO] [1786755101.040111241] [landing_scout_1]: [scout_1] 📐 RIGHTTRACE attempt=2 u_z=0.8034 w=56 omega=3.604 omega_roll=-3.443 dir=(0.08,-1.00)
[INFO] [1786755103.040300786] [landing_scout_1]: [scout_1] 📐 RIGHTTRACE attempt=2 u_z=-0.8097 w=76 omega=0.642 omega_roll=0.576 dir=(-0.54,0.84)
[INFO] [1786755104.616759792] [landing_scout_1]: [scout_1] Landing controller state: RIGHTING
[INFO] [1786755105.040123309] [landing_scout_1]: [scout_1] 📐 RIGHTTRACE attempt=2 u_z=-0.7336 w=122 omega=2.236 omega_roll=0.277 dir=(-0.97,0.25)
[INFO] [1786755107.041020833] [landing_scout_1]: [scout_1] 📐 RIGHTTRACE attempt=2 u_z=-0.2549 w=141 omega=5.219 omega_roll=4.469 dir=(-0.99,0.11)
[INFO] [1786755109.040299283] [landing_scout_1]: [scout_1] 📐 RIGHTTRACE attempt=2 u_z=-0.6513 w=160 omega=4.519 omega_roll=3.021 dir=(-0.99,-0.17)
[INFO] [1786755109.616241881] [landing_scout_1]: [scout_1] Landing controller state: RIGHTING
[INFO] [1786755110.541909715] [landing_scout_1]: [scout_1] 🎯 Near-upright at timeout (u_z=0.94) -- extension 1/3, giving this attempt more time to hold instead of discarding progress into a fresh attempt.
[INFO] [1786755112.532686812] [landing_scout_1]: [scout_1] 📐 RIGHTTRACE attempt=2 u_z=0.3441 w=20 omega=3.093 omega_roll=-3.035 dir=(0.37,-0.93)
[INFO] [1786755114.532890027] [landing_scout_1]: [scout_1] 📐 RIGHTTRACE attempt=2 u_z=-0.9681 w=37 omega=1.778 omega_roll=-1.575 dir=(0.91,-0.41)
[INFO] [1786755114.616798605] [landing_scout_1]: [scout_1] Landing controller state: RIGHTING
[INFO] [1786755116.531929187] [landing_scout_1]: [scout_1] 📐 RIGHTTRACE attempt=2 u_z=-0.4280 w=54 omega=1.344 omega_roll=1.214 dir=(-0.46,0.89)
[INFO] [1786755119.616186926] [landing_scout_1]: [scout_1] Landing controller state: RIGHTING
[INFO] [1786755120.535883423] [landing_scout_1]: [scout_1] 📐 RIGHTTRACE attempt=2 u_z=0.1883 w=124 omega=0.897 omega_roll=-0.609 dir=(-0.45,0.89)
[INFO] [1786755122.537151084] [landing_scout_1]: [scout_1] 📐 RIGHTTRACE attempt=2 u_z=0.3910 w=137 omega=4.067 omega_roll=2.142 dir=(0.48,0.88)
[INFO] [1786755124.540226805] [landing_scout_1]: [scout_1] 📐 RIGHTTRACE attempt=2 u_z=-0.1141 w=160 omega=4.496 omega_roll=1.900 dir=(0.52,0.86)
[INFO] [1786755124.616192699] [landing_scout_1]: [scout_1] Landing controller state: RIGHTING
[WARN] [1786755126.042487516] [landing_scout_1]: [scout_1] Still inverted (u_z=0.44), retrying with alternate roll axis/sign (attempt 3/5)
[INFO] [1786755126.052136224] [landing_scout_1]: [scout_1] 🔄 RW righting attempt 3/5: proportional roll, u_z=0.44
[INFO] [1786755128.042410296] [landing_scout_1]: [scout_1] 📐 RIGHTTRACE attempt=3 u_z=-0.5896 w=16 omega=2.462 omega_roll=-1.997 dir=(0.49,-0.87)
[INFO] [1786755129.616289526] [landing_scout_1]: [scout_1] Landing controller state: RIGHTING
[INFO] [1786755130.042152461] [landing_scout_1]: [scout_1] 📐 RIGHTTRACE attempt=3 u_z=-0.9861 w=33 omega=2.034 omega_roll=1.861 dir=(-0.95,0.33)
[INFO] [1786755132.044920169] [landing_scout_1]: [scout_1] 📐 RIGHTTRACE attempt=3 u_z=-0.4936 w=51 omega=1.797 omega_roll=1.331 dir=(-0.62,0.79)
[INFO] [1786755134.045321914] [landing_scout_1]: [scout_1] 📐 RIGHTTRACE attempt=3 u_z=0.5696 w=71 omega=4.056 omega_roll=3.895 dir=(-0.61,0.79)
[INFO] [1786755134.616169546] [landing_scout_1]: [scout_1] Landing controller state: RIGHTING
[INFO] [1786755136.044829542] [landing_scout_1]: [scout_1] 📐 RIGHTTRACE attempt=3 u_z=-0.3169 w=115 omega=0.306 omega_roll=-0.300 dir=(-0.54,0.84)
[INFO] [1786755138.048061199] [landing_scout_1]: [scout_1] 📐 RIGHTTRACE attempt=3 u_z=0.8929 w=138 omega=0.918 omega_roll=-0.897 dir=(-0.68,0.73)
[INFO] [1786755139.616327167] [landing_scout_1]: [scout_1] Landing controller state: RIGHTING
[INFO] [1786755140.047827375] [landing_scout_1]: [scout_1] 📐 RIGHTTRACE attempt=3 u_z=0.3815 w=150 omega=5.218 omega_roll=1.871 dir=(-0.45,-0.89)
[WARN] [1786755141.547967812] [landing_scout_1]: [scout_1] Still inverted (u_z=-0.80), retrying with alternate roll axis/sign (attempt 4/5)
[INFO] [1786755141.557721492] [landing_scout_1]: [scout_1] 🔄 RW righting attempt 4/5: proportional roll, u_z=-0.80
[INFO] [1786755143.549478770] [landing_scout_1]: [scout_1] 📐 RIGHTTRACE attempt=4 u_z=-0.2165 w=17 omega=2.615 omega_roll=2.019 dir=(-0.56,0.83)
[INFO] [1786755144.616224958] [landing_scout_1]: [scout_1] Landing controller state: RIGHTING
[INFO] [1786755145.550341453] [landing_scout_1]: [scout_1] 📐 RIGHTTRACE attempt=4 u_z=0.3549 w=36 omega=3.571 omega_roll=2.510 dir=(-0.75,0.66)
[INFO] [1786755149.569612944] [landing_scout_1]: [scout_1] 📐 RIGHTTRACE attempt=4 u_z=-0.1717 w=126 omega=0.692 omega_roll=-0.549 dir=(-0.47,0.88)
[INFO] [1786755149.616720156] [landing_scout_1]: [scout_1] Landing controller state: RIGHTING
[INFO] [1786755151.570324830] [landing_scout_1]: [scout_1] 📐 RIGHTTRACE attempt=4 u_z=0.7883 w=142 omega=2.909 omega_roll=0.317 dir=(0.48,0.88)
[INFO] [1786755153.572815653] [landing_scout_1]: [scout_1] 📐 RIGHTTRACE attempt=4 u_z=-0.2794 w=160 omega=4.574 omega_roll=2.323 dir=(0.66,0.75)
[INFO] [1786755154.616190898] [landing_scout_1]: [scout_1] Landing controller state: RIGHTING
[INFO] [1786755155.577456551] [landing_scout_1]: [scout_1] 📐 RIGHTTRACE attempt=4 u_z=0.4907 w=160 omega=3.070 omega_roll=-0.282 dir=(0.04,1.00)
[WARN] [1786755157.077812432] [landing_scout_1]: [scout_1] Still inverted (u_z=-0.96), retrying with alternate roll axis/sign (attempt 5/5)
[INFO] [1786755157.087430130] [landing_scout_1]: [scout_1] 🔄 RW righting attempt 5/5: proportional roll, u_z=-0.96
[INFO] [1786755159.078783979] [landing_scout_1]: [scout_1] 📐 RIGHTTRACE attempt=5 u_z=-0.7321 w=17 omega=2.545 omega_roll=1.980 dir=(-0.46,0.89)
[INFO] [1786755159.616970456] [landing_scout_1]: [scout_1] Landing controller state: RIGHTING
[INFO] [1786755161.081544799] [landing_scout_1]: [scout_1] 📐 RIGHTTRACE attempt=5 u_z=-0.2624 w=34 omega=2.283 omega_roll=1.735 dir=(-0.62,0.78)
[INFO] [1786755163.080615108] [landing_scout_1]: [scout_1] 📐 RIGHTTRACE attempt=5 u_z=0.3400 w=53 omega=4.011 omega_roll=3.863 dir=(-0.44,0.90)
[INFO] [1786755164.616172968] [landing_scout_1]: [scout_1] Landing controller state: RIGHTING
[INFO] [1786755165.082922020] [landing_scout_1]: [scout_1] 📐 RIGHTTRACE attempt=5 u_z=-0.0476 w=79 omega=4.047 omega_roll=-0.040 dir=(-0.33,-0.94)
[INFO] [1786755167.084253590] [landing_scout_1]: [scout_1] 📐 RIGHTTRACE attempt=5 u_z=0.2103 w=121 omega=1.422 omega_roll=0.017 dir=(-0.37,0.93)
[INFO] [1786755169.084470272] [landing_scout_1]: [scout_1] 📐 RIGHTTRACE attempt=5 u_z=0.2565 w=144 omega=3.949 omega_roll=1.266 dir=(0.30,0.95)
[INFO] [1786755169.616826216] [landing_scout_1]: [scout_1] Landing controller state: RIGHTING
[INFO] [1786755171.088176316] [landing_scout_1]: [scout_1] 📐 RIGHTTRACE attempt=5 u_z=-0.1840 w=160 omega=4.770 omega_roll=2.196 dir=(0.99,-0.13)
[ERROR] [1786755172.590153767] [landing_scout_1]: [scout_1] ❌ Self-righting failed after 5 attempts — giving up, marking LANDED anyway so downstream logic (e.g. SAMPLER dispatch) does not hang forever. Robot may still be physically inverted.
