[INFO] [1786748909.775796074] [landing_scout_1]: [scout_1] Landing Controller: ONLINE
[INFO] [1786748914.812481661] [landing_scout_1]: [scout_1] Landing controller state: IDLE
[INFO] [1786748919.811959690] [landing_scout_1]: [scout_1] Landing controller state: IDLE
[INFO] [1786748924.812390050] [landing_scout_1]: [scout_1] Landing controller state: IDLE
[INFO] [1786748929.812551498] [landing_scout_1]: [scout_1] Landing controller state: IDLE
[INFO] [1786748934.811751274] [landing_scout_1]: [scout_1] Landing controller state: IDLE
[INFO] [1786748939.812154175] [landing_scout_1]: [scout_1] Landing controller state: IDLE
[INFO] [1786748944.811731032] [landing_scout_1]: [scout_1] Landing controller state: IDLE
[INFO] [1786748949.812307003] [landing_scout_1]: [scout_1] Landing controller state: IDLE
[INFO] [1786748954.811614620] [landing_scout_1]: [scout_1] Landing controller state: IDLE
[INFO] [1786748959.811728515] [landing_scout_1]: [scout_1] Landing controller state: IDLE
[INFO] [1786748964.812345155] [landing_scout_1]: [scout_1] Landing controller state: IDLE
[INFO] [1786748969.812501078] [landing_scout_1]: [scout_1] Landing controller state: IDLE
[INFO] [1786748974.812602759] [landing_scout_1]: [scout_1] Landing controller state: IDLE
[INFO] [1786748979.811829210] [landing_scout_1]: [scout_1] Landing controller state: IDLE
[INFO] [1786748984.811866398] [landing_scout_1]: [scout_1] Landing controller state: IDLE
[INFO] [1786748989.812445989] [landing_scout_1]: [scout_1] Landing controller state: IDLE
[INFO] [1786748994.812192110] [landing_scout_1]: [scout_1] Landing controller state: IDLE
[INFO] [1786748999.811738707] [landing_scout_1]: [scout_1] Landing controller state: IDLE
[INFO] [1786749004.812526393] [landing_scout_1]: [scout_1] Landing controller state: IDLE
[INFO] [1786749009.811717726] [landing_scout_1]: [scout_1] Landing controller state: IDLE
[INFO] [1786749014.812200500] [landing_scout_1]: [scout_1] Landing controller state: IDLE
[INFO] [1786749019.811696560] [landing_scout_1]: [scout_1] Landing controller state: IDLE
[INFO] [1786749024.812134152] [landing_scout_1]: [scout_1] Landing controller state: IDLE
[INFO] [1786749029.812237553] [landing_scout_1]: [scout_1] Landing controller state: IDLE
[INFO] [1786749034.811633880] [landing_scout_1]: [scout_1] Landing controller state: IDLE
[INFO] [1786749039.812295376] [landing_scout_1]: [scout_1] Landing controller state: IDLE
[INFO] [1786749044.811920911] [landing_scout_1]: [scout_1] Landing controller state: IDLE
[INFO] [1786749049.812601320] [landing_scout_1]: [scout_1] Landing controller state: IDLE
[INFO] [1786749054.811902424] [landing_scout_1]: [scout_1] Landing controller state: IDLE
[INFO] [1786749059.811759592] [landing_scout_1]: [scout_1] Landing controller state: IDLE
[INFO] [1786749064.812447857] [landing_scout_1]: [scout_1] Landing controller state: IDLE
[INFO] [1786749069.812263648] [landing_scout_1]: [scout_1] Landing controller state: IDLE
[INFO] [1786749074.812243550] [landing_scout_1]: [scout_1] Landing controller state: IDLE
[INFO] [1786749079.812130123] [landing_scout_1]: [scout_1] Landing controller state: IDLE
[INFO] [1786749084.812275996] [landing_scout_1]: [scout_1] Landing controller state: IDLE
[INFO] [1786749089.812186061] [landing_scout_1]: [scout_1] Landing controller state: IDLE
[INFO] [1786749094.811765612] [landing_scout_1]: [scout_1] Landing controller state: IDLE
[INFO] [1786749099.812169403] [landing_scout_1]: [scout_1] Landing controller state: IDLE
[INFO] [1786749104.812305603] [landing_scout_1]: [scout_1] Landing controller state: IDLE
[INFO] [1786749109.811739867] [landing_scout_1]: [scout_1] Landing controller state: IDLE
[INFO] [1786749114.812235757] [landing_scout_1]: [scout_1] Landing controller state: IDLE
[INFO] [1786749119.811875289] [landing_scout_1]: [scout_1] Landing controller state: IDLE
[INFO] [1786749124.811844227] [landing_scout_1]: [scout_1] Landing controller state: IDLE
[INFO] [1786749129.811759838] [landing_scout_1]: [scout_1] Landing controller state: IDLE
[INFO] [1786749130.638833285] [landing_scout_1]: [scout_1] 🎯 Resting while IDLE (altitude static) — confirming ground contact
[WARN] [1786749132.639294484] [landing_scout_1]: [scout_1] ⚠️ Settled badly tilted/inverted — initiating RW righting roll
[INFO] [1786749132.649003544] [landing_scout_1]: [scout_1] 🔄 RW righting attempt 1/5: proportional roll, u_z=-0.81
[INFO] [1786749134.640278263] [landing_scout_1]: [scout_1] 📐 RIGHTTRACE attempt=1 u_z=-0.8441 w=51 omega=0.298 omega_roll=-0.275 dir=(0.74,0.67)
[INFO] [1786749134.811703906] [landing_scout_1]: [scout_1] Landing controller state: RIGHTING
[INFO] [1786749136.640598786] [landing_scout_1]: [scout_1] 📐 RIGHTTRACE attempt=1 u_z=0.4203 w=81 omega=1.105 omega_roll=-1.076 dir=(0.58,0.81)
[INFO] [1786749139.811832034] [landing_scout_1]: [scout_1] Landing controller state: RIGHTING
[INFO] [1786749140.644554931] [landing_scout_1]: [scout_1] 📐 RIGHTTRACE attempt=1 u_z=0.5035 w=95 omega=2.103 omega_roll=-0.760 dir=(-0.86,0.50)
[INFO] [1786749142.645707275] [landing_scout_1]: [scout_1] 📐 RIGHTTRACE attempt=1 u_z=-0.0142 w=108 omega=4.501 omega_roll=-3.241 dir=(0.47,-0.88)
[INFO] [1786749144.646772344] [landing_scout_1]: [scout_1] 📐 RIGHTTRACE attempt=1 u_z=0.4362 w=129 omega=1.149 omega_roll=-0.855 dir=(0.50,0.87)
[INFO] [1786749144.811822813] [landing_scout_1]: [scout_1] Landing controller state: RIGHTING
[INFO] [1786749146.648813751] [landing_scout_1]: [scout_1] 📐 RIGHTTRACE attempt=1 u_z=-0.6229 w=136 omega=4.628 omega_roll=-0.276 dir=(0.91,0.41)
[WARN] [1786749148.148458497] [landing_scout_1]: [scout_1] Still inverted (u_z=-0.04), retrying with alternate roll axis/sign (attempt 2/5)
[INFO] [1786749148.158330777] [landing_scout_1]: [scout_1] 🔄 RW righting attempt 2/5: proportional roll, u_z=0.07
[INFO] [1786749149.811863274] [landing_scout_1]: [scout_1] Landing controller state: RIGHTING
[INFO] [1786749150.148818171] [landing_scout_1]: [scout_1] 📐 RIGHTTRACE attempt=2 u_z=-0.6523 w=26 omega=2.297 omega_roll=0.940 dir=(-0.28,-0.96)
[INFO] [1786749152.148548322] [landing_scout_1]: [scout_1] 📐 RIGHTTRACE attempt=2 u_z=-0.3612 w=60 omega=3.341 omega_roll=1.514 dir=(-0.46,-0.89)
[INFO] [1786749154.147997597] [landing_scout_1]: [scout_1] 📐 RIGHTTRACE attempt=2 u_z=-0.4785 w=85 omega=3.499 omega_roll=-1.129 dir=(-1.00,-0.02)
[INFO] [1786749154.812834954] [landing_scout_1]: [scout_1] Landing controller state: RIGHTING
[INFO] [1786749156.148427121] [landing_scout_1]: [scout_1] 📐 RIGHTTRACE attempt=2 u_z=-0.5746 w=121 omega=0.987 omega_roll=-0.548 dir=(0.90,0.43)
[INFO] [1786749158.148199325] [landing_scout_1]: [scout_1] 📐 RIGHTTRACE attempt=2 u_z=0.6250 w=142 omega=1.468 omega_roll=-0.543 dir=(0.03,1.00)
[INFO] [1786749159.811725804] [landing_scout_1]: [scout_1] Landing controller state: RIGHTING
[INFO] [1786749160.151576414] [landing_scout_1]: [scout_1] 📐 RIGHTTRACE attempt=2 u_z=0.1939 w=156 omega=3.269 omega_roll=-0.046 dir=(0.12,0.99)
[INFO] [1786749162.151123990] [landing_scout_1]: [scout_1] 📐 RIGHTTRACE attempt=2 u_z=-0.4243 w=160 omega=4.774 omega_roll=0.916 dir=(0.22,0.97)
[WARN] [1786749163.651278729] [landing_scout_1]: [scout_1] Still inverted (u_z=0.53), retrying with alternate roll axis/sign (attempt 3/5)
[INFO] [1786749163.661050997] [landing_scout_1]: [scout_1] 🔄 RW righting attempt 3/5: proportional roll, u_z=0.43
[INFO] [1786749164.812541852] [landing_scout_1]: [scout_1] Landing controller state: RIGHTING
[INFO] [1786749165.652605627] [landing_scout_1]: [scout_1] 📐 RIGHTTRACE attempt=3 u_z=0.8575 w=18 omega=3.108 omega_roll=2.930 dir=(0.43,0.90)
[INFO] [1786749167.654614621] [landing_scout_1]: [scout_1] 📐 RIGHTTRACE attempt=3 u_z=0.7650 w=40 omega=3.388 omega_roll=-0.786 dir=(-0.98,0.19)
[INFO] [1786749169.654102158] [landing_scout_1]: [scout_1] 📐 RIGHTTRACE attempt=3 u_z=-0.9322 w=90 omega=2.062 omega_roll=1.244 dir=(0.33,-0.94)
[INFO] [1786749169.811715809] [landing_scout_1]: [scout_1] Landing controller state: RIGHTING
[INFO] [1786749171.654327246] [landing_scout_1]: [scout_1] 📐 RIGHTTRACE attempt=3 u_z=0.0999 w=120 omega=2.214 omega_roll=-0.132 dir=(0.14,0.99)
[INFO] [1786749173.656850418] [landing_scout_1]: [scout_1] 📐 RIGHTTRACE attempt=3 u_z=0.5886 w=137 omega=1.952 omega_roll=-0.031 dir=(-0.19,0.98)
[INFO] [1786749174.812161526] [landing_scout_1]: [scout_1] Landing controller state: RIGHTING
[INFO] [1786749175.657323282] [landing_scout_1]: [scout_1] 📐 RIGHTTRACE attempt=3 u_z=0.2790 w=152 omega=2.758 omega_roll=-0.176 dir=(0.14,0.99)
[INFO] [1786749177.656572203] [landing_scout_1]: [scout_1] 📐 RIGHTTRACE attempt=3 u_z=-0.5418 w=160 omega=4.870 omega_roll=0.930 dir=(0.27,0.96)
[WARN] [1786749179.176776928] [landing_scout_1]: [scout_1] Still inverted (u_z=0.37), retrying with alternate roll axis/sign (attempt 4/5)
[INFO] [1786749179.186628188] [landing_scout_1]: [scout_1] 🔄 RW righting attempt 4/5: proportional roll, u_z=0.26
[INFO] [1786749179.811723068] [landing_scout_1]: [scout_1] Landing controller state: RIGHTING
[INFO] [1786749181.175969600] [landing_scout_1]: [scout_1] 📐 RIGHTTRACE attempt=4 u_z=0.6712 w=18 omega=3.173 omega_roll=3.079 dir=(0.53,0.85)
[INFO] [1786749183.176511771] [landing_scout_1]: [scout_1] 📐 RIGHTTRACE attempt=4 u_z=0.8006 w=40 omega=3.489 omega_roll=2.244 dir=(-0.25,0.97)
[INFO] [1786749184.812323444] [landing_scout_1]: [scout_1] Landing controller state: RIGHTING
[INFO] [1786749185.177413090] [landing_scout_1]: [scout_1] 📐 RIGHTTRACE attempt=4 u_z=0.3594 w=62 omega=3.809 omega_roll=-3.749 dir=(-0.84,-0.54)
[INFO] [1786749187.180710342] [landing_scout_1]: [scout_1] 📐 RIGHTTRACE attempt=4 u_z=-0.7957 w=81 omega=1.478 omega_roll=0.762 dir=(0.79,0.62)
[INFO] [1786749189.180690433] [landing_scout_1]: [scout_1] 📐 RIGHTTRACE attempt=4 u_z=-0.9906 w=123 omega=2.461 omega_roll=-0.426 dir=(-0.91,-0.41)
[INFO] [1786749189.811801554] [landing_scout_1]: [scout_1] Landing controller state: RIGHTING
[INFO] [1786749191.183146564] [landing_scout_1]: [scout_1] 📐 RIGHTTRACE attempt=4 u_z=0.2440 w=149 omega=2.839 omega_roll=-0.393 dir=(0.89,0.46)
[INFO] [1786749193.184942229] [landing_scout_1]: [scout_1] 📐 RIGHTTRACE attempt=4 u_z=0.1896 w=160 omega=4.560 omega_roll=1.916 dir=(0.98,0.20)
[WARN] [1786749194.704254876] [landing_scout_1]: [scout_1] Still inverted (u_z=-0.41), retrying with alternate roll axis/sign (attempt 5/5)
[INFO] [1786749194.713327615] [landing_scout_1]: [scout_1] 🔄 RW righting attempt 5/5: proportional roll, u_z=-0.53
[INFO] [1786749194.811700609] [landing_scout_1]: [scout_1] Landing controller state: RIGHTING
[INFO] [1786749196.704426214] [landing_scout_1]: [scout_1] 📐 RIGHTTRACE attempt=5 u_z=-0.0077 w=19 omega=2.658 omega_roll=2.500 dir=(0.76,0.65)
[INFO] [1786749198.704163931] [landing_scout_1]: [scout_1] 📐 RIGHTTRACE attempt=5 u_z=0.3840 w=49 omega=3.323 omega_roll=2.907 dir=(0.82,0.57)
[INFO] [1786749199.812456558] [landing_scout_1]: [scout_1] Landing controller state: RIGHTING
[INFO] [1786749200.725737708] [landing_scout_1]: [scout_1] 📐 RIGHTTRACE attempt=5 u_z=0.8918 w=81 omega=4.073 omega_roll=3.437 dir=(0.02,1.00)
[INFO] [1786749202.727811177] [landing_scout_1]: [scout_1] 📐 RIGHTTRACE attempt=5 u_z=-0.2148 w=116 omega=2.229 omega_roll=0.373 dir=(0.98,0.19)
[INFO] [1786749204.728348230] [landing_scout_1]: [scout_1] 📐 RIGHTTRACE attempt=5 u_z=-0.2107 w=141 omega=2.630 omega_roll=-0.451 dir=(1.00,0.09)
[INFO] [1786749204.811739423] [landing_scout_1]: [scout_1] Landing controller state: RIGHTING
[INFO] [1786749206.727405648] [landing_scout_1]: [scout_1] 📐 RIGHTTRACE attempt=5 u_z=-0.3314 w=160 omega=4.603 omega_roll=3.269 dir=(0.67,-0.74)
[INFO] [1786749209.812263027] [landing_scout_1]: [scout_1] Landing controller state: RIGHTING
[ERROR] [1786749210.228847800] [landing_scout_1]: [scout_1] ❌ Self-righting failed after 5 attempts — giving up, marking LANDED anyway so downstream logic (e.g. SAMPLER dispatch) does not hang forever. Robot may still be physically inverted.
[INFO] [1786749214.811946375] [landing_scout_1]: [scout_1] Landing controller state: LANDED
[INFO] [1786749219.812716250] [landing_scout_1]: [scout_1] Landing controller state: LANDED
[INFO] [1786749224.811857009] [landing_scout_1]: [scout_1] Landing controller state: LANDED
[INFO] [1786749229.812273073] [landing_scout_1]: [scout_1] Landing controller state: LANDED
[INFO] [1786749234.811621124] [landing_scout_1]: [scout_1] Landing controller state: LANDED
[INFO] [1786749239.811676737] [landing_scout_1]: [scout_1] Landing controller state: LANDED
[INFO] [1786749244.813038380] [landing_scout_1]: [scout_1] Landing controller state: LANDED
[INFO] [1786749249.811693738] [landing_scout_1]: [scout_1] Landing controller state: LANDED
[INFO] [1786749254.812578846] [landing_scout_1]: [scout_1] Landing controller state: LANDED
[INFO] [1786749259.811882180] [landing_scout_1]: [scout_1] Landing controller state: LANDED
[INFO] [1786749264.812215598] [landing_scout_1]: [scout_1] Landing controller state: LANDED
[INFO] [1786749269.812311965] [landing_scout_1]: [scout_1] Landing controller state: LANDED
[INFO] [1786749274.811858461] [landing_scout_1]: [scout_1] Landing controller state: LANDED
[INFO] [1786749279.812033238] [landing_scout_1]: [scout_1] Landing controller state: LANDED
[INFO] [1786749284.811769470] [landing_scout_1]: [scout_1] Landing controller state: LANDED
[INFO] [1786749289.812457904] [landing_scout_1]: [scout_1] Landing controller state: LANDED
[INFO] [1786749294.812396158] [landing_scout_1]: [scout_1] Landing controller state: LANDED
[INFO] [1786749299.812928955] [landing_scout_1]: [scout_1] Landing controller state: LANDED
[INFO] [1786749304.812214996] [landing_scout_1]: [scout_1] Landing controller state: LANDED
[INFO] [1786749309.811745743] [landing_scout_1]: [scout_1] Landing controller state: LANDED
[INFO] [1786749314.811838204] [landing_scout_1]: [scout_1] Landing controller state: LANDED
[INFO] [1786749319.811780066] [landing_scout_1]: [scout_1] Landing controller state: LANDED
[INFO] [1786749324.812107291] [landing_scout_1]: [scout_1] Landing controller state: LANDED
[INFO] [1786749329.812289781] [landing_scout_1]: [scout_1] Landing controller state: LANDED
