[INFO] [1786744173.279543080] [landing_scout_1]: [scout_1] Landing Controller: ONLINE
[INFO] [1786744178.316715201] [landing_scout_1]: [scout_1] Landing controller state: IDLE
[INFO] [1786744183.316670034] [landing_scout_1]: [scout_1] Landing controller state: IDLE
[INFO] [1786744188.316775459] [landing_scout_1]: [scout_1] Landing controller state: IDLE
[INFO] [1786744193.316734230] [landing_scout_1]: [scout_1] Landing controller state: IDLE
[INFO] [1786744198.316248961] [landing_scout_1]: [scout_1] Landing controller state: IDLE
[INFO] [1786744203.316295322] [landing_scout_1]: [scout_1] Landing controller state: IDLE
[INFO] [1786744208.316857611] [landing_scout_1]: [scout_1] Landing controller state: IDLE
[INFO] [1786744213.316945586] [landing_scout_1]: [scout_1] Landing controller state: IDLE
[INFO] [1786744218.316797847] [landing_scout_1]: [scout_1] Landing controller state: IDLE
[INFO] [1786744223.316609833] [landing_scout_1]: [scout_1] Landing controller state: IDLE
[INFO] [1786744228.316429327] [landing_scout_1]: [scout_1] Landing controller state: IDLE
[INFO] [1786744233.316983072] [landing_scout_1]: [scout_1] Landing controller state: IDLE
[INFO] [1786744238.317024219] [landing_scout_1]: [scout_1] Landing controller state: IDLE
[INFO] [1786744243.316278571] [landing_scout_1]: [scout_1] Landing controller state: IDLE
[INFO] [1786744248.316446290] [landing_scout_1]: [scout_1] Landing controller state: IDLE
[INFO] [1786744253.316268094] [landing_scout_1]: [scout_1] Landing controller state: IDLE
[INFO] [1786744258.316847185] [landing_scout_1]: [scout_1] Landing controller state: IDLE
[INFO] [1786744263.316712445] [landing_scout_1]: [scout_1] Landing controller state: IDLE
[INFO] [1786744268.316211988] [landing_scout_1]: [scout_1] Landing controller state: IDLE
[INFO] [1786744273.316600786] [landing_scout_1]: [scout_1] Landing controller state: IDLE
[INFO] [1786744278.316909342] [landing_scout_1]: [scout_1] Landing controller state: IDLE
[INFO] [1786744283.316698349] [landing_scout_1]: [scout_1] Landing controller state: IDLE
[INFO] [1786744288.316135582] [landing_scout_1]: [scout_1] Landing controller state: IDLE
[INFO] [1786744293.316168767] [landing_scout_1]: [scout_1] Landing controller state: IDLE
[INFO] [1786744298.316692659] [landing_scout_1]: [scout_1] Landing controller state: IDLE
[INFO] [1786744303.317075738] [landing_scout_1]: [scout_1] Landing controller state: IDLE
[INFO] [1786744308.316202953] [landing_scout_1]: [scout_1] Landing controller state: IDLE
[INFO] [1786744313.317168267] [landing_scout_1]: [scout_1] Landing controller state: IDLE
[INFO] [1786744318.316934732] [landing_scout_1]: [scout_1] Landing controller state: IDLE
[INFO] [1786744323.317235607] [landing_scout_1]: [scout_1] Landing controller state: IDLE
[INFO] [1786744328.316580569] [landing_scout_1]: [scout_1] Landing controller state: IDLE
[INFO] [1786744333.316304837] [landing_scout_1]: [scout_1] Landing controller state: IDLE
[INFO] [1786744338.316309801] [landing_scout_1]: [scout_1] Landing controller state: IDLE
[INFO] [1786744343.316716929] [landing_scout_1]: [scout_1] Landing controller state: IDLE
[INFO] [1786744348.316194934] [landing_scout_1]: [scout_1] Landing controller state: IDLE
[INFO] [1786744353.316138540] [landing_scout_1]: [scout_1] Landing controller state: IDLE
[INFO] [1786744358.316794585] [landing_scout_1]: [scout_1] Landing controller state: IDLE
[INFO] [1786744363.316579367] [landing_scout_1]: [scout_1] Landing controller state: IDLE
[INFO] [1786744368.316899830] [landing_scout_1]: [scout_1] Landing controller state: IDLE
[INFO] [1786744373.316891735] [landing_scout_1]: [scout_1] Landing controller state: IDLE
[INFO] [1786744376.187802334] [landing_scout_1]: [scout_1] 🎯 Resting while IDLE (altitude static) — confirming ground contact
[WARN] [1786744378.191282543] [landing_scout_1]: [scout_1] ⚠️ Settled badly tilted/inverted — initiating RW righting roll
[INFO] [1786744378.200508711] [landing_scout_1]: [scout_1] 🔄 RW righting attempt 1/5: proportional roll, u_z=-1.00
[INFO] [1786744378.317276509] [landing_scout_1]: [scout_1] Landing controller state: RIGHTING
[INFO] [1786744380.209929554] [landing_scout_1]: [scout_1] 📐 RIGHTTRACE attempt=1 u_z=-0.9041 w=74 omega=0.328 omega_roll=-0.287 dir=(-0.15,0.99)
[INFO] [1786744382.214937238] [landing_scout_1]: [scout_1] 📐 RIGHTTRACE attempt=1 u_z=0.1202 w=106 omega=1.001 omega_roll=-0.992 dir=(0.09,1.00)
[INFO] [1786744383.316847468] [landing_scout_1]: [scout_1] Landing controller state: RIGHTING
[INFO] [1786744384.217000579] [landing_scout_1]: [scout_1] 📐 RIGHTTRACE attempt=1 u_z=0.4198 w=113 omega=1.629 omega_roll=1.406 dir=(0.00,1.00)
[INFO] [1786744386.218625158] [landing_scout_1]: [scout_1] 📐 RIGHTTRACE attempt=1 u_z=0.8211 w=118 omega=3.314 omega_roll=2.690 dir=(-0.45,-0.89)
[INFO] [1786744388.221432399] [landing_scout_1]: [scout_1] 📐 RIGHTTRACE attempt=1 u_z=0.6852 w=121 omega=3.669 omega_roll=3.219 dir=(-0.45,-0.90)
[INFO] [1786744388.316636493] [landing_scout_1]: [scout_1] Landing controller state: RIGHTING
[INFO] [1786744390.221407052] [landing_scout_1]: [scout_1] 📐 RIGHTTRACE attempt=1 u_z=0.3241 w=127 omega=4.038 omega_roll=3.204 dir=(-0.21,-0.98)
[INFO] [1786744392.220763235] [landing_scout_1]: [scout_1] 📐 RIGHTTRACE attempt=1 u_z=0.4563 w=137 omega=4.046 omega_roll=3.573 dir=(-0.44,-0.90)
[INFO] [1786744393.316709807] [landing_scout_1]: [scout_1] Landing controller state: RIGHTING
[INFO] [1786744393.721732456] [landing_scout_1]: [scout_1] 🎯 Near-upright at timeout (u_z=0.97) -- extension 1/3, giving this attempt more time to hold instead of discarding progress into a fresh attempt.
[INFO] [1786744395.711679242] [landing_scout_1]: [scout_1] 📐 RIGHTTRACE attempt=1 u_z=-0.9152 w=18 omega=1.134 omega_roll=0.890 dir=(0.18,-0.98)
[INFO] [1786744398.316178794] [landing_scout_1]: [scout_1] Landing controller state: RIGHTING
[INFO] [1786744399.713331756] [landing_scout_1]: [scout_1] 📐 RIGHTTRACE attempt=1 u_z=0.4540 w=74 omega=0.509 omega_roll=-0.446 dir=(0.69,-0.73)
[INFO] [1786744403.316781456] [landing_scout_1]: [scout_1] Landing controller state: RIGHTING
[INFO] [1786744403.718608331] [landing_scout_1]: [scout_1] 📐 RIGHTTRACE attempt=1 u_z=0.5955 w=99 omega=1.558 omega_roll=-0.843 dir=(0.28,-0.96)
[INFO] [1786744405.717578948] [landing_scout_1]: [scout_1] 📐 RIGHTTRACE attempt=1 u_z=0.4330 w=108 omega=1.952 omega_roll=-1.285 dir=(0.64,-0.77)
[INFO] [1786744407.718007697] [landing_scout_1]: [scout_1] 📐 RIGHTTRACE attempt=1 u_z=0.1487 w=114 omega=3.538 omega_roll=1.093 dir=(0.67,-0.75)
[INFO] [1786744408.316677627] [landing_scout_1]: [scout_1] Landing controller state: RIGHTING
[WARN] [1786744409.218610273] [landing_scout_1]: [scout_1] Still inverted (u_z=0.53), retrying with alternate roll axis/sign (attempt 2/5)
[INFO] [1786744409.228556451] [landing_scout_1]: [scout_1] 🔄 RW righting attempt 2/5: proportional roll, u_z=0.53
[INFO] [1786744411.219467136] [landing_scout_1]: [scout_1] 📐 RIGHTTRACE attempt=2 u_z=-0.9340 w=25 omega=1.136 omega_roll=-0.758 dir=(-0.23,0.97)
[INFO] [1786744413.220998903] [landing_scout_1]: [scout_1] 📐 RIGHTTRACE attempt=2 u_z=0.5765 w=38 omega=0.648 omega_roll=0.483 dir=(0.46,-0.89)
[INFO] [1786744413.316656621] [landing_scout_1]: [scout_1] Landing controller state: RIGHTING
[INFO] [1786744415.221547415] [landing_scout_1]: [scout_1] 📐 RIGHTTRACE attempt=2 u_z=0.7154 w=82 omega=0.680 omega_roll=-0.612 dir=(0.58,-0.81)
[INFO] [1786744417.222014144] [landing_scout_1]: [scout_1] 📐 RIGHTTRACE attempt=2 u_z=0.1663 w=83 omega=3.446 omega_roll=2.062 dir=(0.02,-1.00)
[INFO] [1786744418.316202717] [landing_scout_1]: [scout_1] Landing controller state: RIGHTING
[INFO] [1786744419.222345383] [landing_scout_1]: [scout_1] 📐 RIGHTTRACE attempt=2 u_z=0.8555 w=101 omega=1.458 omega_roll=-0.153 dir=(0.95,-0.30)
[INFO] [1786744423.222489289] [landing_scout_1]: [scout_1] 📐 RIGHTTRACE attempt=2 u_z=0.8665 w=115 omega=1.791 omega_roll=-1.587 dir=(0.78,-0.62)
[INFO] [1786744423.316328661] [landing_scout_1]: [scout_1] Landing controller state: RIGHTING
[WARN] [1786744424.724998798] [landing_scout_1]: [scout_1] Still inverted (u_z=-0.37), retrying with alternate roll axis/sign (attempt 3/5)
[INFO] [1786744424.733848772] [landing_scout_1]: [scout_1] 🔄 RW righting attempt 3/5: proportional roll, u_z=-0.37
[INFO] [1786744426.724537720] [landing_scout_1]: [scout_1] 📐 RIGHTTRACE attempt=3 u_z=0.5807 w=24 omega=2.232 omega_roll=-1.970 dir=(-0.04,1.00)
[INFO] [1786744428.316212259] [landing_scout_1]: [scout_1] Landing controller state: RIGHTING
[INFO] [1786744428.727872380] [landing_scout_1]: [scout_1] 📐 RIGHTTRACE attempt=3 u_z=-0.0267 w=37 omega=0.748 omega_roll=0.536 dir=(0.46,-0.89)
[INFO] [1786744430.726666296] [landing_scout_1]: [scout_1] 📐 RIGHTTRACE attempt=3 u_z=0.2538 w=86 omega=0.763 omega_roll=-0.740 dir=(0.45,-0.89)
[INFO] [1786744432.728427952] [landing_scout_1]: [scout_1] 📐 RIGHTTRACE attempt=3 u_z=0.8509 w=92 omega=1.929 omega_roll=1.244 dir=(-1.00,0.05)
[INFO] [1786744433.316207836] [landing_scout_1]: [scout_1] Landing controller state: RIGHTING
[INFO] [1786744434.728100452] [landing_scout_1]: [scout_1] 📐 RIGHTTRACE attempt=3 u_z=0.8342 w=110 omega=1.461 omega_roll=-1.376 dir=(0.45,-0.89)
[INFO] [1786744436.727905875] [landing_scout_1]: [scout_1] 📐 RIGHTTRACE attempt=3 u_z=0.4206 w=119 omega=1.955 omega_roll=-1.569 dir=(0.90,-0.44)
[INFO] [1786744438.316297660] [landing_scout_1]: [scout_1] Landing controller state: RIGHTING
[INFO] [1786744438.728591619] [landing_scout_1]: [scout_1] 📐 RIGHTTRACE attempt=3 u_z=0.5737 w=124 omega=3.039 omega_roll=1.835 dir=(1.00,0.08)
[WARN] [1786744440.228097719] [landing_scout_1]: [scout_1] Still inverted (u_z=0.66), retrying with alternate roll axis/sign (attempt 4/5)
[INFO] [1786744440.238056319] [landing_scout_1]: [scout_1] 🔄 RW righting attempt 4/5: proportional roll, u_z=0.66
[INFO] [1786744442.249268686] [landing_scout_1]: [scout_1] 📐 RIGHTTRACE attempt=4 u_z=-0.9340 w=24 omega=1.236 omega_roll=-1.146 dir=(-0.59,0.81)
[INFO] [1786744443.316139645] [landing_scout_1]: [scout_1] Landing controller state: RIGHTING
[INFO] [1786744444.250438234] [landing_scout_1]: [scout_1] 📐 RIGHTTRACE attempt=4 u_z=0.4988 w=40 omega=0.759 omega_roll=0.570 dir=(0.39,-0.92)
[INFO] [1786744446.250223003] [landing_scout_1]: [scout_1] 📐 RIGHTTRACE attempt=4 u_z=0.6803 w=85 omega=0.724 omega_roll=-0.653 dir=(0.58,-0.82)
[INFO] [1786744448.251681241] [landing_scout_1]: [scout_1] 📐 RIGHTTRACE attempt=4 u_z=0.1119 w=87 omega=3.555 omega_roll=2.022 dir=(0.04,-1.00)
[INFO] [1786744448.316870225] [landing_scout_1]: [scout_1] Landing controller state: RIGHTING
[INFO] [1786744450.251897392] [landing_scout_1]: [scout_1] 📐 RIGHTTRACE attempt=4 u_z=0.8571 w=105 omega=1.488 omega_roll=-0.071 dir=(0.99,-0.17)
[INFO] [1786744453.316324742] [landing_scout_1]: [scout_1] Landing controller state: RIGHTING
[WARN] [1786744455.754399136] [landing_scout_1]: [scout_1] Still inverted (u_z=0.33), retrying with alternate roll axis/sign (attempt 5/5)
[INFO] [1786744455.765215481] [landing_scout_1]: [scout_1] 🔄 RW righting attempt 5/5: proportional roll, u_z=0.33
[INFO] [1786744457.754549445] [landing_scout_1]: [scout_1] 📐 RIGHTTRACE attempt=5 u_z=0.1211 w=27 omega=2.351 omega_roll=-1.998 dir=(-0.43,0.90)
[INFO] [1786744458.316700836] [landing_scout_1]: [scout_1] Landing controller state: RIGHTING
[INFO] [1786744459.756171028] [landing_scout_1]: [scout_1] 📐 RIGHTTRACE attempt=5 u_z=-0.2663 w=60 omega=1.364 omega_roll=-0.010 dir=(0.74,-0.67)
[INFO] [1786744461.755791745] [landing_scout_1]: [scout_1] 📐 RIGHTTRACE attempt=5 u_z=0.6372 w=91 omega=0.821 omega_roll=-0.689 dir=(0.68,-0.73)
[INFO] [1786744463.316755925] [landing_scout_1]: [scout_1] Landing controller state: RIGHTING
[INFO] [1786744463.757074480] [landing_scout_1]: [scout_1] 📐 RIGHTTRACE attempt=5 u_z=0.0277 w=94 omega=3.666 omega_roll=0.810 dir=(0.11,-0.99)
[INFO] [1786744467.758125651] [landing_scout_1]: [scout_1] 📐 RIGHTTRACE attempt=5 u_z=0.7658 w=123 omega=2.555 omega_roll=-0.133 dir=(-0.10,-0.99)
[INFO] [1786744468.316430719] [landing_scout_1]: [scout_1] Landing controller state: RIGHTING
[INFO] [1786744469.757926985] [landing_scout_1]: [scout_1] 📐 RIGHTTRACE attempt=5 u_z=0.8407 w=129 omega=2.880 omega_roll=0.038 dir=(0.19,-0.98)
[ERROR] [1786744471.279555529] [landing_scout_1]: [scout_1] ❌ Self-righting failed after 5 attempts — giving up, marking LANDED anyway so downstream logic (e.g. SAMPLER dispatch) does not hang forever. Robot may still be physically inverted.
[INFO] [1786744473.316276222] [landing_scout_1]: [scout_1] Landing controller state: LANDED
[INFO] [1786744478.316180763] [landing_scout_1]: [scout_1] Landing controller state: LANDED
[INFO] [1786744483.316658676] [landing_scout_1]: [scout_1] Landing controller state: LANDED
[INFO] [1786744488.317139836] [landing_scout_1]: [scout_1] Landing controller state: LANDED
[INFO] [1786744493.316356098] [landing_scout_1]: [scout_1] Landing controller state: LANDED
[INFO] [1786744498.316254501] [landing_scout_1]: [scout_1] Landing controller state: LANDED
[INFO] [1786744503.316885059] [landing_scout_1]: [scout_1] Landing controller state: LANDED
[INFO] [1786744508.316201013] [landing_scout_1]: [scout_1] Landing controller state: LANDED
[INFO] [1786744513.316630272] [landing_scout_1]: [scout_1] Landing controller state: LANDED
[INFO] [1786744518.316148567] [landing_scout_1]: [scout_1] Landing controller state: LANDED
[INFO] [1786744523.316217591] [landing_scout_1]: [scout_1] Landing controller state: LANDED
[INFO] [1786744528.317004626] [landing_scout_1]: [scout_1] Landing controller state: LANDED
[INFO] [1786744533.316717701] [landing_scout_1]: [scout_1] Landing controller state: LANDED
[INFO] [1786744538.317389132] [landing_scout_1]: [scout_1] Landing controller state: LANDED
[INFO] [1786744543.316219806] [landing_scout_1]: [scout_1] Landing controller state: LANDED
[INFO] [1786744548.316137779] [landing_scout_1]: [scout_1] Landing controller state: LANDED
[INFO] [1786744553.316765762] [landing_scout_1]: [scout_1] Landing controller state: LANDED
[INFO] [1786744558.316549325] [landing_scout_1]: [scout_1] Landing controller state: LANDED
[INFO] [1786744563.316946667] [landing_scout_1]: [scout_1] Landing controller state: LANDED
[INFO] [1786744568.316249771] [landing_scout_1]: [scout_1] Landing controller state: LANDED
[INFO] [1786744573.316718778] [landing_scout_1]: [scout_1] Landing controller state: LANDED
[INFO] [1786744578.316251197] [landing_scout_1]: [scout_1] Landing controller state: LANDED
[INFO] [1786744583.316224207] [landing_scout_1]: [scout_1] Landing controller state: LANDED
[INFO] [1786744588.317466087] [landing_scout_1]: [scout_1] Landing controller state: LANDED
