[INFO] [1786747811.021731724] [landing_scout_1]: [scout_1] Landing Controller: ONLINE
[INFO] [1786747816.059732144] [landing_scout_1]: [scout_1] Landing controller state: IDLE
[INFO] [1786747821.059737630] [landing_scout_1]: [scout_1] Landing controller state: IDLE
[INFO] [1786747826.060215190] [landing_scout_1]: [scout_1] Landing controller state: IDLE
[INFO] [1786747831.060244684] [landing_scout_1]: [scout_1] Landing controller state: IDLE
[INFO] [1786747836.059993562] [landing_scout_1]: [scout_1] Landing controller state: IDLE
[INFO] [1786747841.059743670] [landing_scout_1]: [scout_1] Landing controller state: IDLE
[INFO] [1786747846.059854867] [landing_scout_1]: [scout_1] Landing controller state: IDLE
[INFO] [1786747851.059756411] [landing_scout_1]: [scout_1] Landing controller state: IDLE
[INFO] [1786747856.060260784] [landing_scout_1]: [scout_1] Landing controller state: IDLE
[INFO] [1786747861.059814336] [landing_scout_1]: [scout_1] Landing controller state: IDLE
[INFO] [1786747866.059802993] [landing_scout_1]: [scout_1] Landing controller state: IDLE
[INFO] [1786747871.060285263] [landing_scout_1]: [scout_1] Landing controller state: IDLE
[INFO] [1786747876.059736057] [landing_scout_1]: [scout_1] Landing controller state: IDLE
[INFO] [1786747881.059867941] [landing_scout_1]: [scout_1] Landing controller state: IDLE
[INFO] [1786747886.060158781] [landing_scout_1]: [scout_1] Landing controller state: IDLE
[INFO] [1786747891.059751288] [landing_scout_1]: [scout_1] Landing controller state: IDLE
[INFO] [1786747896.059635895] [landing_scout_1]: [scout_1] Landing controller state: IDLE
[INFO] [1786747901.059716068] [landing_scout_1]: [scout_1] Landing controller state: IDLE
[INFO] [1786747906.060059881] [landing_scout_1]: [scout_1] Landing controller state: IDLE
[INFO] [1786747911.059578806] [landing_scout_1]: [scout_1] Landing controller state: IDLE
[INFO] [1786747916.059687972] [landing_scout_1]: [scout_1] Landing controller state: IDLE
[INFO] [1786747921.059960993] [landing_scout_1]: [scout_1] Landing controller state: IDLE
[INFO] [1786747926.059750236] [landing_scout_1]: [scout_1] Landing controller state: IDLE
[INFO] [1786747931.059719780] [landing_scout_1]: [scout_1] Landing controller state: IDLE
[INFO] [1786747936.059855153] [landing_scout_1]: [scout_1] Landing controller state: IDLE
[INFO] [1786747941.059906942] [landing_scout_1]: [scout_1] Landing controller state: IDLE
[INFO] [1786747946.059663657] [landing_scout_1]: [scout_1] Landing controller state: IDLE
[INFO] [1786747951.060559217] [landing_scout_1]: [scout_1] Landing controller state: IDLE
[INFO] [1786747956.060355193] [landing_scout_1]: [scout_1] Landing controller state: IDLE
[INFO] [1786747961.059815048] [landing_scout_1]: [scout_1] Landing controller state: IDLE
[INFO] [1786747966.059858199] [landing_scout_1]: [scout_1] Landing controller state: IDLE
[INFO] [1786747971.060257373] [landing_scout_1]: [scout_1] Landing controller state: IDLE
[INFO] [1786747976.059947645] [landing_scout_1]: [scout_1] Landing controller state: IDLE
[INFO] [1786747981.059937199] [landing_scout_1]: [scout_1] Landing controller state: IDLE
[INFO] [1786747986.059939818] [landing_scout_1]: [scout_1] Landing controller state: IDLE
[INFO] [1786747991.059766152] [landing_scout_1]: [scout_1] Landing controller state: IDLE
[INFO] [1786747996.059963515] [landing_scout_1]: [scout_1] Landing controller state: IDLE
[INFO] [1786748001.059706531] [landing_scout_1]: [scout_1] Landing controller state: IDLE
[INFO] [1786748006.059750149] [landing_scout_1]: [scout_1] Landing controller state: IDLE
[INFO] [1786748011.060184864] [landing_scout_1]: [scout_1] Landing controller state: IDLE
[INFO] [1786748016.059809706] [landing_scout_1]: [scout_1] Landing controller state: IDLE
[INFO] [1786748021.060008106] [landing_scout_1]: [scout_1] Landing controller state: IDLE
[INFO] [1786748026.059728618] [landing_scout_1]: [scout_1] Landing controller state: IDLE
[INFO] [1786748031.060315846] [landing_scout_1]: [scout_1] Landing controller state: IDLE
[INFO] [1786748036.059783333] [landing_scout_1]: [scout_1] Landing controller state: IDLE
[INFO] [1786748041.060311452] [landing_scout_1]: [scout_1] Landing controller state: IDLE
[INFO] [1786748046.060178227] [landing_scout_1]: [scout_1] Landing controller state: IDLE
[INFO] [1786748051.059926506] [landing_scout_1]: [scout_1] Landing controller state: IDLE
[INFO] [1786748056.059794428] [landing_scout_1]: [scout_1] Landing controller state: IDLE
[INFO] [1786748061.060273091] [landing_scout_1]: [scout_1] Landing controller state: IDLE
[INFO] [1786748066.060100412] [landing_scout_1]: [scout_1] Landing controller state: IDLE
[INFO] [1786748071.060054180] [landing_scout_1]: [scout_1] Landing controller state: IDLE
[INFO] [1786748076.060154635] [landing_scout_1]: [scout_1] Landing controller state: IDLE
[INFO] [1786748081.060181281] [landing_scout_1]: [scout_1] Landing controller state: IDLE
[INFO] [1786748086.059743071] [landing_scout_1]: [scout_1] Landing controller state: IDLE
[INFO] [1786748091.059901976] [landing_scout_1]: [scout_1] Landing controller state: IDLE
[INFO] [1786748096.060326873] [landing_scout_1]: [scout_1] Landing controller state: IDLE
[INFO] [1786748101.059746597] [landing_scout_1]: [scout_1] Landing controller state: IDLE
[INFO] [1786748102.767330752] [landing_scout_1]: [scout_1] 🎯 Resting while IDLE (altitude static) — confirming ground contact
[WARN] [1786748104.771410547] [landing_scout_1]: [scout_1] ⚠️ Settled badly tilted/inverted — initiating RW righting roll
[INFO] [1786748104.780675418] [landing_scout_1]: [scout_1] 🔄 RW righting attempt 1/5: proportional roll, u_z=-1.00
[INFO] [1786748106.060962126] [landing_scout_1]: [scout_1] Landing controller state: RIGHTING
[INFO] [1786748106.790557355] [landing_scout_1]: [scout_1] 📐 RIGHTTRACE attempt=1 u_z=-0.8646 w=59 omega=1.025 omega_roll=0.055 dir=(-0.96,-0.28)
[INFO] [1786748108.790314965] [landing_scout_1]: [scout_1] 📐 RIGHTTRACE attempt=1 u_z=0.4037 w=84 omega=1.260 omega_roll=-1.122 dir=(-0.38,-0.92)
[INFO] [1786748110.792673678] [landing_scout_1]: [scout_1] 📐 RIGHTTRACE attempt=1 u_z=0.4258 w=87 omega=1.715 omega_roll=1.263 dir=(0.91,-0.42)
[INFO] [1786748111.059705403] [landing_scout_1]: [scout_1] Landing controller state: RIGHTING
[INFO] [1786748112.793017715] [landing_scout_1]: [scout_1] 📐 RIGHTTRACE attempt=1 u_z=0.6872 w=98 omega=1.102 omega_roll=-1.012 dir=(0.95,-0.33)
[INFO] [1786748114.794622070] [landing_scout_1]: [scout_1] 📐 RIGHTTRACE attempt=1 u_z=-0.8936 w=111 omega=2.210 omega_roll=-1.802 dir=(-0.99,-0.17)
[INFO] [1786748116.060713924] [landing_scout_1]: [scout_1] Landing controller state: RIGHTING
[INFO] [1786748116.794235771] [landing_scout_1]: [scout_1] 📐 RIGHTTRACE attempt=1 u_z=-0.5445 w=135 omega=2.266 omega_roll=-0.576 dir=(-0.12,0.99)
[INFO] [1786748118.795427350] [landing_scout_1]: [scout_1] 📐 RIGHTTRACE attempt=1 u_z=0.1691 w=147 omega=4.029 omega_roll=2.002 dir=(-0.99,0.10)
[INFO] [1786748120.294827554] [landing_scout_1]: [scout_1] 🎯 Near-upright at timeout (u_z=0.87) -- extension 1/3, giving this attempt more time to hold instead of discarding progress into a fresh attempt.
[INFO] [1786748121.059954921] [landing_scout_1]: [scout_1] Landing controller state: RIGHTING
[INFO] [1786748122.304512696] [landing_scout_1]: [scout_1] 📐 RIGHTTRACE attempt=1 u_z=-0.1597 w=27 omega=2.212 omega_roll=-1.997 dir=(-0.79,-0.61)
[INFO] [1786748124.304422488] [landing_scout_1]: [scout_1] 📐 RIGHTTRACE attempt=1 u_z=0.6196 w=35 omega=1.652 omega_roll=-0.584 dir=(0.53,0.85)
[INFO] [1786748126.059806635] [landing_scout_1]: [scout_1] Landing controller state: RIGHTING
[INFO] [1786748126.306659328] [landing_scout_1]: [scout_1] 📐 RIGHTTRACE attempt=1 u_z=-0.8489 w=59 omega=2.229 omega_roll=-1.724 dir=(-0.34,-0.94)
[INFO] [1786748128.307393898] [landing_scout_1]: [scout_1] 📐 RIGHTTRACE attempt=1 u_z=0.5695 w=68 omega=2.568 omega_roll=-1.148 dir=(-0.99,-0.14)
[INFO] [1786748130.308068529] [landing_scout_1]: [scout_1] 📐 RIGHTTRACE attempt=1 u_z=0.6944 w=90 omega=1.922 omega_roll=-0.777 dir=(0.24,0.97)
[INFO] [1786748131.059764950] [landing_scout_1]: [scout_1] Landing controller state: RIGHTING
[INFO] [1786748132.308621622] [landing_scout_1]: [scout_1] 📐 RIGHTTRACE attempt=1 u_z=0.8311 w=98 omega=2.005 omega_roll=0.091 dir=(-0.26,-0.97)
[INFO] [1786748134.308277185] [landing_scout_1]: [scout_1] 📐 RIGHTTRACE attempt=1 u_z=-0.5674 w=118 omega=2.331 omega_roll=-1.456 dir=(-0.54,0.84)
[WARN] [1786748135.811404748] [landing_scout_1]: [scout_1] Still inverted (u_z=-0.63), retrying with alternate roll axis/sign (attempt 2/5)
[INFO] [1786748135.820389715] [landing_scout_1]: [scout_1] 🔄 RW righting attempt 2/5: proportional roll, u_z=-0.63
[INFO] [1786748136.059915409] [landing_scout_1]: [scout_1] Landing controller state: RIGHTING
[INFO] [1786748137.810475108] [landing_scout_1]: [scout_1] 📐 RIGHTTRACE attempt=2 u_z=0.3178 w=27 omega=2.355 omega_roll=-0.573 dir=(1.00,0.06)
[INFO] [1786748139.831266554] [landing_scout_1]: [scout_1] 📐 RIGHTTRACE attempt=2 u_z=-0.1305 w=80 omega=0.950 omega_roll=-0.392 dir=(0.40,0.92)
[INFO] [1786748141.059799431] [landing_scout_1]: [scout_1] Landing controller state: RIGHTING
[INFO] [1786748141.832578875] [landing_scout_1]: [scout_1] 📐 RIGHTTRACE attempt=2 u_z=0.7778 w=96 omega=1.148 omega_roll=-0.513 dir=(0.96,-0.28)
[INFO] [1786748143.833486942] [landing_scout_1]: [scout_1] 📐 RIGHTTRACE attempt=2 u_z=-0.5491 w=107 omega=1.785 omega_roll=-1.523 dir=(-0.77,-0.63)
[INFO] [1786748145.832868357] [landing_scout_1]: [scout_1] 📐 RIGHTTRACE attempt=2 u_z=0.2314 w=131 omega=2.094 omega_roll=-0.594 dir=(0.72,0.69)
[INFO] [1786748146.060130490] [landing_scout_1]: [scout_1] Landing controller state: RIGHTING
[INFO] [1786748147.832845902] [landing_scout_1]: [scout_1] 📐 RIGHTTRACE attempt=2 u_z=-0.4854 w=143 omega=3.139 omega_roll=-0.571 dir=(-0.76,0.65)
[INFO] [1786748151.059760335] [landing_scout_1]: [scout_1] Landing controller state: RIGHTING
[WARN] [1786748151.332892610] [landing_scout_1]: [scout_1] Still inverted (u_z=0.28), retrying with alternate roll axis/sign (attempt 3/5)
[INFO] [1786748151.342796607] [landing_scout_1]: [scout_1] 🔄 RW righting attempt 3/5: proportional roll, u_z=0.28
[INFO] [1786748153.334483059] [landing_scout_1]: [scout_1] 📐 RIGHTTRACE attempt=3 u_z=0.4314 w=31 omega=2.344 omega_roll=-2.017 dir=(0.31,-0.95)
[INFO] [1786748155.334246680] [landing_scout_1]: [scout_1] 📐 RIGHTTRACE attempt=3 u_z=-0.0119 w=63 omega=1.299 omega_roll=-0.330 dir=(0.18,0.98)
[INFO] [1786748156.060181714] [landing_scout_1]: [scout_1] Landing controller state: RIGHTING
[INFO] [1786748157.334194443] [landing_scout_1]: [scout_1] 📐 RIGHTTRACE attempt=3 u_z=0.4866 w=92 omega=1.212 omega_roll=-0.617 dir=(0.55,0.83)
[INFO] [1786748159.335684734] [landing_scout_1]: [scout_1] 📐 RIGHTTRACE attempt=3 u_z=0.7689 w=99 omega=1.984 omega_roll=-0.177 dir=(-0.31,-0.95)
[INFO] [1786748161.060156983] [landing_scout_1]: [scout_1] Landing controller state: RIGHTING
[INFO] [1786748161.335632093] [landing_scout_1]: [scout_1] 📐 RIGHTTRACE attempt=3 u_z=-0.1659 w=121 omega=2.543 omega_roll=-2.090 dir=(-0.92,0.39)
[INFO] [1786748163.335640953] [landing_scout_1]: [scout_1] 📐 RIGHTTRACE attempt=3 u_z=0.7748 w=132 omega=2.768 omega_roll=1.656 dir=(-0.22,-0.98)
