[INFO] [1786750009.270307939] [landing_scout_1]: [scout_1] Landing Controller: ONLINE
[INFO] [1786750014.309846858] [landing_scout_1]: [scout_1] Landing controller state: IDLE
[INFO] [1786750019.309840830] [landing_scout_1]: [scout_1] Landing controller state: IDLE
[INFO] [1786750024.309903436] [landing_scout_1]: [scout_1] Landing controller state: IDLE
[INFO] [1786750029.310327276] [landing_scout_1]: [scout_1] Landing controller state: IDLE
[INFO] [1786750034.309865844] [landing_scout_1]: [scout_1] Landing controller state: IDLE
[INFO] [1786750039.310551996] [landing_scout_1]: [scout_1] Landing controller state: IDLE
[INFO] [1786750044.310518795] [landing_scout_1]: [scout_1] Landing controller state: IDLE
[INFO] [1786750049.310448643] [landing_scout_1]: [scout_1] Landing controller state: IDLE
[INFO] [1786750054.310279678] [landing_scout_1]: [scout_1] Landing controller state: IDLE
[INFO] [1786750059.309974897] [landing_scout_1]: [scout_1] Landing controller state: IDLE
[INFO] [1786750064.309905893] [landing_scout_1]: [scout_1] Landing controller state: IDLE
[INFO] [1786750069.310384189] [landing_scout_1]: [scout_1] Landing controller state: IDLE
[INFO] [1786750074.309817134] [landing_scout_1]: [scout_1] Landing controller state: IDLE
[INFO] [1786750079.310595389] [landing_scout_1]: [scout_1] Landing controller state: IDLE
[INFO] [1786750084.310009766] [landing_scout_1]: [scout_1] Landing controller state: IDLE
[INFO] [1786750089.310509034] [landing_scout_1]: [scout_1] Landing controller state: IDLE
[INFO] [1786750094.310387116] [landing_scout_1]: [scout_1] Landing controller state: IDLE
[INFO] [1786750099.310733533] [landing_scout_1]: [scout_1] Landing controller state: IDLE
[INFO] [1786750104.310423523] [landing_scout_1]: [scout_1] Landing controller state: IDLE
[INFO] [1786750109.309812684] [landing_scout_1]: [scout_1] Landing controller state: IDLE
[INFO] [1786750114.310036212] [landing_scout_1]: [scout_1] Landing controller state: IDLE
[INFO] [1786750119.309979406] [landing_scout_1]: [scout_1] Landing controller state: IDLE
[INFO] [1786750124.310283941] [landing_scout_1]: [scout_1] Landing controller state: IDLE
[INFO] [1786750129.309833369] [landing_scout_1]: [scout_1] Landing controller state: IDLE
[INFO] [1786750134.309933028] [landing_scout_1]: [scout_1] Landing controller state: IDLE
[INFO] [1786750139.310498700] [landing_scout_1]: [scout_1] Landing controller state: IDLE
[INFO] [1786750144.309886894] [landing_scout_1]: [scout_1] Landing controller state: IDLE
[INFO] [1786750149.309851204] [landing_scout_1]: [scout_1] Landing controller state: IDLE
[INFO] [1786750154.310503747] [landing_scout_1]: [scout_1] Landing controller state: IDLE
[INFO] [1786750159.309855020] [landing_scout_1]: [scout_1] Landing controller state: IDLE
[INFO] [1786750164.310743092] [landing_scout_1]: [scout_1] Landing controller state: IDLE
[INFO] [1786750169.309920566] [landing_scout_1]: [scout_1] Landing controller state: IDLE
[INFO] [1786750174.309847653] [landing_scout_1]: [scout_1] Landing controller state: IDLE
[INFO] [1786750179.311095689] [landing_scout_1]: [scout_1] Landing controller state: IDLE
[INFO] [1786750184.310290446] [landing_scout_1]: [scout_1] Landing controller state: IDLE
[INFO] [1786750189.310383763] [landing_scout_1]: [scout_1] Landing controller state: IDLE
[INFO] [1786750194.310313881] [landing_scout_1]: [scout_1] Landing controller state: IDLE
[INFO] [1786750199.309977025] [landing_scout_1]: [scout_1] Landing controller state: IDLE
[INFO] [1786750204.309843610] [landing_scout_1]: [scout_1] Landing controller state: IDLE
[INFO] [1786750209.310471353] [landing_scout_1]: [scout_1] Landing controller state: IDLE
[INFO] [1786750214.310548177] [landing_scout_1]: [scout_1] Landing controller state: IDLE
[INFO] [1786750219.309828731] [landing_scout_1]: [scout_1] Landing controller state: IDLE
[INFO] [1786750224.309922375] [landing_scout_1]: [scout_1] Landing controller state: IDLE
[INFO] [1786750229.309733688] [landing_scout_1]: [scout_1] Landing controller state: IDLE
[INFO] [1786750230.039045459] [landing_scout_1]: [scout_1] 🎯 Resting while IDLE (altitude static) — confirming ground contact
[WARN] [1786750232.038653427] [landing_scout_1]: [scout_1] ⚠️ Settled badly tilted/inverted — initiating RW righting roll
[INFO] [1786750232.048850931] [landing_scout_1]: [scout_1] 🔄 RW righting attempt 1/5: proportional roll, u_z=-1.00
[INFO] [1786750234.040676609] [landing_scout_1]: [scout_1] 📐 RIGHTTRACE attempt=1 u_z=-0.8779 w=72 omega=0.542 omega_roll=-0.508 dir=(-0.80,0.60)
[INFO] [1786750234.310787028] [landing_scout_1]: [scout_1] Landing controller state: RIGHTING
[INFO] [1786750236.041399164] [landing_scout_1]: [scout_1] 📐 RIGHTTRACE attempt=1 u_z=0.5599 w=96 omega=1.189 omega_roll=-1.154 dir=(-0.98,0.20)
[INFO] [1786750238.041336473] [landing_scout_1]: [scout_1] 📐 RIGHTTRACE attempt=1 u_z=0.7877 w=98 omega=4.521 omega_roll=2.254 dir=(0.66,-0.75)
[INFO] [1786750239.310691157] [landing_scout_1]: [scout_1] Landing controller state: RIGHTING
[INFO] [1786750240.043759889] [landing_scout_1]: [scout_1] 📐 RIGHTTRACE attempt=1 u_z=0.5783 w=112 omega=2.868 omega_roll=0.247 dir=(0.19,0.98)
[INFO] [1786750242.043833834] [landing_scout_1]: [scout_1] 📐 RIGHTTRACE attempt=1 u_z=0.3505 w=135 omega=3.365 omega_roll=-0.015 dir=(-0.88,-0.47)
[INFO] [1786750244.043705453] [landing_scout_1]: [scout_1] 📐 RIGHTTRACE attempt=1 u_z=0.5381 w=150 omega=2.930 omega_roll=0.084 dir=(0.07,1.00)
[INFO] [1786750244.310295741] [landing_scout_1]: [scout_1] Landing controller state: RIGHTING
[INFO] [1786750246.044942813] [landing_scout_1]: [scout_1] 📐 RIGHTTRACE attempt=1 u_z=0.3348 w=160 omega=2.998 omega_roll=0.862 dir=(0.80,-0.60)
[WARN] [1786750247.549134577] [landing_scout_1]: [scout_1] Still inverted (u_z=-0.29), retrying with alternate roll axis/sign (attempt 2/5)
[INFO] [1786750247.558673864] [landing_scout_1]: [scout_1] 🔄 RW righting attempt 2/5: proportional roll, u_z=-0.26
[INFO] [1786750249.309811791] [landing_scout_1]: [scout_1] Landing controller state: RIGHTING
[INFO] [1786750249.548658322] [landing_scout_1]: [scout_1] 📐 RIGHTTRACE attempt=2 u_z=-0.5975 w=33 omega=2.944 omega_roll=-0.255 dir=(-0.71,-0.70)
[INFO] [1786750251.550456690] [landing_scout_1]: [scout_1] 📐 RIGHTTRACE attempt=2 u_z=-0.4446 w=64 omega=2.173 omega_roll=-1.116 dir=(0.74,0.68)
[INFO] [1786750253.554316655] [landing_scout_1]: [scout_1] 📐 RIGHTTRACE attempt=2 u_z=0.7656 w=87 omega=2.735 omega_roll=0.148 dir=(0.75,-0.66)
[INFO] [1786750254.309919109] [landing_scout_1]: [scout_1] Landing controller state: RIGHTING
[INFO] [1786750255.554407789] [landing_scout_1]: [scout_1] 📐 RIGHTTRACE attempt=2 u_z=0.6026 w=104 omega=1.424 omega_roll=-1.134 dir=(0.98,0.18)
[INFO] [1786750257.555289922] [landing_scout_1]: [scout_1] 📐 RIGHTTRACE attempt=2 u_z=-0.6541 w=120 omega=1.927 omega_roll=-1.636 dir=(-0.22,0.98)
[INFO] [1786750259.310335677] [landing_scout_1]: [scout_1] Landing controller state: RIGHTING
[INFO] [1786750259.554254228] [landing_scout_1]: [scout_1] 📐 RIGHTTRACE attempt=2 u_z=0.5053 w=143 omega=2.317 omega_roll=-1.899 dir=(-0.21,-0.98)
[INFO] [1786750261.554614244] [landing_scout_1]: [scout_1] 📐 RIGHTTRACE attempt=2 u_z=-0.3074 w=156 omega=2.590 omega_roll=-0.951 dir=(-0.77,0.64)
[WARN] [1786750263.054895381] [landing_scout_1]: [scout_1] Still inverted (u_z=0.50), retrying with alternate roll axis/sign (attempt 3/5)
[INFO] [1786750263.064578120] [landing_scout_1]: [scout_1] 🔄 RW righting attempt 3/5: proportional roll, u_z=0.46
[INFO] [1786750264.310139358] [landing_scout_1]: [scout_1] Landing controller state: RIGHTING
[INFO] [1786750265.055198560] [landing_scout_1]: [scout_1] 📐 RIGHTTRACE attempt=3 u_z=0.3787 w=26 omega=2.779 omega_roll=-0.534 dir=(0.85,0.53)
[INFO] [1786750267.058172661] [landing_scout_1]: [scout_1] 📐 RIGHTTRACE attempt=3 u_z=-0.8680 w=54 omega=2.722 omega_roll=-1.968 dir=(-0.95,-0.32)
[INFO] [1786750269.310858278] [landing_scout_1]: [scout_1] Landing controller state: RIGHTING
[INFO] [1786750271.058264445] [landing_scout_1]: [scout_1] 📐 RIGHTTRACE attempt=3 u_z=0.5388 w=92 omega=2.883 omega_roll=0.311 dir=(0.21,-0.98)
[INFO] [1786750273.079231438] [landing_scout_1]: [scout_1] 📐 RIGHTTRACE attempt=3 u_z=0.8015 w=109 omega=1.678 omega_roll=-1.005 dir=(0.94,-0.34)
[INFO] [1786750274.310938631] [landing_scout_1]: [scout_1] Landing controller state: RIGHTING
[INFO] [1786750275.098392638] [landing_scout_1]: [scout_1] 📐 RIGHTTRACE attempt=3 u_z=0.0873 w=126 omega=1.516 omega_roll=-0.952 dir=(-0.15,0.99)
[INFO] [1786750277.098252719] [landing_scout_1]: [scout_1] 📐 RIGHTTRACE attempt=3 u_z=0.5395 w=150 omega=2.494 omega_roll=-0.781 dir=(0.04,-1.00)
[WARN] [1786750278.598599178] [landing_scout_1]: [scout_1] Still inverted (u_z=0.75), retrying with alternate roll axis/sign (attempt 4/5)
[INFO] [1786750278.608573089] [landing_scout_1]: [scout_1] 🔄 RW righting attempt 4/5: proportional roll, u_z=0.77
[INFO] [1786750279.309802123] [landing_scout_1]: [scout_1] Landing controller state: RIGHTING
[INFO] [1786750280.599436610] [landing_scout_1]: [scout_1] 📐 RIGHTTRACE attempt=4 u_z=0.4131 w=20 omega=2.650 omega_roll=0.874 dir=(-0.99,0.13)
[INFO] [1786750282.600620704] [landing_scout_1]: [scout_1] 📐 RIGHTTRACE attempt=4 u_z=0.4418 w=47 omega=3.333 omega_roll=1.319 dir=(0.16,-0.99)
[INFO] [1786750284.310315085] [landing_scout_1]: [scout_1] Landing controller state: RIGHTING
[INFO] [1786750284.602235900] [landing_scout_1]: [scout_1] 📐 RIGHTTRACE attempt=4 u_z=-0.8873 w=81 omega=2.552 omega_roll=-1.100 dir=(-0.17,-0.99)
[INFO] [1786750286.600954561] [landing_scout_1]: [scout_1] 📐 RIGHTTRACE attempt=4 u_z=-0.0284 w=113 omega=1.406 omega_roll=-1.027 dir=(-0.86,-0.52)
[INFO] [1786750288.602241058] [landing_scout_1]: [scout_1] 📐 RIGHTTRACE attempt=4 u_z=0.6835 w=132 omega=1.886 omega_roll=-0.166 dir=(1.00,-0.09)
[INFO] [1786750289.310252934] [landing_scout_1]: [scout_1] Landing controller state: RIGHTING
[INFO] [1786750290.601828983] [landing_scout_1]: [scout_1] 📐 RIGHTTRACE attempt=4 u_z=-0.2685 w=150 omega=1.989 omega_roll=-0.898 dir=(-1.00,0.04)
[INFO] [1786750292.605917602] [landing_scout_1]: [scout_1] 📐 RIGHTTRACE attempt=4 u_z=0.2950 w=160 omega=3.466 omega_roll=0.894 dir=(0.18,0.98)
[WARN] [1786750294.108541457] [landing_scout_1]: [scout_1] Still inverted (u_z=0.19), retrying with alternate roll axis/sign (attempt 5/5)
[INFO] [1786750294.117081747] [landing_scout_1]: [scout_1] 🔄 RW righting attempt 5/5: proportional roll, u_z=0.17
[INFO] [1786750294.310223741] [landing_scout_1]: [scout_1] Landing controller state: RIGHTING
[INFO] [1786750296.106785373] [landing_scout_1]: [scout_1] 📐 RIGHTTRACE attempt=5 u_z=0.6016 w=24 omega=2.847 omega_roll=1.570 dir=(-0.04,-1.00)
[INFO] [1786750298.126802494] [landing_scout_1]: [scout_1] 📐 RIGHTTRACE attempt=5 u_z=-0.1709 w=50 omega=3.366 omega_roll=-0.841 dir=(0.80,0.61)
[INFO] [1786750299.310028042] [landing_scout_1]: [scout_1] Landing controller state: RIGHTING
[INFO] [1786750300.126833496] [landing_scout_1]: [scout_1] 📐 RIGHTTRACE attempt=5 u_z=-0.5044 w=84 omega=2.071 omega_roll=-0.509 dir=(0.18,-0.98)
[INFO] [1786750302.126463279] [landing_scout_1]: [scout_1] 📐 RIGHTTRACE attempt=5 u_z=0.0412 w=108 omega=0.958 omega_roll=-0.691 dir=(0.31,-0.95)
[INFO] [1786750304.130270800] [landing_scout_1]: [scout_1] 📐 RIGHTTRACE attempt=5 u_z=0.6216 w=121 omega=1.438 omega_roll=-0.664 dir=(0.86,0.51)
[INFO] [1786750304.310962568] [landing_scout_1]: [scout_1] Landing controller state: RIGHTING
[INFO] [1786750306.129966095] [landing_scout_1]: [scout_1] 📐 RIGHTTRACE attempt=5 u_z=-0.0945 w=143 omega=2.100 omega_roll=-0.902 dir=(-0.99,0.15)
[INFO] [1786750308.130448145] [landing_scout_1]: [scout_1] 📐 RIGHTTRACE attempt=5 u_z=0.4989 w=159 omega=2.928 omega_roll=0.876 dir=(0.58,0.81)
[INFO] [1786750309.310860985] [landing_scout_1]: [scout_1] Landing controller state: RIGHTING
[ERROR] [1786750309.630258219] [landing_scout_1]: [scout_1] ❌ Self-righting failed after 5 attempts — giving up, marking LANDED anyway so downstream logic (e.g. SAMPLER dispatch) does not hang forever. Robot may still be physically inverted.
[INFO] [1786750314.310117503] [landing_scout_1]: [scout_1] Landing controller state: LANDED
[INFO] [1786750319.310850423] [landing_scout_1]: [scout_1] Landing controller state: LANDED
[INFO] [1786750324.310305957] [landing_scout_1]: [scout_1] Landing controller state: LANDED
[INFO] [1786750329.309857382] [landing_scout_1]: [scout_1] Landing controller state: LANDED
[INFO] [1786750334.311210711] [landing_scout_1]: [scout_1] Landing controller state: LANDED
[INFO] [1786750339.310594115] [landing_scout_1]: [scout_1] Landing controller state: LANDED
[INFO] [1786750344.310884884] [landing_scout_1]: [scout_1] Landing controller state: LANDED
[INFO] [1786750349.310595568] [landing_scout_1]: [scout_1] Landing controller state: LANDED
[INFO] [1786750354.310014702] [landing_scout_1]: [scout_1] Landing controller state: LANDED
[INFO] [1786750359.309882287] [landing_scout_1]: [scout_1] Landing controller state: LANDED
[INFO] [1786750364.310221801] [landing_scout_1]: [scout_1] Landing controller state: LANDED
[INFO] [1786750369.309821955] [landing_scout_1]: [scout_1] Landing controller state: LANDED
[INFO] [1786750374.310152339] [landing_scout_1]: [scout_1] Landing controller state: LANDED
[INFO] [1786750379.310292005] [landing_scout_1]: [scout_1] Landing controller state: LANDED
[INFO] [1786750384.309750100] [landing_scout_1]: [scout_1] Landing controller state: LANDED
[INFO] [1786750389.310579686] [landing_scout_1]: [scout_1] Landing controller state: LANDED
[INFO] [1786750394.310624212] [landing_scout_1]: [scout_1] Landing controller state: LANDED
[INFO] [1786750399.310334528] [landing_scout_1]: [scout_1] Landing controller state: LANDED
[INFO] [1786750404.309831332] [landing_scout_1]: [scout_1] Landing controller state: LANDED
[INFO] [1786750409.310430064] [landing_scout_1]: [scout_1] Landing controller state: LANDED
[INFO] [1786750414.310461546] [landing_scout_1]: [scout_1] Landing controller state: LANDED
[INFO] [1786750419.309788193] [landing_scout_1]: [scout_1] Landing controller state: LANDED
[INFO] [1786750424.310528087] [landing_scout_1]: [scout_1] Landing controller state: LANDED
[INFO] [1786750429.310923416] [landing_scout_1]: [scout_1] Landing controller state: LANDED
