[INFO] [1786768662.662920452] [landing_scout_1]: [scout_1] Landing Controller: ONLINE
[INFO] [1786768667.699823433] [landing_scout_1]: [scout_1] Landing controller state: IDLE
[INFO] [1786768672.699713749] [landing_scout_1]: [scout_1] Landing controller state: IDLE
[INFO] [1786768677.700216633] [landing_scout_1]: [scout_1] Landing controller state: IDLE
[INFO] [1786768682.699672988] [landing_scout_1]: [scout_1] Landing controller state: IDLE
[INFO] [1786768687.699652236] [landing_scout_1]: [scout_1] Landing controller state: IDLE
[INFO] [1786768692.699629584] [landing_scout_1]: [scout_1] Landing controller state: IDLE
[INFO] [1786768697.700215452] [landing_scout_1]: [scout_1] Landing controller state: IDLE
[INFO] [1786768702.699573834] [landing_scout_1]: [scout_1] Landing controller state: IDLE
[INFO] [1786768707.700195787] [landing_scout_1]: [scout_1] Landing controller state: IDLE
[INFO] [1786768712.700265208] [landing_scout_1]: [scout_1] Landing controller state: IDLE
[INFO] [1786768717.699658968] [landing_scout_1]: [scout_1] Landing controller state: IDLE
[INFO] [1786768722.700096717] [landing_scout_1]: [scout_1] Landing controller state: IDLE
[INFO] [1786768727.699681478] [landing_scout_1]: [scout_1] Landing controller state: IDLE
[INFO] [1786768732.699678926] [landing_scout_1]: [scout_1] Landing controller state: IDLE
[INFO] [1786768737.700075795] [landing_scout_1]: [scout_1] Landing controller state: IDLE
[INFO] [1786768742.700130152] [landing_scout_1]: [scout_1] Landing controller state: IDLE
[INFO] [1786768747.699893402] [landing_scout_1]: [scout_1] Landing controller state: IDLE
[INFO] [1786768752.699738083] [landing_scout_1]: [scout_1] Landing controller state: IDLE
[INFO] [1786768757.699696952] [landing_scout_1]: [scout_1] Landing controller state: IDLE
[INFO] [1786768762.699641360] [landing_scout_1]: [scout_1] Landing controller state: IDLE
[INFO] [1786768767.699989942] [landing_scout_1]: [scout_1] Landing controller state: IDLE
[INFO] [1786768772.700523253] [landing_scout_1]: [scout_1] Landing controller state: IDLE
[INFO] [1786768777.700045251] [landing_scout_1]: [scout_1] Landing controller state: IDLE
[INFO] [1786768782.700110969] [landing_scout_1]: [scout_1] Landing controller state: IDLE
[INFO] [1786768783.729976675] [landing_scout_1]: [scout_1] 🎯 Resting while IDLE (altitude static) — confirming ground contact
[WARN] [1786768785.729083187] [landing_scout_1]: [scout_1] ⚠️ Settled badly tilted/inverted — initiating RW righting roll
[INFO] [1786768785.739552086] [landing_scout_1]: [scout_1] 🔄 RW righting attempt 1/5: proportional roll, u_z=-1.00
[INFO] [1786768787.699674453] [landing_scout_1]: [scout_1] Landing controller state: RIGHTING
[INFO] [1786768787.732948653] [landing_scout_1]: [scout_1] 📐 RIGHTTRACE attempt=1 u_z=-0.8921 w=56 omega=1.152 omega_roll=0.367 dir=(-0.96,0.28)
[INFO] [1786768789.734892266] [landing_scout_1]: [scout_1] 📐 RIGHTTRACE attempt=1 u_z=0.3378 w=81 omega=1.301 omega_roll=-1.264 dir=(-0.45,0.89)
[INFO] [1786768791.034363054] [landing_scout_1]: [scout_1] 🎯 HOLD-START attempt=1 u_z=0.9321 omega=0.121 start_speed=83
[INFO] [1786768791.054606760] [landing_scout_1]: [scout_1] 🎯 HOLD-LOST attempt=1 held_ticks=2 u_z=0.9321 omega=0.161
[INFO] [1786768791.735480094] [landing_scout_1]: [scout_1] 📐 RIGHTTRACE attempt=1 u_z=0.1163 w=81 omega=3.199 omega_roll=3.114 dir=(0.14,-0.99)
[INFO] [1786768792.700047966] [landing_scout_1]: [scout_1] Landing controller state: RIGHTING
[INFO] [1786768793.737984097] [landing_scout_1]: [scout_1] 📐 RIGHTTRACE attempt=1 u_z=0.5644 w=103 omega=1.216 omega_roll=-1.079 dir=(-0.85,-0.53)
[INFO] [1786768795.740114504] [landing_scout_1]: [scout_1] 📐 RIGHTTRACE attempt=1 u_z=0.0462 w=115 omega=1.524 omega_roll=-0.908 dir=(0.40,0.92)
[INFO] [1786768797.700247503] [landing_scout_1]: [scout_1] Landing controller state: RIGHTING
[INFO] [1786768797.740680788] [landing_scout_1]: [scout_1] 📐 RIGHTTRACE attempt=1 u_z=0.3625 w=139 omega=2.302 omega_roll=-0.472 dir=(-0.54,-0.84)
[INFO] [1786768799.740438780] [landing_scout_1]: [scout_1] 📐 RIGHTTRACE attempt=1 u_z=-0.4265 w=154 omega=2.595 omega_roll=-0.452 dir=(0.88,-0.48)
[INFO] [1786768801.243489275] [landing_scout_1]: [scout_1] 🎯 Near-upright at timeout (u_z=0.88) -- extension 1/3, giving this attempt more time to hold instead of discarding progress into a fresh attempt.
[INFO] [1786768802.700642252] [landing_scout_1]: [scout_1] Landing controller state: RIGHTING
[INFO] [1786768803.232263196] [landing_scout_1]: [scout_1] 📐 RIGHTTRACE attempt=1 u_z=0.1459 w=21 omega=2.494 omega_roll=-1.372 dir=(0.74,0.67)
[INFO] [1786768805.234844312] [landing_scout_1]: [scout_1] 📐 RIGHTTRACE attempt=1 u_z=0.6683 w=23 omega=2.373 omega_roll=-1.800 dir=(-0.12,-0.99)
[INFO] [1786768807.238639201] [landing_scout_1]: [scout_1] 📐 RIGHTTRACE attempt=1 u_z=0.6799 w=40 omega=2.481 omega_roll=-0.490 dir=(0.96,0.27)
[INFO] [1786768807.699591832] [landing_scout_1]: [scout_1] Landing controller state: RIGHTING
[INFO] [1786768809.240683630] [landing_scout_1]: [scout_1] 📐 RIGHTTRACE attempt=1 u_z=0.6815 w=56 omega=2.121 omega_roll=0.198 dir=(0.19,-0.98)
[INFO] [1786768811.244173289] [landing_scout_1]: [scout_1] 📐 RIGHTTRACE attempt=1 u_z=-0.3310 w=82 omega=1.909 omega_roll=-0.543 dir=(0.04,-1.00)
[INFO] [1786768812.699594494] [landing_scout_1]: [scout_1] Landing controller state: RIGHTING
[INFO] [1786768813.250654479] [landing_scout_1]: [scout_1] 📐 RIGHTTRACE attempt=1 u_z=0.4785 w=106 omega=1.202 omega_roll=-1.056 dir=(-0.68,-0.73)
[INFO] [1786768815.253761243] [landing_scout_1]: [scout_1] 📐 RIGHTTRACE attempt=1 u_z=0.3037 w=117 omega=1.855 omega_roll=-0.763 dir=(0.36,0.93)
[WARN] [1786768816.755839755] [landing_scout_1]: [scout_1] Still inverted (u_z=0.02), retrying with alternate roll axis/sign (attempt 2/5)
[INFO] [1786768816.765233924] [landing_scout_1]: [scout_1] 🔄 RW righting attempt 2/5: proportional roll, u_z=0.03
[INFO] [1786768817.699946160] [landing_scout_1]: [scout_1] Landing controller state: RIGHTING
[INFO] [1786768818.778674213] [landing_scout_1]: [scout_1] 📐 RIGHTTRACE attempt=2 u_z=0.5127 w=18 omega=2.383 omega_roll=-0.765 dir=(-0.71,-0.71)
[INFO] [1786768820.779559763] [landing_scout_1]: [scout_1] 📐 RIGHTTRACE attempt=2 u_z=-0.4454 w=51 omega=1.902 omega_roll=-1.648 dir=(0.92,0.40)
[INFO] [1786768822.701140335] [landing_scout_1]: [scout_1] Landing controller state: RIGHTING
[INFO] [1786768822.781850243] [landing_scout_1]: [scout_1] 📐 RIGHTTRACE attempt=2 u_z=0.5335 w=80 omega=1.034 omega_roll=-0.421 dir=(-0.45,-0.89)
[INFO] [1786768824.783235422] [landing_scout_1]: [scout_1] 📐 RIGHTTRACE attempt=2 u_z=0.7662 w=101 omega=1.499 omega_roll=-0.495 dir=(-0.96,0.29)
[INFO] [1786768826.784090909] [landing_scout_1]: [scout_1] 📐 RIGHTTRACE attempt=2 u_z=-0.0475 w=118 omega=1.484 omega_roll=-0.949 dir=(0.72,0.69)
[INFO] [1786768827.700217326] [landing_scout_1]: [scout_1] Landing controller state: RIGHTING
[INFO] [1786768828.783089356] [landing_scout_1]: [scout_1] 📐 RIGHTTRACE attempt=2 u_z=0.6357 w=141 omega=2.221 omega_roll=-0.620 dir=(-0.82,-0.58)
[INFO] [1786768830.783117893] [landing_scout_1]: [scout_1] 📐 RIGHTTRACE attempt=2 u_z=-0.3240 w=156 omega=2.398 omega_roll=-0.707 dir=(0.62,-0.78)
[INFO] [1786768832.283604786] [landing_scout_1]: [scout_1] 🎯 Near-upright at timeout (u_z=0.85) -- extension 1/3, giving this attempt more time to hold instead of discarding progress into a fresh attempt.
[INFO] [1786768832.699613919] [landing_scout_1]: [scout_1] Landing controller state: RIGHTING
[INFO] [1786768834.274522136] [landing_scout_1]: [scout_1] 📐 RIGHTTRACE attempt=2 u_z=0.1263 w=19 omega=2.471 omega_roll=-1.583 dir=(0.67,0.75)
[INFO] [1786768836.274866541] [landing_scout_1]: [scout_1] 📐 RIGHTTRACE attempt=2 u_z=0.3922 w=26 omega=2.275 omega_roll=-1.976 dir=(0.02,-1.00)
[INFO] [1786768837.700241624] [landing_scout_1]: [scout_1] Landing controller state: RIGHTING
[INFO] [1786768838.275176224] [landing_scout_1]: [scout_1] 📐 RIGHTTRACE attempt=2 u_z=0.8300 w=44 omega=2.374 omega_roll=-0.178 dir=(0.67,0.74)
[INFO] [1786768840.276870934] [landing_scout_1]: [scout_1] 📐 RIGHTTRACE attempt=2 u_z=0.4429 w=60 omega=2.583 omega_roll=0.401 dir=(0.71,-0.70)
[INFO] [1786768842.278160550] [landing_scout_1]: [scout_1] 📐 RIGHTTRACE attempt=2 u_z=-0.5225 w=86 omega=1.966 omega_roll=-0.717 dir=(0.55,-0.84)
[INFO] [1786768842.700032908] [landing_scout_1]: [scout_1] Landing controller state: RIGHTING
[INFO] [1786768844.281217997] [landing_scout_1]: [scout_1] 📐 RIGHTTRACE attempt=2 u_z=0.3387 w=111 omega=1.306 omega_roll=-1.142 dir=(-0.33,-0.94)
[INFO] [1786768846.283197492] [landing_scout_1]: [scout_1] 📐 RIGHTTRACE attempt=2 u_z=0.4702 w=122 omega=2.184 omega_roll=-0.492 dir=(0.25,0.97)
[INFO] [1786768847.700321476] [landing_scout_1]: [scout_1] Landing controller state: RIGHTING
[WARN] [1786768847.782717085] [landing_scout_1]: [scout_1] Still inverted (u_z=-0.08), retrying with alternate roll axis/sign (attempt 3/5)
[INFO] [1786768847.792230124] [landing_scout_1]: [scout_1] 🔄 RW righting attempt 3/5: proportional roll, u_z=-0.08
[INFO] [1786768849.783452259] [landing_scout_1]: [scout_1] 📐 RIGHTTRACE attempt=3 u_z=0.2983 w=20 omega=2.520 omega_roll=-0.962 dir=(-0.50,-0.87)
[INFO] [1786768851.783901768] [landing_scout_1]: [scout_1] 📐 RIGHTTRACE attempt=3 u_z=-0.3854 w=54 omega=1.903 omega_roll=-1.680 dir=(0.67,0.74)
[INFO] [1786768852.700721939] [landing_scout_1]: [scout_1] Landing controller state: RIGHTING
[INFO] [1786768853.783799167] [landing_scout_1]: [scout_1] 📐 RIGHTTRACE attempt=3 u_z=0.2946 w=87 omega=0.972 omega_roll=-0.473 dir=(-0.13,-0.99)
[INFO] [1786768855.785664355] [landing_scout_1]: [scout_1] 📐 RIGHTTRACE attempt=3 u_z=0.6684 w=107 omega=1.454 omega_roll=-0.391 dir=(-1.00,0.09)
[INFO] [1786768857.699777044] [landing_scout_1]: [scout_1] Landing controller state: RIGHTING
[INFO] [1786768857.790113547] [landing_scout_1]: [scout_1] 📐 RIGHTTRACE attempt=3 u_z=-0.1400 w=123 omega=1.649 omega_roll=-0.945 dir=(0.76,0.65)
[INFO] [1786768859.791050585] [landing_scout_1]: [scout_1] 📐 RIGHTTRACE attempt=3 u_z=0.6146 w=145 omega=2.181 omega_roll=-0.550 dir=(-0.92,-0.39)
[INFO] [1786768861.792952830] [landing_scout_1]: [scout_1] 📐 RIGHTTRACE attempt=3 u_z=-0.1155 w=160 omega=2.428 omega_roll=-0.754 dir=(0.47,-0.88)
[INFO] [1786768862.699615996] [landing_scout_1]: [scout_1] Landing controller state: RIGHTING
[INFO] [1786768863.293124272] [landing_scout_1]: [scout_1] 🎯 Near-upright at timeout (u_z=0.85) -- extension 1/3, giving this attempt more time to hold instead of discarding progress into a fresh attempt.
[INFO] [1786768865.285088612] [landing_scout_1]: [scout_1] 📐 RIGHTTRACE attempt=3 u_z=0.1508 w=17 omega=2.535 omega_roll=-1.281 dir=(0.75,0.67)
[INFO] [1786768867.305461594] [landing_scout_1]: [scout_1] 📐 RIGHTTRACE attempt=3 u_z=0.4946 w=23 omega=2.493 omega_roll=-1.983 dir=(0.06,-1.00)
[INFO] [1786768867.700198217] [landing_scout_1]: [scout_1] Landing controller state: RIGHTING
[INFO] [1786768869.306483934] [landing_scout_1]: [scout_1] 📐 RIGHTTRACE attempt=3 u_z=0.6111 w=44 omega=2.476 omega_roll=-0.767 dir=(0.82,0.57)
[INFO] [1786768871.307787169] [landing_scout_1]: [scout_1] 📐 RIGHTTRACE attempt=3 u_z=0.4920 w=67 omega=1.790 omega_roll=-0.388 dir=(0.24,-0.97)
[INFO] [1786768872.700350501] [landing_scout_1]: [scout_1] Landing controller state: RIGHTING
[INFO] [1786768873.307601083] [landing_scout_1]: [scout_1] 📐 RIGHTTRACE attempt=3 u_z=0.2793 w=93 omega=1.709 omega_roll=-0.599 dir=(0.30,-0.95)
[INFO] [1786768875.308500543] [landing_scout_1]: [scout_1] 📐 RIGHTTRACE attempt=3 u_z=0.6968 w=113 omega=1.566 omega_roll=-0.565 dir=(-0.99,-0.11)
[INFO] [1786768877.326221158] [landing_scout_1]: [scout_1] 📐 RIGHTTRACE attempt=3 u_z=-0.2122 w=129 omega=1.736 omega_roll=-0.966 dir=(0.83,0.56)
[INFO] [1786768877.699615036] [landing_scout_1]: [scout_1] Landing controller state: RIGHTING
[WARN] [1786768878.829193698] [landing_scout_1]: [scout_1] Still inverted (u_z=0.27), retrying with alternate roll axis/sign (attempt 4/5)
[INFO] [1786768878.838646812] [landing_scout_1]: [scout_1] 🔄 RW righting attempt 4/5: proportional roll, u_z=0.27
[INFO] [1786768880.829067153] [landing_scout_1]: [scout_1] 📐 RIGHTTRACE attempt=4 u_z=0.5525 w=35 omega=2.841 omega_roll=0.368 dir=(-1.00,-0.10)
[INFO] [1786768882.700535047] [landing_scout_1]: [scout_1] Landing controller state: RIGHTING
[INFO] [1786768882.829894501] [landing_scout_1]: [scout_1] 📐 RIGHTTRACE attempt=4 u_z=-0.9147 w=68 omega=2.414 omega_roll=-0.813 dir=(0.19,-0.98)
[INFO] [1786768884.829841970] [landing_scout_1]: [scout_1] 📐 RIGHTTRACE attempt=4 u_z=-0.4267 w=100 omega=0.801 omega_roll=-0.561 dir=(0.58,-0.82)
[INFO] [1786768886.830726011] [landing_scout_1]: [scout_1] 📐 RIGHTTRACE attempt=4 u_z=0.6093 w=123 omega=1.463 omega_roll=-0.900 dir=(-0.94,-0.34)
[INFO] [1786768887.699774742] [landing_scout_1]: [scout_1] Landing controller state: RIGHTING
[INFO] [1786768888.833785481] [landing_scout_1]: [scout_1] 📐 RIGHTTRACE attempt=4 u_z=-0.3712 w=137 omega=1.807 omega_roll=-1.043 dir=(0.94,0.34)
[INFO] [1786768890.832630118] [landing_scout_1]: [scout_1] 📐 RIGHTTRACE attempt=4 u_z=0.7782 w=155 omega=2.817 omega_roll=0.265 dir=(-0.62,0.79)
[INFO] [1786768892.700051743] [landing_scout_1]: [scout_1] Landing controller state: RIGHTING
[INFO] [1786768892.834875841] [landing_scout_1]: [scout_1] 📐 RIGHTTRACE attempt=4 u_z=0.6660 w=160 omega=3.256 omega_roll=-0.117 dir=(-0.54,-0.84)
[WARN] [1786768894.336251042] [landing_scout_1]: [scout_1] Still inverted (u_z=0.65), retrying with alternate roll axis/sign (attempt 5/5)
[INFO] [1786768894.345600230] [landing_scout_1]: [scout_1] 🔄 RW righting attempt 5/5: proportional roll, u_z=0.65
[INFO] [1786768896.335346456] [landing_scout_1]: [scout_1] 📐 RIGHTTRACE attempt=5 u_z=0.5793 w=2 omega=2.627 omega_roll=1.097 dir=(0.73,-0.68)
[INFO] [1786768897.700047435] [landing_scout_1]: [scout_1] Landing controller state: RIGHTING
[INFO] [1786768898.335237432] [landing_scout_1]: [scout_1] 📐 RIGHTTRACE attempt=5 u_z=0.8993 w=18 omega=2.687 omega_roll=0.677 dir=(-0.96,-0.29)
[INFO] [1786768900.335647884] [landing_scout_1]: [scout_1] 📐 RIGHTTRACE attempt=5 u_z=-0.2150 w=37 omega=2.795 omega_roll=-2.094 dir=(0.62,0.78)
[INFO] [1786768902.336171680] [landing_scout_1]: [scout_1] 📐 RIGHTTRACE attempt=5 u_z=-0.0088 w=50 omega=2.143 omega_roll=-1.637 dir=(-0.30,-0.95)
[INFO] [1786768902.700030988] [landing_scout_1]: [scout_1] Landing controller state: RIGHTING
[INFO] [1786768904.335529456] [landing_scout_1]: [scout_1] 📐 RIGHTTRACE attempt=5 u_z=0.6290 w=74 omega=2.610 omega_roll=-0.695 dir=(-0.61,0.79)
[INFO] [1786768906.335743276] [landing_scout_1]: [scout_1] 📐 RIGHTTRACE attempt=5 u_z=-0.7112 w=85 omega=3.579 omega_roll=-1.925 dir=(-0.97,-0.23)
[INFO] [1786768907.699538094] [landing_scout_1]: [scout_1] Landing controller state: RIGHTING
[INFO] [1786768908.336731774] [landing_scout_1]: [scout_1] 📐 RIGHTTRACE attempt=5 u_z=0.7810 w=108 omega=3.159 omega_roll=-0.055 dir=(0.03,-1.00)
[ERROR] [1786768909.838913669] [landing_scout_1]: [scout_1] ❌ Self-righting failed after 5 attempts — giving up, marking LANDED anyway so downstream logic (e.g. SAMPLER dispatch) does not hang forever. Robot may still be physically inverted.
[INFO] [1786768912.700267799] [landing_scout_1]: [scout_1] Landing controller state: LANDED
[INFO] [1786768917.700151385] [landing_scout_1]: [scout_1] Landing controller state: LANDED
[INFO] [1786768922.699657072] [landing_scout_1]: [scout_1] Landing controller state: LANDED
[INFO] [1786768927.700018270] [landing_scout_1]: [scout_1] Landing controller state: LANDED
[INFO] [1786768932.700117788] [landing_scout_1]: [scout_1] Landing controller state: LANDED
[INFO] [1786768937.700473224] [landing_scout_1]: [scout_1] Landing controller state: LANDED
[INFO] [1786768942.699749970] [landing_scout_1]: [scout_1] Landing controller state: LANDED
[INFO] [1786768947.700231998] [landing_scout_1]: [scout_1] Landing controller state: LANDED
[INFO] [1786768952.699592662] [landing_scout_1]: [scout_1] Landing controller state: LANDED
[INFO] [1786768957.699595683] [landing_scout_1]: [scout_1] Landing controller state: LANDED
[INFO] [1786768962.699884447] [landing_scout_1]: [scout_1] Landing controller state: LANDED
[INFO] [1786768967.700088235] [landing_scout_1]: [scout_1] Landing controller state: LANDED
[INFO] [1786768972.700309994] [landing_scout_1]: [scout_1] Landing controller state: LANDED
[INFO] [1786768977.700406338] [landing_scout_1]: [scout_1] Landing controller state: LANDED
[INFO] [1786768982.700049360] [landing_scout_1]: [scout_1] Landing controller state: LANDED
[INFO] [1786768987.700411149] [landing_scout_1]: [scout_1] Landing controller state: LANDED
[INFO] [1786768992.699619451] [landing_scout_1]: [scout_1] Landing controller state: LANDED
[INFO] [1786768997.699590171] [landing_scout_1]: [scout_1] Landing controller state: LANDED
[INFO] [1786769002.699545691] [landing_scout_1]: [scout_1] Landing controller state: LANDED
[INFO] [1786769007.699713833] [landing_scout_1]: [scout_1] Landing controller state: LANDED
[INFO] [1786769012.699464276] [landing_scout_1]: [scout_1] Landing controller state: LANDED
[INFO] [1786769017.700293663] [landing_scout_1]: [scout_1] Landing controller state: LANDED
[INFO] [1786769022.700974103] [landing_scout_1]: [scout_1] Landing controller state: LANDED
[INFO] [1786769027.700574533] [landing_scout_1]: [scout_1] Landing controller state: LANDED
