[INFO] [1786740996.420334314] [landing_scout_1]: [scout_1] Landing Controller: ONLINE
[INFO] [1786741001.457827906] [landing_scout_1]: [scout_1] Landing controller state: IDLE
[INFO] [1786741006.457158188] [landing_scout_1]: [scout_1] Landing controller state: IDLE
[INFO] [1786741011.457604723] [landing_scout_1]: [scout_1] Landing controller state: IDLE
[INFO] [1786741016.458020435] [landing_scout_1]: [scout_1] Landing controller state: IDLE
[INFO] [1786741021.457776541] [landing_scout_1]: [scout_1] Landing controller state: IDLE
[INFO] [1786741026.457657429] [landing_scout_1]: [scout_1] Landing controller state: IDLE
[INFO] [1786741031.457634254] [landing_scout_1]: [scout_1] Landing controller state: IDLE
[INFO] [1786741036.457048199] [landing_scout_1]: [scout_1] Landing controller state: IDLE
[INFO] [1786741041.457661083] [landing_scout_1]: [scout_1] Landing controller state: IDLE
[INFO] [1786741046.457219543] [landing_scout_1]: [scout_1] Landing controller state: IDLE
[INFO] [1786741051.457117332] [landing_scout_1]: [scout_1] Landing controller state: IDLE
[INFO] [1786741056.457170835] [landing_scout_1]: [scout_1] Landing controller state: IDLE
[INFO] [1786741061.457742250] [landing_scout_1]: [scout_1] Landing controller state: IDLE
[INFO] [1786741066.457873282] [landing_scout_1]: [scout_1] Landing controller state: IDLE
[INFO] [1786741071.458022647] [landing_scout_1]: [scout_1] Landing controller state: IDLE
[INFO] [1786741076.457112622] [landing_scout_1]: [scout_1] Landing controller state: IDLE
[INFO] [1786741081.457148772] [landing_scout_1]: [scout_1] Landing controller state: IDLE
[INFO] [1786741086.457208561] [landing_scout_1]: [scout_1] Landing controller state: IDLE
[INFO] [1786741091.458099982] [landing_scout_1]: [scout_1] Landing controller state: IDLE
[INFO] [1786741096.457784505] [landing_scout_1]: [scout_1] Landing controller state: IDLE
[INFO] [1786741101.457666498] [landing_scout_1]: [scout_1] Landing controller state: IDLE
[INFO] [1786741106.457172494] [landing_scout_1]: [scout_1] Landing controller state: IDLE
[INFO] [1786741111.457136467] [landing_scout_1]: [scout_1] Landing controller state: IDLE
[INFO] [1786741116.457333877] [landing_scout_1]: [scout_1] Landing controller state: IDLE
[INFO] [1786741121.457637192] [landing_scout_1]: [scout_1] Landing controller state: IDLE
[INFO] [1786741126.457174720] [landing_scout_1]: [scout_1] Landing controller state: IDLE
[INFO] [1786741131.457867938] [landing_scout_1]: [scout_1] Landing controller state: IDLE
[INFO] [1786741136.457696053] [landing_scout_1]: [scout_1] Landing controller state: IDLE
[INFO] [1786741141.457583276] [landing_scout_1]: [scout_1] Landing controller state: IDLE
[INFO] [1786741146.457792140] [landing_scout_1]: [scout_1] Landing controller state: IDLE
[INFO] [1786741151.458568345] [landing_scout_1]: [scout_1] Landing controller state: IDLE
[INFO] [1786741156.457353670] [landing_scout_1]: [scout_1] Landing controller state: IDLE
[INFO] [1786741161.457131321] [landing_scout_1]: [scout_1] Landing controller state: IDLE
[INFO] [1786741166.457629263] [landing_scout_1]: [scout_1] Landing controller state: IDLE
[INFO] [1786741171.457586580] [landing_scout_1]: [scout_1] Landing controller state: IDLE
[INFO] [1786741176.457315252] [landing_scout_1]: [scout_1] Landing controller state: IDLE
[INFO] [1786741181.457626346] [landing_scout_1]: [scout_1] Landing controller state: IDLE
[INFO] [1786741186.457085808] [landing_scout_1]: [scout_1] Landing controller state: IDLE
[INFO] [1786741191.457641794] [landing_scout_1]: [scout_1] Landing controller state: IDLE
[INFO] [1786741196.458037925] [landing_scout_1]: [scout_1] Landing controller state: IDLE
[INFO] [1786741201.457673076] [landing_scout_1]: [scout_1] Landing controller state: IDLE
[INFO] [1786741206.457256834] [landing_scout_1]: [scout_1] Landing controller state: IDLE
[INFO] [1786741211.457637005] [landing_scout_1]: [scout_1] Landing controller state: IDLE
[INFO] [1786741216.457584726] [landing_scout_1]: [scout_1] Landing controller state: IDLE
[INFO] [1786741221.457347726] [landing_scout_1]: [scout_1] Landing controller state: IDLE
[INFO] [1786741226.457549757] [landing_scout_1]: [scout_1] Landing controller state: IDLE
[INFO] [1786741231.457138028] [landing_scout_1]: [scout_1] Landing controller state: IDLE
[INFO] [1786741236.457529831] [landing_scout_1]: [scout_1] Landing controller state: IDLE
[INFO] [1786741241.457124749] [landing_scout_1]: [scout_1] Landing controller state: IDLE
[INFO] [1786741246.457179578] [landing_scout_1]: [scout_1] Landing controller state: IDLE
[INFO] [1786741251.457589765] [landing_scout_1]: [scout_1] Landing controller state: IDLE
[INFO] [1786741256.457487947] [landing_scout_1]: [scout_1] Landing controller state: IDLE
[INFO] [1786741261.458095860] [landing_scout_1]: [scout_1] Landing controller state: IDLE
[INFO] [1786741266.459143986] [landing_scout_1]: [scout_1] Landing controller state: IDLE
[INFO] [1786741271.457094715] [landing_scout_1]: [scout_1] Landing controller state: IDLE
[INFO] [1786741275.771897671] [landing_scout_1]: [scout_1] 🎯 Resting while IDLE (altitude static) — confirming ground contact
[INFO] [1786741276.457687896] [landing_scout_1]: [scout_1] Landing controller state: CONTACT
[WARN] [1786741277.771688882] [landing_scout_1]: [scout_1] ⚠️ Settled badly tilted/inverted — initiating RW righting roll
[INFO] [1786741277.781479607] [landing_scout_1]: [scout_1] 🔄 RW righting attempt 1/5: proportional roll, u_z=-1.00
[INFO] [1786741279.772579408] [landing_scout_1]: [scout_1] 📐 RIGHTTRACE attempt=1 u_z=-0.9014 w=72 omega=0.343 omega_roll=-0.329 dir=(-0.93,-0.38)
[INFO] [1786741281.457846942] [landing_scout_1]: [scout_1] Landing controller state: RIGHTING
[INFO] [1786741281.774298824] [landing_scout_1]: [scout_1] 📐 RIGHTTRACE attempt=1 u_z=0.0256 w=108 omega=0.938 omega_roll=-0.916 dir=(-0.92,-0.39)
[INFO] [1786741283.778169648] [landing_scout_1]: [scout_1] 📐 RIGHTTRACE attempt=1 u_z=0.5067 w=117 omega=1.385 omega_roll=1.155 dir=(-0.19,-0.98)
[INFO] [1786741285.797806914] [landing_scout_1]: [scout_1] 📐 RIGHTTRACE attempt=1 u_z=0.5713 w=136 omega=1.561 omega_roll=-1.355 dir=(0.25,0.97)
[INFO] [1786741286.457697219] [landing_scout_1]: [scout_1] Landing controller state: RIGHTING
[INFO] [1786741287.798506538] [landing_scout_1]: [scout_1] 📐 RIGHTTRACE attempt=1 u_z=0.1676 w=148 omega=2.780 omega_roll=-1.578 dir=(0.43,0.90)
[INFO] [1786741289.801015346] [landing_scout_1]: [scout_1] 📐 RIGHTTRACE attempt=1 u_z=-0.4396 w=160 omega=4.733 omega_roll=1.402 dir=(0.67,0.74)
[INFO] [1786741291.457116851] [landing_scout_1]: [scout_1] Landing controller state: RIGHTING
[INFO] [1786741291.802119654] [landing_scout_1]: [scout_1] 📐 RIGHTTRACE attempt=1 u_z=-0.5975 w=160 omega=4.933 omega_roll=2.621 dir=(0.46,0.89)
[WARN] [1786741293.321870022] [landing_scout_1]: [scout_1] Still inverted (u_z=-0.07), retrying with alternate roll axis/sign (attempt 2/5)
[INFO] [1786741293.332349804] [landing_scout_1]: [scout_1] 🔄 RW righting attempt 2/5: proportional roll, u_z=-0.18
[INFO] [1786741295.321815609] [landing_scout_1]: [scout_1] 📐 RIGHTTRACE attempt=2 u_z=0.8051 w=20 omega=2.817 omega_roll=1.999 dir=(0.92,0.40)
[INFO] [1786741296.457069791] [landing_scout_1]: [scout_1] Landing controller state: RIGHTING
[INFO] [1786741297.324159772] [landing_scout_1]: [scout_1] 📐 RIGHTTRACE attempt=2 u_z=-0.1486 w=43 omega=3.349 omega_roll=-1.602 dir=(0.24,-0.97)
[INFO] [1786741299.324840043] [landing_scout_1]: [scout_1] 📐 RIGHTTRACE attempt=2 u_z=-0.7661 w=63 omega=1.297 omega_roll=0.785 dir=(0.33,0.94)
[INFO] [1786741301.327305542] [landing_scout_1]: [scout_1] 📐 RIGHTTRACE attempt=2 u_z=0.6325 w=91 omega=4.137 omega_roll=-3.964 dir=(0.51,-0.86)
[INFO] [1786741301.457045426] [landing_scout_1]: [scout_1] Landing controller state: RIGHTING
[INFO] [1786741303.329689686] [landing_scout_1]: [scout_1] 📐 RIGHTTRACE attempt=2 u_z=0.0484 w=116 omega=1.509 omega_roll=-0.408 dir=(0.22,0.98)
[INFO] [1786741306.457146634] [landing_scout_1]: [scout_1] Landing controller state: RIGHTING
[INFO] [1786741307.333064250] [landing_scout_1]: [scout_1] 📐 RIGHTTRACE attempt=2 u_z=0.3269 w=144 omega=4.398 omega_roll=-1.316 dir=(-0.60,-0.80)
[WARN] [1786741308.834093047] [landing_scout_1]: [scout_1] Still inverted (u_z=0.37), retrying with alternate roll axis/sign (attempt 3/5)
[INFO] [1786741308.845031339] [landing_scout_1]: [scout_1] 🔄 RW righting attempt 3/5: proportional roll, u_z=0.26
[INFO] [1786741310.838328589] [landing_scout_1]: [scout_1] 📐 RIGHTTRACE attempt=3 u_z=0.8767 w=21 omega=2.944 omega_roll=0.626 dir=(0.99,-0.14)
[INFO] [1786741311.457586637] [landing_scout_1]: [scout_1] Landing controller state: RIGHTING
[INFO] [1786741312.841479503] [landing_scout_1]: [scout_1] 📐 RIGHTTRACE attempt=3 u_z=-0.8644 w=50 omega=2.029 omega_roll=-0.833 dir=(0.13,-0.99)
[INFO] [1786741314.845113241] [landing_scout_1]: [scout_1] 📐 RIGHTTRACE attempt=3 u_z=-0.4296 w=70 omega=1.106 omega_roll=0.636 dir=(0.26,0.97)
[INFO] [1786741316.457525245] [landing_scout_1]: [scout_1] Landing controller state: RIGHTING
[INFO] [1786741316.845556702] [landing_scout_1]: [scout_1] 📐 RIGHTTRACE attempt=3 u_z=-0.4178 w=119 omega=0.971 omega_roll=-0.653 dir=(-0.01,1.00)
[INFO] [1786741320.846253824] [landing_scout_1]: [scout_1] 📐 RIGHTTRACE attempt=3 u_z=0.5846 w=153 omega=3.153 omega_roll=-0.261 dir=(-0.08,1.00)
[INFO] [1786741321.457634400] [landing_scout_1]: [scout_1] Landing controller state: RIGHTING
[INFO] [1786741322.845139781] [landing_scout_1]: [scout_1] 📐 RIGHTTRACE attempt=3 u_z=0.2196 w=160 omega=3.681 omega_roll=-0.258 dir=(0.05,1.00)
[WARN] [1786741324.347347423] [landing_scout_1]: [scout_1] Still inverted (u_z=-0.02), retrying with alternate roll axis/sign (attempt 4/5)
[INFO] [1786741324.356601697] [landing_scout_1]: [scout_1] 🔄 RW righting attempt 4/5: proportional roll, u_z=-0.13
[INFO] [1786741326.349413140] [landing_scout_1]: [scout_1] 📐 RIGHTTRACE attempt=4 u_z=0.7466 w=20 omega=2.905 omega_roll=2.340 dir=(0.84,0.55)
[INFO] [1786741326.457691237] [landing_scout_1]: [scout_1] Landing controller state: RIGHTING
[INFO] [1786741328.350708026] [landing_scout_1]: [scout_1] 📐 RIGHTTRACE attempt=4 u_z=0.3754 w=43 omega=3.541 omega_roll=-2.805 dir=(0.19,-0.98)
[INFO] [1786741330.350792082] [landing_scout_1]: [scout_1] 📐 RIGHTTRACE attempt=4 u_z=-0.9292 w=63 omega=1.368 omega_roll=0.886 dir=(0.26,0.96)
[INFO] [1786741331.457262670] [landing_scout_1]: [scout_1] Landing controller state: RIGHTING
[INFO] [1786741332.350438870] [landing_scout_1]: [scout_1] 📐 RIGHTTRACE attempt=4 u_z=0.2102 w=85 omega=3.310 omega_roll=2.207 dir=(-0.08,1.00)
[INFO] [1786741334.350342894] [landing_scout_1]: [scout_1] 📐 RIGHTTRACE attempt=4 u_z=0.1012 w=126 omega=1.795 omega_roll=-0.299 dir=(0.65,0.76)
[INFO] [1786741336.350586147] [landing_scout_1]: [scout_1] 📐 RIGHTTRACE attempt=4 u_z=0.2399 w=139 omega=3.716 omega_roll=1.040 dir=(0.98,0.21)
[INFO] [1786741336.457617438] [landing_scout_1]: [scout_1] Landing controller state: RIGHTING
[INFO] [1786741338.351714303] [landing_scout_1]: [scout_1] 📐 RIGHTTRACE attempt=4 u_z=0.2413 w=158 omega=3.799 omega_roll=0.703 dir=(0.96,0.29)
[WARN] [1786741339.851914200] [landing_scout_1]: [scout_1] Still inverted (u_z=-0.37), retrying with alternate roll axis/sign (attempt 5/5)
[INFO] [1786741339.862207576] [landing_scout_1]: [scout_1] 🔄 RW righting attempt 5/5: proportional roll, u_z=-0.48
[INFO] [1786741341.457727683] [landing_scout_1]: [scout_1] Landing controller state: RIGHTING
[INFO] [1786741341.852353736] [landing_scout_1]: [scout_1] 📐 RIGHTTRACE attempt=5 u_z=0.0931 w=29 omega=3.293 omega_roll=1.549 dir=(0.54,0.84)
[INFO] [1786741343.853417594] [landing_scout_1]: [scout_1] 📐 RIGHTTRACE attempt=5 u_z=0.6241 w=52 omega=3.862 omega_roll=-0.175 dir=(1.00,0.05)
[INFO] [1786741345.852549508] [landing_scout_1]: [scout_1] 📐 RIGHTTRACE attempt=5 u_z=-0.8769 w=91 omega=2.617 omega_roll=0.450 dir=(0.84,-0.54)
[INFO] [1786741346.457521747] [landing_scout_1]: [scout_1] Landing controller state: RIGHTING
[INFO] [1786741347.852324741] [landing_scout_1]: [scout_1] 📐 RIGHTTRACE attempt=5 u_z=-0.6875 w=112 omega=2.848 omega_roll=0.652 dir=(0.42,0.91)
[INFO] [1786741349.854163380] [landing_scout_1]: [scout_1] 📐 RIGHTTRACE attempt=5 u_z=0.4538 w=138 omega=1.774 omega_roll=-1.000 dir=(0.09,1.00)
