[INFO] [1786741691.860009244] [landing_scout_1]: [scout_1] Landing Controller: ONLINE
[INFO] [1786741696.897552188] [landing_scout_1]: [scout_1] Landing controller state: IDLE
[INFO] [1786741701.896809090] [landing_scout_1]: [scout_1] Landing controller state: IDLE
[INFO] [1786741706.897484085] [landing_scout_1]: [scout_1] Landing controller state: IDLE
[INFO] [1786741711.897172528] [landing_scout_1]: [scout_1] Landing controller state: IDLE
[INFO] [1786741716.897471067] [landing_scout_1]: [scout_1] Landing controller state: IDLE
[INFO] [1786741721.897032319] [landing_scout_1]: [scout_1] Landing controller state: IDLE
[INFO] [1786741726.897810867] [landing_scout_1]: [scout_1] Landing controller state: IDLE
[INFO] [1786741731.897746877] [landing_scout_1]: [scout_1] Landing controller state: IDLE
[INFO] [1786741736.896822746] [landing_scout_1]: [scout_1] Landing controller state: IDLE
[INFO] [1786741741.897018833] [landing_scout_1]: [scout_1] Landing controller state: IDLE
[INFO] [1786741746.896871117] [landing_scout_1]: [scout_1] Landing controller state: IDLE
[INFO] [1786741751.896898033] [landing_scout_1]: [scout_1] Landing controller state: IDLE
[INFO] [1786741756.896993701] [landing_scout_1]: [scout_1] Landing controller state: IDLE
[INFO] [1786741761.896831471] [landing_scout_1]: [scout_1] Landing controller state: IDLE
[INFO] [1786741766.897190007] [landing_scout_1]: [scout_1] Landing controller state: IDLE
[INFO] [1786741771.897411470] [landing_scout_1]: [scout_1] Landing controller state: IDLE
[INFO] [1786741776.896846196] [landing_scout_1]: [scout_1] Landing controller state: IDLE
[INFO] [1786741781.897434310] [landing_scout_1]: [scout_1] Landing controller state: IDLE
[INFO] [1786741786.896899818] [landing_scout_1]: [scout_1] Landing controller state: IDLE
[INFO] [1786741791.896958725] [landing_scout_1]: [scout_1] Landing controller state: IDLE
[INFO] [1786741796.897261823] [landing_scout_1]: [scout_1] Landing controller state: IDLE
[INFO] [1786741801.897325390] [landing_scout_1]: [scout_1] Landing controller state: IDLE
[INFO] [1786741806.897451770] [landing_scout_1]: [scout_1] Landing controller state: IDLE
[INFO] [1786741811.896737701] [landing_scout_1]: [scout_1] Landing controller state: IDLE
[INFO] [1786741812.754550130] [landing_scout_1]: [scout_1] 🎯 Resting while IDLE (altitude static) — confirming ground contact
[WARN] [1786741814.756300574] [landing_scout_1]: [scout_1] ⚠️ Settled badly tilted/inverted — initiating RW righting roll
[INFO] [1786741814.766078108] [landing_scout_1]: [scout_1] 🔄 RW righting attempt 1/5: proportional roll, u_z=-0.42
[INFO] [1786741816.758416152] [landing_scout_1]: [scout_1] 📐 RIGHTTRACE attempt=1 u_z=-0.8969 w=68 omega=0.581 omega_roll=-0.393 dir=(-0.49,-0.87)
[INFO] [1786741816.896990544] [landing_scout_1]: [scout_1] Landing controller state: RIGHTING
[INFO] [1786741818.757897522] [landing_scout_1]: [scout_1] 📐 RIGHTTRACE attempt=1 u_z=0.3696 w=95 omega=1.133 omega_roll=-1.064 dir=(-0.46,-0.89)
[INFO] [1786741820.760919232] [landing_scout_1]: [scout_1] 📐 RIGHTTRACE attempt=1 u_z=0.4457 w=99 omega=1.973 omega_roll=1.949 dir=(-0.33,-0.95)
[INFO] [1786741821.897298235] [landing_scout_1]: [scout_1] Landing controller state: RIGHTING
[INFO] [1786741822.763894642] [landing_scout_1]: [scout_1] 📐 RIGHTTRACE attempt=1 u_z=0.0647 w=114 omega=2.392 omega_roll=-0.639 dir=(-1.00,0.07)
[INFO] [1786741824.768452245] [landing_scout_1]: [scout_1] 📐 RIGHTTRACE attempt=1 u_z=0.2689 w=122 omega=3.014 omega_roll=0.321 dir=(-0.96,-0.29)
[INFO] [1786741826.769717033] [landing_scout_1]: [scout_1] 📐 RIGHTTRACE attempt=1 u_z=0.3905 w=133 omega=2.916 omega_roll=-0.005 dir=(-0.50,-0.87)
[INFO] [1786741826.896899295] [landing_scout_1]: [scout_1] Landing controller state: RIGHTING
[INFO] [1786741828.772963649] [landing_scout_1]: [scout_1] 📐 RIGHTTRACE attempt=1 u_z=0.8468 w=143 omega=2.974 omega_roll=0.892 dir=(0.67,-0.74)
[WARN] [1786741830.273270454] [landing_scout_1]: [scout_1] Still inverted (u_z=0.65), retrying with alternate roll axis/sign (attempt 2/5)
[INFO] [1786741830.282541638] [landing_scout_1]: [scout_1] 🔄 RW righting attempt 2/5: proportional roll, u_z=0.65
[INFO] [1786741831.897571747] [landing_scout_1]: [scout_1] Landing controller state: RIGHTING
[INFO] [1786741832.273139819] [landing_scout_1]: [scout_1] 📐 RIGHTTRACE attempt=2 u_z=-0.3354 w=40 omega=0.923 omega_roll=-0.545 dir=(-0.98,0.22)
[INFO] [1786741834.274507918] [landing_scout_1]: [scout_1] 📐 RIGHTTRACE attempt=2 u_z=0.1988 w=65 omega=1.293 omega_roll=-1.013 dir=(-0.98,-0.19)
[INFO] [1786741836.276917846] [landing_scout_1]: [scout_1] 📐 RIGHTTRACE attempt=2 u_z=0.8577 w=72 omega=1.545 omega_roll=-0.281 dir=(0.93,0.37)
[INFO] [1786741836.896760160] [landing_scout_1]: [scout_1] Landing controller state: RIGHTING
[INFO] [1786741838.295851026] [landing_scout_1]: [scout_1] 📐 RIGHTTRACE attempt=2 u_z=-0.3370 w=89 omega=1.576 omega_roll=-1.043 dir=(-0.94,-0.35)
[INFO] [1786741840.297745113] [landing_scout_1]: [scout_1] 📐 RIGHTTRACE attempt=2 u_z=0.5268 w=97 omega=2.690 omega_roll=0.304 dir=(-0.46,0.89)
[INFO] [1786741841.897528272] [landing_scout_1]: [scout_1] Landing controller state: RIGHTING
[INFO] [1786741842.300076271] [landing_scout_1]: [scout_1] 📐 RIGHTTRACE attempt=2 u_z=0.6341 w=110 omega=2.667 omega_roll=1.872 dir=(0.51,0.86)
[INFO] [1786741844.300150154] [landing_scout_1]: [scout_1] 📐 RIGHTTRACE attempt=2 u_z=0.7058 w=122 omega=2.870 omega_roll=2.054 dir=(0.55,0.84)
[WARN] [1786741845.801332235] [landing_scout_1]: [scout_1] Still inverted (u_z=0.76), retrying with alternate roll axis/sign (attempt 3/5)
[INFO] [1786741845.810772226] [landing_scout_1]: [scout_1] 🔄 RW righting attempt 3/5: proportional roll, u_z=0.76
[INFO] [1786741846.897224340] [landing_scout_1]: [scout_1] Landing controller state: RIGHTING
[INFO] [1786741847.802022128] [landing_scout_1]: [scout_1] 📐 RIGHTTRACE attempt=3 u_z=-0.1599 w=35 omega=0.902 omega_roll=-0.490 dir=(-1.00,0.08)
[INFO] [1786741849.804408474] [landing_scout_1]: [scout_1] 📐 RIGHTTRACE attempt=3 u_z=-0.1147 w=61 omega=1.412 omega_roll=-0.808 dir=(-0.97,-0.26)
[INFO] [1786741851.805890726] [landing_scout_1]: [scout_1] 📐 RIGHTTRACE attempt=3 u_z=0.8630 w=71 omega=1.282 omega_roll=-0.453 dir=(0.83,-0.55)
[INFO] [1786741851.897496972] [landing_scout_1]: [scout_1] Landing controller state: RIGHTING
[INFO] [1786741853.828093986] [landing_scout_1]: [scout_1] 📐 RIGHTTRACE attempt=3 u_z=-0.5294 w=84 omega=1.688 omega_roll=-0.990 dir=(-0.91,0.41)
[INFO] [1786741855.848324924] [landing_scout_1]: [scout_1] 📐 RIGHTTRACE attempt=3 u_z=0.8193 w=97 omega=2.100 omega_roll=0.759 dir=(0.91,0.41)
[INFO] [1786741856.896917212] [landing_scout_1]: [scout_1] Landing controller state: RIGHTING
[INFO] [1786741859.850914125] [landing_scout_1]: [scout_1] 📐 RIGHTTRACE attempt=3 u_z=0.7340 w=123 omega=2.372 omega_roll=-0.791 dir=(0.08,-1.00)
[WARN] [1786741861.373240681] [landing_scout_1]: [scout_1] Still inverted (u_z=0.33), retrying with alternate roll axis/sign (attempt 4/5)
[INFO] [1786741861.382797167] [landing_scout_1]: [scout_1] 🔄 RW righting attempt 4/5: proportional roll, u_z=0.33
[INFO] [1786741861.897489230] [landing_scout_1]: [scout_1] Landing controller state: RIGHTING
[INFO] [1786741863.377612926] [landing_scout_1]: [scout_1] 📐 RIGHTTRACE attempt=4 u_z=-0.7791 w=42 omega=1.233 omega_roll=-1.024 dir=(-0.38,0.92)
[INFO] [1786741866.897287426] [landing_scout_1]: [scout_1] Landing controller state: RIGHTING
[INFO] [1786741867.379724787] [landing_scout_1]: [scout_1] 📐 RIGHTTRACE attempt=4 u_z=-0.4315 w=73 omega=1.566 omega_roll=-0.900 dir=(-0.97,-0.23)
[INFO] [1786741869.380890548] [landing_scout_1]: [scout_1] 📐 RIGHTTRACE attempt=4 u_z=0.8256 w=86 omega=1.871 omega_roll=0.794 dir=(0.97,0.26)
[INFO] [1786741871.387292751] [landing_scout_1]: [scout_1] 📐 RIGHTTRACE attempt=4 u_z=0.4276 w=103 omega=1.893 omega_roll=-1.584 dir=(-0.62,-0.78)
[INFO] [1786741871.897478154] [landing_scout_1]: [scout_1] Landing controller state: RIGHTING
[INFO] [1786741873.388172728] [landing_scout_1]: [scout_1] 📐 RIGHTTRACE attempt=4 u_z=0.0925 w=114 omega=2.512 omega_roll=-0.370 dir=(-0.94,-0.34)
[INFO] [1786741875.388016609] [landing_scout_1]: [scout_1] 📐 RIGHTTRACE attempt=4 u_z=0.1373 w=126 omega=2.858 omega_roll=-0.079 dir=(-0.90,-0.44)
[WARN] [1786741876.888597746] [landing_scout_1]: [scout_1] Still inverted (u_z=0.81), retrying with alternate roll axis/sign (attempt 5/5)
[INFO] [1786741876.897354826] [landing_scout_1]: [scout_1] Landing controller state: RIGHTING
[INFO] [1786741876.898927029] [landing_scout_1]: [scout_1] 🔄 RW righting attempt 5/5: proportional roll, u_z=0.81
[INFO] [1786741878.889502246] [landing_scout_1]: [scout_1] 📐 RIGHTTRACE attempt=5 u_z=0.5147 w=20 omega=1.361 omega_roll=-0.717 dir=(-0.07,1.00)
[INFO] [1786741881.897468213] [landing_scout_1]: [scout_1] Landing controller state: RIGHTING
[INFO] [1786741882.892743009] [landing_scout_1]: [scout_1] 📐 RIGHTTRACE attempt=5 u_z=0.5542 w=33 omega=0.869 omega_roll=-0.315 dir=(-0.58,-0.81)
[INFO] [1786741884.892727987] [landing_scout_1]: [scout_1] 📐 RIGHTTRACE attempt=5 u_z=0.1980 w=60 omega=1.346 omega_roll=-1.024 dir=(-0.12,-0.99)
[INFO] [1786741886.895202609] [landing_scout_1]: [scout_1] 📐 RIGHTTRACE attempt=5 u_z=0.7634 w=64 omega=1.813 omega_roll=-0.389 dir=(0.29,0.96)
[INFO] [1786741886.896762589] [landing_scout_1]: [scout_1] Landing controller state: RIGHTING
[INFO] [1786741888.894863458] [landing_scout_1]: [scout_1] 📐 RIGHTTRACE attempt=5 u_z=-0.5637 w=86 omega=1.649 omega_roll=-1.368 dir=(-0.99,-0.12)
[INFO] [1786741890.914226957] [landing_scout_1]: [scout_1] 📐 RIGHTTRACE attempt=5 u_z=0.8406 w=97 omega=1.947 omega_roll=-0.126 dir=(1.00,0.02)
[INFO] [1786741891.896965904] [landing_scout_1]: [scout_1] Landing controller state: RIGHTING
[ERROR] [1786741892.415306432] [landing_scout_1]: [scout_1] ❌ Self-righting failed after 5 attempts — giving up, marking LANDED anyway so downstream logic (e.g. SAMPLER dispatch) does not hang forever. Robot may still be physically inverted.
[INFO] [1786741896.896915227] [landing_scout_1]: [scout_1] Landing controller state: LANDED
[INFO] [1786741901.896811630] [landing_scout_1]: [scout_1] Landing controller state: LANDED
[INFO] [1786741906.897292139] [landing_scout_1]: [scout_1] Landing controller state: LANDED
[INFO] [1786741911.896822404] [landing_scout_1]: [scout_1] Landing controller state: LANDED
[INFO] [1786741916.897687570] [landing_scout_1]: [scout_1] Landing controller state: LANDED
[INFO] [1786741921.897432498] [landing_scout_1]: [scout_1] Landing controller state: LANDED
[INFO] [1786741926.896917426] [landing_scout_1]: [scout_1] Landing controller state: LANDED
[INFO] [1786741931.897339647] [landing_scout_1]: [scout_1] Landing controller state: LANDED
[INFO] [1786741936.896799960] [landing_scout_1]: [scout_1] Landing controller state: LANDED
[INFO] [1786741941.897233464] [landing_scout_1]: [scout_1] Landing controller state: LANDED
[INFO] [1786741946.897614745] [landing_scout_1]: [scout_1] Landing controller state: LANDED
[INFO] [1786741951.896863705] [landing_scout_1]: [scout_1] Landing controller state: LANDED
[INFO] [1786741956.897656670] [landing_scout_1]: [scout_1] Landing controller state: LANDED
[INFO] [1786741961.896824021] [landing_scout_1]: [scout_1] Landing controller state: LANDED
[INFO] [1786741966.897395625] [landing_scout_1]: [scout_1] Landing controller state: LANDED
[INFO] [1786741971.896792093] [landing_scout_1]: [scout_1] Landing controller state: LANDED
[INFO] [1786741976.897006634] [landing_scout_1]: [scout_1] Landing controller state: LANDED
[INFO] [1786741981.897329376] [landing_scout_1]: [scout_1] Landing controller state: LANDED
[INFO] [1786741986.897301531] [landing_scout_1]: [scout_1] Landing controller state: LANDED
[INFO] [1786741991.896964865] [landing_scout_1]: [scout_1] Landing controller state: LANDED
[INFO] [1786741996.896800026] [landing_scout_1]: [scout_1] Landing controller state: LANDED
[INFO] [1786742001.897212793] [landing_scout_1]: [scout_1] Landing controller state: LANDED
[INFO] [1786742006.897634029] [landing_scout_1]: [scout_1] Landing controller state: LANDED
[INFO] [1786742011.897540688] [landing_scout_1]: [scout_1] Landing controller state: LANDED
