[INFO] [1786753507.152379469] [landing_scout_1]: [scout_1] Landing Controller: ONLINE
[INFO] [1786753512.189039574] [landing_scout_1]: [scout_1] Landing controller state: IDLE
[INFO] [1786753517.189122936] [landing_scout_1]: [scout_1] Landing controller state: IDLE
[INFO] [1786753522.188617211] [landing_scout_1]: [scout_1] Landing controller state: IDLE
[INFO] [1786753527.188693221] [landing_scout_1]: [scout_1] Landing controller state: IDLE
[INFO] [1786753532.188573279] [landing_scout_1]: [scout_1] Landing controller state: IDLE
[INFO] [1786753537.189103864] [landing_scout_1]: [scout_1] Landing controller state: IDLE
[INFO] [1786753542.188644328] [landing_scout_1]: [scout_1] Landing controller state: IDLE
[INFO] [1786753547.188661761] [landing_scout_1]: [scout_1] Landing controller state: IDLE
[INFO] [1786753552.188610280] [landing_scout_1]: [scout_1] Landing controller state: IDLE
[INFO] [1786753557.188623352] [landing_scout_1]: [scout_1] Landing controller state: IDLE
[INFO] [1786753562.190091870] [landing_scout_1]: [scout_1] Landing controller state: IDLE
[INFO] [1786753567.189326036] [landing_scout_1]: [scout_1] Landing controller state: IDLE
[INFO] [1786753572.189357110] [landing_scout_1]: [scout_1] Landing controller state: IDLE
[INFO] [1786753577.188719398] [landing_scout_1]: [scout_1] Landing controller state: IDLE
[INFO] [1786753582.189293521] [landing_scout_1]: [scout_1] Landing controller state: IDLE
[INFO] [1786753587.188815147] [landing_scout_1]: [scout_1] Landing controller state: IDLE
[INFO] [1786753592.189275246] [landing_scout_1]: [scout_1] Landing controller state: IDLE
[INFO] [1786753597.189212106] [landing_scout_1]: [scout_1] Landing controller state: IDLE
[INFO] [1786753602.188541006] [landing_scout_1]: [scout_1] Landing controller state: IDLE
[INFO] [1786753607.188790080] [landing_scout_1]: [scout_1] Landing controller state: IDLE
[INFO] [1786753612.188616553] [landing_scout_1]: [scout_1] Landing controller state: IDLE
[INFO] [1786753617.188680846] [landing_scout_1]: [scout_1] Landing controller state: IDLE
[INFO] [1786753622.189040927] [landing_scout_1]: [scout_1] Landing controller state: IDLE
[INFO] [1786753627.188840048] [landing_scout_1]: [scout_1] Landing controller state: IDLE
[INFO] [1786753632.188996276] [landing_scout_1]: [scout_1] Landing controller state: IDLE
[INFO] [1786753637.188613543] [landing_scout_1]: [scout_1] Landing controller state: IDLE
[INFO] [1786753640.141416102] [landing_scout_1]: [scout_1] 🎯 Resting while IDLE (altitude static) — confirming ground contact
[WARN] [1786753642.144041722] [landing_scout_1]: [scout_1] ⚠️ Settled badly tilted/inverted — initiating RW righting roll
[INFO] [1786753642.154213375] [landing_scout_1]: [scout_1] 🔄 RW righting attempt 1/5: proportional roll, u_z=-0.37
[INFO] [1786753642.189178007] [landing_scout_1]: [scout_1] Landing controller state: RIGHTING
[INFO] [1786753644.145721420] [landing_scout_1]: [scout_1] 📐 RIGHTTRACE attempt=1 u_z=-0.4482 w=67 omega=0.603 omega_roll=-0.579 dir=(0.62,0.79)
[INFO] [1786753647.189488323] [landing_scout_1]: [scout_1] Landing controller state: RIGHTING
[INFO] [1786753648.147636528] [landing_scout_1]: [scout_1] 📐 RIGHTTRACE attempt=1 u_z=0.1252 w=87 omega=2.842 omega_roll=-0.528 dir=(-0.21,-0.98)
[INFO] [1786753650.148613865] [landing_scout_1]: [scout_1] 📐 RIGHTTRACE attempt=1 u_z=0.4775 w=106 omega=1.745 omega_roll=-0.168 dir=(0.72,-0.69)
[INFO] [1786753652.169527344] [landing_scout_1]: [scout_1] 📐 RIGHTTRACE attempt=1 u_z=-0.0445 w=120 omega=1.911 omega_roll=-1.025 dir=(-0.13,0.99)
[INFO] [1786753652.188777699] [landing_scout_1]: [scout_1] Landing controller state: RIGHTING
[INFO] [1786753654.170846788] [landing_scout_1]: [scout_1] 📐 RIGHTTRACE attempt=1 u_z=0.1915 w=144 omega=2.420 omega_roll=-0.175 dir=(0.32,-0.95)
[INFO] [1786753656.173868981] [landing_scout_1]: [scout_1] 📐 RIGHTTRACE attempt=1 u_z=-0.2874 w=160 omega=2.627 omega_roll=-0.307 dir=(-1.00,-0.02)
[INFO] [1786753657.188749570] [landing_scout_1]: [scout_1] Landing controller state: RIGHTING
[INFO] [1786753657.674898775] [landing_scout_1]: [scout_1] 🎯 Near-upright at timeout (u_z=0.86) -- extension 1/3, giving this attempt more time to hold instead of discarding progress into a fresh attempt.
[INFO] [1786753659.667131377] [landing_scout_1]: [scout_1] 📐 RIGHTTRACE attempt=1 u_z=0.2607 w=28 omega=2.770 omega_roll=-0.821 dir=(0.09,1.00)
[INFO] [1786753661.667729472] [landing_scout_1]: [scout_1] 📐 RIGHTTRACE attempt=1 u_z=0.0435 w=35 omega=2.644 omega_roll=-2.506 dir=(-0.65,-0.76)
[INFO] [1786753662.189128970] [landing_scout_1]: [scout_1] Landing controller state: RIGHTING
[INFO] [1786753663.688213982] [landing_scout_1]: [scout_1] 📐 RIGHTTRACE attempt=1 u_z=0.5915 w=55 omega=2.234 omega_roll=-1.007 dir=(-0.05,1.00)
[INFO] [1786753665.688128840] [landing_scout_1]: [scout_1] 📐 RIGHTTRACE attempt=1 u_z=0.1298 w=85 omega=1.413 omega_roll=-0.566 dir=(-0.89,-0.46)
[INFO] [1786753667.188613492] [landing_scout_1]: [scout_1] Landing controller state: RIGHTING
[INFO] [1786753667.688103075] [landing_scout_1]: [scout_1] 📐 RIGHTTRACE attempt=1 u_z=0.3320 w=109 omega=1.594 omega_roll=-0.610 dir=(-0.14,-0.99)
[INFO] [1786753669.689236342] [landing_scout_1]: [scout_1] 📐 RIGHTTRACE attempt=1 u_z=0.5204 w=122 omega=2.023 omega_roll=-0.481 dir=(0.44,0.90)
[INFO] [1786753671.689581039] [landing_scout_1]: [scout_1] 📐 RIGHTTRACE attempt=1 u_z=0.2938 w=146 omega=2.747 omega_roll=-0.479 dir=(-0.54,-0.84)
[INFO] [1786753672.190524939] [landing_scout_1]: [scout_1] Landing controller state: RIGHTING
[INFO] [1786753673.188922619] [landing_scout_1]: [scout_1] 🎯 Near-upright at timeout (u_z=0.90) -- extension 2/3, giving this attempt more time to hold instead of discarding progress into a fresh attempt.
[INFO] [1786753675.199116880] [landing_scout_1]: [scout_1] 📐 RIGHTTRACE attempt=1 u_z=0.4414 w=8 omega=2.541 omega_roll=0.379 dir=(-0.94,0.35)
[INFO] [1786753677.188585952] [landing_scout_1]: [scout_1] Landing controller state: RIGHTING
[INFO] [1786753677.198288410] [landing_scout_1]: [scout_1] 📐 RIGHTTRACE attempt=1 u_z=0.7973 w=24 omega=2.639 omega_roll=-0.329 dir=(0.56,-0.83)
[INFO] [1786753679.199208644] [landing_scout_1]: [scout_1] 📐 RIGHTTRACE attempt=1 u_z=-0.5314 w=53 omega=2.443 omega_roll=-2.361 dir=(-0.59,0.81)
[INFO] [1786753681.199805592] [landing_scout_1]: [scout_1] 📐 RIGHTTRACE attempt=1 u_z=0.4310 w=75 omega=1.512 omega_roll=-0.384 dir=(0.46,-0.89)
[INFO] [1786753682.188716091] [landing_scout_1]: [scout_1] Landing controller state: RIGHTING
[INFO] [1786753683.199984690] [landing_scout_1]: [scout_1] 📐 RIGHTTRACE attempt=1 u_z=0.6380 w=97 omega=1.535 omega_roll=-0.250 dir=(0.80,-0.60)
[INFO] [1786753685.199095711] [landing_scout_1]: [scout_1] 📐 RIGHTTRACE attempt=1 u_z=0.4645 w=111 omega=1.939 omega_roll=-0.572 dir=(0.25,0.97)
[INFO] [1786753687.189162402] [landing_scout_1]: [scout_1] Landing controller state: RIGHTING
[INFO] [1786753687.202115636] [landing_scout_1]: [scout_1] 📐 RIGHTTRACE attempt=1 u_z=0.1804 w=136 omega=2.853 omega_roll=-0.348 dir=(-0.86,-0.51)
[WARN] [1786753688.702393716] [landing_scout_1]: [scout_1] Still inverted (u_z=0.84), retrying with alternate roll axis/sign (attempt 2/5)
[INFO] [1786753688.711276235] [landing_scout_1]: [scout_1] 🔄 RW righting attempt 2/5: proportional roll, u_z=0.84
[INFO] [1786753690.702994838] [landing_scout_1]: [scout_1] 📐 RIGHTTRACE attempt=2 u_z=0.3728 w=30 omega=2.842 omega_roll=-0.315 dir=(0.27,0.96)
[INFO] [1786753692.188736531] [landing_scout_1]: [scout_1] Landing controller state: RIGHTING
[INFO] [1786753692.706484058] [landing_scout_1]: [scout_1] 📐 RIGHTTRACE attempt=2 u_z=-0.1816 w=38 omega=2.838 omega_roll=-2.429 dir=(-0.81,-0.58)
[INFO] [1786753694.706174118] [landing_scout_1]: [scout_1] 📐 RIGHTTRACE attempt=2 u_z=0.4223 w=60 omega=2.105 omega_roll=-1.672 dir=(0.33,0.94)
[INFO] [1786753696.708054559] [landing_scout_1]: [scout_1] 📐 RIGHTTRACE attempt=2 u_z=-0.1302 w=89 omega=1.365 omega_roll=-0.479 dir=(-0.91,-0.42)
[INFO] [1786753697.189115860] [landing_scout_1]: [scout_1] Landing controller state: RIGHTING
[INFO] [1786753698.707438805] [landing_scout_1]: [scout_1] 📐 RIGHTTRACE attempt=2 u_z=0.2126 w=114 omega=1.672 omega_roll=-0.429 dir=(-0.00,-1.00)
[INFO] [1786753700.708184622] [landing_scout_1]: [scout_1] 📐 RIGHTTRACE attempt=2 u_z=0.3969 w=127 omega=1.927 omega_roll=-0.680 dir=(0.35,0.94)
[INFO] [1786753702.188793838] [landing_scout_1]: [scout_1] Landing controller state: RIGHTING
[INFO] [1786753702.710166994] [landing_scout_1]: [scout_1] 📐 RIGHTTRACE attempt=2 u_z=0.2876 w=151 omega=2.675 omega_roll=-0.343 dir=(-0.25,-0.97)
[WARN] [1786753704.210159625] [landing_scout_1]: [scout_1] Still inverted (u_z=0.83), retrying with alternate roll axis/sign (attempt 3/5)
[INFO] [1786753704.219599270] [landing_scout_1]: [scout_1] 🔄 RW righting attempt 3/5: proportional roll, u_z=0.83
[INFO] [1786753706.212762489] [landing_scout_1]: [scout_1] 📐 RIGHTTRACE attempt=3 u_z=0.4151 w=13 omega=2.601 omega_roll=0.630 dir=(-0.97,0.26)
[INFO] [1786753707.188681896] [landing_scout_1]: [scout_1] Landing controller state: RIGHTING
[INFO] [1786753708.213666537] [landing_scout_1]: [scout_1] 📐 RIGHTTRACE attempt=3 u_z=0.7288 w=25 omega=2.790 omega_roll=0.323 dir=(0.35,-0.94)
[INFO] [1786753710.214062848] [landing_scout_1]: [scout_1] 📐 RIGHTTRACE attempt=3 u_z=-0.6426 w=55 omega=2.787 omega_roll=-2.091 dir=(-0.17,0.98)
[INFO] [1786753712.188702161] [landing_scout_1]: [scout_1] Landing controller state: RIGHTING
[INFO] [1786753712.214094945] [landing_scout_1]: [scout_1] 📐 RIGHTTRACE attempt=3 u_z=0.2158 w=83 omega=1.399 omega_roll=-0.425 dir=(0.49,-0.87)
[INFO] [1786753714.217206926] [landing_scout_1]: [scout_1] 📐 RIGHTTRACE attempt=3 u_z=0.5775 w=102 omega=1.407 omega_roll=-0.303 dir=(0.98,-0.21)
[INFO] [1786753716.216982586] [landing_scout_1]: [scout_1] 📐 RIGHTTRACE attempt=3 u_z=0.1132 w=119 omega=1.951 omega_roll=-0.825 dir=(-0.16,0.99)
[INFO] [1786753717.188659144] [landing_scout_1]: [scout_1] Landing controller state: RIGHTING
[INFO] [1786753718.217008987] [landing_scout_1]: [scout_1] 📐 RIGHTTRACE attempt=3 u_z=-0.0126 w=143 omega=2.718 omega_roll=0.062 dir=(-0.14,-0.99)
[INFO] [1786753719.717460678] [landing_scout_1]: [scout_1] 🎯 Near-upright at timeout (u_z=0.87) -- extension 1/3, giving this attempt more time to hold instead of discarding progress into a fresh attempt.
[INFO] [1786753721.709653388] [landing_scout_1]: [scout_1] 📐 RIGHTTRACE attempt=3 u_z=0.3915 w=15 omega=2.663 omega_roll=0.272 dir=(-0.67,0.74)
[INFO] [1786753722.189749999] [landing_scout_1]: [scout_1] Landing controller state: RIGHTING
[INFO] [1786753723.708447324] [landing_scout_1]: [scout_1] 📐 RIGHTTRACE attempt=3 u_z=0.5703 w=29 omega=2.887 omega_roll=0.089 dir=(-0.09,-1.00)
[INFO] [1786753725.711969474] [landing_scout_1]: [scout_1] 📐 RIGHTTRACE attempt=3 u_z=-0.6007 w=62 omega=2.818 omega_roll=-2.081 dir=(0.08,1.00)
[INFO] [1786753727.189332271] [landing_scout_1]: [scout_1] Landing controller state: RIGHTING
[INFO] [1786753727.713562610] [landing_scout_1]: [scout_1] 📐 RIGHTTRACE attempt=3 u_z=0.1375 w=92 omega=1.229 omega_roll=-0.356 dir=(0.44,-0.90)
[INFO] [1786753729.714158209] [landing_scout_1]: [scout_1] 📐 RIGHTTRACE attempt=3 u_z=0.5178 w=109 omega=1.075 omega_roll=-0.527 dir=(0.98,0.19)
[INFO] [1786753731.714317308] [landing_scout_1]: [scout_1] 📐 RIGHTTRACE attempt=3 u_z=-0.3379 w=130 omega=1.596 omega_roll=-0.919 dir=(-0.69,0.72)
[INFO] [1786753732.188711438] [landing_scout_1]: [scout_1] Landing controller state: RIGHTING
[INFO] [1786753733.717245286] [landing_scout_1]: [scout_1] 📐 RIGHTTRACE attempt=3 u_z=0.7602 w=152 omega=2.367 omega_roll=-0.851 dir=(0.88,-0.48)
[WARN] [1786753735.216797057] [landing_scout_1]: [scout_1] Still inverted (u_z=0.16), retrying with alternate roll axis/sign (attempt 4/5)
[INFO] [1786753735.226730274] [landing_scout_1]: [scout_1] 🔄 RW righting attempt 4/5: proportional roll, u_z=0.16
[INFO] [1786753737.188633405] [landing_scout_1]: [scout_1] Landing controller state: RIGHTING
[INFO] [1786753737.216747568] [landing_scout_1]: [scout_1] 📐 RIGHTTRACE attempt=4 u_z=0.0370 w=18 omega=2.586 omega_roll=0.803 dir=(-0.87,-0.49)
[INFO] [1786753739.218053433] [landing_scout_1]: [scout_1] 📐 RIGHTTRACE attempt=4 u_z=-0.0652 w=55 omega=3.234 omega_roll=-1.652 dir=(0.98,-0.20)
[INFO] [1786753741.220731625] [landing_scout_1]: [scout_1] 📐 RIGHTTRACE attempt=4 u_z=-0.5220 w=96 omega=1.283 omega_roll=-0.480 dir=(-0.50,-0.87)
[INFO] [1786753742.189165431] [landing_scout_1]: [scout_1] Landing controller state: RIGHTING
[INFO] [1786753743.219844905] [landing_scout_1]: [scout_1] 📐 RIGHTTRACE attempt=4 u_z=0.4811 w=120 omega=1.135 omega_roll=-0.954 dir=(0.56,-0.83)
[INFO] [1786753745.220335260] [landing_scout_1]: [scout_1] 📐 RIGHTTRACE attempt=4 u_z=-0.0302 w=134 omega=1.744 omega_roll=-0.915 dir=(-0.17,0.98)
[INFO] [1786753747.189229441] [landing_scout_1]: [scout_1] Landing controller state: RIGHTING
[INFO] [1786753747.221647451] [landing_scout_1]: [scout_1] 📐 RIGHTTRACE attempt=4 u_z=0.5684 w=157 omega=2.383 omega_roll=-0.497 dir=(0.56,-0.83)
[INFO] [1786753749.241350541] [landing_scout_1]: [scout_1] 📐 RIGHTTRACE attempt=4 u_z=-0.1661 w=160 omega=2.338 omega_roll=-0.551 dir=(-0.92,-0.40)
[WARN] [1786753750.740524876] [landing_scout_1]: [scout_1] Still inverted (u_z=0.84), retrying with alternate roll axis/sign (attempt 5/5)
[INFO] [1786753750.750132491] [landing_scout_1]: [scout_1] 🔄 RW righting attempt 5/5: proportional roll, u_z=0.84
[INFO] [1786753752.188656067] [landing_scout_1]: [scout_1] Landing controller state: RIGHTING
[INFO] [1786753752.742959867] [landing_scout_1]: [scout_1] 📐 RIGHTTRACE attempt=5 u_z=0.5332 w=31 omega=2.965 omega_roll=-0.006 dir=(0.53,0.85)
[INFO] [1786753754.746076381] [landing_scout_1]: [scout_1] 📐 RIGHTTRACE attempt=5 u_z=-0.4823 w=42 omega=3.131 omega_roll=-1.627 dir=(-0.98,0.21)
[INFO] [1786753756.745906370] [landing_scout_1]: [scout_1] 📐 RIGHTTRACE attempt=5 u_z=0.2828 w=66 omega=2.366 omega_roll=-2.309 dir=(0.98,0.18)
[INFO] [1786753757.188611873] [landing_scout_1]: [scout_1] Landing controller state: RIGHTING
[INFO] [1786753758.747217778] [landing_scout_1]: [scout_1] 📐 RIGHTTRACE attempt=5 u_z=-0.4120 w=106 omega=0.655 omega_roll=-0.572 dir=(-1.00,-0.07)
[INFO] [1786753760.765134867] [landing_scout_1]: [scout_1] 📐 RIGHTTRACE attempt=5 u_z=0.4968 w=130 omega=1.551 omega_roll=-0.957 dir=(0.34,-0.94)
[INFO] [1786753762.188692407] [landing_scout_1]: [scout_1] Landing controller state: RIGHTING
[INFO] [1786753762.768718310] [landing_scout_1]: [scout_1] 📐 RIGHTTRACE attempt=5 u_z=-0.1716 w=144 omega=2.093 omega_roll=-0.933 dir=(-0.41,0.91)
[INFO] [1786753764.770634784] [landing_scout_1]: [scout_1] 📐 RIGHTTRACE attempt=5 u_z=0.7938 w=160 omega=2.663 omega_roll=-0.499 dir=(0.95,-0.30)
[ERROR] [1786753766.271714941] [landing_scout_1]: [scout_1] ❌ Self-righting failed after 5 attempts — giving up, marking LANDED anyway so downstream logic (e.g. SAMPLER dispatch) does not hang forever. Robot may still be physically inverted.
[INFO] [1786753767.188617532] [landing_scout_1]: [scout_1] Landing controller state: LANDED
[INFO] [1786753772.188625687] [landing_scout_1]: [scout_1] Landing controller state: LANDED
[INFO] [1786753777.188675806] [landing_scout_1]: [scout_1] Landing controller state: LANDED
[INFO] [1786753782.188682330] [landing_scout_1]: [scout_1] Landing controller state: LANDED
[INFO] [1786753787.188684015] [landing_scout_1]: [scout_1] Landing controller state: LANDED
[INFO] [1786753792.188583285] [landing_scout_1]: [scout_1] Landing controller state: LANDED
[INFO] [1786753797.188696498] [landing_scout_1]: [scout_1] Landing controller state: LANDED
[INFO] [1786753802.188683946] [landing_scout_1]: [scout_1] Landing controller state: LANDED
[INFO] [1786753807.189225752] [landing_scout_1]: [scout_1] Landing controller state: LANDED
[INFO] [1786753812.188904475] [landing_scout_1]: [scout_1] Landing controller state: LANDED
[INFO] [1786753817.189654464] [landing_scout_1]: [scout_1] Landing controller state: LANDED
[INFO] [1786753822.190099202] [landing_scout_1]: [scout_1] Landing controller state: LANDED
[INFO] [1786753827.189398633] [landing_scout_1]: [scout_1] Landing controller state: LANDED
[INFO] [1786753832.189260746] [landing_scout_1]: [scout_1] Landing controller state: LANDED
[INFO] [1786753837.189157957] [landing_scout_1]: [scout_1] Landing controller state: LANDED
[INFO] [1786753842.189036700] [landing_scout_1]: [scout_1] Landing controller state: LANDED
[INFO] [1786753847.189110553] [landing_scout_1]: [scout_1] Landing controller state: LANDED
[INFO] [1786753852.189234108] [landing_scout_1]: [scout_1] Landing controller state: LANDED
[INFO] [1786753857.188642317] [landing_scout_1]: [scout_1] Landing controller state: LANDED
[INFO] [1786753862.189172797] [landing_scout_1]: [scout_1] Landing controller state: LANDED
[INFO] [1786753867.188649551] [landing_scout_1]: [scout_1] Landing controller state: LANDED
[INFO] [1786753872.189180553] [landing_scout_1]: [scout_1] Landing controller state: LANDED
[INFO] [1786753877.188737036] [landing_scout_1]: [scout_1] Landing controller state: LANDED
[INFO] [1786753882.189378991] [landing_scout_1]: [scout_1] Landing controller state: LANDED
