[INFO] [1786765990.158576925] [landing_scout_1]: [scout_1] Landing Controller: ONLINE
[INFO] [1786765995.199642190] [landing_scout_1]: [scout_1] Landing controller state: IDLE
[INFO] [1786766000.200239195] [landing_scout_1]: [scout_1] Landing controller state: IDLE
[INFO] [1786766005.199635784] [landing_scout_1]: [scout_1] Landing controller state: IDLE
[INFO] [1786766010.200346745] [landing_scout_1]: [scout_1] Landing controller state: IDLE
[INFO] [1786766015.199722704] [landing_scout_1]: [scout_1] Landing controller state: IDLE
[INFO] [1786766020.199946980] [landing_scout_1]: [scout_1] Landing controller state: IDLE
[INFO] [1786766025.199628675] [landing_scout_1]: [scout_1] Landing controller state: IDLE
[INFO] [1786766030.200465569] [landing_scout_1]: [scout_1] Landing controller state: IDLE
[INFO] [1786766035.200308355] [landing_scout_1]: [scout_1] Landing controller state: IDLE
[INFO] [1786766040.200240416] [landing_scout_1]: [scout_1] Landing controller state: IDLE
[INFO] [1786766045.199437758] [landing_scout_1]: [scout_1] Landing controller state: IDLE
[INFO] [1786766050.199629799] [landing_scout_1]: [scout_1] Landing controller state: IDLE
[INFO] [1786766055.199715626] [landing_scout_1]: [scout_1] Landing controller state: IDLE
[INFO] [1786766060.200036833] [landing_scout_1]: [scout_1] Landing controller state: IDLE
[INFO] [1786766065.200061365] [landing_scout_1]: [scout_1] Landing controller state: IDLE
[INFO] [1786766070.199700662] [landing_scout_1]: [scout_1] Landing controller state: IDLE
[INFO] [1786766075.199625149] [landing_scout_1]: [scout_1] Landing controller state: IDLE
[INFO] [1786766080.200127920] [landing_scout_1]: [scout_1] Landing controller state: IDLE
[INFO] [1786766085.200161459] [landing_scout_1]: [scout_1] Landing controller state: IDLE
[INFO] [1786766090.200466726] [landing_scout_1]: [scout_1] Landing controller state: IDLE
[INFO] [1786766095.200194582] [landing_scout_1]: [scout_1] Landing controller state: IDLE
[INFO] [1786766100.200335186] [landing_scout_1]: [scout_1] Landing controller state: IDLE
[INFO] [1786766105.200172028] [landing_scout_1]: [scout_1] Landing controller state: IDLE
[INFO] [1786766110.200132966] [landing_scout_1]: [scout_1] Landing controller state: IDLE
[INFO] [1786766111.231684647] [landing_scout_1]: [scout_1] 🎯 Resting while IDLE (altitude static) — confirming ground contact
[WARN] [1786766113.231451612] [landing_scout_1]: [scout_1] ⚠️ Settled badly tilted/inverted — initiating RW righting roll
[INFO] [1786766113.241540483] [landing_scout_1]: [scout_1] 🔄 RW righting attempt 1/5: proportional roll, u_z=-1.00
[INFO] [1786766115.199600598] [landing_scout_1]: [scout_1] Landing controller state: RIGHTING
[INFO] [1786766115.231796745] [landing_scout_1]: [scout_1] 📐 RIGHTTRACE attempt=1 u_z=-0.8971 w=57 omega=0.959 omega_roll=0.841 dir=(-0.95,-0.32)
[INFO] [1786766117.233607464] [landing_scout_1]: [scout_1] 📐 RIGHTTRACE attempt=1 u_z=0.1675 w=82 omega=3.049 omega_roll=-2.371 dir=(0.96,-0.27)
[INFO] [1786766119.233947734] [landing_scout_1]: [scout_1] 📐 RIGHTTRACE attempt=1 u_z=-0.2512 w=86 omega=4.245 omega_roll=3.701 dir=(0.57,-0.83)
[INFO] [1786766120.200181092] [landing_scout_1]: [scout_1] Landing controller state: RIGHTING
[INFO] [1786766121.234415201] [landing_scout_1]: [scout_1] 📐 RIGHTTRACE attempt=1 u_z=-0.5388 w=125 omega=2.238 omega_roll=0.139 dir=(0.83,-0.56)
[INFO] [1786766123.233473682] [landing_scout_1]: [scout_1] 📐 RIGHTTRACE attempt=1 u_z=0.5243 w=150 omega=4.758 omega_roll=0.495 dir=(0.49,0.87)
[INFO] [1786766125.200068048] [landing_scout_1]: [scout_1] Landing controller state: RIGHTING
[INFO] [1786766125.234224945] [landing_scout_1]: [scout_1] 📐 RIGHTTRACE attempt=1 u_z=-0.4335 w=160 omega=4.863 omega_roll=2.820 dir=(1.00,-0.10)
[INFO] [1786766127.233919857] [landing_scout_1]: [scout_1] 📐 RIGHTTRACE attempt=1 u_z=0.6193 w=160 omega=5.148 omega_roll=1.603 dir=(0.91,0.41)
[WARN] [1786766128.733907708] [landing_scout_1]: [scout_1] Still inverted (u_z=-0.86), retrying with alternate roll axis/sign (attempt 2/5)
[INFO] [1786766128.743242908] [landing_scout_1]: [scout_1] 🔄 RW righting attempt 2/5: proportional roll, u_z=-0.86
[INFO] [1786766130.200062841] [landing_scout_1]: [scout_1] Landing controller state: RIGHTING
[INFO] [1786766130.734714483] [landing_scout_1]: [scout_1] 📐 RIGHTTRACE attempt=2 u_z=-0.5462 w=17 omega=2.511 omega_roll=2.355 dir=(0.22,-0.98)
[INFO] [1786766132.738204267] [landing_scout_1]: [scout_1] 📐 RIGHTTRACE attempt=2 u_z=0.0096 w=34 omega=2.063 omega_roll=2.058 dir=(0.39,-0.92)
[INFO] [1786766134.737442342] [landing_scout_1]: [scout_1] 📐 RIGHTTRACE attempt=2 u_z=0.5097 w=53 omega=3.981 omega_roll=3.940 dir=(0.46,-0.89)
[INFO] [1786766135.199525300] [landing_scout_1]: [scout_1] Landing controller state: RIGHTING
[INFO] [1786766136.738591039] [landing_scout_1]: [scout_1] 📐 RIGHTTRACE attempt=2 u_z=-0.9503 w=78 omega=0.926 omega_roll=-0.794 dir=(-0.51,0.86)
[INFO] [1786766138.738554737] [landing_scout_1]: [scout_1] 📐 RIGHTTRACE attempt=2 u_z=-0.3303 w=110 omega=0.357 omega_roll=0.025 dir=(0.47,-0.88)
[INFO] [1786766140.200003622] [landing_scout_1]: [scout_1] Landing controller state: RIGHTING
[INFO] [1786766140.743729039] [landing_scout_1]: [scout_1] 📐 RIGHTTRACE attempt=2 u_z=0.6453 w=144 omega=1.574 omega_roll=-0.729 dir=(0.80,-0.60)
[INFO] [1786766142.745990022] [landing_scout_1]: [scout_1] 📐 RIGHTTRACE attempt=2 u_z=-0.5389 w=160 omega=3.796 omega_roll=1.367 dir=(0.97,-0.24)
[INFO] [1786766144.245469382] [landing_scout_1]: [scout_1] 🎯 Near-upright at timeout (u_z=0.94) -- extension 1/3, giving this attempt more time to hold instead of discarding progress into a fresh attempt.
[INFO] [1786766145.199684076] [landing_scout_1]: [scout_1] Landing controller state: RIGHTING
[INFO] [1786766148.254060331] [landing_scout_1]: [scout_1] 📐 RIGHTTRACE attempt=2 u_z=0.6570 w=39 omega=3.628 omega_roll=-3.500 dir=(-0.21,0.98)
[INFO] [1786766150.199584827] [landing_scout_1]: [scout_1] Landing controller state: RIGHTING
[INFO] [1786766150.253931736] [landing_scout_1]: [scout_1] 📐 RIGHTTRACE attempt=2 u_z=-0.8879 w=59 omega=1.657 omega_roll=-1.390 dir=(-0.21,0.98)
[INFO] [1786766152.254127646] [landing_scout_1]: [scout_1] 📐 RIGHTTRACE attempt=2 u_z=-0.8482 w=78 omega=1.097 omega_roll=0.956 dir=(0.40,-0.92)
[INFO] [1786766154.254321826] [landing_scout_1]: [scout_1] 📐 RIGHTTRACE attempt=2 u_z=-0.0674 w=98 omega=4.931 omega_roll=4.619 dir=(0.50,-0.87)
[INFO] [1786766155.200188907] [landing_scout_1]: [scout_1] Landing controller state: RIGHTING
[INFO] [1786766156.256320959] [landing_scout_1]: [scout_1] 📐 RIGHTTRACE attempt=2 u_z=-0.3228 w=138 omega=2.722 omega_roll=-0.004 dir=(0.82,-0.57)
[INFO] [1786766158.256068322] [landing_scout_1]: [scout_1] 📐 RIGHTTRACE attempt=2 u_z=-0.7050 w=160 omega=4.778 omega_roll=3.108 dir=(0.71,0.70)
[WARN] [1786766159.758774020] [landing_scout_1]: [scout_1] Still inverted (u_z=-0.55), retrying with alternate roll axis/sign (attempt 3/5)
[INFO] [1786766159.768484898] [landing_scout_1]: [scout_1] 🔄 RW righting attempt 3/5: proportional roll, u_z=-0.66
[INFO] [1786766160.200628039] [landing_scout_1]: [scout_1] Landing controller state: RIGHTING
[INFO] [1786766161.757914851] [landing_scout_1]: [scout_1] 📐 RIGHTTRACE attempt=3 u_z=-0.2496 w=17 omega=2.638 omega_roll=2.616 dir=(0.32,-0.95)
[INFO] [1786766163.758155926] [landing_scout_1]: [scout_1] 📐 RIGHTTRACE attempt=3 u_z=0.1010 w=51 omega=3.233 omega_roll=2.754 dir=(0.17,-0.99)
[INFO] [1786766165.199588703] [landing_scout_1]: [scout_1] Landing controller state: RIGHTING
[INFO] [1786766165.780661845] [landing_scout_1]: [scout_1] 📐 RIGHTTRACE attempt=3 u_z=0.7913 w=72 omega=4.260 omega_roll=3.473 dir=(0.10,-0.99)
[INFO] [1786766167.781902190] [landing_scout_1]: [scout_1] 📐 RIGHTTRACE attempt=3 u_z=-0.8727 w=96 omega=0.719 omega_roll=0.518 dir=(0.45,-0.89)
[INFO] [1786766169.782361158] [landing_scout_1]: [scout_1] 📐 RIGHTTRACE attempt=3 u_z=0.6044 w=137 omega=4.655 omega_roll=-1.694 dir=(-0.05,1.00)
[INFO] [1786766170.199576914] [landing_scout_1]: [scout_1] Landing controller state: RIGHTING
[INFO] [1786766171.781321747] [landing_scout_1]: [scout_1] 📐 RIGHTTRACE attempt=3 u_z=0.3229 w=157 omega=3.445 omega_roll=-0.306 dir=(0.95,-0.30)
[INFO] [1786766173.782056001] [landing_scout_1]: [scout_1] 📐 RIGHTTRACE attempt=3 u_z=-0.5969 w=160 omega=4.481 omega_roll=1.876 dir=(0.98,0.20)
[INFO] [1786766175.199582615] [landing_scout_1]: [scout_1] Landing controller state: RIGHTING
[WARN] [1786766175.281871672] [landing_scout_1]: [scout_1] Still inverted (u_z=-0.35), retrying with alternate roll axis/sign (attempt 4/5)
[INFO] [1786766175.291808976] [landing_scout_1]: [scout_1] 🔄 RW righting attempt 4/5: proportional roll, u_z=-0.49
[INFO] [1786766177.281254039] [landing_scout_1]: [scout_1] 📐 RIGHTTRACE attempt=4 u_z=-0.2444 w=18 omega=2.865 omega_roll=2.484 dir=(0.31,-0.95)
[INFO] [1786766179.284212631] [landing_scout_1]: [scout_1] 📐 RIGHTTRACE attempt=4 u_z=-0.1274 w=50 omega=3.480 omega_roll=2.600 dir=(0.20,-0.98)
[INFO] [1786766180.199925129] [landing_scout_1]: [scout_1] Landing controller state: RIGHTING
[INFO] [1786766181.287685981] [landing_scout_1]: [scout_1] 📐 RIGHTTRACE attempt=4 u_z=0.1287 w=69 omega=4.557 omega_roll=4.517 dir=(0.31,-0.95)
[INFO] [1786766183.287316556] [landing_scout_1]: [scout_1] 📐 RIGHTTRACE attempt=4 u_z=0.2054 w=95 omega=4.654 omega_roll=-0.273 dir=(0.47,0.88)
[INFO] [1786766185.199536289] [landing_scout_1]: [scout_1] Landing controller state: RIGHTING
[INFO] [1786766185.288168135] [landing_scout_1]: [scout_1] 📐 RIGHTTRACE attempt=4 u_z=0.0433 w=135 omega=2.318 omega_roll=-0.117 dir=(-0.01,-1.00)
[INFO] [1786766187.287155573] [landing_scout_1]: [scout_1] 📐 RIGHTTRACE attempt=4 u_z=-0.5692 w=160 omega=4.651 omega_roll=2.453 dir=(-0.66,-0.76)
[INFO] [1786766189.287524512] [landing_scout_1]: [scout_1] 📐 RIGHTTRACE attempt=4 u_z=0.1065 w=160 omega=2.853 omega_roll=-0.804 dir=(-0.09,-1.00)
[INFO] [1786766190.199592245] [landing_scout_1]: [scout_1] Landing controller state: RIGHTING
[WARN] [1786766190.786921049] [landing_scout_1]: [scout_1] Still inverted (u_z=-0.97), retrying with alternate roll axis/sign (attempt 5/5)
[INFO] [1786766190.798082758] [landing_scout_1]: [scout_1] 🔄 RW righting attempt 5/5: proportional roll, u_z=-0.97
[INFO] [1786766192.786928748] [landing_scout_1]: [scout_1] 📐 RIGHTTRACE attempt=5 u_z=-0.9960 w=17 omega=2.853 omega_roll=2.187 dir=(0.41,-0.91)
[INFO] [1786766194.788021188] [landing_scout_1]: [scout_1] 📐 RIGHTTRACE attempt=5 u_z=-0.9039 w=41 omega=2.489 omega_roll=1.665 dir=(0.31,-0.95)
[INFO] [1786766195.200359517] [landing_scout_1]: [scout_1] Landing controller state: RIGHTING
[INFO] [1786766196.789207727] [landing_scout_1]: [scout_1] 📐 RIGHTTRACE attempt=5 u_z=-0.8144 w=59 omega=2.118 omega_roll=1.601 dir=(0.42,-0.91)
[INFO] [1786766198.790897711] [landing_scout_1]: [scout_1] 📐 RIGHTTRACE attempt=5 u_z=-0.4094 w=79 omega=1.329 omega_roll=1.202 dir=(0.43,-0.90)
[INFO] [1786766200.200412347] [landing_scout_1]: [scout_1] Landing controller state: RIGHTING
[INFO] [1786766202.792517856] [landing_scout_1]: [scout_1] 📐 RIGHTTRACE attempt=5 u_z=-0.1206 w=137 omega=4.834 omega_roll=1.476 dir=(-0.93,0.38)
[INFO] [1786766204.793279491] [landing_scout_1]: [scout_1] 📐 RIGHTTRACE attempt=5 u_z=-0.6540 w=154 omega=3.874 omega_roll=1.745 dir=(-0.27,-0.96)
[INFO] [1786766205.199672235] [landing_scout_1]: [scout_1] Landing controller state: RIGHTING
[ERROR] [1786766206.294617432] [landing_scout_1]: [scout_1] ❌ Self-righting failed after 5 attempts — giving up, marking LANDED anyway so downstream logic (e.g. SAMPLER dispatch) does not hang forever. Robot may still be physically inverted.
