[INFO] [1786182281.645481919] [landing_scout_1]: [scout_1] Landing Controller: ONLINE
[INFO] [1786182286.698276919] [landing_scout_1]: [scout_1] Landing controller state: IDLE
[INFO] [1786182291.698892751] [landing_scout_1]: [scout_1] Landing controller state: IDLE
[INFO] [1786182293.896520030] [landing_scout_1]: [scout_1] 🎯 Resting while IDLE (altitude static) — confirming ground contact
[INFO] [1786182294.299143665] [landing_scout_1]: [scout_1] ✅ LANDED — stable contact confirmed
[INFO] [1786182295.280824342] [landing_scout_1]: [scout_1] 🚀 Jump detected → FLIGHT mode (contact detection blanked 100 s for launch)
[INFO] [1786182295.322188787] [landing_scout_1]: [scout_1] 📏 CALIBSERIES t=0.0s v=0.00672 m/s (vx=0.00408 vy=-0.00111 vz=-0.00522)
[INFO] [1786182296.698794617] [landing_scout_1]: [scout_1] Landing controller state: FLIGHT
[INFO] [1786182297.324803403] [landing_scout_1]: [scout_1] 📏 CALIBSERIES t=2.0s v=0.00216 m/s (vx=0.00031 vy=0.00003 vz=-0.00214)
[INFO] [1786182297.411820033] [landing_scout_1]: [scout_1] 🚀 Jump detected → FLIGHT mode (contact detection blanked 100 s for launch)
[INFO] [1786182297.426572567] [landing_scout_1]: [scout_1] 📏 CALIBSERIES t=0.0s v=0.00556 m/s (vx=0.00276 vy=0.00046 vz=-0.00481)
[INFO] [1786182299.431313837] [landing_scout_1]: [scout_1] 📏 CALIBSERIES t=2.0s v=0.00237 m/s (vx=0.00032 vy=0.00003 vz=-0.00235)
[INFO] [1786182301.451906862] [landing_scout_1]: [scout_1] 📏 CALIBSERIES t=4.0s v=0.00260 m/s (vx=0.00033 vy=0.00004 vz=-0.00258)
[INFO] [1786182301.698643201] [landing_scout_1]: [scout_1] Landing controller state: FLIGHT
[INFO] [1786182303.455190407] [landing_scout_1]: [scout_1] 📏 CALIBSERIES t=6.0s v=0.00283 m/s (vx=0.00037 vy=0.00004 vz=-0.00280)
[INFO] [1786182305.477565412] [landing_scout_1]: [scout_1] 📏 CALIBSERIES t=8.1s v=0.00305 m/s (vx=0.00040 vy=0.00004 vz=-0.00303)
[INFO] [1786182306.698448763] [landing_scout_1]: [scout_1] Landing controller state: FLIGHT
[INFO] [1786182307.493772983] [landing_scout_1]: [scout_1] 📏 CALIBSERIES t=10.1s v=0.00328 m/s (vx=0.00043 vy=0.00004 vz=-0.00325)
[INFO] [1786182309.494763778] [landing_scout_1]: [scout_1] 📏 CALIBSERIES t=12.1s v=0.00351 m/s (vx=0.00046 vy=0.00005 vz=-0.00348)
[INFO] [1786182311.499123475] [landing_scout_1]: [scout_1] 📏 CALIBSERIES t=14.1s v=0.00374 m/s (vx=0.00049 vy=0.00005 vz=-0.00370)
[INFO] [1786182311.698418930] [landing_scout_1]: [scout_1] Landing controller state: FLIGHT
[INFO] [1786182313.502920039] [landing_scout_1]: [scout_1] 📏 CALIBSERIES t=16.1s v=0.00397 m/s (vx=0.00053 vy=0.00005 vz=-0.00393)
[INFO] [1786182315.533583792] [landing_scout_1]: [scout_1] 📏 CALIBSERIES t=18.1s v=0.00419 m/s (vx=0.00056 vy=0.00006 vz=-0.00416)
[INFO] [1786182316.699885560] [landing_scout_1]: [scout_1] Landing controller state: FLIGHT
[INFO] [1786182317.578626994] [landing_scout_1]: [scout_1] 📏 CALIBSERIES t=20.2s v=0.00442 m/s (vx=0.00059 vy=0.00006 vz=-0.00438)
[INFO] [1786182319.580948358] [landing_scout_1]: [scout_1] 📏 CALIBSERIES t=22.2s v=0.00465 m/s (vx=0.00062 vy=0.00006 vz=-0.00461)
[INFO] [1786182321.583659283] [landing_scout_1]: [scout_1] 📏 CALIBSERIES t=24.2s v=0.00488 m/s (vx=0.00065 vy=0.00007 vz=-0.00483)
[INFO] [1786182321.698138369] [landing_scout_1]: [scout_1] Landing controller state: FLIGHT
[INFO] [1786182323.584405437] [landing_scout_1]: [scout_1] 📏 CALIBSERIES t=26.2s v=0.00511 m/s (vx=0.00069 vy=0.00007 vz=-0.00506)
[INFO] [1786182325.584471608] [landing_scout_1]: [scout_1] 📏 CALIBSERIES t=28.2s v=0.00533 m/s (vx=0.00072 vy=0.00007 vz=-0.00528)
[INFO] [1786182326.698340682] [landing_scout_1]: [scout_1] Landing controller state: FLIGHT
[INFO] [1786182327.586758427] [landing_scout_1]: [scout_1] 📏 CALIBSERIES t=30.2s v=0.00556 m/s (vx=0.00075 vy=0.00008 vz=-0.00551)
[INFO] [1786182329.591940137] [landing_scout_1]: [scout_1] 📏 CALIBSERIES t=32.2s v=0.00579 m/s (vx=0.00078 vy=0.00008 vz=-0.00574)
[INFO] [1786182331.592297159] [landing_scout_1]: [scout_1] 📏 CALIBSERIES t=34.2s v=0.00602 m/s (vx=0.00081 vy=0.00008 vz=-0.00596)
[INFO] [1786182331.698549241] [landing_scout_1]: [scout_1] Landing controller state: FLIGHT
[INFO] [1786182333.606996055] [landing_scout_1]: [scout_1] 📏 CALIBSERIES t=36.2s v=0.00625 m/s (vx=0.00084 vy=0.00008 vz=-0.00619)
[INFO] [1786182335.632914034] [landing_scout_1]: [scout_1] 📏 CALIBSERIES t=38.2s v=0.00647 m/s (vx=0.00088 vy=0.00009 vz=-0.00641)
[INFO] [1786182336.698214109] [landing_scout_1]: [scout_1] Landing controller state: FLIGHT
[INFO] [1786182337.633152497] [landing_scout_1]: [scout_1] 📏 CALIBSERIES t=40.2s v=0.00670 m/s (vx=0.00091 vy=0.00009 vz=-0.00664)
[INFO] [1786182339.641751176] [landing_scout_1]: [scout_1] 📏 CALIBSERIES t=42.2s v=0.00693 m/s (vx=0.00094 vy=0.00009 vz=-0.00686)
[INFO] [1786182341.644114588] [landing_scout_1]: [scout_1] 📏 CALIBSERIES t=44.2s v=0.00716 m/s (vx=0.00097 vy=0.00010 vz=-0.00709)
[INFO] [1786182341.698708561] [landing_scout_1]: [scout_1] Landing controller state: FLIGHT
[INFO] [1786182343.646137231] [landing_scout_1]: [scout_1] 📏 CALIBSERIES t=46.2s v=0.00739 m/s (vx=0.00101 vy=0.00010 vz=-0.00732)
[INFO] [1786182345.649449749] [landing_scout_1]: [scout_1] 📏 CALIBSERIES t=48.2s v=0.00761 m/s (vx=0.00104 vy=0.00010 vz=-0.00754)
[INFO] [1786182346.698131939] [landing_scout_1]: [scout_1] Landing controller state: FLIGHT
[INFO] [1786182347.653460171] [landing_scout_1]: [scout_1] 📏 CALIBSERIES t=50.2s v=0.00784 m/s (vx=0.00107 vy=0.00011 vz=-0.00777)
[INFO] [1786182349.659426679] [landing_scout_1]: [scout_1] 📏 CALIBSERIES t=52.2s v=0.02177 m/s (vx=0.02018 vy=0.00010 vz=-0.00814)
[INFO] [1786182351.666662598] [landing_scout_1]: [scout_1] 📏 CALIBSERIES t=54.3s v=0.00874 m/s (vx=0.00270 vy=0.00012 vz=-0.00831)
[INFO] [1786182351.698685411] [landing_scout_1]: [scout_1] Landing controller state: FLIGHT
[INFO] [1786182353.693660677] [landing_scout_1]: [scout_1] 📏 CALIBSERIES t=56.3s v=0.00854 m/s (vx=0.00040 vy=0.00012 vz=-0.00853)
[INFO] [1786182355.700355993] [landing_scout_1]: [scout_1] 📏 CALIBSERIES t=58.3s v=0.00875 m/s (vx=0.00015 vy=0.00012 vz=-0.00875)
[INFO] [1786182356.698393101] [landing_scout_1]: [scout_1] Landing controller state: FLIGHT
[INFO] [1786182357.706532793] [landing_scout_1]: [scout_1] 📏 CALIBSERIES t=60.3s v=0.00898 m/s (vx=0.00012 vy=0.00012 vz=-0.00898)
[INFO] [1786182357.707455042] [landing_scout_1]: [scout_1] 📏 CALIBSTABLE t=60.3s v=0.00898 m/s (vx=0.00012 vy=0.00012 vz=-0.00898) -- 3 consecutive samples steady
[INFO] [1786182361.698743380] [landing_scout_1]: [scout_1] Landing controller state: FLIGHT
[INFO] [1786182366.698072981] [landing_scout_1]: [scout_1] Landing controller state: FLIGHT
[INFO] [1786182371.698698309] [landing_scout_1]: [scout_1] Landing controller state: FLIGHT
[INFO] [1786182376.698122615] [landing_scout_1]: [scout_1] Landing controller state: FLIGHT
[INFO] [1786182381.699024709] [landing_scout_1]: [scout_1] Landing controller state: FLIGHT
[INFO] [1786182386.698432295] [landing_scout_1]: [scout_1] Landing controller state: FLIGHT
[INFO] [1786182391.699157442] [landing_scout_1]: [scout_1] Landing controller state: FLIGHT
[INFO] [1786182396.698270942] [landing_scout_1]: [scout_1] Landing controller state: FLIGHT
[INFO] [1786182401.698824420] [landing_scout_1]: [scout_1] Landing controller state: FLIGHT
[INFO] [1786182406.698936702] [landing_scout_1]: [scout_1] Landing controller state: FLIGHT
[INFO] [1786182411.698423822] [landing_scout_1]: [scout_1] Landing controller state: FLIGHT
[INFO] [1786182416.698830794] [landing_scout_1]: [scout_1] Landing controller state: FLIGHT
[INFO] [1786182421.698162115] [landing_scout_1]: [scout_1] Landing controller state: FLIGHT
[INFO] [1786182424.801925038] [landing_scout_1]: [scout_1] 🎯 Contact detected! accel=0.1328 m/s² → hands-off settle (no posture commands at contact)
[INFO] [1786182425.206966192] [landing_scout_1]: [scout_1] ✅ LANDED — stable contact confirmed
[INFO] [1786182426.698328139] [landing_scout_1]: [scout_1] Landing controller state: LANDED
[INFO] [1786182426.737160660] [landing_scout_1]: [scout_1] 🚀 Jump detected → FLIGHT mode (contact detection blanked 100 s for launch)
[INFO] [1786182426.856287388] [landing_scout_1]: [scout_1] 📏 CALIBSERIES t=0.1s v=0.08886 m/s (vx=0.04726 vy=-0.07485 vz=0.00782)
[INFO] [1786182428.857420225] [landing_scout_1]: [scout_1] 📏 CALIBSERIES t=2.1s v=0.01504 m/s (vx=-0.00390 vy=-0.00407 vz=0.01394)
[INFO] [1786182430.860663553] [landing_scout_1]: [scout_1] 📏 CALIBSERIES t=4.1s v=0.01483 m/s (vx=-0.00392 vy=-0.00404 vz=0.01371)
[INFO] [1786182431.698281175] [landing_scout_1]: [scout_1] Landing controller state: FLIGHT
[INFO] [1786182432.863255090] [landing_scout_1]: [scout_1] 📏 CALIBSERIES t=6.1s v=0.01461 m/s (vx=-0.00392 vy=-0.00403 vz=0.01349)
[INFO] [1786182432.863774637] [landing_scout_1]: [scout_1] 📏 CALIBSTABLE t=6.1s v=0.01461 m/s (vx=-0.00392 vy=-0.00403 vz=0.01349) -- 3 consecutive samples steady
[INFO] [1786182436.698288848] [landing_scout_1]: [scout_1] Landing controller state: FLIGHT
