[INFO] [1786181124.631497245] [landing_scout_1]: [scout_1] Landing Controller: ONLINE
[INFO] [1786181129.679273210] [landing_scout_1]: [scout_1] Landing controller state: IDLE
[INFO] [1786181134.678793046] [landing_scout_1]: [scout_1] Landing controller state: IDLE
[INFO] [1786181139.678746609] [landing_scout_1]: [scout_1] Landing controller state: IDLE
[INFO] [1786181144.678914106] [landing_scout_1]: [scout_1] Landing controller state: IDLE
[INFO] [1786181149.678714797] [landing_scout_1]: [scout_1] Landing controller state: IDLE
[INFO] [1786181154.679215176] [landing_scout_1]: [scout_1] Landing controller state: IDLE
[INFO] [1786181159.678933258] [landing_scout_1]: [scout_1] Landing controller state: IDLE
[INFO] [1786181164.678743331] [landing_scout_1]: [scout_1] Landing controller state: IDLE
[INFO] [1786181169.679190166] [landing_scout_1]: [scout_1] Landing controller state: IDLE
[INFO] [1786181174.678888860] [landing_scout_1]: [scout_1] Landing controller state: IDLE
[INFO] [1786181179.678924343] [landing_scout_1]: [scout_1] Landing controller state: IDLE
[INFO] [1786181184.678866807] [landing_scout_1]: [scout_1] Landing controller state: IDLE
[INFO] [1786181189.414187400] [landing_scout_1]: [scout_1] 🚀 Jump detected → FLIGHT mode (contact detection blanked 100 s for launch)
[INFO] [1786181189.427058233] [landing_scout_1]: [scout_1] 📏 CALIBSERIES t=0.0s v=0.00953 m/s (vx=0.00918 vy=-0.00010 vz=-0.00253)
[INFO] [1786181189.679480049] [landing_scout_1]: [scout_1] Landing controller state: FLIGHT
[INFO] [1786181191.429708439] [landing_scout_1]: [scout_1] 📏 CALIBSERIES t=2.0s v=0.00796 m/s (vx=0.00000 vy=-0.00000 vz=-0.00796)
[INFO] [1786181193.431742417] [landing_scout_1]: [scout_1] 📏 CALIBSERIES t=4.0s v=0.00818 m/s (vx=0.00000 vy=-0.00000 vz=-0.00818)
[INFO] [1786181194.678980714] [landing_scout_1]: [scout_1] Landing controller state: FLIGHT
[INFO] [1786181195.432453780] [landing_scout_1]: [scout_1] 📏 CALIBSERIES t=6.0s v=0.00841 m/s (vx=0.00000 vy=-0.00000 vz=-0.00841)
[INFO] [1786181197.432743426] [landing_scout_1]: [scout_1] 📏 CALIBSERIES t=8.0s v=0.00864 m/s (vx=0.00000 vy=-0.00000 vz=-0.00864)
[INFO] [1786181199.436349947] [landing_scout_1]: [scout_1] 📏 CALIBSERIES t=10.0s v=0.00887 m/s (vx=0.00000 vy=-0.00000 vz=-0.00887)
[INFO] [1786181199.678917277] [landing_scout_1]: [scout_1] Landing controller state: FLIGHT
[INFO] [1786181201.436752300] [landing_scout_1]: [scout_1] 📏 CALIBSERIES t=12.0s v=0.00910 m/s (vx=0.00000 vy=-0.00000 vz=-0.00910)
[INFO] [1786181203.439615750] [landing_scout_1]: [scout_1] 📏 CALIBSERIES t=14.0s v=0.00932 m/s (vx=0.00000 vy=-0.00000 vz=-0.00932)
[INFO] [1786181203.440030824] [landing_scout_1]: [scout_1] 📏 CALIBSTABLE t=14.0s v=0.00932 m/s (vx=0.00000 vy=-0.00000 vz=-0.00932) -- 3 consecutive samples steady
[INFO] [1786181204.679422859] [landing_scout_1]: [scout_1] Landing controller state: FLIGHT
