[INFO] [1786181959.572140947] [landing_scout_1]: [scout_1] Landing Controller: ONLINE
[INFO] [1786181964.614821995] [landing_scout_1]: [scout_1] Landing controller state: IDLE
[INFO] [1786181969.614602943] [landing_scout_1]: [scout_1] Landing controller state: IDLE
[INFO] [1786181974.614437943] [landing_scout_1]: [scout_1] Landing controller state: IDLE
[INFO] [1786181979.614941360] [landing_scout_1]: [scout_1] Landing controller state: IDLE
[INFO] [1786181984.614581523] [landing_scout_1]: [scout_1] Landing controller state: IDLE
[INFO] [1786181989.614771065] [landing_scout_1]: [scout_1] Landing controller state: IDLE
[INFO] [1786181994.614580754] [landing_scout_1]: [scout_1] Landing controller state: IDLE
[INFO] [1786181999.615258471] [landing_scout_1]: [scout_1] Landing controller state: IDLE
[INFO] [1786182004.614563111] [landing_scout_1]: [scout_1] Landing controller state: IDLE
[INFO] [1786182009.614490544] [landing_scout_1]: [scout_1] Landing controller state: IDLE
[INFO] [1786182014.614847228] [landing_scout_1]: [scout_1] Landing controller state: IDLE
[INFO] [1786182019.614306610] [landing_scout_1]: [scout_1] Landing controller state: IDLE
[INFO] [1786182024.414502516] [landing_scout_1]: [scout_1] 🚀 Jump detected → FLIGHT mode (contact detection blanked 100 s for launch)
[INFO] [1786182024.418078459] [landing_scout_1]: [scout_1] 📏 CALIBSERIES t=0.0s v=0.01384 m/s (vx=0.01304 vy=-0.00006 vz=-0.00462)
[INFO] [1786182024.614889493] [landing_scout_1]: [scout_1] Landing controller state: FLIGHT
[INFO] [1786182026.430807388] [landing_scout_1]: [scout_1] 📏 CALIBSERIES t=2.0s v=0.00796 m/s (vx=-0.00006 vy=-0.00000 vz=-0.00796)
[INFO] [1786182028.460285841] [landing_scout_1]: [scout_1] 📏 CALIBSERIES t=4.0s v=0.00818 m/s (vx=-0.00007 vy=-0.00000 vz=-0.00818)
[INFO] [1786182029.614347088] [landing_scout_1]: [scout_1] Landing controller state: FLIGHT
[INFO] [1786182030.470241403] [landing_scout_1]: [scout_1] 📏 CALIBSERIES t=6.1s v=0.00841 m/s (vx=-0.00007 vy=-0.00000 vz=-0.00841)
[INFO] [1786182032.477942064] [landing_scout_1]: [scout_1] 📏 CALIBSERIES t=8.1s v=0.00864 m/s (vx=-0.00007 vy=-0.00000 vz=-0.00864)
[INFO] [1786182034.499102858] [landing_scout_1]: [scout_1] 📏 CALIBSERIES t=10.1s v=0.00887 m/s (vx=-0.00007 vy=-0.00000 vz=-0.00887)
[INFO] [1786182034.614297920] [landing_scout_1]: [scout_1] Landing controller state: FLIGHT
[INFO] [1786182036.529323522] [landing_scout_1]: [scout_1] 📏 CALIBSERIES t=12.1s v=0.00910 m/s (vx=-0.00007 vy=-0.00000 vz=-0.00910)
[INFO] [1786182038.930794542] [landing_scout_1]: [scout_1] 📏 CALIBSERIES t=14.5s v=6020.79729 m/s (vx=0.00000 vy=500.00000 vz=6000.00000)
[INFO] [1786182039.614208260] [landing_scout_1]: [scout_1] Landing controller state: FLIGHT
