[INFO] [1786181209.277929842] [landing_scout_1]: [scout_1] Landing Controller: ONLINE
[INFO] [1786181214.331513288] [landing_scout_1]: [scout_1] Landing controller state: IDLE
[INFO] [1786181219.331460177] [landing_scout_1]: [scout_1] Landing controller state: IDLE
[INFO] [1786181224.331712433] [landing_scout_1]: [scout_1] Landing controller state: IDLE
[INFO] [1786181229.331527072] [landing_scout_1]: [scout_1] Landing controller state: IDLE
[INFO] [1786181234.332177881] [landing_scout_1]: [scout_1] Landing controller state: IDLE
[INFO] [1786181239.332443315] [landing_scout_1]: [scout_1] Landing controller state: IDLE
[INFO] [1786181244.331488202] [landing_scout_1]: [scout_1] Landing controller state: IDLE
[INFO] [1786181249.331566914] [landing_scout_1]: [scout_1] Landing controller state: IDLE
[INFO] [1786181254.331475228] [landing_scout_1]: [scout_1] Landing controller state: IDLE
[INFO] [1786181259.331661534] [landing_scout_1]: [scout_1] Landing controller state: IDLE
[INFO] [1786181264.331525816] [landing_scout_1]: [scout_1] Landing controller state: IDLE
[INFO] [1786181269.331475814] [landing_scout_1]: [scout_1] Landing controller state: IDLE
[INFO] [1786181274.126446167] [landing_scout_1]: [scout_1] 🚀 Jump detected → FLIGHT mode (contact detection blanked 100 s for launch)
[INFO] [1786181274.138514370] [landing_scout_1]: [scout_1] 📏 CALIBSERIES t=0.0s v=0.01137 m/s (vx=0.00992 vy=0.00010 vz=-0.00556)
[INFO] [1786181274.331458938] [landing_scout_1]: [scout_1] Landing controller state: FLIGHT
[INFO] [1786181276.142300759] [landing_scout_1]: [scout_1] 📏 CALIBSERIES t=2.0s v=0.00796 m/s (vx=-0.00002 vy=-0.00000 vz=-0.00796)
[INFO] [1786181278.146071077] [landing_scout_1]: [scout_1] 📏 CALIBSERIES t=4.0s v=0.00819 m/s (vx=-0.00007 vy=-0.00000 vz=-0.00819)
[INFO] [1786181279.331521424] [landing_scout_1]: [scout_1] Landing controller state: FLIGHT
[INFO] [1786181280.150172859] [landing_scout_1]: [scout_1] 📏 CALIBSERIES t=6.0s v=0.00842 m/s (vx=-0.00007 vy=0.00000 vz=-0.00842)
[INFO] [1786181282.153109942] [landing_scout_1]: [scout_1] 📏 CALIBSERIES t=8.0s v=0.00865 m/s (vx=-0.00007 vy=0.00000 vz=-0.00865)
[INFO] [1786181284.155499034] [landing_scout_1]: [scout_1] 📏 CALIBSERIES t=10.0s v=0.00887 m/s (vx=-0.00007 vy=0.00000 vz=-0.00887)
[INFO] [1786181284.331445992] [landing_scout_1]: [scout_1] Landing controller state: FLIGHT
[INFO] [1786181286.157943154] [landing_scout_1]: [scout_1] 📏 CALIBSERIES t=12.0s v=0.00910 m/s (vx=-0.00008 vy=0.00000 vz=-0.00910)
[INFO] [1786181288.162285512] [landing_scout_1]: [scout_1] 📏 CALIBSERIES t=14.0s v=0.00933 m/s (vx=-0.00008 vy=0.00000 vz=-0.00933)
[INFO] [1786181288.162833914] [landing_scout_1]: [scout_1] 📏 CALIBSTABLE t=14.0s v=0.00933 m/s (vx=-0.00008 vy=0.00000 vz=-0.00933) -- 3 consecutive samples steady
[INFO] [1786181289.331847117] [landing_scout_1]: [scout_1] Landing controller state: FLIGHT
