[INFO] [1786181294.112938349] [landing_scout_1]: [scout_1] Landing Controller: ONLINE
[INFO] [1786181299.161823880] [landing_scout_1]: [scout_1] Landing controller state: IDLE
[INFO] [1786181304.162044881] [landing_scout_1]: [scout_1] Landing controller state: IDLE
[INFO] [1786181309.161521735] [landing_scout_1]: [scout_1] Landing controller state: IDLE
[INFO] [1786181314.161845870] [landing_scout_1]: [scout_1] Landing controller state: IDLE
[INFO] [1786181319.160962177] [landing_scout_1]: [scout_1] Landing controller state: IDLE
[INFO] [1786181324.161119019] [landing_scout_1]: [scout_1] Landing controller state: IDLE
[INFO] [1786181329.161700389] [landing_scout_1]: [scout_1] Landing controller state: IDLE
[INFO] [1786181334.161340170] [landing_scout_1]: [scout_1] Landing controller state: IDLE
[INFO] [1786181339.161131325] [landing_scout_1]: [scout_1] Landing controller state: IDLE
[INFO] [1786181344.161069386] [landing_scout_1]: [scout_1] Landing controller state: IDLE
[INFO] [1786181349.161569565] [landing_scout_1]: [scout_1] Landing controller state: IDLE
[INFO] [1786181354.160925404] [landing_scout_1]: [scout_1] Landing controller state: IDLE
[INFO] [1786181359.161149901] [landing_scout_1]: [scout_1] Landing controller state: IDLE
[INFO] [1786181359.760079609] [landing_scout_1]: [scout_1] 🚀 Jump detected → FLIGHT mode (contact detection blanked 100 s for launch)
[INFO] [1786181359.764452997] [landing_scout_1]: [scout_1] 📏 CALIBSERIES t=0.0s v=0.00714 m/s (vx=0.00376 vy=-0.00015 vz=-0.00607)
[INFO] [1786181361.766840344] [landing_scout_1]: [scout_1] 📏 CALIBSERIES t=2.0s v=0.00806 m/s (vx=-0.00003 vy=-0.00000 vz=-0.00806)
[INFO] [1786181363.772667421] [landing_scout_1]: [scout_1] 📏 CALIBSERIES t=4.0s v=0.00829 m/s (vx=-0.00004 vy=-0.00000 vz=-0.00829)
[INFO] [1786181364.161095755] [landing_scout_1]: [scout_1] Landing controller state: FLIGHT
[INFO] [1786181365.773994757] [landing_scout_1]: [scout_1] 📏 CALIBSERIES t=6.0s v=0.00852 m/s (vx=-0.00005 vy=-0.00000 vz=-0.00852)
[INFO] [1786181367.777189811] [landing_scout_1]: [scout_1] 📏 CALIBSERIES t=8.0s v=0.00875 m/s (vx=-0.00005 vy=-0.00000 vz=-0.00875)
[INFO] [1786181369.161260593] [landing_scout_1]: [scout_1] Landing controller state: FLIGHT
[INFO] [1786181369.782238266] [landing_scout_1]: [scout_1] 📏 CALIBSERIES t=10.0s v=0.00898 m/s (vx=-0.00005 vy=-0.00000 vz=-0.00898)
[INFO] [1786181371.787753470] [landing_scout_1]: [scout_1] 📏 CALIBSERIES t=12.0s v=0.00920 m/s (vx=-0.00005 vy=-0.00000 vz=-0.00920)
[INFO] [1786181371.788431359] [landing_scout_1]: [scout_1] 📏 CALIBSTABLE t=12.0s v=0.00920 m/s (vx=-0.00005 vy=-0.00000 vz=-0.00920) -- 3 consecutive samples steady
[INFO] [1786181374.161772507] [landing_scout_1]: [scout_1] Landing controller state: FLIGHT
