[INFO] [1786181377.932584781] [landing_scout_1]: [scout_1] Landing Controller: ONLINE
[INFO] [1786181382.996714908] [landing_scout_1]: [scout_1] Landing controller state: IDLE
[INFO] [1786181387.996716303] [landing_scout_1]: [scout_1] Landing controller state: IDLE
[INFO] [1786181392.996670097] [landing_scout_1]: [scout_1] Landing controller state: IDLE
[INFO] [1786181397.996566022] [landing_scout_1]: [scout_1] Landing controller state: IDLE
[INFO] [1786181402.996932227] [landing_scout_1]: [scout_1] Landing controller state: IDLE
[INFO] [1786181407.997500657] [landing_scout_1]: [scout_1] Landing controller state: IDLE
[INFO] [1786181412.996520924] [landing_scout_1]: [scout_1] Landing controller state: IDLE
[INFO] [1786181417.996848882] [landing_scout_1]: [scout_1] Landing controller state: IDLE
[INFO] [1786181422.996829057] [landing_scout_1]: [scout_1] Landing controller state: IDLE
[INFO] [1786181427.996716096] [landing_scout_1]: [scout_1] Landing controller state: IDLE
[INFO] [1786181432.996812207] [landing_scout_1]: [scout_1] Landing controller state: IDLE
[INFO] [1786181437.996604328] [landing_scout_1]: [scout_1] Landing controller state: IDLE
[INFO] [1786181442.996638137] [landing_scout_1]: [scout_1] Landing controller state: IDLE
[INFO] [1786181447.996818162] [landing_scout_1]: [scout_1] Landing controller state: IDLE
[INFO] [1786181452.996460854] [landing_scout_1]: [scout_1] Landing controller state: IDLE
[INFO] [1786181457.996968858] [landing_scout_1]: [scout_1] Landing controller state: IDLE
[INFO] [1786181459.556110119] [landing_scout_1]: [scout_1] 🚀 Jump detected → FLIGHT mode (contact detection blanked 100 s for launch)
[INFO] [1786181459.588344457] [landing_scout_1]: [scout_1] 📏 CALIBSERIES t=0.0s v=0.01724 m/s (vx=-0.00569 vy=0.00040 vz=-0.01627)
[INFO] [1786181461.601718682] [landing_scout_1]: [scout_1] 📏 CALIBSERIES t=2.0s v=0.00988 m/s (vx=-0.00006 vy=0.00000 vz=-0.00988)
[INFO] [1786181462.997445957] [landing_scout_1]: [scout_1] Landing controller state: FLIGHT
[INFO] [1786181463.602718723] [landing_scout_1]: [scout_1] 📏 CALIBSERIES t=4.0s v=0.01011 m/s (vx=-0.00007 vy=0.00000 vz=-0.01010)
[INFO] [1786181465.608805028] [landing_scout_1]: [scout_1] 📏 CALIBSERIES t=6.1s v=0.01033 m/s (vx=-0.00007 vy=0.00000 vz=-0.01033)
[INFO] [1786181465.609487318] [landing_scout_1]: [scout_1] 📏 CALIBSTABLE t=6.1s v=0.01033 m/s (vx=-0.00007 vy=0.00000 vz=-0.01033) -- 3 consecutive samples steady
[INFO] [1786181467.997039098] [landing_scout_1]: [scout_1] Landing controller state: FLIGHT
