[INFO] [1786181471.585794278] [landing_scout_1]: [scout_1] Landing Controller: ONLINE
[INFO] [1786181476.641903996] [landing_scout_1]: [scout_1] Landing controller state: IDLE
[INFO] [1786181481.642054108] [landing_scout_1]: [scout_1] Landing controller state: IDLE
[INFO] [1786181484.160891355] [landing_scout_1]: [scout_1] 🎯 Resting while IDLE (altitude static) — confirming ground contact
[INFO] [1786181484.562733122] [landing_scout_1]: [scout_1] ✅ LANDED — stable contact confirmed
[INFO] [1786181485.001810147] [landing_scout_1]: [scout_1] 🚀 Jump detected → FLIGHT mode (contact detection blanked 100 s for launch)
[INFO] [1786181485.023835349] [landing_scout_1]: [scout_1] 📏 CALIBSERIES t=0.0s v=0.01109 m/s (vx=0.01064 vy=-0.00032 vz=-0.00310)
[INFO] [1786181485.693269674] [landing_scout_1]: [scout_1] 🚀 Jump detected → FLIGHT mode (contact detection blanked 100 s for launch)
[INFO] [1786181485.695135931] [landing_scout_1]: [scout_1] 📏 CALIBSERIES t=0.0s v=0.00693 m/s (vx=0.00467 vy=-0.00005 vz=0.00511)
[INFO] [1786181486.641505904] [landing_scout_1]: [scout_1] Landing controller state: FLIGHT
[INFO] [1786181487.714238067] [landing_scout_1]: [scout_1] 📏 CALIBSERIES t=2.0s v=0.00218 m/s (vx=0.00001 vy=0.00000 vz=-0.00218)
[INFO] [1786181489.717908112] [landing_scout_1]: [scout_1] 📏 CALIBSERIES t=4.0s v=0.00241 m/s (vx=-0.00001 vy=0.00000 vz=-0.00241)
[INFO] [1786181491.641332512] [landing_scout_1]: [scout_1] Landing controller state: FLIGHT
[INFO] [1786181491.728760529] [landing_scout_1]: [scout_1] 📏 CALIBSERIES t=6.0s v=0.00264 m/s (vx=-0.00001 vy=0.00000 vz=-0.00264)
[INFO] [1786181493.732299679] [landing_scout_1]: [scout_1] 📏 CALIBSERIES t=8.0s v=0.00287 m/s (vx=-0.00001 vy=0.00000 vz=-0.00287)
[INFO] [1786181495.754686059] [landing_scout_1]: [scout_1] 📏 CALIBSERIES t=10.1s v=0.00310 m/s (vx=-0.00001 vy=0.00000 vz=-0.00310)
[INFO] [1786181496.642013539] [landing_scout_1]: [scout_1] Landing controller state: FLIGHT
[INFO] [1786181497.762327180] [landing_scout_1]: [scout_1] 📏 CALIBSERIES t=12.1s v=0.00332 m/s (vx=-0.00001 vy=0.00000 vz=-0.00332)
[INFO] [1786181499.765666496] [landing_scout_1]: [scout_1] 📏 CALIBSERIES t=14.1s v=0.00355 m/s (vx=-0.00001 vy=0.00000 vz=-0.00355)
[INFO] [1786181501.642327023] [landing_scout_1]: [scout_1] Landing controller state: FLIGHT
[INFO] [1786181501.767511599] [landing_scout_1]: [scout_1] 📏 CALIBSERIES t=16.1s v=0.00378 m/s (vx=-0.00001 vy=0.00000 vz=-0.00378)
[INFO] [1786181503.772166246] [landing_scout_1]: [scout_1] 📏 CALIBSERIES t=18.1s v=0.00401 m/s (vx=-0.00001 vy=0.00000 vz=-0.00401)
[INFO] [1786181505.782585046] [landing_scout_1]: [scout_1] 📏 CALIBSERIES t=20.1s v=0.00424 m/s (vx=-0.00001 vy=0.00000 vz=-0.00424)
[INFO] [1786181506.642247543] [landing_scout_1]: [scout_1] Landing controller state: FLIGHT
[INFO] [1786181507.789593718] [landing_scout_1]: [scout_1] 📏 CALIBSERIES t=22.1s v=0.00446 m/s (vx=-0.00001 vy=0.00000 vz=-0.00446)
[INFO] [1786181509.793860515] [landing_scout_1]: [scout_1] 📏 CALIBSERIES t=24.1s v=0.00469 m/s (vx=-0.00001 vy=0.00000 vz=-0.00469)
[INFO] [1786181511.641536308] [landing_scout_1]: [scout_1] Landing controller state: FLIGHT
[INFO] [1786181511.796796252] [landing_scout_1]: [scout_1] 📏 CALIBSERIES t=26.1s v=0.00492 m/s (vx=-0.00001 vy=0.00000 vz=-0.00492)
[INFO] [1786181513.803142176] [landing_scout_1]: [scout_1] 📏 CALIBSERIES t=28.1s v=0.00515 m/s (vx=-0.00001 vy=0.00000 vz=-0.00515)
[INFO] [1786181515.805749783] [landing_scout_1]: [scout_1] 📏 CALIBSERIES t=30.1s v=0.00538 m/s (vx=-0.00001 vy=0.00000 vz=-0.00538)
[INFO] [1786181516.641531986] [landing_scout_1]: [scout_1] Landing controller state: FLIGHT
[INFO] [1786181517.813479483] [landing_scout_1]: [scout_1] 📏 CALIBSERIES t=32.1s v=0.00560 m/s (vx=-0.00001 vy=0.00000 vz=-0.00560)
[INFO] [1786181519.816955151] [landing_scout_1]: [scout_1] 📏 CALIBSERIES t=34.1s v=0.00583 m/s (vx=-0.00001 vy=0.00000 vz=-0.00583)
[INFO] [1786181521.641763072] [landing_scout_1]: [scout_1] Landing controller state: FLIGHT
[INFO] [1786181521.832752889] [landing_scout_1]: [scout_1] 📏 CALIBSERIES t=36.1s v=0.00606 m/s (vx=-0.00001 vy=0.00000 vz=-0.00606)
[INFO] [1786181523.837380807] [landing_scout_1]: [scout_1] 📏 CALIBSERIES t=38.1s v=0.00629 m/s (vx=-0.00001 vy=0.00000 vz=-0.00629)
[INFO] [1786181525.841946140] [landing_scout_1]: [scout_1] 📏 CALIBSERIES t=40.1s v=0.00652 m/s (vx=-0.00001 vy=0.00000 vz=-0.00652)
[INFO] [1786181526.641647920] [landing_scout_1]: [scout_1] Landing controller state: FLIGHT
[INFO] [1786181527.854433476] [landing_scout_1]: [scout_1] 📏 CALIBSERIES t=42.2s v=0.00674 m/s (vx=-0.00001 vy=0.00000 vz=-0.00674)
[INFO] [1786181529.863053846] [landing_scout_1]: [scout_1] 📏 CALIBSERIES t=44.2s v=0.00697 m/s (vx=-0.00001 vy=0.00000 vz=-0.00697)
[INFO] [1786181531.641444945] [landing_scout_1]: [scout_1] Landing controller state: FLIGHT
[INFO] [1786181531.863287893] [landing_scout_1]: [scout_1] 📏 CALIBSERIES t=46.2s v=0.00720 m/s (vx=-0.00001 vy=0.00000 vz=-0.00720)
[INFO] [1786181533.871036901] [landing_scout_1]: [scout_1] 📏 CALIBSERIES t=48.2s v=0.00743 m/s (vx=-0.00001 vy=0.00000 vz=-0.00743)
[INFO] [1786181535.874013577] [landing_scout_1]: [scout_1] 📏 CALIBSERIES t=50.2s v=0.00766 m/s (vx=-0.00001 vy=0.00000 vz=-0.00766)
[INFO] [1786181536.642452938] [landing_scout_1]: [scout_1] Landing controller state: FLIGHT
[INFO] [1786181537.903449529] [landing_scout_1]: [scout_1] 📏 CALIBSERIES t=52.2s v=0.00788 m/s (vx=-0.00001 vy=0.00000 vz=-0.00788)
[INFO] [1786181539.906551423] [landing_scout_1]: [scout_1] 📏 CALIBSERIES t=54.2s v=0.00811 m/s (vx=-0.00001 vy=0.00000 vz=-0.00811)
[INFO] [1786181541.641431422] [landing_scout_1]: [scout_1] Landing controller state: FLIGHT
[INFO] [1786181541.914051773] [landing_scout_1]: [scout_1] 📏 CALIBSERIES t=56.2s v=0.00834 m/s (vx=-0.00001 vy=0.00000 vz=-0.00834)
[INFO] [1786181543.919931357] [landing_scout_1]: [scout_1] 📏 CALIBSERIES t=58.2s v=0.00857 m/s (vx=-0.00001 vy=0.00000 vz=-0.00857)
[INFO] [1786181545.962246078] [landing_scout_1]: [scout_1] 📏 CALIBSERIES t=60.3s v=0.00880 m/s (vx=-0.00001 vy=0.00000 vz=-0.00880)
[INFO] [1786181546.641979444] [landing_scout_1]: [scout_1] Landing controller state: FLIGHT
[INFO] [1786181547.971651922] [landing_scout_1]: [scout_1] 📏 CALIBSERIES t=62.3s v=0.00902 m/s (vx=-0.00001 vy=0.00000 vz=-0.00902)
[INFO] [1786181549.983795931] [landing_scout_1]: [scout_1] 📏 CALIBSERIES t=64.3s v=0.00925 m/s (vx=-0.00001 vy=0.00000 vz=-0.00925)
[INFO] [1786181549.984481433] [landing_scout_1]: [scout_1] 📏 CALIBSTABLE t=64.3s v=0.00925 m/s (vx=-0.00001 vy=0.00000 vz=-0.00925) -- 3 consecutive samples steady
[INFO] [1786181551.642755193] [landing_scout_1]: [scout_1] Landing controller state: FLIGHT
[INFO] [1786181556.642546835] [landing_scout_1]: [scout_1] Landing controller state: FLIGHT
[INFO] [1786181561.642135347] [landing_scout_1]: [scout_1] Landing controller state: FLIGHT
[INFO] [1786181566.641934127] [landing_scout_1]: [scout_1] Landing controller state: FLIGHT
[INFO] [1786181571.641503097] [landing_scout_1]: [scout_1] Landing controller state: FLIGHT
[INFO] [1786181576.642084824] [landing_scout_1]: [scout_1] Landing controller state: FLIGHT
[INFO] [1786181581.641670432] [landing_scout_1]: [scout_1] Landing controller state: FLIGHT
[INFO] [1786181586.641511427] [landing_scout_1]: [scout_1] Landing controller state: FLIGHT
[INFO] [1786181591.641569675] [landing_scout_1]: [scout_1] Landing controller state: FLIGHT
[INFO] [1786181596.641918719] [landing_scout_1]: [scout_1] Landing controller state: FLIGHT
[INFO] [1786181601.641707113] [landing_scout_1]: [scout_1] Landing controller state: FLIGHT
[INFO] [1786181606.642090888] [landing_scout_1]: [scout_1] Landing controller state: FLIGHT
[INFO] [1786181611.641681297] [landing_scout_1]: [scout_1] Landing controller state: FLIGHT
[INFO] [1786181616.641599242] [landing_scout_1]: [scout_1] Landing controller state: FLIGHT
[INFO] [1786181621.641306168] [landing_scout_1]: [scout_1] Landing controller state: FLIGHT
[INFO] [1786181626.641833716] [landing_scout_1]: [scout_1] Landing controller state: FLIGHT
[INFO] [1786181631.641569717] [landing_scout_1]: [scout_1] Landing controller state: FLIGHT
[INFO] [1786181636.642568023] [landing_scout_1]: [scout_1] Landing controller state: FLIGHT
[INFO] [1786181641.642701518] [landing_scout_1]: [scout_1] Landing controller state: FLIGHT
[INFO] [1786181646.641484168] [landing_scout_1]: [scout_1] Landing controller state: FLIGHT
[INFO] [1786181651.641998325] [landing_scout_1]: [scout_1] Landing controller state: FLIGHT
[INFO] [1786181656.641603601] [landing_scout_1]: [scout_1] Landing controller state: FLIGHT
[INFO] [1786181661.641920128] [landing_scout_1]: [scout_1] Landing controller state: FLIGHT
[INFO] [1786181666.641488481] [landing_scout_1]: [scout_1] Landing controller state: FLIGHT
[INFO] [1786181671.641965250] [landing_scout_1]: [scout_1] Landing controller state: FLIGHT
[INFO] [1786181676.641452540] [landing_scout_1]: [scout_1] Landing controller state: FLIGHT
[INFO] [1786181681.641357465] [landing_scout_1]: [scout_1] Landing controller state: FLIGHT
[INFO] [1786181682.000263156] [landing_scout_1]: [scout_1] 🎯 Altitude static (±2 cm for 60 s) — grounded without an impact spike, settling in place
[WARN] [1786181682.403893988] [landing_scout_1]: [scout_1] ⚠️ Settled badly tilted/inverted — initiating RW righting roll
[INFO] [1786181682.406089341] [landing_scout_1]: [scout_1] 🔄 RW righting attempt 1/5: proportional roll, u_z=0.75
[INFO] [1786181682.808572035] [landing_scout_1]: [scout_1] 📐 RIGHTTRACE attempt=1 u_z=0.8457 w=2 omega=1.006 omega_roll=-0.768 dir=(0.97,0.23)
[INFO] [1786181684.416553230] [landing_scout_1]: [scout_1] 📐 RIGHTTRACE attempt=1 u_z=0.8426 w=0 omega=0.766 omega_roll=0.627 dir=(-0.99,0.16)
[INFO] [1786181684.823867266] [landing_scout_1]: [scout_1] 📐 RIGHTTRACE attempt=1 u_z=0.7140 w=1 omega=0.744 omega_roll=0.555 dir=(-1.00,-0.06)
