[INFO] [1786181874.936340786] [landing_scout_1]: [scout_1] Landing Controller: ONLINE
[INFO] [1786181879.971481058] [landing_scout_1]: [scout_1] Landing controller state: IDLE
[INFO] [1786181884.971458013] [landing_scout_1]: [scout_1] Landing controller state: IDLE
[INFO] [1786181889.971262023] [landing_scout_1]: [scout_1] Landing controller state: IDLE
[INFO] [1786181894.971754664] [landing_scout_1]: [scout_1] Landing controller state: IDLE
[INFO] [1786181899.971265874] [landing_scout_1]: [scout_1] Landing controller state: IDLE
[INFO] [1786181904.971492903] [landing_scout_1]: [scout_1] Landing controller state: IDLE
[INFO] [1786181909.971695631] [landing_scout_1]: [scout_1] Landing controller state: IDLE
[INFO] [1786181914.971449136] [landing_scout_1]: [scout_1] Landing controller state: IDLE
[INFO] [1786181919.971808326] [landing_scout_1]: [scout_1] Landing controller state: IDLE
[INFO] [1786181924.971735510] [landing_scout_1]: [scout_1] Landing controller state: IDLE
[INFO] [1786181929.971869980] [landing_scout_1]: [scout_1] Landing controller state: IDLE
[INFO] [1786181934.971041418] [landing_scout_1]: [scout_1] Landing controller state: IDLE
[INFO] [1786181939.846526722] [landing_scout_1]: [scout_1] 🚀 Jump detected → FLIGHT mode (contact detection blanked 100 s for launch)
[INFO] [1786181939.867664916] [landing_scout_1]: [scout_1] 📏 CALIBSERIES t=0.0s v=0.01532 m/s (vx=0.00897 vy=-0.00006 vz=-0.01242)
[INFO] [1786181939.971246241] [landing_scout_1]: [scout_1] Landing controller state: FLIGHT
[INFO] [1786181941.868787679] [landing_scout_1]: [scout_1] 📏 CALIBSERIES t=2.0s v=0.00799 m/s (vx=0.00001 vy=-0.00000 vz=-0.00799)
[INFO] [1786181943.883217174] [landing_scout_1]: [scout_1] 📏 CALIBSERIES t=4.0s v=0.00821 m/s (vx=0.00001 vy=-0.00000 vz=-0.00821)
[INFO] [1786181944.971793509] [landing_scout_1]: [scout_1] Landing controller state: FLIGHT
[INFO] [1786181945.887527190] [landing_scout_1]: [scout_1] 📏 CALIBSERIES t=6.0s v=0.00844 m/s (vx=0.00001 vy=-0.00000 vz=-0.00844)
[INFO] [1786181947.889076228] [landing_scout_1]: [scout_1] 📏 CALIBSERIES t=8.0s v=0.00867 m/s (vx=0.00001 vy=-0.00000 vz=-0.00867)
[INFO] [1786181949.891479741] [landing_scout_1]: [scout_1] 📏 CALIBSERIES t=10.0s v=0.00890 m/s (vx=0.00001 vy=-0.00000 vz=-0.00890)
[INFO] [1786181949.971016554] [landing_scout_1]: [scout_1] Landing controller state: FLIGHT
[INFO] [1786181951.893640062] [landing_scout_1]: [scout_1] 📏 CALIBSERIES t=12.0s v=0.00913 m/s (vx=0.00001 vy=-0.00000 vz=-0.00913)
[INFO] [1786181951.894041919] [landing_scout_1]: [scout_1] 📏 CALIBSTABLE t=12.0s v=0.00913 m/s (vx=0.00001 vy=-0.00000 vz=-0.00913) -- 3 consecutive samples steady
[INFO] [1786181954.971804275] [landing_scout_1]: [scout_1] Landing controller state: FLIGHT
