[INFO] [1786182792.467742464] [landing_scout_1]: [scout_1] Landing Controller: ONLINE
[INFO] [1786182797.514405662] [landing_scout_1]: [scout_1] Landing controller state: IDLE
[INFO] [1786182802.513764616] [landing_scout_1]: [scout_1] Landing controller state: IDLE
[INFO] [1786182807.513863366] [landing_scout_1]: [scout_1] Landing controller state: IDLE
[INFO] [1786182812.514532264] [landing_scout_1]: [scout_1] Landing controller state: IDLE
[INFO] [1786182817.513808761] [landing_scout_1]: [scout_1] Landing controller state: IDLE
[INFO] [1786182822.513997624] [landing_scout_1]: [scout_1] Landing controller state: IDLE
[INFO] [1786182827.514013861] [landing_scout_1]: [scout_1] Landing controller state: IDLE
[INFO] [1786182832.514323593] [landing_scout_1]: [scout_1] Landing controller state: IDLE
[INFO] [1786182837.513842876] [landing_scout_1]: [scout_1] Landing controller state: IDLE
[INFO] [1786182842.514575599] [landing_scout_1]: [scout_1] Landing controller state: IDLE
[INFO] [1786182847.514021434] [landing_scout_1]: [scout_1] Landing controller state: IDLE
[INFO] [1786182852.515084250] [landing_scout_1]: [scout_1] Landing controller state: IDLE
[INFO] [1786182857.513873728] [landing_scout_1]: [scout_1] Landing controller state: IDLE
[INFO] [1786182859.874733391] [landing_scout_1]: [scout_1] 🛫 Airborne while IDLE (v=0.020 m/s, free-fall accel) → FLIGHT mode armed
[INFO] [1786182862.513916237] [landing_scout_1]: [scout_1] Landing controller state: FLIGHT
[INFO] [1786182863.211191477] [landing_scout_1]: [scout_1] 🎯 Contact detected! accel=0.1069 m/s² → hands-off settle (no posture commands at contact)
[INFO] [1786182864.747596909] [landing_scout_1]: [scout_1] ✅ LANDED — stable contact confirmed
[INFO] [1786182865.705270596] [landing_scout_1]: [scout_1] 🚀 Jump detected → FLIGHT mode (contact detection blanked 100 s for launch)
[INFO] [1786182865.787189380] [landing_scout_1]: [scout_1] 📏 CALIBSERIES t=0.1s v=0.01645 m/s (vx=-0.00142 vy=0.00001 vz=-0.01639)
[INFO] [1786182867.845031963] [landing_scout_1]: [scout_1] 📏 CALIBSERIES t=2.1s v=0.00556 m/s (vx=-0.00484 vy=0.00007 vz=-0.00274)
[INFO] [1786182867.847474672] [landing_scout_1]: [scout_1] Landing controller state: FLIGHT
[INFO] [1786182869.848747232] [landing_scout_1]: [scout_1] 📏 CALIBSERIES t=4.1s v=0.00914 m/s (vx=-0.00015 vy=0.00012 vz=-0.00914)
[INFO] [1786182871.881528585] [landing_scout_1]: [scout_1] 📏 CALIBSERIES t=6.2s v=0.00938 m/s (vx=-0.00042 vy=0.00032 vz=-0.00937)
[INFO] [1786182872.513967450] [landing_scout_1]: [scout_1] Landing controller state: FLIGHT
[INFO] [1786182873.886121573] [landing_scout_1]: [scout_1] 📏 CALIBSERIES t=8.2s v=0.00961 m/s (vx=-0.00054 vy=0.00012 vz=-0.00959)
[INFO] [1786182873.886632324] [landing_scout_1]: [scout_1] 📏 CALIBSTABLE t=8.2s v=0.00961 m/s (vx=-0.00054 vy=0.00012 vz=-0.00959) -- 3 consecutive samples steady
[INFO] [1786182877.513773049] [landing_scout_1]: [scout_1] Landing controller state: FLIGHT
[INFO] [1786182882.513925823] [landing_scout_1]: [scout_1] Landing controller state: FLIGHT
[INFO] [1786182887.513864312] [landing_scout_1]: [scout_1] Landing controller state: FLIGHT
[INFO] [1786182892.514566506] [landing_scout_1]: [scout_1] Landing controller state: FLIGHT
[INFO] [1786182897.514034794] [landing_scout_1]: [scout_1] Landing controller state: FLIGHT
[INFO] [1786182902.514633938] [landing_scout_1]: [scout_1] Landing controller state: FLIGHT
