[INFO] [1786182124.956998376] [loco_scout_1]: [scout_1] Tri-Pedal Locomotion Engine: ONLINE
[INFO] [1786182140.834974058] [loco_scout_1]: [scout_1] Target distance: 9.00m. Required Delta-V: 0.0428 m/s. Launch ramp: 1.2s (full stroke)
[INFO] [1786182140.835448623] [loco_scout_1]: [scout_1] Initiating Tri-Pedal Jump Sequence!
[INFO] [1786182140.887416113] [loco_scout_1]: 1. Crouching (waking physics, planting feet under body)
[INFO] [1786182141.044313320] [loco_scout_1]: 2. IGNITION (stroke fraction=0.90, ramp=1.2s)
[WARN] [1786182141.485023900] [loco_scout_1]: [scout_1] Aborting hop: never confirmed genuine separation after 60s post-ramp (still dragging/in contact). Retracting to IDLE for retry.
[INFO] [1786182143.820956196] [loco_scout_1]: [scout_1] Target distance: 9.00m. Required Delta-V: 0.0428 m/s. Launch ramp: 1.2s (full stroke)
[INFO] [1786182143.821593699] [loco_scout_1]: [scout_1] Initiating Tri-Pedal Jump Sequence!
[INFO] [1786182143.845704469] [loco_scout_1]: 1. Crouching (waking physics, planting feet under body)
[INFO] [1786182143.897851316] [loco_scout_1]: 2. IGNITION (stroke fraction=0.90, ramp=1.2s)
[WARN] [1786182144.224302804] [loco_scout_1]: [scout_1] Aborting hop: never confirmed genuine separation after 60s post-ramp (still dragging/in contact). Retracting to IDLE for retry.
[INFO] [1786182269.377501841] [loco_scout_1]: [scout_1] 🦵 Idle 300s with no jump command -- self-initiating recovery hop (legs).
[INFO] [1786182269.378039055] [loco_scout_1]: 1. Crouching (waking physics, planting feet under body)
[INFO] [1786182269.649586796] [loco_scout_1]: 2. IGNITION (stroke fraction=0.90, ramp=4.0s)
[INFO] [1786182269.780978792] [loco_scout_1]: 3. Separation confirmed (genuine ground clearance) — holding extension for clearance, then slow retract (FLIGHT)
[INFO] [1786182270.062556077] [loco_scout_1]: [scout_1] Landing controller reported LANDED. Settling to IDLE.
[INFO] [1786182270.499092974] [loco_scout_1]: [scout_1] 🦵 Idle 300s with no jump command -- self-initiating recovery hop (legs).
[INFO] [1786182270.499710226] [loco_scout_1]: 1. Crouching (waking physics, planting feet under body)
[INFO] [1786182270.599516981] [loco_scout_1]: 2. IGNITION (stroke fraction=0.90, ramp=4.0s)
[INFO] [1786182270.630502993] [loco_scout_1]: 3. Separation confirmed (genuine ground clearance) — holding extension for clearance, then slow retract (FLIGHT)
