[INFO] [1786182438.860750486] [loco_scout_1]: [scout_1] Tri-Pedal Locomotion Engine: ONLINE
[INFO] [1786182452.138225779] [loco_scout_1]: [scout_1] 🦵 Idle 300s with no jump command -- self-initiating recovery hop (legs).
[INFO] [1786182452.138971262] [loco_scout_1]: 1. Crouching (waking physics, planting feet under body)
[INFO] [1786182452.306147543] [loco_scout_1]: 2. IGNITION (stroke fraction=0.90, ramp=4.0s)
[WARN] [1786182452.990917582] [loco_scout_1]: [scout_1] Aborting hop: never confirmed genuine separation after 60s post-ramp (still dragging/in contact). Retracting to IDLE for retry.
[INFO] [1786182454.391258805] [loco_scout_1]: [scout_1] Target distance: 9.00m. Required Delta-V: 0.0428 m/s. Launch ramp: 1.2s (full stroke)
[INFO] [1786182454.391918454] [loco_scout_1]: [scout_1] Initiating Tri-Pedal Jump Sequence!
[INFO] [1786182454.413474205] [loco_scout_1]: 1. Crouching (waking physics, planting feet under body)
[INFO] [1786182454.476448860] [loco_scout_1]: 2. IGNITION (stroke fraction=0.90, ramp=1.2s)
[WARN] [1786182454.517949058] [loco_scout_1]: [scout_1] Ignoring jump command, currently not IDLE (state=2)
[WARN] [1786182454.887955020] [loco_scout_1]: [scout_1] Aborting hop: never confirmed genuine separation after 60s post-ramp (still dragging/in contact). Retracting to IDLE for retry.
[INFO] [1786182599.039959492] [loco_scout_1]: [scout_1] 🦵 Idle 300s with no jump command -- self-initiating recovery hop (legs).
[INFO] [1786182599.040770839] [loco_scout_1]: 1. Crouching (waking physics, planting feet under body)
[INFO] [1786182599.344798536] [loco_scout_1]: 2. IGNITION (stroke fraction=0.90, ramp=4.0s)
[INFO] [1786182599.542814753] [loco_scout_1]: 3. Separation confirmed (genuine ground clearance) — holding extension for clearance, then slow retract (FLIGHT)
[INFO] [1786182599.948798595] [loco_scout_1]: [scout_1] Landing controller reported LANDED. Settling to IDLE.
[INFO] [1786182600.428695492] [loco_scout_1]: [scout_1] 🦵 Idle 300s with no jump command -- self-initiating recovery hop (legs).
[INFO] [1786182600.429208616] [loco_scout_1]: 1. Crouching (waking physics, planting feet under body)
[INFO] [1786182600.522869851] [loco_scout_1]: 2. IGNITION (stroke fraction=0.90, ramp=4.0s)
[INFO] [1786182600.572047695] [loco_scout_1]: 3. Separation confirmed (genuine ground clearance) — holding extension for clearance, then slow retract (FLIGHT)
